216.244.66.250 - - [23/Dec/2019:04:54:51 +0800] "GET /mip53/ HTTP/1.1" 200 28192 "-" "Mozilla/5.0 (compatible; DotBot/1.1; http://www.opensiteexplorer.org/dotbot, help@moz.com)"
216.244.66.250 - - [23/Dec/2019:04:59:19 +0800] "GET /mip35/ HTTP/1.1" 200 26763 "-" "Mozilla/5.0 (compatible; DotBot/1.1; http://www.opensiteexplorer.org/dotbot, help@moz.com)"
151.80.39.54 - - [23/Dec/2019:05:12:40 +0800] "GET /mip29/ HTTP/1.1" 200 4996 "-" "Mozilla/5.0 (compatible; AhrefsBot/6.1; +http://ahrefs.com/robot/)"
66.249.66.203 - - [23/Dec/2019:05:58:52 +0800] "GET / HTTP/1.1" 301 - "-" "Mozilla/5.0 (Linux; Android 6.0.1; Nexus 5X Build/MMB29P) AppleWebKit/537.36 (KHTML, like Gecko) Chrome/41.0.2272.96 Mobile Safari/537.36 (compatible; Googlebot/2.1; +http://www.google.com/bot.html)"
66.249.66.14 - - [23/Dec/2019:05:58:54 +0800] "GET /robots.txt HTTP/1.1" 200 24 "-" "Mozilla/5.0 (compatible; Googlebot/2.1; +http://www.google.com/bot.html)"
66.249.66.16 - - [23/Dec/2019:05:58:55 +0800] "GET / HTTP/1.1" 200 4287 "-" "Mozilla/5.0 (Linux; Android 6.0.1; Nexus 5X Build/MMB29P) AppleWebKit/537.36 (KHTML, like Gecko) Chrome/41.0.2272.96 Mobile Safari/537.36 (compatible; Googlebot/2.1; +http://www.google.com/bot.html)"
151.80.39.198 - - [23/Dec/2019:06:00:31 +0800] "GET /mip28/ HTTP/1.1" 200 5052 "-" "Mozilla/5.0 (compatible; AhrefsBot/6.1; +http://ahrefs.com/robot/)"
216.244.66.250 - - [23/Dec/2019:06:18:51 +0800] "GET /mip36/ HTTP/1.1" 200 22203 "-" "Mozilla/5.0 (compatible; DotBot/1.1; http://www.opensiteexplorer.org/dotbot, help@moz.com)"
151.80.39.198 - - [23/Dec/2019:06:43:50 +0800] "GET /mip99/ HTTP/1.1" 200 4856 "-" "Mozilla/5.0 (compatible; AhrefsBot/6.1; +http://ahrefs.com/robot/)"
151.80.39.198 - - [23/Dec/2019:06:44:07 +0800] "GET /mip97/ HTTP/1.1" 200 4479 "-" "Mozilla/5.0 (compatible; AhrefsBot/6.1; +http://ahrefs.com/robot/)"
151.80.39.143 - - [23/Dec/2019:06:44:19 +0800] "GET /mip98/ HTTP/1.1" 200 6181 "-" "Mozilla/5.0 (compatible; AhrefsBot/6.1; +http://ahrefs.com/robot/)"
148.251.244.137 - - [23/Dec/2019:07:23:55 +0800] "GET /robots.txt HTTP/1.1" 200 24 "-" "Mozilla/5.0 (compatible; MJ12bot/v1.4.8; http://mj12bot.com/)"
148.251.244.137 - - [23/Dec/2019:07:24:01 +0800] "GET /mip100/ HTTP/1.1" 200 6228 "-" "Mozilla/5.0 (compatible; MJ12bot/v1.4.8; http://mj12bot.com/)"
5.196.87.140 - - [23/Dec/2019:07:34:42 +0800] "GET /mip15.xml HTTP/1.1" 200 4503 "-" "Mozilla/5.0 (compatible; AhrefsBot/6.1; +http://ahrefs.com/robot/)"
151.80.39.220 - - [23/Dec/2019:07:35:12 +0800] "GET /mip24.xml HTTP/1.1" 200 5252 "-" "Mozilla/5.0 (compatible; AhrefsBot/6.1; +http://ahrefs.com/robot/)"
216.244.66.250 - - [23/Dec/2019:07:56:41 +0800] "GET /mip69.xml HTTP/1.1" 200 29533 "-" "Mozilla/5.0 (compatible; DotBot/1.1; http://www.opensiteexplorer.org/dotbot, help@moz.com)"
151.80.39.198 - - [23/Dec/2019:08:34:51 +0800] "GET / HTTP/1.1" 200 4287 "-" "Mozilla/5.0 (compatible; AhrefsBot/6.1; +http://ahrefs.com/robot/)"
54.36.148.130 - - [23/Dec/2019:08:35:27 +0800] "GET /robots.txt HTTP/1.1" 200 24 "-" "Mozilla/5.0 (compatible; AhrefsBot/6.1; +http://ahrefs.com/robot/)"
151.80.39.43 - - [23/Dec/2019:10:04:57 +0800] "GET / HTTP/1.1" 301 - "-" "Mozilla/5.0 (compatible; AhrefsBot/6.1; +http://ahrefs.com/robot/)"
151.80.39.143 - - [23/Dec/2019:10:05:34 +0800] "GET /mip12/ HTTP/1.1" 200 5083 "-" "Mozilla/5.0 (compatible; AhrefsBot/6.1; +http://ahrefs.com/robot/)"
151.80.39.43 - - [23/Dec/2019:10:06:25 +0800] "GET /mip14/ HTTP/1.1" 200 6721 "-" "Mozilla/5.0 (compatible; AhrefsBot/6.1; +http://ahrefs.com/robot/)"
151.80.39.43 - - [23/Dec/2019:10:07:08 +0800] "GET /mip25.xml HTTP/1.1" 200 8032 "-" "Mozilla/5.0 (compatible; AhrefsBot/6.1; +http://ahrefs.com/robot/)"
151.80.39.220 - - [23/Dec/2019:10:07:40 +0800] "GET /mip30/ HTTP/1.1" 200 6101 "-" "Mozilla/5.0 (compatible; AhrefsBot/6.1; +http://ahrefs.com/robot/)"
151.80.39.220 - - [23/Dec/2019:10:09:20 +0800] "GET /mip34/ HTTP/1.1" 200 4274 "-" "Mozilla/5.0 (compatible; AhrefsBot/6.1; +http://ahrefs.com/robot/)"
216.244.66.250 - - [23/Dec/2019:10:35:02 +0800] "GET /mip62.xml HTTP/1.1" 200 20763 "-" "Mozilla/5.0 (compatible; DotBot/1.1; http://www.opensiteexplorer.org/dotbot, help@moz.com)"
151.80.39.143 - - [23/Dec/2019:11:00:41 +0800] "GET /mip13/ HTTP/1.1" 200 6894 "-" "Mozilla/5.0 (compatible; AhrefsBot/6.1; +http://ahrefs.com/robot/)"
216.244.66.250 - - [23/Dec/2019:11:17:58 +0800] "GET /mip59.xml HTTP/1.1" 200 24841 "-" "Mozilla/5.0 (compatible; DotBot/1.1; http://www.opensiteexplorer.org/dotbot, help@moz.com)"
54.36.148.127 - - [23/Dec/2019:12:24:27 +0800] "GET /robots.txt HTTP/1.1" 200 24 "-" "Mozilla/5.0 (compatible; AhrefsBot/6.1; +http://ahrefs.com/robot/)"
151.80.39.195 - - [23/Dec/2019:12:30:58 +0800] "GET /mip26/ HTTP/1.1" 200 7682 "-" "Mozilla/5.0 (compatible; AhrefsBot/6.1; +http://ahrefs.com/robot/)"
216.244.66.250 - - [23/Dec/2019:12:50:53 +0800] "GET /mip56/ HTTP/1.1" 200 26067 "-" "Mozilla/5.0 (compatible; DotBot/1.1; http://www.opensiteexplorer.org/dotbot, help@moz.com)"
151.80.39.54 - - [23/Dec/2019:14:31:03 +0800] "GET / HTTP/1.1" 200 4287 "-" "Mozilla/5.0 (compatible; AhrefsBot/6.1; +http://ahrefs.com/robot/)"
216.244.66.250 - - [23/Dec/2019:14:41:54 +0800] "GET /mip37/ HTTP/1.1" 200 19760 "-" "Mozilla/5.0 (compatible; DotBot/1.1; http://www.opensiteexplorer.org/dotbot, help@moz.com)"
216.244.66.250 - - [23/Dec/2019:16:38:58 +0800] "GET /mip98/ HTTP/1.1" 200 25545 "-" "Mozilla/5.0 (compatible; DotBot/1.1; http://www.opensiteexplorer.org/dotbot, help@moz.com)"
66.249.66.199 - - [23/Dec/2019:17:09:45 +0800] "GET /robots.txt HTTP/1.1" 200 24 "-" "Mozilla/5.0 (compatible; Googlebot/2.1; +http://www.google.com/bot.html)"
66.249.66.201 - - [23/Dec/2019:17:09:45 +0800] "GET / HTTP/1.1" 301 - "-" "Mozilla/5.0 (Linux; Android 6.0.1; Nexus 5X Build/MMB29P) AppleWebKit/537.36 (KHTML, like Gecko) Chrome/41.0.2272.96 Mobile Safari/537.36 (compatible; Googlebot/2.1; +http://www.google.com/bot.html)"
66.249.66.14 - - [23/Dec/2019:17:09:46 +0800] "GET / HTTP/1.1" 200 4287 "-" "Mozilla/5.0 (Linux; Android 6.0.1; Nexus 5X Build/MMB29P) AppleWebKit/537.36 (KHTML, like Gecko) Chrome/41.0.2272.96 Mobile Safari/537.36 (compatible; Googlebot/2.1; +http://www.google.com/bot.html)"
66.249.66.16 - - [23/Dec/2019:18:10:34 +0800] "GET / HTTP/1.1" 200 4287 "-" "Mozilla/5.0 (compatible; Googlebot/2.1; +http://www.google.com/bot.html)"
64.246.165.200 - - [23/Dec/2019:18:15:48 +0800] "GET /robots.txt HTTP/1.0" 200 24 "-" "Mozilla/5.0 (Macintosh; Intel Mac OS X 10.10; rv:59.0) Gecko/20100101 Firefox/59.0"
64.246.165.200 - - [23/Dec/2019:18:15:48 +0800] "GET / HTTP/1.1" 200 4287 "-" "Mozilla/5.0 (Macintosh; Intel Mac OS X 10.10; rv:59.0) Gecko/20100101 Firefox/59.0"
151.80.39.198 - - [23/Dec/2019:18:31:14 +0800] "GET / HTTP/1.1" 301 - "-" "Mozilla/5.0 (compatible; AhrefsBot/6.1; +http://ahrefs.com/robot/)"
216.244.66.250 - - [23/Dec/2019:19:32:34 +0800] "GET /mip63.xml HTTP/1.1" 200 21950 "-" "Mozilla/5.0 (compatible; DotBot/1.1; http://www.opensiteexplorer.org/dotbot, help@moz.com)"
216.244.66.250 - - [23/Dec/2019:20:13:42 +0800] "GET /mip45/ HTTP/1.1" 200 24283 "-" "Mozilla/5.0 (compatible; DotBot/1.1; http://www.opensiteexplorer.org/dotbot, help@moz.com)"
151.80.39.220 - - [23/Dec/2019:20:39:50 +0800] "GET / HTTP/1.1" 200 4287 "-" "Mozilla/5.0 (compatible; AhrefsBot/6.1; +http://ahrefs.com/robot/)"
216.244.66.250 - - [23/Dec/2019:21:00:18 +0800] "GET /mip30/ HTTP/1.1" 200 21732 "-" "Mozilla/5.0 (compatible; DotBot/1.1; http://www.opensiteexplorer.org/dotbot, help@moz.com)"
180.101.214.147 - - [23/Dec/2019:22:04:47 +0800] "GET / HTTP/1.1" 301 - "-" "Mozilla/5.0 (Macintosh; Intel Mac OS X 10_11_2) AppleWebKit/537.36 (KHTML, like Gecko) Chrome/47.0.2526.80 Safari/537.36"
66.249.66.14 - - [23/Dec/2019:23:15:46 +0800] "GET /mip100/ HTTP/1.1" 200 6228 "-" "Mozilla/5.0 (Linux; Android 6.0.1; Nexus 5X Build/MMB29P) AppleWebKit/537.36 (KHTML, like Gecko) Chrome/41.0.2272.96 Mobile Safari/537.36 (compatible; Googlebot/2.1; +http://www.google.com/bot.html)"
216.244.66.250 - - [23/Dec/2019:23:47:20 +0800] "GET /mip11/ HTTP/1.1" 200 21939 "-" "Mozilla/5.0 (compatible; DotBot/1.1; http://www.opensiteexplorer.org/dotbot, help@moz.com)"
216.244.66.250 - - [23/Dec/2019:23:49:34 +0800] "GET /mip29/ HTTP/1.1" 200 20775 "-" "Mozilla/5.0 (compatible; DotBot/1.1; http://www.opensiteexplorer.org/dotbot, help@moz.com)"
5.196.87.140 - - [24/Dec/2019:00:25:01 +0800] "GET / HTTP/1.1" 301 - "-" "Mozilla/5.0 (compatible; AhrefsBot/6.1; +http://ahrefs.com/robot/)"
216.244.66.250 - - [24/Dec/2019:01:56:55 +0800] "GET /youxijieshao/index_3.html HTTP/1.1" 200 15861 "-" "Mozilla/5.0 (compatible; DotBot/1.1; http://www.opensiteexplorer.org/dotbot, help@moz.com)"
216.244.66.250 - - [24/Dec/2019:02:26:44 +0800] "GET /mip97/ HTTP/1.1" 200 21019 "-" "Mozilla/5.0 (compatible; DotBot/1.1; http://www.opensiteexplorer.org/dotbot, help@moz.com)"
5.196.87.158 - - [24/Dec/2019:02:27:06 +0800] "GET / HTTP/1.1" 200 4287 "-" "Mozilla/5.0 (compatible; AhrefsBot/6.1; +http://ahrefs.com/robot/)"
216.244.66.250 - - [24/Dec/2019:03:19:51 +0800] "GET /tag/qiyexinwen/index_2.html HTTP/1.1" 200 18190 "-" "Mozilla/5.0 (compatible; DotBot/1.1; http://www.opensiteexplorer.org/dotbot, help@moz.com)"
216.244.66.250 - - [24/Dec/2019:03:22:33 +0800] "GET /mip22/ HTTP/1.1" 200 23014 "-" "Mozilla/5.0 (compatible; DotBot/1.1; http://www.opensiteexplorer.org/dotbot, help@moz.com)"
216.244.66.250 - - [24/Dec/2019:03:22:38 +0800] "GET /mip46/ HTTP/1.1" 200 22765 "-" "Mozilla/5.0 (compatible; DotBot/1.1; http://www.opensiteexplorer.org/dotbot, help@moz.com)"
162.210.196.129 - - [24/Dec/2019:03:48:35 +0800] "GET /robots.txt HTTP/1.1" 200 24 "-" "Mozilla/5.0 (compatible; MJ12bot/v1.4.8; http://mj12bot.com/)"
162.210.196.129 - - [24/Dec/2019:03:48:37 +0800] "GET / HTTP/1.1" 301 - "-" "Mozilla/5.0 (compatible; MJ12bot/v1.4.8; http://mj12bot.com/)"
162.210.196.129 - - [24/Dec/2019:03:48:41 +0800] "GET /robots.txt HTTP/1.1" 200 24 "-" "Mozilla/5.0 (compatible; MJ12bot/v1.4.8; http://mj12bot.com/)"
162.210.196.129 - - [24/Dec/2019:03:48:44 +0800] "GET / HTTP/1.1" 200 4287 "-" "Mozilla/5.0 (compatible; MJ12bot/v1.4.8; http://mj12bot.com/)"
111.225.149.87 - - [24/Dec/2019:05:51:50 +0800] "GET /robots.txt HTTP/1.1" 200 24 "-" "Mozilla/5.0 (iPhone; CPU iPhone OS 11_0 like Mac OS X) AppleWebKit/537.36 (KHTML, like Gecko) Chrome/55.0.2994.1983 Mobile Safari/537.36; Bytespider;https://zhanzhang.toutiao.com/"
66.249.79.203 - - [24/Dec/2019:05:53:09 +0800] "GET / HTTP/1.1" 301 - "-" "Mozilla/5.0 (Linux; Android 6.0.1; Nexus 5X Build/MMB29P) AppleWebKit/537.36 (KHTML, like Gecko) Chrome/41.0.2272.96 Mobile Safari/537.36 (compatible; Googlebot/2.1; +http://www.google.com/bot.html)"
66.249.79.204 - - [24/Dec/2019:05:53:10 +0800] "GET / HTTP/1.1" 200 4287 "-" "Mozilla/5.0 (Linux; Android 6.0.1; Nexus 5X Build/MMB29P) AppleWebKit/537.36 (KHTML, like Gecko) Chrome/41.0.2272.96 Mobile Safari/537.36 (compatible; Googlebot/2.1; +http://www.google.com/bot.html)"
216.244.66.250 - - [24/Dec/2019:06:27:58 +0800] "GET /robots.txt HTTP/1.1" 200 24 "-" "Mozilla/5.0 (compatible; DotBot/1.1; http://www.opensiteexplorer.org/dotbot, help@moz.com)"
5.196.87.158 - - [24/Dec/2019:06:30:08 +0800] "GET / HTTP/1.1" 301 - "-" "Mozilla/5.0 (compatible; AhrefsBot/6.1; +http://ahrefs.com/robot/)"
216.244.66.250 - - [24/Dec/2019:06:32:40 +0800] "GET /mip96/ HTTP/1.1" 200 24020 "-" "Mozilla/5.0 (compatible; DotBot/1.1; http://www.opensiteexplorer.org/dotbot, help@moz.com)"
216.244.66.250 - - [24/Dec/2019:06:45:02 +0800] "GET /mip48/ HTTP/1.1" 200 26401 "-" "Mozilla/5.0 (compatible; DotBot/1.1; http://www.opensiteexplorer.org/dotbot, help@moz.com)"
45.122.138.79 - - [24/Dec/2019:07:04:40 +0800] "GET /bakiimip.php?pw=mip HTTP/1.1" 200 687 "-" "Mozilla/4.0 (compatible; MSIE 7.0; Windows NT 6.1; WOW64; Trident/7.0; SLCC2; .NET CLR 2.0.50727; .NET CLR 3.5.30729; .NET CLR 3.0.30729; .NET4.0C; .NET4.0E)"
45.122.138.79 - - [24/Dec/2019:07:04:41 +0800] "POST /collect/ApiUserHuochetou/articleAdd HTTP/1.1" 200 26 "http://www.arbutin.cn/bakiimip.php?pw=mip" "Mozilla/4.0 (compatible; MSIE 7.0; Windows NT 6.1; WOW64; Trident/7.0; SLCC2; .NET CLR 2.0.50727; .NET CLR 3.5.30729; .NET CLR 3.0.30729; .NET4.0C; .NET4.0E)"
45.122.138.79 - - [24/Dec/2019:07:04:57 +0800] "GET /bakiimip.php?pw=mip HTTP/1.1" 200 687 "-" "Mozilla/4.0 (compatible; MSIE 7.0; Windows NT 6.1; WOW64; Trident/7.0; SLCC2; .NET CLR 2.0.50727; .NET CLR 3.5.30729; .NET CLR 3.0.30729; .NET4.0C; .NET4.0E)"
45.122.138.79 - - [24/Dec/2019:07:04:59 +0800] "POST /collect/ApiUserHuochetou/articleAdd HTTP/1.1" 200 26 "http://www.arbutin.cn/bakiimip.php?pw=mip" "Mozilla/4.0 (compatible; MSIE 7.0; Windows NT 6.1; WOW64; Trident/7.0; SLCC2; .NET CLR 2.0.50727; .NET CLR 3.5.30729; .NET CLR 3.0.30729; .NET4.0C; .NET4.0E)"
45.122.138.79 - - [24/Dec/2019:07:05:23 +0800] "GET /bakiimip.php?pw=mip HTTP/1.1" 200 687 "-" "Mozilla/4.0 (compatible; MSIE 7.0; Windows NT 6.1; WOW64; Trident/7.0; SLCC2; .NET CLR 2.0.50727; .NET CLR 3.5.30729; .NET CLR 3.0.30729; .NET4.0C; .NET4.0E)"
45.122.138.79 - - [24/Dec/2019:07:05:24 +0800] "POST /collect/ApiUserHuochetou/articleAdd HTTP/1.1" 200 26 "http://www.arbutin.cn/bakiimip.php?pw=mip" "Mozilla/4.0 (compatible; MSIE 7.0; Windows NT 6.1; WOW64; Trident/7.0; SLCC2; .NET CLR 2.0.50727; .NET CLR 3.5.30729; .NET CLR 3.0.30729; .NET4.0C; .NET4.0E)"
45.122.138.79 - - [24/Dec/2019:07:05:41 +0800] "GET /bakiimip.php?pw=mip HTTP/1.1" 200 687 "-" "Mozilla/4.0 (compatible; MSIE 7.0; Windows NT 6.1; WOW64; Trident/7.0; SLCC2; .NET CLR 2.0.50727; .NET CLR 3.5.30729; .NET CLR 3.0.30729; .NET4.0C; .NET4.0E)"
45.122.138.79 - - [24/Dec/2019:07:05:43 +0800] "POST /collect/ApiUserHuochetou/articleAdd HTTP/1.1" 200 26 "http://www.arbutin.cn/bakiimip.php?pw=mip" "Mozilla/4.0 (compatible; MSIE 7.0; Windows NT 6.1; WOW64; Trident/7.0; SLCC2; .NET CLR 2.0.50727; .NET CLR 3.5.30729; .NET CLR 3.0.30729; .NET4.0C; .NET4.0E)"
45.122.138.79 - - [24/Dec/2019:07:06:03 +0800] "GET /bakiimip.php?pw=mip HTTP/1.1" 200 687 "-" "Mozilla/4.0 (compatible; MSIE 7.0; Windows NT 6.1; WOW64; Trident/7.0; SLCC2; .NET CLR 2.0.50727; .NET CLR 3.5.30729; .NET CLR 3.0.30729; .NET4.0C; .NET4.0E)"
45.122.138.79 - - [24/Dec/2019:07:06:04 +0800] "POST /collect/ApiUserHuochetou/articleAdd HTTP/1.1" 200 26 "http://www.arbutin.cn/bakiimip.php?pw=mip" "Mozilla/4.0 (compatible; MSIE 7.0; Windows NT 6.1; WOW64; Trident/7.0; SLCC2; .NET CLR 2.0.50727; .NET CLR 3.5.30729; .NET CLR 3.0.30729; .NET4.0C; .NET4.0E)"
216.244.66.250 - - [24/Dec/2019:08:28:29 +0800] "GET /mip17/ HTTP/1.1" 200 24270 "-" "Mozilla/5.0 (compatible; DotBot/1.1; http://www.opensiteexplorer.org/dotbot, help@moz.com)"
151.80.39.143 - - [24/Dec/2019:08:39:58 +0800] "GET / HTTP/1.1" 200 4293 "-" "Mozilla/5.0 (compatible; AhrefsBot/6.1; +http://ahrefs.com/robot/)"
61.164.47.199 - - [24/Dec/2019:09:21:15 +0800] "GET / HTTP/1.1" 200 4293 "-" ""
216.244.66.250 - - [24/Dec/2019:10:53:35 +0800] "GET /tag/dianjingshouyou/index_2.html HTTP/1.1" 200 19765 "-" "Mozilla/5.0 (compatible; DotBot/1.1; http://www.opensiteexplorer.org/dotbot, help@moz.com)"
5.196.87.140 - - [24/Dec/2019:12:39:32 +0800] "GET / HTTP/1.1" 301 - "-" "Mozilla/5.0 (compatible; AhrefsBot/6.1; +http://ahrefs.com/robot/)"
216.244.66.250 - - [24/Dec/2019:13:24:59 +0800] "GET /mip65/ HTTP/1.1" 200 31888 "-" "Mozilla/5.0 (compatible; DotBot/1.1; http://www.opensiteexplorer.org/dotbot, help@moz.com)"
151.80.39.143 - - [24/Dec/2019:14:34:05 +0800] "GET / HTTP/1.1" 200 4293 "-" "Mozilla/5.0 (compatible; AhrefsBot/6.1; +http://ahrefs.com/robot/)"
5.196.87.158 - - [24/Dec/2019:18:59:29 +0800] "GET / HTTP/1.1" 301 - "-" "Mozilla/5.0 (compatible; AhrefsBot/6.1; +http://ahrefs.com/robot/)"
162.210.196.129 - - [24/Dec/2019:19:07:43 +0800] "GET /robots.txt HTTP/1.1" 200 24 "-" "Mozilla/5.0 (compatible; MJ12bot/v1.4.8; http://mj12bot.com/)"
162.210.196.129 - - [24/Dec/2019:19:07:46 +0800] "GET / HTTP/1.1" 301 - "-" "Mozilla/5.0 (compatible; MJ12bot/v1.4.8; http://mj12bot.com/)"
162.210.196.129 - - [24/Dec/2019:19:07:49 +0800] "GET /robots.txt HTTP/1.1" 200 24 "-" "Mozilla/5.0 (compatible; MJ12bot/v1.4.8; http://mj12bot.com/)"
162.210.196.129 - - [24/Dec/2019:19:07:55 +0800] "GET / HTTP/1.1" 200 4293 "-" "Mozilla/5.0 (compatible; MJ12bot/v1.4.8; http://mj12bot.com/)"
151.80.39.195 - - [24/Dec/2019:20:31:10 +0800] "GET / HTTP/1.1" 200 4293 "-" "Mozilla/5.0 (compatible; AhrefsBot/6.1; +http://ahrefs.com/robot/)"
223.119.17.210 - - [24/Dec/2019:20:40:26 +0800] "GET / HTTP/1.1" 301 - "-" "Mozilla/4.0+(compatible;+MSIE+7.0;+Windows+NT+5.1;+Trident/4.0;+.NET+CLR+2.0.50727;+.NET+CLR+3.0.4506.2152;+.NET+CLR+3.5.30729;+.NET4.0C;+.NET4.0E)"
223.119.17.210 - - [24/Dec/2019:20:40:27 +0800] "GET / HTTP/1.1" 200 4293 "-" "-"
5.196.87.158 - - [24/Dec/2019:21:56:19 +0800] "GET /mip35/ HTTP/1.1" 200 6383 "-" "Mozilla/5.0 (compatible; AhrefsBot/6.1; +http://ahrefs.com/robot/)"
207.180.219.122 - - [25/Dec/2019:01:09:53 +0800] "GET /robots.txt HTTP/1.1" 200 24 "-" "Mozilla/5.0 (compatible; MJ12bot/v1.4.8; http://mj12bot.com/)"
207.180.219.122 - - [25/Dec/2019:01:09:58 +0800] "GET /mip101.xml HTTP/1.1" 200 8351 "-" "Mozilla/5.0 (compatible; MJ12bot/v1.4.8; http://mj12bot.com/)"
207.180.219.122 - - [25/Dec/2019:01:10:03 +0800] "GET /mip102/ HTTP/1.1" 200 5273 "-" "Mozilla/5.0 (compatible; MJ12bot/v1.4.8; http://mj12bot.com/)"
207.180.219.122 - - [25/Dec/2019:01:10:10 +0800] "GET /mip103/ HTTP/1.1" 200 5640 "-" "Mozilla/5.0 (compatible; MJ12bot/v1.4.8; http://mj12bot.com/)"
207.180.219.122 - - [25/Dec/2019:01:10:16 +0800] "GET /mip104/ HTTP/1.1" 200 6753 "-" "Mozilla/5.0 (compatible; MJ12bot/v1.4.8; http://mj12bot.com/)"
207.180.219.122 - - [25/Dec/2019:01:10:25 +0800] "GET /mip105/ HTTP/1.1" 200 4431 "-" "Mozilla/5.0 (compatible; MJ12bot/v1.4.8; http://mj12bot.com/)"
207.180.219.122 - - [25/Dec/2019:01:10:33 +0800] "GET /tag/niudahengxiazai/ HTTP/1.1" 200 3072 "-" "Mozilla/5.0 (compatible; MJ12bot/v1.4.8; http://mj12bot.com/)"
151.80.39.54 - - [25/Dec/2019:01:39:36 +0800] "GET / HTTP/1.1" 301 - "-" "Mozilla/5.0 (compatible; AhrefsBot/6.1; +http://ahrefs.com/robot/)"
185.136.159.30 - - [25/Dec/2019:01:40:26 +0800] "GET / HTTP/1.0" 301 - "http://arbutin.cn/" "Mozilla/5.0 (Windows NT 6.1; Win64; x64) AppleWebKit/537.36 (KHTML, like Gecko) Chrome/67.0.3396.87 Safari/537.36"
185.136.159.30 - - [25/Dec/2019:01:40:27 +0800] "GET / HTTP/1.0" 200 26229 "http://www.arbutin.cn/" "Mozilla/5.0 (Windows NT 6.1; Win64; x64) AppleWebKit/537.36 (KHTML, like Gecko) Chrome/67.0.3396.87 Safari/537.36"
66.249.73.140 - - [25/Dec/2019:02:07:48 +0800] "GET /robots.txt HTTP/1.1" 200 24 "-" "Mozilla/5.0 (compatible; Googlebot/2.1; +http://www.google.com/bot.html)"
66.249.73.144 - - [25/Dec/2019:02:07:48 +0800] "GET / HTTP/1.1" 200 4293 "-" "Mozilla/5.0 (compatible; Googlebot/2.1; +http://www.google.com/bot.html)"
151.80.39.143 - - [25/Dec/2019:02:37:58 +0800] "GET / HTTP/1.1" 200 4293 "-" "Mozilla/5.0 (compatible; AhrefsBot/6.1; +http://ahrefs.com/robot/)"
216.244.66.250 - - [25/Dec/2019:04:07:48 +0800] "GET /mip41/ HTTP/1.1" 200 22947 "-" "Mozilla/5.0 (compatible; DotBot/1.1; http://www.opensiteexplorer.org/dotbot, help@moz.com)"
180.101.214.21 - - [25/Dec/2019:04:28:53 +0800] "GET / HTTP/1.1" 301 - "-" "Mozilla/5.0 (Macintosh; Intel Mac OS X 10_11_2) AppleWebKit/537.36 (KHTML, like Gecko) Chrome/47.0.2526.80 Safari/537.36"
216.244.66.250 - - [25/Dec/2019:06:44:10 +0800] "GET /tag/pingcegonglue/index_2.html HTTP/1.1" 200 19169 "-" "Mozilla/5.0 (compatible; DotBot/1.1; http://www.opensiteexplorer.org/dotbot, help@moz.com)"
151.80.39.143 - - [25/Dec/2019:08:02:14 +0800] "GET / HTTP/1.1" 301 - "-" "Mozilla/5.0 (compatible; AhrefsBot/6.1; +http://ahrefs.com/robot/)"
151.80.39.220 - - [25/Dec/2019:08:37:52 +0800] "GET / HTTP/1.1" 200 4293 "-" "Mozilla/5.0 (compatible; AhrefsBot/6.1; +http://ahrefs.com/robot/)"
66.249.73.140 - - [25/Dec/2019:13:17:47 +0800] "GET /mip102/ HTTP/1.1" 200 5273 "-" "Mozilla/5.0 (Linux; Android 6.0.1; Nexus 5X Build/MMB29P) AppleWebKit/537.36 (KHTML, like Gecko) Chrome/41.0.2272.96 Mobile Safari/537.36 (compatible; Googlebot/2.1; +http://www.google.com/bot.html)"
66.249.73.140 - - [25/Dec/2019:13:20:12 +0800] "GET /mip101.xml HTTP/1.1" 200 8349 "-" "Mozilla/5.0 (Linux; Android 6.0.1; Nexus 5X Build/MMB29P) AppleWebKit/537.36 (KHTML, like Gecko) Chrome/41.0.2272.96 Mobile Safari/537.36 (compatible; Googlebot/2.1; +http://www.google.com/bot.html)"
66.249.73.142 - - [25/Dec/2019:13:20:47 +0800] "GET /mip100/ HTTP/1.1" 200 6316 "-" "Mozilla/5.0 (Linux; Android 6.0.1; Nexus 5X Build/MMB29P) AppleWebKit/537.36 (KHTML, like Gecko) Chrome/41.0.2272.96 Mobile Safari/537.36 (compatible; Googlebot/2.1; +http://www.google.com/bot.html)"
66.249.73.140 - - [25/Dec/2019:13:20:57 +0800] "GET /mip105/ HTTP/1.1" 200 4431 "-" "Mozilla/5.0 (Linux; Android 6.0.1; Nexus 5X Build/MMB29P) AppleWebKit/537.36 (KHTML, like Gecko) Chrome/41.0.2272.96 Mobile Safari/537.36 (compatible; Googlebot/2.1; +http://www.google.com/bot.html)"
66.249.73.142 - - [25/Dec/2019:13:21:08 +0800] "GET /mip103/ HTTP/1.1" 200 5639 "-" "Mozilla/5.0 (Linux; Android 6.0.1; Nexus 5X Build/MMB29P) AppleWebKit/537.36 (KHTML, like Gecko) Chrome/41.0.2272.96 Mobile Safari/537.36 (compatible; Googlebot/2.1; +http://www.google.com/bot.html)"
66.249.65.234 - - [25/Dec/2019:13:23:06 +0800] "GET /robots.txt HTTP/1.1" 200 24 "-" "Mozilla/5.0 (compatible; Googlebot/2.1; +http://www.google.com/bot.html)"
66.249.65.234 - - [25/Dec/2019:13:23:06 +0800] "GET / HTTP/1.1" 301 - "-" "Mozilla/5.0 (compatible; Googlebot/2.1; +http://www.google.com/bot.html)"
66.249.73.142 - - [25/Dec/2019:13:23:09 +0800] "GET / HTTP/1.1" 200 4293 "-" "Mozilla/5.0 (compatible; Googlebot/2.1; +http://www.google.com/bot.html)"
66.249.73.144 - - [25/Dec/2019:13:27:24 +0800] "GET /mip104/ HTTP/1.1" 200 6753 "-" "Mozilla/5.0 (Linux; Android 6.0.1; Nexus 5X Build/MMB29P) AppleWebKit/537.36 (KHTML, like Gecko) Chrome/41.0.2272.96 Mobile Safari/537.36 (compatible; Googlebot/2.1; +http://www.google.com/bot.html)"
45.122.138.79 - - [25/Dec/2019:14:09:35 +0800] "GET /bakiimip.php?pw=mip HTTP/1.1" 200 687 "-" "Mozilla/4.0 (compatible; MSIE 7.0; Windows NT 6.1; WOW64; Trident/7.0; SLCC2; .NET CLR 2.0.50727; .NET CLR 3.5.30729; .NET CLR 3.0.30729; .NET4.0C; .NET4.0E)"
45.122.138.79 - - [25/Dec/2019:14:09:37 +0800] "POST /collect/ApiUserHuochetou/articleAdd HTTP/1.1" 200 26 "http://www.arbutin.cn/bakiimip.php?pw=mip" "Mozilla/4.0 (compatible; MSIE 7.0; Windows NT 6.1; WOW64; Trident/7.0; SLCC2; .NET CLR 2.0.50727; .NET CLR 3.5.30729; .NET CLR 3.0.30729; .NET4.0C; .NET4.0E)"
45.122.138.79 - - [25/Dec/2019:14:09:56 +0800] "GET /bakiimip.php?pw=mip HTTP/1.1" 200 687 "-" "Mozilla/4.0 (compatible; MSIE 7.0; Windows NT 6.1; WOW64; Trident/7.0; SLCC2; .NET CLR 2.0.50727; .NET CLR 3.5.30729; .NET CLR 3.0.30729; .NET4.0C; .NET4.0E)"
45.122.138.79 - - [25/Dec/2019:14:09:57 +0800] "POST /collect/ApiUserHuochetou/articleAdd HTTP/1.1" 200 26 "http://www.arbutin.cn/bakiimip.php?pw=mip" "Mozilla/4.0 (compatible; MSIE 7.0; Windows NT 6.1; WOW64; Trident/7.0; SLCC2; .NET CLR 2.0.50727; .NET CLR 3.5.30729; .NET CLR 3.0.30729; .NET4.0C; .NET4.0E)"
45.122.138.79 - - [25/Dec/2019:14:10:13 +0800] "GET /bakiimip.php?pw=mip HTTP/1.1" 200 687 "-" "Mozilla/4.0 (compatible; MSIE 7.0; Windows NT 6.1; WOW64; Trident/7.0; SLCC2; .NET CLR 2.0.50727; .NET CLR 3.5.30729; .NET CLR 3.0.30729; .NET4.0C; .NET4.0E)"
45.122.138.79 - - [25/Dec/2019:14:10:14 +0800] "POST /collect/ApiUserHuochetou/articleAdd HTTP/1.1" 200 26 "http://www.arbutin.cn/bakiimip.php?pw=mip" "Mozilla/4.0 (compatible; MSIE 7.0; Windows NT 6.1; WOW64; Trident/7.0; SLCC2; .NET CLR 2.0.50727; .NET CLR 3.5.30729; .NET CLR 3.0.30729; .NET4.0C; .NET4.0E)"
45.122.138.79 - - [25/Dec/2019:14:10:40 +0800] "GET /bakiimip.php?pw=mip HTTP/1.1" 200 687 "-" "Mozilla/4.0 (compatible; MSIE 7.0; Windows NT 6.1; WOW64; Trident/7.0; SLCC2; .NET CLR 2.0.50727; .NET CLR 3.5.30729; .NET CLR 3.0.30729; .NET4.0C; .NET4.0E)"
45.122.138.79 - - [25/Dec/2019:14:10:43 +0800] "POST /collect/ApiUserHuochetou/articleAdd HTTP/1.1" 200 26 "http://www.arbutin.cn/bakiimip.php?pw=mip" "Mozilla/4.0 (compatible; MSIE 7.0; Windows NT 6.1; WOW64; Trident/7.0; SLCC2; .NET CLR 2.0.50727; .NET CLR 3.5.30729; .NET CLR 3.0.30729; .NET4.0C; .NET4.0E)"
151.80.39.43 - - [25/Dec/2019:14:39:16 +0800] "GET / HTTP/1.1" 200 4290 "-" "Mozilla/5.0 (compatible; AhrefsBot/6.1; +http://ahrefs.com/robot/)"
151.80.39.54 - - [25/Dec/2019:14:39:30 +0800] "GET / HTTP/1.1" 301 - "-" "Mozilla/5.0 (compatible; AhrefsBot/6.1; +http://ahrefs.com/robot/)"
216.244.66.250 - - [25/Dec/2019:15:44:52 +0800] "GET /robots.txt HTTP/1.1" 200 24 "-" "Mozilla/5.0 (compatible; DotBot/1.1; http://www.opensiteexplorer.org/dotbot, help@moz.com)"
216.244.66.250 - - [25/Dec/2019:16:00:43 +0800] "GET /mip34/ HTTP/1.1" 200 19185 "-" "Mozilla/5.0 (compatible; DotBot/1.1; http://www.opensiteexplorer.org/dotbot, help@moz.com)"
162.210.196.130 - - [25/Dec/2019:19:30:15 +0800] "GET /robots.txt HTTP/1.1" 200 24 "-" "Mozilla/5.0 (compatible; MJ12bot/v1.4.8; http://mj12bot.com/)"
162.210.196.130 - - [25/Dec/2019:19:30:18 +0800] "GET / HTTP/1.1" 301 - "-" "Mozilla/5.0 (compatible; MJ12bot/v1.4.8; http://mj12bot.com/)"
162.210.196.130 - - [25/Dec/2019:19:30:40 +0800] "GET /robots.txt HTTP/1.1" 200 24 "-" "Mozilla/5.0 (compatible; MJ12bot/v1.4.8; http://mj12bot.com/)"
162.210.196.130 - - [25/Dec/2019:19:30:42 +0800] "GET / HTTP/1.1" 200 4290 "-" "Mozilla/5.0 (compatible; MJ12bot/v1.4.8; http://mj12bot.com/)"
151.80.39.143 - - [25/Dec/2019:20:44:45 +0800] "GET / HTTP/1.1" 200 4290 "-" "Mozilla/5.0 (compatible; AhrefsBot/6.1; +http://ahrefs.com/robot/)"
151.80.39.143 - - [25/Dec/2019:21:15:38 +0800] "GET / HTTP/1.1" 301 - "-" "Mozilla/5.0 (compatible; AhrefsBot/6.1; +http://ahrefs.com/robot/)"
66.249.65.234 - - [25/Dec/2019:21:42:55 +0800] "GET / HTTP/1.1" 301 - "-" "Mozilla/5.0 (compatible; Googlebot/2.1; +http://www.google.com/bot.html)"
66.249.73.140 - - [25/Dec/2019:21:42:56 +0800] "GET / HTTP/1.1" 200 4290 "-" "Mozilla/5.0 (compatible; Googlebot/2.1; +http://www.google.com/bot.html)"
66.249.73.142 - - [25/Dec/2019:21:44:56 +0800] "GET /mip107/ HTTP/1.1" 200 5601 "-" "Mozilla/5.0 (Linux; Android 6.0.1; Nexus 5X Build/MMB29P) AppleWebKit/537.36 (KHTML, like Gecko) Chrome/41.0.2272.96 Mobile Safari/537.36 (compatible; Googlebot/2.1; +http://www.google.com/bot.html)"
66.249.73.144 - - [25/Dec/2019:21:45:14 +0800] "GET /mip106.xml HTTP/1.1" 200 5021 "-" "Mozilla/5.0 (Linux; Android 6.0.1; Nexus 5X Build/MMB29P) AppleWebKit/537.36 (KHTML, like Gecko) Chrome/41.0.2272.96 Mobile Safari/537.36 (compatible; Googlebot/2.1; +http://www.google.com/bot.html)"
66.249.73.140 - - [25/Dec/2019:21:45:34 +0800] "GET /mip101.xml HTTP/1.1" 200 8402 "-" "Mozilla/5.0 (Linux; Android 6.0.1; Nexus 5X Build/MMB29P) AppleWebKit/537.36 (KHTML, like Gecko) Chrome/41.0.2272.96 Mobile Safari/537.36 (compatible; Googlebot/2.1; +http://www.google.com/bot.html)"
66.249.73.140 - - [25/Dec/2019:21:45:56 +0800] "GET /mip103/ HTTP/1.1" 200 5631 "-" "Mozilla/5.0 (Linux; Android 6.0.1; Nexus 5X Build/MMB29P) AppleWebKit/537.36 (KHTML, like Gecko) Chrome/41.0.2272.96 Mobile Safari/537.36 (compatible; Googlebot/2.1; +http://www.google.com/bot.html)"
66.249.73.142 - - [25/Dec/2019:21:46:19 +0800] "GET /mip102/ HTTP/1.1" 200 5356 "-" "Mozilla/5.0 (Linux; Android 6.0.1; Nexus 5X Build/MMB29P) AppleWebKit/537.36 (KHTML, like Gecko) Chrome/41.0.2272.96 Mobile Safari/537.36 (compatible; Googlebot/2.1; +http://www.google.com/bot.html)"
66.249.73.142 - - [25/Dec/2019:21:46:46 +0800] "GET /mip108/ HTTP/1.1" 200 4993 "-" "Mozilla/5.0 (Linux; Android 6.0.1; Nexus 5X Build/MMB29P) AppleWebKit/537.36 (KHTML, like Gecko) Chrome/41.0.2272.96 Mobile Safari/537.36 (compatible; Googlebot/2.1; +http://www.google.com/bot.html)"
66.249.73.140 - - [25/Dec/2019:21:47:40 +0800] "GET /mip105/ HTTP/1.1" 200 4418 "-" "Mozilla/5.0 (Linux; Android 6.0.1; Nexus 5X Build/MMB29P) AppleWebKit/537.36 (KHTML, like Gecko) Chrome/41.0.2272.96 Mobile Safari/537.36 (compatible; Googlebot/2.1; +http://www.google.com/bot.html)"
66.249.73.142 - - [25/Dec/2019:21:48:27 +0800] "GET /mip104/ HTTP/1.1" 200 6731 "-" "Mozilla/5.0 (Linux; Android 6.0.1; Nexus 5X Build/MMB29P) AppleWebKit/537.36 (KHTML, like Gecko) Chrome/41.0.2272.96 Mobile Safari/537.36 (compatible; Googlebot/2.1; +http://www.google.com/bot.html)"
66.249.73.142 - - [25/Dec/2019:21:53:49 +0800] "GET /mip109/ HTTP/1.1" 200 7042 "-" "Mozilla/5.0 (Linux; Android 6.0.1; Nexus 5X Build/MMB29P) AppleWebKit/537.36 (KHTML, like Gecko) Chrome/41.0.2272.96 Mobile Safari/537.36 (compatible; Googlebot/2.1; +http://www.google.com/bot.html)"
223.139.240.246 - - [25/Dec/2019:23:39:51 +0800] "GET /mip50/ HTTP/1.1" 200 6269 "http://www.google.com/" "Mozilla/5.0 (Linux; Android 8.0.0; SM-A720F Build/R16NW) AppleWebKit/537.36 (KHTML, like Gecko) Chrome/66.0.3359.126 Mobile Safari/537.36"
223.139.240.246 - - [25/Dec/2019:23:39:51 +0800] "GET /template/mipcms_theme_003_v1.0.1/css/mipui-header-003.css HTTP/1.1" 200 373 "http://www.arbutin.cn/mip50/" "Mozilla/5.0 (Linux; Android 8.0.0; SM-A720F Build/R16NW) AppleWebKit/537.36 (KHTML, like Gecko) Chrome/66.0.3359.126 Mobile Safari/537.36"
223.139.240.246 - - [25/Dec/2019:23:39:51 +0800] "GET /template/mipcms_theme_003_v1.0.1/css/bootstrap-layout.min.css HTTP/1.1" 200 1973 "http://www.arbutin.cn/mip50/" "Mozilla/5.0 (Linux; Android 8.0.0; SM-A720F Build/R16NW) AppleWebKit/537.36 (KHTML, like Gecko) Chrome/66.0.3359.126 Mobile Safari/537.36"
223.139.240.246 - - [25/Dec/2019:23:39:51 +0800] "GET /template/mipcms_theme_003_v1.0.1/css/mipui-widget-images-003.css HTTP/1.1" 200 539 "http://www.arbutin.cn/mip50/" "Mozilla/5.0 (Linux; Android 8.0.0; SM-A720F Build/R16NW) AppleWebKit/537.36 (KHTML, like Gecko) Chrome/66.0.3359.126 Mobile Safari/537.36"
223.139.240.246 - - [25/Dec/2019:23:39:51 +0800] "GET /template/mipcms_theme_003_v1.0.1/css/mipui-widget-media-item-001.css HTTP/1.1" 200 430 "http://www.arbutin.cn/mip50/" "Mozilla/5.0 (Linux; Android 8.0.0; SM-A720F Build/R16NW) AppleWebKit/537.36 (KHTML, like Gecko) Chrome/66.0.3359.126 Mobile Safari/537.36"
223.139.240.246 - - [25/Dec/2019:23:39:51 +0800] "GET /template/mipcms_theme_003_v1.0.1/css/mipui-widget-media-item-004.css HTTP/1.1" 200 551 "http://www.arbutin.cn/mip50/" "Mozilla/5.0 (Linux; Android 8.0.0; SM-A720F Build/R16NW) AppleWebKit/537.36 (KHTML, like Gecko) Chrome/66.0.3359.126 Mobile Safari/537.36"
223.139.240.246 - - [25/Dec/2019:23:39:51 +0800] "GET /template/mipcms_theme_003_v1.0.1/css/mipui-widget-media-item-002.css HTTP/1.1" 200 498 "http://www.arbutin.cn/mip50/" "Mozilla/5.0 (Linux; Android 8.0.0; SM-A720F Build/R16NW) AppleWebKit/537.36 (KHTML, like Gecko) Chrome/66.0.3359.126 Mobile Safari/537.36"
223.139.240.246 - - [25/Dec/2019:23:39:51 +0800] "GET /template/mipcms_theme_003_v1.0.1/css/mipui-category-list-001.css HTTP/1.1" 200 512 "http://www.arbutin.cn/mip50/" "Mozilla/5.0 (Linux; Android 8.0.0; SM-A720F Build/R16NW) AppleWebKit/537.36 (KHTML, like Gecko) Chrome/66.0.3359.126 Mobile Safari/537.36"
223.139.240.246 - - [25/Dec/2019:23:39:51 +0800] "GET /template/mipcms_theme_003_v1.0.1/css/mipui-widget-media-item-005.css HTTP/1.1" 200 467 "http://www.arbutin.cn/mip50/" "Mozilla/5.0 (Linux; Android 8.0.0; SM-A720F Build/R16NW) AppleWebKit/537.36 (KHTML, like Gecko) Chrome/66.0.3359.126 Mobile Safari/537.36"
223.139.240.246 - - [25/Dec/2019:23:39:52 +0800] "GET /template/mipcms_theme_003_v1.0.1/css/mipui-footer-001.css HTTP/1.1" 200 237 "http://www.arbutin.cn/mip50/" "Mozilla/5.0 (Linux; Android 8.0.0; SM-A720F Build/R16NW) AppleWebKit/537.36 (KHTML, like Gecko) Chrome/66.0.3359.126 Mobile Safari/537.36"
223.139.240.246 - - [25/Dec/2019:23:39:52 +0800] "GET /template/mipcms_theme_003_v1.0.1/css/mipui-config.css HTTP/1.1" 200 1060 "http://www.arbutin.cn/mip50/" "Mozilla/5.0 (Linux; Android 8.0.0; SM-A720F Build/R16NW) AppleWebKit/537.36 (KHTML, like Gecko) Chrome/66.0.3359.126 Mobile Safari/537.36"
223.139.240.246 - - [25/Dec/2019:23:39:53 +0800] "GET /public/assets/common/images/no-images.jpg HTTP/1.1" 200 11824 "http://www.arbutin.cn/mip50/" "Mozilla/5.0 (Linux; Android 8.0.0; SM-A720F Build/R16NW) AppleWebKit/537.36 (KHTML, like Gecko) Chrome/66.0.3359.126 Mobile Safari/537.36"
223.139.240.246 - - [25/Dec/2019:23:39:54 +0800] "GET /favicon.ico HTTP/1.1" 200 589 "http://www.arbutin.cn/mip50/" "Mozilla/5.0 (Linux; Android 8.0.0; SM-A720F Build/R16NW) AppleWebKit/537.36 (KHTML, like Gecko) Chrome/66.0.3359.126 Mobile Safari/537.36"
216.244.66.250 - - [26/Dec/2019:00:09:40 +0800] "GET /mip21/ HTTP/1.1" 200 23582 "-" "Mozilla/5.0 (compatible; DotBot/1.1; http://www.opensiteexplorer.org/dotbot, help@moz.com)"
216.244.66.250 - - [26/Dec/2019:00:50:49 +0800] "GET /tag/laobanhuyu/ HTTP/1.1" 200 13811 "-" "Mozilla/5.0 (compatible; DotBot/1.1; http://www.opensiteexplorer.org/dotbot, help@moz.com)"
136.243.37.219 - - [26/Dec/2019:01:47:29 +0800] "GET /robots.txt HTTP/1.1" 200 24 "-" "Mozilla/5.0 (compatible; MJ12bot/v1.4.8; http://mj12bot.com/)"
136.243.37.219 - - [26/Dec/2019:01:47:30 +0800] "GET /mip106.xml HTTP/1.1" 200 5021 "-" "Mozilla/5.0 (compatible; MJ12bot/v1.4.8; http://mj12bot.com/)"
136.243.37.219 - - [26/Dec/2019:01:47:32 +0800] "GET /mip107/ HTTP/1.1" 200 5601 "-" "Mozilla/5.0 (compatible; MJ12bot/v1.4.8; http://mj12bot.com/)"
136.243.37.219 - - [26/Dec/2019:01:47:34 +0800] "GET /mip108/ HTTP/1.1" 200 4993 "-" "Mozilla/5.0 (compatible; MJ12bot/v1.4.8; http://mj12bot.com/)"
136.243.37.219 - - [26/Dec/2019:01:47:36 +0800] "GET /mip109/ HTTP/1.1" 200 7042 "-" "Mozilla/5.0 (compatible; MJ12bot/v1.4.8; http://mj12bot.com/)"
54.36.149.13 - - [26/Dec/2019:03:12:20 +0800] "GET /robots.txt HTTP/1.1" 200 24 "-" "Mozilla/5.0 (compatible; AhrefsBot/6.1; +http://ahrefs.com/robot/)"
5.196.87.140 - - [26/Dec/2019:03:12:21 +0800] "GET / HTTP/1.1" 200 4300 "-" "Mozilla/5.0 (compatible; AhrefsBot/6.1; +http://ahrefs.com/robot/)"
151.80.39.43 - - [26/Dec/2019:03:37:36 +0800] "GET / HTTP/1.1" 301 - "-" "Mozilla/5.0 (compatible; AhrefsBot/6.1; +http://ahrefs.com/robot/)"
42.156.139.109 - - [26/Dec/2019:03:45:29 +0800] "GET /mip85/ HTTP/1.1" 200 9009 "-" "Mozilla/5.0 (Windows NT 6.1; Win64; x64) AppleWebKit/537.36 (KHTML, like Gecko) Chrome/69.0.3497.81 YisouSpider/5.0 Safari/537.36"
42.156.139.109 - - [26/Dec/2019:03:45:30 +0800] "GET /template/mipcms_theme_003_v1.0.1/css/mipui-widget-media-item-001.css HTTP/1.1" 200 430 "http://www.arbutin.cn/mip85/" "Mozilla/5.0 (Windows NT 6.1; Win64; x64) AppleWebKit/537.36 (KHTML, like Gecko) Chrome/69.0.3497.81 YisouSpider/5.0 Safari/537.36"
42.156.137.109 - - [26/Dec/2019:03:45:30 +0800] "GET /template/mipcms_theme_003_v1.0.1/css/mipui-widget-media-item-004.css HTTP/1.1" 200 551 "http://www.arbutin.cn/mip85/" "Mozilla/5.0 (Windows NT 6.1; Win64; x64) AppleWebKit/537.36 (KHTML, like Gecko) Chrome/69.0.3497.81 YisouSpider/5.0 Safari/537.36"
42.120.160.109 - - [26/Dec/2019:03:45:30 +0800] "GET /template/mipcms_theme_003_v1.0.1/css/bootstrap-layout.min.css HTTP/1.1" 200 1973 "http://www.arbutin.cn/mip85/" "Mozilla/5.0 (Windows NT 6.1; Win64; x64) AppleWebKit/537.36 (KHTML, like Gecko) Chrome/69.0.3497.81 YisouSpider/5.0 Safari/537.36"
42.156.138.109 - - [26/Dec/2019:03:45:30 +0800] "GET /template/mipcms_theme_003_v1.0.1/css/mipui-widget-media-item-002.css HTTP/1.1" 200 498 "http://www.arbutin.cn/mip85/" "Mozilla/5.0 (Windows NT 6.1; Win64; x64) AppleWebKit/537.36 (KHTML, like Gecko) Chrome/69.0.3497.81 YisouSpider/5.0 Safari/537.36"
42.156.138.109 - - [26/Dec/2019:03:45:30 +0800] "GET /template/mipcms_theme_003_v1.0.1/css/mipui-category-list-001.css HTTP/1.1" 200 512 "http://www.arbutin.cn/mip85/" "Mozilla/5.0 (Windows NT 6.1; Win64; x64) AppleWebKit/537.36 (KHTML, like Gecko) Chrome/69.0.3497.81 YisouSpider/5.0 Safari/537.36"
106.11.157.113 - - [26/Dec/2019:03:45:30 +0800] "GET /robots.txt HTTP/1.1" 200 24 "-" "YisouSpider"
42.156.136.109 - - [26/Dec/2019:03:45:30 +0800] "GET /template/mipcms_theme_003_v1.0.1/css/mipui-widget-media-item-005.css HTTP/1.1" 200 467 "http://www.arbutin.cn/mip85/" "Mozilla/5.0 (Windows NT 6.1; Win64; x64) AppleWebKit/537.36 (KHTML, like Gecko) Chrome/69.0.3497.81 YisouSpider/5.0 Safari/537.36"
42.120.161.109 - - [26/Dec/2019:03:45:30 +0800] "GET /template/mipcms_theme_003_v1.0.1/css/mipui-footer-001.css HTTP/1.1" 200 237 "http://www.arbutin.cn/mip85/" "Mozilla/5.0 (Windows NT 6.1; Win64; x64) AppleWebKit/537.36 (KHTML, like Gecko) Chrome/69.0.3497.81 YisouSpider/5.0 Safari/537.36"
42.120.161.109 - - [26/Dec/2019:03:45:30 +0800] "GET /template/mipcms_theme_003_v1.0.1/css/mipui-config.css HTTP/1.1" 200 1060 "http://www.arbutin.cn/mip85/" "Mozilla/5.0 (Windows NT 6.1; Win64; x64) AppleWebKit/537.36 (KHTML, like Gecko) Chrome/69.0.3497.81 YisouSpider/5.0 Safari/537.36"
42.156.138.109 - - [26/Dec/2019:03:45:31 +0800] "GET /template/mipcms_theme_003_v1.0.1/css/mipui-header-003.css HTTP/1.1" 200 373 "http://www.arbutin.cn/mip85/" "Mozilla/5.0 (Windows NT 6.1; Win64; x64) AppleWebKit/537.36 (KHTML, like Gecko) Chrome/69.0.3497.81 YisouSpider/5.0 Safari/537.36"
42.156.136.109 - - [26/Dec/2019:03:45:32 +0800] "GET /template/mipcms_theme_003_v1.0.1/css/mipui-widget-images-003.css HTTP/1.1" 200 539 "http://www.arbutin.cn/mip85/" "Mozilla/5.0 (Windows NT 6.1; Win64; x64) AppleWebKit/537.36 (KHTML, like Gecko) Chrome/69.0.3497.81 YisouSpider/5.0 Safari/537.36"
180.101.214.20 - - [26/Dec/2019:05:45:05 +0800] "GET / HTTP/1.1" 301 - "-" "Mozilla/5.0 (Macintosh; Intel Mac OS X 10_11_2) AppleWebKit/537.36 (KHTML, like Gecko) Chrome/47.0.2526.80 Safari/537.36"
5.196.87.140 - - [26/Dec/2019:09:17:39 +0800] "GET / HTTP/1.1" 200 4300 "-" "Mozilla/5.0 (compatible; AhrefsBot/6.1; +http://ahrefs.com/robot/)"
216.244.66.250 - - [26/Dec/2019:09:18:16 +0800] "GET /mip99/ HTTP/1.1" 200 20803 "-" "Mozilla/5.0 (compatible; DotBot/1.1; http://www.opensiteexplorer.org/dotbot, help@moz.com)"
216.244.66.250 - - [26/Dec/2019:09:33:37 +0800] "GET /mip64/ HTTP/1.1" 200 28695 "-" "Mozilla/5.0 (compatible; DotBot/1.1; http://www.opensiteexplorer.org/dotbot, help@moz.com)"
54.36.148.56 - - [26/Dec/2019:11:11:55 +0800] "GET /robots.txt HTTP/1.1" 200 24 "-" "Mozilla/5.0 (compatible; AhrefsBot/6.1; +http://ahrefs.com/robot/)"
151.80.39.198 - - [26/Dec/2019:11:11:58 +0800] "GET / HTTP/1.1" 301 - "-" "Mozilla/5.0 (compatible; AhrefsBot/6.1; +http://ahrefs.com/robot/)"
216.244.66.250 - - [26/Dec/2019:13:41:03 +0800] "GET /mip12/ HTTP/1.1" 200 25246 "-" "Mozilla/5.0 (compatible; DotBot/1.1; http://www.opensiteexplorer.org/dotbot, help@moz.com)"
151.80.39.54 - - [26/Dec/2019:15:38:34 +0800] "GET / HTTP/1.1" 200 4306 "-" "Mozilla/5.0 (compatible; AhrefsBot/6.1; +http://ahrefs.com/robot/)"
151.80.39.220 - - [26/Dec/2019:17:42:17 +0800] "GET / HTTP/1.1" 301 - "-" "Mozilla/5.0 (compatible; AhrefsBot/6.1; +http://ahrefs.com/robot/)"
66.249.73.142 - - [26/Dec/2019:18:10:36 +0800] "GET /robots.txt HTTP/1.1" 200 24 "-" "Mozilla/5.0 (compatible; Googlebot/2.1; +http://www.google.com/bot.html)"
66.249.73.140 - - [26/Dec/2019:18:10:36 +0800] "GET / HTTP/1.1" 200 4306 "-" "Mozilla/5.0 (compatible; Googlebot/2.1; +http://www.google.com/bot.html)"
180.101.214.148 - - [26/Dec/2019:21:22:39 +0800] "GET / HTTP/1.1" 301 - "-" "Mozilla/5.0 (Macintosh; Intel Mac OS X 10_11_2) AppleWebKit/537.36 (KHTML, like Gecko) Chrome/47.0.2526.80 Safari/537.36"
151.80.39.43 - - [26/Dec/2019:21:48:52 +0800] "GET / HTTP/1.1" 200 4306 "-" "Mozilla/5.0 (compatible; AhrefsBot/6.1; +http://ahrefs.com/robot/)"
223.119.17.210 - - [26/Dec/2019:22:03:10 +0800] "GET / HTTP/1.1" 301 - "-" "Mozilla/4.0+(compatible;+MSIE+7.0;+Windows+NT+5.1;+Trident/4.0;+.NET+CLR+2.0.50727;)"
223.119.17.210 - - [26/Dec/2019:22:03:10 +0800] "GET / HTTP/1.1" 200 4306 "-" "-"
45.122.138.79 - - [26/Dec/2019:23:30:54 +0800] "GET /bakiimip.php?pw=mip HTTP/1.1" 200 687 "-" "Mozilla/4.0 (compatible; MSIE 7.0; Windows NT 6.1; WOW64; Trident/7.0; SLCC2; .NET CLR 2.0.50727; .NET CLR 3.5.30729; .NET CLR 3.0.30729; .NET4.0C; .NET4.0E)"
45.122.138.79 - - [26/Dec/2019:23:30:55 +0800] "POST /collect/ApiUserHuochetou/articleAdd HTTP/1.1" 200 26 "http://www.arbutin.cn/bakiimip.php?pw=mip" "Mozilla/4.0 (compatible; MSIE 7.0; Windows NT 6.1; WOW64; Trident/7.0; SLCC2; .NET CLR 2.0.50727; .NET CLR 3.5.30729; .NET CLR 3.0.30729; .NET4.0C; .NET4.0E)"
45.122.138.79 - - [26/Dec/2019:23:31:12 +0800] "GET /bakiimip.php?pw=mip HTTP/1.1" 200 687 "-" "Mozilla/4.0 (compatible; MSIE 7.0; Windows NT 6.1; WOW64; Trident/7.0; SLCC2; .NET CLR 2.0.50727; .NET CLR 3.5.30729; .NET CLR 3.0.30729; .NET4.0C; .NET4.0E)"
45.122.138.79 - - [26/Dec/2019:23:31:13 +0800] "POST /collect/ApiUserHuochetou/articleAdd HTTP/1.1" 200 26 "http://www.arbutin.cn/bakiimip.php?pw=mip" "Mozilla/4.0 (compatible; MSIE 7.0; Windows NT 6.1; WOW64; Trident/7.0; SLCC2; .NET CLR 2.0.50727; .NET CLR 3.5.30729; .NET CLR 3.0.30729; .NET4.0C; .NET4.0E)"
45.122.138.79 - - [26/Dec/2019:23:31:39 +0800] "GET /bakiimip.php?pw=mip HTTP/1.1" 200 687 "-" "Mozilla/4.0 (compatible; MSIE 7.0; Windows NT 6.1; WOW64; Trident/7.0; SLCC2; .NET CLR 2.0.50727; .NET CLR 3.5.30729; .NET CLR 3.0.30729; .NET4.0C; .NET4.0E)"
45.122.138.79 - - [26/Dec/2019:23:31:41 +0800] "POST /collect/ApiUserHuochetou/articleAdd HTTP/1.1" 200 26 "http://www.arbutin.cn/bakiimip.php?pw=mip" "Mozilla/4.0 (compatible; MSIE 7.0; Windows NT 6.1; WOW64; Trident/7.0; SLCC2; .NET CLR 2.0.50727; .NET CLR 3.5.30729; .NET CLR 3.0.30729; .NET4.0C; .NET4.0E)"
216.244.66.250 - - [26/Dec/2019:23:44:22 +0800] "GET /robots.txt HTTP/1.1" 200 24 "-" "Mozilla/5.0 (compatible; DotBot/1.1; http://www.opensiteexplorer.org/dotbot, help@moz.com)"
216.244.66.250 - - [26/Dec/2019:23:49:39 +0800] "GET /mip100/ HTTP/1.1" 200 23992 "-" "Mozilla/5.0 (compatible; DotBot/1.1; http://www.opensiteexplorer.org/dotbot, help@moz.com)"
151.80.39.220 - - [27/Dec/2019:00:00:40 +0800] "GET / HTTP/1.1" 301 - "-" "Mozilla/5.0 (compatible; AhrefsBot/6.1; +http://ahrefs.com/robot/)"
199.58.86.206 - - [27/Dec/2019:00:37:17 +0800] "GET /robots.txt HTTP/1.1" 200 24 "-" "Mozilla/5.0 (compatible; MJ12bot/v1.4.8; http://mj12bot.com/)"
199.58.86.206 - - [27/Dec/2019:00:37:19 +0800] "GET / HTTP/1.1" 301 - "-" "Mozilla/5.0 (compatible; MJ12bot/v1.4.8; http://mj12bot.com/)"
199.58.86.206 - - [27/Dec/2019:00:37:21 +0800] "GET /robots.txt HTTP/1.1" 200 24 "-" "Mozilla/5.0 (compatible; MJ12bot/v1.4.8; http://mj12bot.com/)"
199.58.86.206 - - [27/Dec/2019:00:37:23 +0800] "GET / HTTP/1.1" 200 4317 "-" "Mozilla/5.0 (compatible; MJ12bot/v1.4.8; http://mj12bot.com/)"
42.156.136.69 - - [27/Dec/2019:02:38:12 +0800] "GET /mip96/ HTTP/1.1" 200 6566 "-" "Mozilla/5.0 (Windows NT 6.1; Win64; x64) AppleWebKit/537.36 (KHTML, like Gecko) Chrome/69.0.3497.81 YisouSpider/5.0 Safari/537.36"
42.120.161.69 - - [27/Dec/2019:02:38:12 +0800] "GET /template/mipcms_theme_003_v1.0.1/css/mipui-widget-media-item-001.css HTTP/1.1" 200 430 "http://www.arbutin.cn/mip96/" "Mozilla/5.0 (Windows NT 6.1; Win64; x64) AppleWebKit/537.36 (KHTML, like Gecko) Chrome/69.0.3497.81 YisouSpider/5.0 Safari/537.36"
42.156.138.69 - - [27/Dec/2019:02:38:12 +0800] "GET /template/mipcms_theme_003_v1.0.1/css/mipui-widget-media-item-005.css HTTP/1.1" 200 467 "http://www.arbutin.cn/mip96/" "Mozilla/5.0 (Windows NT 6.1; Win64; x64) AppleWebKit/537.36 (KHTML, like Gecko) Chrome/69.0.3497.81 YisouSpider/5.0 Safari/537.36"
42.156.137.69 - - [27/Dec/2019:02:38:12 +0800] "GET /template/mipcms_theme_003_v1.0.1/css/bootstrap-layout.min.css HTTP/1.1" 200 1973 "http://www.arbutin.cn/mip96/" "Mozilla/5.0 (Windows NT 6.1; Win64; x64) AppleWebKit/537.36 (KHTML, like Gecko) Chrome/69.0.3497.81 YisouSpider/5.0 Safari/537.36"
42.156.136.69 - - [27/Dec/2019:02:38:12 +0800] "GET /template/mipcms_theme_003_v1.0.1/css/mipui-category-list-001.css HTTP/1.1" 200 512 "http://www.arbutin.cn/mip96/" "Mozilla/5.0 (Windows NT 6.1; Win64; x64) AppleWebKit/537.36 (KHTML, like Gecko) Chrome/69.0.3497.81 YisouSpider/5.0 Safari/537.36"
42.120.160.69 - - [27/Dec/2019:02:38:12 +0800] "GET /template/mipcms_theme_003_v1.0.1/css/mipui-header-003.css HTTP/1.1" 200 373 "http://www.arbutin.cn/mip96/" "Mozilla/5.0 (Windows NT 6.1; Win64; x64) AppleWebKit/537.36 (KHTML, like Gecko) Chrome/69.0.3497.81 YisouSpider/5.0 Safari/537.36"
42.120.160.69 - - [27/Dec/2019:02:38:12 +0800] "GET /template/mipcms_theme_003_v1.0.1/css/mipui-widget-media-item-002.css HTTP/1.1" 200 498 "http://www.arbutin.cn/mip96/" "Mozilla/5.0 (Windows NT 6.1; Win64; x64) AppleWebKit/537.36 (KHTML, like Gecko) Chrome/69.0.3497.81 YisouSpider/5.0 Safari/537.36"
42.156.136.69 - - [27/Dec/2019:02:38:13 +0800] "GET /template/mipcms_theme_003_v1.0.1/css/mipui-config.css HTTP/1.1" 200 1060 "http://www.arbutin.cn/mip96/" "Mozilla/5.0 (Windows NT 6.1; Win64; x64) AppleWebKit/537.36 (KHTML, like Gecko) Chrome/69.0.3497.81 YisouSpider/5.0 Safari/537.36"
42.120.160.69 - - [27/Dec/2019:02:38:13 +0800] "GET /template/mipcms_theme_003_v1.0.1/css/mipui-footer-001.css HTTP/1.1" 200 237 "http://www.arbutin.cn/mip96/" "Mozilla/5.0 (Windows NT 6.1; Win64; x64) AppleWebKit/537.36 (KHTML, like Gecko) Chrome/69.0.3497.81 YisouSpider/5.0 Safari/537.36"
42.156.139.69 - - [27/Dec/2019:02:38:13 +0800] "GET /template/mipcms_theme_003_v1.0.1/css/mipui-widget-media-item-004.css HTTP/1.1" 200 551 "http://www.arbutin.cn/mip96/" "Mozilla/5.0 (Windows NT 6.1; Win64; x64) AppleWebKit/537.36 (KHTML, like Gecko) Chrome/69.0.3497.81 YisouSpider/5.0 Safari/537.36"
42.156.139.69 - - [27/Dec/2019:02:38:15 +0800] "GET /template/mipcms_theme_003_v1.0.1/css/mipui-widget-images-003.css HTTP/1.1" 200 539 "http://www.arbutin.cn/mip96/" "Mozilla/5.0 (Windows NT 6.1; Win64; x64) AppleWebKit/537.36 (KHTML, like Gecko) Chrome/69.0.3497.81 YisouSpider/5.0 Safari/537.36"
151.80.39.54 - - [27/Dec/2019:03:56:27 +0800] "GET / HTTP/1.1" 200 4258 "-" "Mozilla/5.0 (compatible; AhrefsBot/6.1; +http://ahrefs.com/robot/)"
173.212.246.178 - - [27/Dec/2019:04:56:26 +0800] "GET /robots.txt HTTP/1.1" 200 24 "-" "Mozilla/5.0 (compatible; MJ12bot/v1.4.8; http://mj12bot.com/)"
173.212.246.178 - - [27/Dec/2019:04:56:31 +0800] "GET /mip110.xml HTTP/1.1" 200 4349 "-" "Mozilla/5.0 (compatible; MJ12bot/v1.4.8; http://mj12bot.com/)"
173.212.246.178 - - [27/Dec/2019:04:56:36 +0800] "GET /mip111/ HTTP/1.1" 200 5945 "-" "Mozilla/5.0 (compatible; MJ12bot/v1.4.8; http://mj12bot.com/)"
173.212.246.178 - - [27/Dec/2019:04:56:43 +0800] "GET /mip112/ HTTP/1.1" 200 5096 "-" "Mozilla/5.0 (compatible; MJ12bot/v1.4.8; http://mj12bot.com/)"
173.212.246.178 - - [27/Dec/2019:04:56:52 +0800] "GET /tag/niulaobanxiazai/ HTTP/1.1" 200 3092 "-" "Mozilla/5.0 (compatible; MJ12bot/v1.4.8; http://mj12bot.com/)"
151.80.39.143 - - [27/Dec/2019:06:25:14 +0800] "GET / HTTP/1.1" 301 - "-" "Mozilla/5.0 (compatible; AhrefsBot/6.1; +http://ahrefs.com/robot/)"
219.143.174.4 - - [27/Dec/2019:08:55:05 +0800] "GET / HTTP/1.1" 200 4258 "-" "Mozilla/5.0 (Windows NT 10.0; Win64; x64) AppleWebKit/537.36 (KHTML, like Gecko) Chrome/79.0.3945.88 Safari/537.36"
151.80.39.195 - - [27/Dec/2019:11:10:07 +0800] "GET / HTTP/1.1" 200 4258 "-" "Mozilla/5.0 (compatible; AhrefsBot/6.1; +http://ahrefs.com/robot/)"
216.244.66.250 - - [27/Dec/2019:12:52:20 +0800] "GET /mip104/ HTTP/1.1" 200 23246 "-" "Mozilla/5.0 (compatible; DotBot/1.1; http://www.opensiteexplorer.org/dotbot, help@moz.com)"
5.196.87.158 - - [27/Dec/2019:13:29:03 +0800] "GET / HTTP/1.1" 301 - "-" "Mozilla/5.0 (compatible; AhrefsBot/6.1; +http://ahrefs.com/robot/)"
223.119.17.210 - - [27/Dec/2019:14:38:28 +0800] "GET / HTTP/1.1" 301 - "-" "Mozilla/4.0+(compatible;+MSIE+7.0;+Windows+NT+5.1;+Trident/4.0;)"
223.119.17.210 - - [27/Dec/2019:14:38:30 +0800] "GET / HTTP/1.1" 200 4258 "-" "-"
180.101.214.21 - - [27/Dec/2019:17:59:25 +0800] "GET / HTTP/1.1" 301 - "-" "Mozilla/5.0 (Macintosh; Intel Mac OS X 10_11_2) AppleWebKit/537.36 (KHTML, like Gecko) Chrome/47.0.2526.80 Safari/537.36"
151.80.39.198 - - [27/Dec/2019:18:28:35 +0800] "GET / HTTP/1.1" 200 4258 "-" "Mozilla/5.0 (compatible; AhrefsBot/6.1; +http://ahrefs.com/robot/)"
151.80.39.143 - - [27/Dec/2019:21:01:57 +0800] "GET / HTTP/1.1" 301 - "-" "Mozilla/5.0 (compatible; AhrefsBot/6.1; +http://ahrefs.com/robot/)"
123.125.71.101 - - [27/Dec/2019:22:22:26 +0800] "GET / HTTP/1.1" 200 4258 "-" "Mozilla/5.0 (compatible; Baiduspider/2.0; +http://www.baidu.com/search/spider.html)"
111.206.221.69 - - [27/Dec/2019:22:22:27 +0800] "GET /public/assets/common/images/no-images.jpg HTTP/1.1" 200 11824 "http://www.arbutin.cn/" "Mozilla/5.0 (iPhone; CPU iPhone OS 9_1 like Mac OS X) AppleWebKit/601.1.46 (KHTML, like Gecko) Version/9.0 Mobile/13B143 Safari/601.1 (compatible; Baiduspider-render/2.0; +http://www.baidu.com/search/spider.html)"
216.244.66.250 - - [28/Dec/2019:00:33:58 +0800] "GET /robots.txt HTTP/1.1" 200 24 "-" "Mozilla/5.0 (compatible; DotBot/1.1; http://www.opensiteexplorer.org/dotbot, help@moz.com)"
216.244.66.250 - - [28/Dec/2019:00:40:27 +0800] "GET /tag/niudahengxiazai/ HTTP/1.1" 200 13818 "-" "Mozilla/5.0 (compatible; DotBot/1.1; http://www.opensiteexplorer.org/dotbot, help@moz.com)"
66.249.79.208 - - [28/Dec/2019:02:07:49 +0800] "GET /robots.txt HTTP/1.1" 200 24 "-" "Mozilla/5.0 (compatible; Googlebot/2.1; +http://www.google.com/bot.html)"
66.249.79.206 - - [28/Dec/2019:02:07:49 +0800] "GET / HTTP/1.1" 200 4258 "-" "Mozilla/5.0 (compatible; Googlebot/2.1; +http://www.google.com/bot.html)"
66.249.79.206 - - [28/Dec/2019:02:07:53 +0800] "GET /mip111/ HTTP/1.1" 200 5945 "-" "Mozilla/5.0 (Linux; Android 6.0.1; Nexus 5X Build/MMB29P) AppleWebKit/537.36 (KHTML, like Gecko) Chrome/41.0.2272.96 Mobile Safari/537.36 (compatible; Googlebot/2.1; +http://www.google.com/bot.html)"
66.249.79.204 - - [28/Dec/2019:02:08:08 +0800] "GET /mip106.xml HTTP/1.1" 200 5094 "-" "Mozilla/5.0 (Linux; Android 6.0.1; Nexus 5X Build/MMB29P) AppleWebKit/537.36 (KHTML, like Gecko) Chrome/41.0.2272.96 Mobile Safari/537.36 (compatible; Googlebot/2.1; +http://www.google.com/bot.html)"
