54.36.148.132 - - [19/Dec/2019:20:07:51 +0800] "GET /robots.txt HTTP/1.1" 200 24 "-" "Mozilla/5.0 (compatible; AhrefsBot/6.1; +http://ahrefs.com/robot/)"
151.80.39.143 - - [19/Dec/2019:20:07:52 +0800] "GET / HTTP/1.1" 200 4236 "-" "Mozilla/5.0 (compatible; AhrefsBot/6.1; +http://ahrefs.com/robot/)"
216.244.66.250 - - [19/Dec/2019:20:30:57 +0800] "GET /tag/baoshijieqipai/ HTTP/1.1" 200 13740 "-" "Mozilla/5.0 (compatible; DotBot/1.1; http://www.opensiteexplorer.org/dotbot, help@moz.com)"
216.244.66.250 - - [19/Dec/2019:20:31:04 +0800] "GET /tag/koudaiqipai/ HTTP/1.1" 200 14534 "-" "Mozilla/5.0 (compatible; DotBot/1.1; http://www.opensiteexplorer.org/dotbot, help@moz.com)"
151.80.39.54 - - [19/Dec/2019:21:06:39 +0800] "GET / HTTP/1.1" 301 - "-" "Mozilla/5.0 (compatible; AhrefsBot/6.1; +http://ahrefs.com/robot/)"
66.249.73.144 - - [19/Dec/2019:21:16:30 +0800] "GET /mip96/ HTTP/1.1" 200 6504 "-" "Mozilla/5.0 (Linux; Android 6.0.1; Nexus 5X Build/MMB29P) AppleWebKit/537.36 (KHTML, like Gecko) Chrome/41.0.2272.96 Mobile Safari/537.36 (compatible; Googlebot/2.1; +http://www.google.com/bot.html)"
180.101.214.147 - - [19/Dec/2019:21:25:40 +0800] "GET / HTTP/1.1" 301 - "-" "Mozilla/5.0 (Macintosh; Intel Mac OS X 10_11_2) AppleWebKit/537.36 (KHTML, like Gecko) Chrome/47.0.2526.80 Safari/537.36"
66.249.65.234 - - [19/Dec/2019:21:41:19 +0800] "GET / HTTP/1.1" 301 - "-" "Mozilla/5.0 (compatible; Googlebot/2.1; +http://www.google.com/bot.html)"
216.244.66.250 - - [19/Dec/2019:22:11:42 +0800] "GET /tag/dahenghuyuxiazai/ HTTP/1.1" 200 13685 "-" "Mozilla/5.0 (compatible; DotBot/1.1; http://www.opensiteexplorer.org/dotbot, help@moz.com)"
216.244.66.250 - - [19/Dec/2019:22:13:01 +0800] "GET /mip79/ HTTP/1.1" 200 24327 "-" "Mozilla/5.0 (compatible; DotBot/1.1; http://www.opensiteexplorer.org/dotbot, help@moz.com)"
216.244.66.250 - - [20/Dec/2019:01:16:27 +0800] "GET /robots.txt HTTP/1.1" 200 24 "-" "Mozilla/5.0 (compatible; DotBot/1.1; http://www.opensiteexplorer.org/dotbot, help@moz.com)"
216.244.66.250 - - [20/Dec/2019:01:22:47 +0800] "GET /mip77/ HTTP/1.1" 200 19359 "-" "Mozilla/5.0 (compatible; DotBot/1.1; http://www.opensiteexplorer.org/dotbot, help@moz.com)"
216.244.66.250 - - [20/Dec/2019:02:19:20 +0800] "GET /tag/huyuhehuoren/ HTTP/1.1" 200 14633 "-" "Mozilla/5.0 (compatible; DotBot/1.1; http://www.opensiteexplorer.org/dotbot, help@moz.com)"
216.244.66.250 - - [20/Dec/2019:02:20:30 +0800] "GET /mip74/ HTTP/1.1" 200 32454 "-" "Mozilla/5.0 (compatible; DotBot/1.1; http://www.opensiteexplorer.org/dotbot, help@moz.com)"
216.244.66.250 - - [20/Dec/2019:02:20:42 +0800] "GET /youxijieshao/ HTTP/1.1" 200 20637 "-" "Mozilla/5.0 (compatible; DotBot/1.1; http://www.opensiteexplorer.org/dotbot, help@moz.com)"
216.244.66.250 - - [20/Dec/2019:03:03:15 +0800] "GET /mip19/ HTTP/1.1" 200 22897 "-" "Mozilla/5.0 (compatible; DotBot/1.1; http://www.opensiteexplorer.org/dotbot, help@moz.com)"
151.80.39.143 - - [20/Dec/2019:03:15:38 +0800] "GET / HTTP/1.1" 200 4235 "-" "Mozilla/5.0 (compatible; AhrefsBot/6.1; +http://ahrefs.com/robot/)"
162.210.196.98 - - [20/Dec/2019:03:42:47 +0800] "GET /robots.txt HTTP/1.1" 200 24 "-" "Mozilla/5.0 (compatible; MJ12bot/v1.4.8; http://mj12bot.com/)"
162.210.196.98 - - [20/Dec/2019:03:42:50 +0800] "GET / HTTP/1.1" 301 - "-" "Mozilla/5.0 (compatible; MJ12bot/v1.4.8; http://mj12bot.com/)"
162.210.196.98 - - [20/Dec/2019:03:42:52 +0800] "GET /robots.txt HTTP/1.1" 200 24 "-" "Mozilla/5.0 (compatible; MJ12bot/v1.4.8; http://mj12bot.com/)"
162.210.196.98 - - [20/Dec/2019:03:42:54 +0800] "GET / HTTP/1.1" 200 4235 "-" "Mozilla/5.0 (compatible; MJ12bot/v1.4.8; http://mj12bot.com/)"
54.36.148.148 - - [20/Dec/2019:04:14:41 +0800] "GET /robots.txt HTTP/1.1" 200 24 "-" "Mozilla/5.0 (compatible; AhrefsBot/6.1; +http://ahrefs.com/robot/)"
151.80.39.198 - - [20/Dec/2019:04:14:43 +0800] "GET / HTTP/1.1" 301 - "-" "Mozilla/5.0 (compatible; AhrefsBot/6.1; +http://ahrefs.com/robot/)"
216.244.66.250 - - [20/Dec/2019:04:29:44 +0800] "GET /mip10/ HTTP/1.1" 200 27792 "-" "Mozilla/5.0 (compatible; DotBot/1.1; http://www.opensiteexplorer.org/dotbot, help@moz.com)"
216.244.66.250 - - [20/Dec/2019:05:53:06 +0800] "GET /tag/laobanhuyuxiazai/ HTTP/1.1" 200 14603 "-" "Mozilla/5.0 (compatible; DotBot/1.1; http://www.opensiteexplorer.org/dotbot, help@moz.com)"
216.244.66.250 - - [20/Dec/2019:05:54:38 +0800] "GET /mip83/ HTTP/1.1" 200 23884 "-" "Mozilla/5.0 (compatible; DotBot/1.1; http://www.opensiteexplorer.org/dotbot, help@moz.com)"
216.244.66.250 - - [20/Dec/2019:06:37:45 +0800] "GET /mip78/ HTTP/1.1" 200 23019 "-" "Mozilla/5.0 (compatible; DotBot/1.1; http://www.opensiteexplorer.org/dotbot, help@moz.com)"
5.196.87.140 - - [20/Dec/2019:07:27:32 +0800] "GET /dahenghuyu/ HTTP/1.1" 200 4701 "-" "Mozilla/5.0 (compatible; AhrefsBot/6.1; +http://ahrefs.com/robot/)"
151.80.39.220 - - [20/Dec/2019:07:27:48 +0800] "GET /guanyujituan/ HTTP/1.1" 200 4752 "-" "Mozilla/5.0 (compatible; AhrefsBot/6.1; +http://ahrefs.com/robot/)"
5.196.87.158 - - [20/Dec/2019:07:28:04 +0800] "GET /kefuzaixian/ HTTP/1.1" 200 4572 "-" "Mozilla/5.0 (compatible; AhrefsBot/6.1; +http://ahrefs.com/robot/)"
151.80.39.195 - - [20/Dec/2019:07:28:21 +0800] "GET /mip10/ HTTP/1.1" 200 7770 "-" "Mozilla/5.0 (compatible; AhrefsBot/6.1; +http://ahrefs.com/robot/)"
151.80.39.195 - - [20/Dec/2019:07:28:38 +0800] "GET /mip16.xml HTTP/1.1" 200 4855 "-" "Mozilla/5.0 (compatible; AhrefsBot/6.1; +http://ahrefs.com/robot/)"
151.80.39.143 - - [20/Dec/2019:07:28:53 +0800] "GET /mip19/ HTTP/1.1" 200 4821 "-" "Mozilla/5.0 (compatible; AhrefsBot/6.1; +http://ahrefs.com/robot/)"
5.196.87.140 - - [20/Dec/2019:07:29:07 +0800] "GET /mip39/ HTTP/1.1" 200 5473 "-" "Mozilla/5.0 (compatible; AhrefsBot/6.1; +http://ahrefs.com/robot/)"
151.80.39.43 - - [20/Dec/2019:07:29:24 +0800] "GET /mip41/ HTTP/1.1" 200 4245 "-" "Mozilla/5.0 (compatible; AhrefsBot/6.1; +http://ahrefs.com/robot/)"
151.80.39.220 - - [20/Dec/2019:07:29:56 +0800] "GET /mip42/ HTTP/1.1" 200 6582 "-" "Mozilla/5.0 (compatible; AhrefsBot/6.1; +http://ahrefs.com/robot/)"
151.80.39.198 - - [20/Dec/2019:07:30:20 +0800] "GET /mip45/ HTTP/1.1" 200 5480 "-" "Mozilla/5.0 (compatible; AhrefsBot/6.1; +http://ahrefs.com/robot/)"
151.80.39.198 - - [20/Dec/2019:07:30:43 +0800] "GET /mip46/ HTTP/1.1" 200 5876 "-" "Mozilla/5.0 (compatible; AhrefsBot/6.1; +http://ahrefs.com/robot/)"
151.80.39.195 - - [20/Dec/2019:07:31:04 +0800] "GET /mip47.xml HTTP/1.1" 200 4903 "-" "Mozilla/5.0 (compatible; AhrefsBot/6.1; +http://ahrefs.com/robot/)"
151.80.39.195 - - [20/Dec/2019:07:31:44 +0800] "GET /mip48/ HTTP/1.1" 200 5069 "-" "Mozilla/5.0 (compatible; AhrefsBot/6.1; +http://ahrefs.com/robot/)"
151.80.39.198 - - [20/Dec/2019:07:32:01 +0800] "GET /mip49/ HTTP/1.1" 200 5541 "-" "Mozilla/5.0 (compatible; AhrefsBot/6.1; +http://ahrefs.com/robot/)"
151.80.39.54 - - [20/Dec/2019:07:32:17 +0800] "GET /mip50/ HTTP/1.1" 200 6383 "-" "Mozilla/5.0 (compatible; AhrefsBot/6.1; +http://ahrefs.com/robot/)"
151.80.39.195 - - [20/Dec/2019:07:32:30 +0800] "GET /mip51.xml HTTP/1.1" 200 4066 "-" "Mozilla/5.0 (compatible; AhrefsBot/6.1; +http://ahrefs.com/robot/)"
151.80.39.143 - - [20/Dec/2019:07:32:50 +0800] "GET /mip52.xml HTTP/1.1" 200 4932 "-" "Mozilla/5.0 (compatible; AhrefsBot/6.1; +http://ahrefs.com/robot/)"
5.196.87.158 - - [20/Dec/2019:07:33:05 +0800] "GET /mip53/ HTTP/1.1" 200 6113 "-" "Mozilla/5.0 (compatible; AhrefsBot/6.1; +http://ahrefs.com/robot/)"
151.80.39.43 - - [20/Dec/2019:07:33:16 +0800] "GET /mip54/ HTTP/1.1" 200 5590 "-" "Mozilla/5.0 (compatible; AhrefsBot/6.1; +http://ahrefs.com/robot/)"
151.80.39.143 - - [20/Dec/2019:07:33:26 +0800] "GET /mip55/ HTTP/1.1" 200 4694 "-" "Mozilla/5.0 (compatible; AhrefsBot/6.1; +http://ahrefs.com/robot/)"
151.80.39.143 - - [20/Dec/2019:07:33:37 +0800] "GET /mip56/ HTTP/1.1" 200 4937 "-" "Mozilla/5.0 (compatible; AhrefsBot/6.1; +http://ahrefs.com/robot/)"
151.80.39.143 - - [20/Dec/2019:07:33:46 +0800] "GET /mip57.xml HTTP/1.1" 200 6287 "-" "Mozilla/5.0 (compatible; AhrefsBot/6.1; +http://ahrefs.com/robot/)"
5.196.87.158 - - [20/Dec/2019:07:33:57 +0800] "GET /mip58/ HTTP/1.1" 200 6629 "-" "Mozilla/5.0 (compatible; AhrefsBot/6.1; +http://ahrefs.com/robot/)"
151.80.39.195 - - [20/Dec/2019:07:34:05 +0800] "GET /mip59.xml HTTP/1.1" 200 5233 "-" "Mozilla/5.0 (compatible; AhrefsBot/6.1; +http://ahrefs.com/robot/)"
151.80.39.143 - - [20/Dec/2019:07:34:16 +0800] "GET /mip60/ HTTP/1.1" 200 5170 "-" "Mozilla/5.0 (compatible; AhrefsBot/6.1; +http://ahrefs.com/robot/)"
151.80.39.43 - - [20/Dec/2019:07:34:23 +0800] "GET /mip61/ HTTP/1.1" 200 7128 "-" "Mozilla/5.0 (compatible; AhrefsBot/6.1; +http://ahrefs.com/robot/)"
151.80.39.143 - - [20/Dec/2019:07:34:30 +0800] "GET /mip7/ HTTP/1.1" 200 5449 "-" "Mozilla/5.0 (compatible; AhrefsBot/6.1; +http://ahrefs.com/robot/)"
151.80.39.54 - - [20/Dec/2019:07:34:36 +0800] "GET /mip8.xml HTTP/1.1" 200 6417 "-" "Mozilla/5.0 (compatible; AhrefsBot/6.1; +http://ahrefs.com/robot/)"
5.196.87.158 - - [20/Dec/2019:07:34:42 +0800] "GET /mip9.xml HTTP/1.1" 200 4622 "-" "Mozilla/5.0 (compatible; AhrefsBot/6.1; +http://ahrefs.com/robot/)"
151.80.39.198 - - [20/Dec/2019:07:34:50 +0800] "GET /sitemap.xml HTTP/1.1" 200 146 "-" "Mozilla/5.0 (compatible; AhrefsBot/6.1; +http://ahrefs.com/robot/)"
151.80.39.43 - - [20/Dec/2019:07:34:56 +0800] "GET /tag/aodiqipai/ HTTP/1.1" 200 3128 "-" "Mozilla/5.0 (compatible; AhrefsBot/6.1; +http://ahrefs.com/robot/)"
5.196.87.158 - - [20/Dec/2019:07:35:01 +0800] "GET /tag/baoshijieqipai/ HTTP/1.1" 200 3032 "-" "Mozilla/5.0 (compatible; AhrefsBot/6.1; +http://ahrefs.com/robot/)"
5.196.87.158 - - [20/Dec/2019:07:35:09 +0800] "GET /tag/dahenghuyu/ HTTP/1.1" 200 3124 "-" "Mozilla/5.0 (compatible; AhrefsBot/6.1; +http://ahrefs.com/robot/)"
151.80.39.54 - - [20/Dec/2019:07:35:16 +0800] "GET /tag/dahenghuyuxiazai/ HTTP/1.1" 200 3115 "-" "Mozilla/5.0 (compatible; AhrefsBot/6.1; +http://ahrefs.com/robot/)"
5.196.87.158 - - [20/Dec/2019:07:35:22 +0800] "GET /tag/dalaolianmeng/ HTTP/1.1" 200 3371 "-" "Mozilla/5.0 (compatible; AhrefsBot/6.1; +http://ahrefs.com/robot/)"
151.80.39.43 - - [20/Dec/2019:07:35:31 +0800] "GET /tag/dianjingshouyou/ HTTP/1.1" 200 4873 "-" "Mozilla/5.0 (compatible; AhrefsBot/6.1; +http://ahrefs.com/robot/)"
151.80.39.43 - - [20/Dec/2019:07:35:36 +0800] "GET /tag/dihaoqipai/ HTTP/1.1" 200 3093 "-" "Mozilla/5.0 (compatible; AhrefsBot/6.1; +http://ahrefs.com/robot/)"
151.80.39.54 - - [20/Dec/2019:07:35:45 +0800] "GET /tag/huyuhehuoren/ HTTP/1.1" 200 3377 "-" "Mozilla/5.0 (compatible; AhrefsBot/6.1; +http://ahrefs.com/robot/)"
151.80.39.143 - - [20/Dec/2019:07:35:49 +0800] "GET /tag/mingxingyule/ HTTP/1.1" 200 4903 "-" "Mozilla/5.0 (compatible; AhrefsBot/6.1; +http://ahrefs.com/robot/)"
151.80.39.54 - - [20/Dec/2019:07:35:54 +0800] "GET /tag/niudahengguanwang/ HTTP/1.1" 200 2876 "-" "Mozilla/5.0 (compatible; AhrefsBot/6.1; +http://ahrefs.com/robot/)"
151.80.39.198 - - [20/Dec/2019:07:35:59 +0800] "GET /tag/niudahengxiazai/ HTTP/1.1" 200 2871 "-" "Mozilla/5.0 (compatible; AhrefsBot/6.1; +http://ahrefs.com/robot/)"
151.80.39.220 - - [20/Dec/2019:07:36:10 +0800] "GET /tag/niudashi/ HTTP/1.1" 200 3102 "-" "Mozilla/5.0 (compatible; AhrefsBot/6.1; +http://ahrefs.com/robot/)"
151.80.39.143 - - [20/Dec/2019:07:36:17 +0800] "GET /tag/niulaobandaili/ HTTP/1.1" 200 3653 "-" "Mozilla/5.0 (compatible; AhrefsBot/6.1; +http://ahrefs.com/robot/)"
151.80.39.220 - - [20/Dec/2019:07:36:23 +0800] "GET /tag/niulaobanguanwang/ HTTP/1.1" 200 3547 "-" "Mozilla/5.0 (compatible; AhrefsBot/6.1; +http://ahrefs.com/robot/)"
151.80.39.220 - - [20/Dec/2019:07:36:30 +0800] "GET /tag/niulaobanxiazai/ HTTP/1.1" 200 2872 "-" "Mozilla/5.0 (compatible; AhrefsBot/6.1; +http://ahrefs.com/robot/)"
151.80.39.198 - - [20/Dec/2019:07:36:36 +0800] "GET /tag/niuyuanshuaiguanwang/ HTTP/1.1" 200 3289 "-" "Mozilla/5.0 (compatible; AhrefsBot/6.1; +http://ahrefs.com/robot/)"
151.80.39.195 - - [20/Dec/2019:07:36:42 +0800] "GET /tag/niuyuanshuaixiazai/ HTTP/1.1" 200 2874 "-" "Mozilla/5.0 (compatible; AhrefsBot/6.1; +http://ahrefs.com/robot/)"
151.80.39.198 - - [20/Dec/2019:07:36:47 +0800] "GET /tag/pingcegonglue/ HTTP/1.1" 200 5025 "-" "Mozilla/5.0 (compatible; AhrefsBot/6.1; +http://ahrefs.com/robot/)"
5.196.87.140 - - [20/Dec/2019:07:36:51 +0800] "GET /tag/qiyexinwen/ HTTP/1.1" 200 4948 "-" "Mozilla/5.0 (compatible; AhrefsBot/6.1; +http://ahrefs.com/robot/)"
151.80.39.43 - - [20/Dec/2019:07:36:57 +0800] "GET /tag/tuhaolianmeng/ HTTP/1.1" 200 3153 "-" "Mozilla/5.0 (compatible; AhrefsBot/6.1; +http://ahrefs.com/robot/)"
151.80.39.43 - - [20/Dec/2019:07:37:03 +0800] "GET /xinyouzixun/ HTTP/1.1" 200 1905 "-" "Mozilla/5.0 (compatible; AhrefsBot/6.1; +http://ahrefs.com/robot/)"
151.80.39.220 - - [20/Dec/2019:07:37:08 +0800] "GET /youxijieshao/ HTTP/1.1" 200 4609 "-" "Mozilla/5.0 (compatible; AhrefsBot/6.1; +http://ahrefs.com/robot/)"
216.244.66.250 - - [20/Dec/2019:07:50:08 +0800] "GET /tag/niulaoban/ HTTP/1.1" 200 14564 "-" "Mozilla/5.0 (compatible; DotBot/1.1; http://www.opensiteexplorer.org/dotbot, help@moz.com)"
5.196.87.140 - - [20/Dec/2019:07:52:13 +0800] "GET /tag/niudasheng/ HTTP/1.1" 200 3319 "-" "Mozilla/5.0 (compatible; AhrefsBot/6.1; +http://ahrefs.com/robot/)"
151.80.39.195 - - [20/Dec/2019:07:52:30 +0800] "GET /tag/koudaiqipai/ HTTP/1.1" 200 3375 "-" "Mozilla/5.0 (compatible; AhrefsBot/6.1; +http://ahrefs.com/robot/)"
151.80.39.195 - - [20/Dec/2019:07:52:47 +0800] "GET /tag/dakahuyu/ HTTP/1.1" 200 3080 "-" "Mozilla/5.0 (compatible; AhrefsBot/6.1; +http://ahrefs.com/robot/)"
5.196.87.158 - - [20/Dec/2019:07:53:08 +0800] "GET /tag/fuyaoqipai/ HTTP/1.1" 200 3097 "-" "Mozilla/5.0 (compatible; AhrefsBot/6.1; +http://ahrefs.com/robot/)"
151.80.39.198 - - [20/Dec/2019:07:53:26 +0800] "GET /tag/niulaoban/ HTTP/1.1" 200 3337 "-" "Mozilla/5.0 (compatible; AhrefsBot/6.1; +http://ahrefs.com/robot/)"
151.80.39.220 - - [20/Dec/2019:07:53:40 +0800] "GET /tag/laobanhuyuxiazai/ HTTP/1.1" 200 3379 "-" "Mozilla/5.0 (compatible; AhrefsBot/6.1; +http://ahrefs.com/robot/)"
151.80.39.195 - - [20/Dec/2019:07:53:52 +0800] "GET /mip62.xml HTTP/1.1" 200 5265 "-" "Mozilla/5.0 (compatible; AhrefsBot/6.1; +http://ahrefs.com/robot/)"
151.80.39.143 - - [20/Dec/2019:07:54:05 +0800] "GET /mip95/ HTTP/1.1" 200 4705 "-" "Mozilla/5.0 (compatible; AhrefsBot/6.1; +http://ahrefs.com/robot/)"
151.80.39.220 - - [20/Dec/2019:07:54:17 +0800] "GET /mip65/ HTTP/1.1" 200 7798 "-" "Mozilla/5.0 (compatible; AhrefsBot/6.1; +http://ahrefs.com/robot/)"
151.80.39.198 - - [20/Dec/2019:07:54:26 +0800] "GET /mip91.xml HTTP/1.1" 200 6615 "-" "Mozilla/5.0 (compatible; AhrefsBot/6.1; +http://ahrefs.com/robot/)"
151.80.39.195 - - [20/Dec/2019:07:54:36 +0800] "GET /mip70.xml HTTP/1.1" 200 5228 "-" "Mozilla/5.0 (compatible; AhrefsBot/6.1; +http://ahrefs.com/robot/)"
151.80.39.143 - - [20/Dec/2019:07:54:46 +0800] "GET /mip71/ HTTP/1.1" 200 6597 "-" "Mozilla/5.0 (compatible; AhrefsBot/6.1; +http://ahrefs.com/robot/)"
151.80.39.220 - - [20/Dec/2019:07:55:03 +0800] "GET /mip72/ HTTP/1.1" 200 8251 "-" "Mozilla/5.0 (compatible; AhrefsBot/6.1; +http://ahrefs.com/robot/)"
151.80.39.198 - - [20/Dec/2019:07:55:16 +0800] "GET /mip63.xml HTTP/1.1" 200 5297 "-" "Mozilla/5.0 (compatible; AhrefsBot/6.1; +http://ahrefs.com/robot/)"
151.80.39.198 - - [20/Dec/2019:07:55:35 +0800] "GET /mip68/ HTTP/1.1" 200 6921 "-" "Mozilla/5.0 (compatible; AhrefsBot/6.1; +http://ahrefs.com/robot/)"
151.80.39.198 - - [20/Dec/2019:07:55:46 +0800] "GET /mip66/ HTTP/1.1" 200 4277 "-" "Mozilla/5.0 (compatible; AhrefsBot/6.1; +http://ahrefs.com/robot/)"
151.80.39.198 - - [20/Dec/2019:07:55:58 +0800] "GET /mip69.xml HTTP/1.1" 200 7123 "-" "Mozilla/5.0 (compatible; AhrefsBot/6.1; +http://ahrefs.com/robot/)"
151.80.39.220 - - [20/Dec/2019:07:56:08 +0800] "GET /mip76.xml HTTP/1.1" 200 5957 "-" "Mozilla/5.0 (compatible; AhrefsBot/6.1; +http://ahrefs.com/robot/)"
151.80.39.143 - - [20/Dec/2019:07:56:17 +0800] "GET /mip73/ HTTP/1.1" 200 6448 "-" "Mozilla/5.0 (compatible; AhrefsBot/6.1; +http://ahrefs.com/robot/)"
5.196.87.140 - - [20/Dec/2019:07:56:28 +0800] "GET /mip74/ HTTP/1.1" 200 8869 "-" "Mozilla/5.0 (compatible; AhrefsBot/6.1; +http://ahrefs.com/robot/)"
151.80.39.195 - - [20/Dec/2019:07:56:40 +0800] "GET /mip93/ HTTP/1.1" 200 4507 "-" "Mozilla/5.0 (compatible; AhrefsBot/6.1; +http://ahrefs.com/robot/)"
151.80.39.43 - - [20/Dec/2019:07:56:52 +0800] "GET /mip82/ HTTP/1.1" 200 4314 "-" "Mozilla/5.0 (compatible; AhrefsBot/6.1; +http://ahrefs.com/robot/)"
151.80.39.220 - - [20/Dec/2019:07:57:02 +0800] "GET /mip92/ HTTP/1.1" 200 4442 "-" "Mozilla/5.0 (compatible; AhrefsBot/6.1; +http://ahrefs.com/robot/)"
5.196.87.140 - - [20/Dec/2019:07:57:11 +0800] "GET /mip80.xml HTTP/1.1" 200 5009 "-" "Mozilla/5.0 (compatible; AhrefsBot/6.1; +http://ahrefs.com/robot/)"
151.80.39.143 - - [20/Dec/2019:07:57:44 +0800] "GET /mip67/ HTTP/1.1" 200 4408 "-" "Mozilla/5.0 (compatible; AhrefsBot/6.1; +http://ahrefs.com/robot/)"
151.80.39.198 - - [20/Dec/2019:07:57:55 +0800] "GET /mip78/ HTTP/1.1" 200 4621 "-" "Mozilla/5.0 (compatible; AhrefsBot/6.1; +http://ahrefs.com/robot/)"
151.80.39.143 - - [20/Dec/2019:07:58:06 +0800] "GET /mip64/ HTTP/1.1" 200 9119 "-" "Mozilla/5.0 (compatible; AhrefsBot/6.1; +http://ahrefs.com/robot/)"
151.80.39.195 - - [20/Dec/2019:07:58:15 +0800] "GET /mip94/ HTTP/1.1" 200 6246 "-" "Mozilla/5.0 (compatible; AhrefsBot/6.1; +http://ahrefs.com/robot/)"
151.80.39.195 - - [20/Dec/2019:07:58:34 +0800] "GET /mip96/ HTTP/1.1" 200 6505 "-" "Mozilla/5.0 (compatible; AhrefsBot/6.1; +http://ahrefs.com/robot/)"
151.80.39.220 - - [20/Dec/2019:07:58:44 +0800] "GET /mip87.xml HTTP/1.1" 200 5034 "-" "Mozilla/5.0 (compatible; AhrefsBot/6.1; +http://ahrefs.com/robot/)"
5.196.87.140 - - [20/Dec/2019:07:58:52 +0800] "GET /mip79/ HTTP/1.1" 200 7136 "-" "Mozilla/5.0 (compatible; AhrefsBot/6.1; +http://ahrefs.com/robot/)"
151.80.39.43 - - [20/Dec/2019:07:59:01 +0800] "GET /mip75/ HTTP/1.1" 200 8480 "-" "Mozilla/5.0 (compatible; AhrefsBot/6.1; +http://ahrefs.com/robot/)"
151.80.39.220 - - [20/Dec/2019:07:59:12 +0800] "GET /mip77/ HTTP/1.1" 200 4136 "-" "Mozilla/5.0 (compatible; AhrefsBot/6.1; +http://ahrefs.com/robot/)"
151.80.39.195 - - [20/Dec/2019:07:59:19 +0800] "GET /mip83/ HTTP/1.1" 200 5329 "-" "Mozilla/5.0 (compatible; AhrefsBot/6.1; +http://ahrefs.com/robot/)"
151.80.39.43 - - [20/Dec/2019:07:59:24 +0800] "GET /mip84/ HTTP/1.1" 200 4642 "-" "Mozilla/5.0 (compatible; AhrefsBot/6.1; +http://ahrefs.com/robot/)"
151.80.39.43 - - [20/Dec/2019:07:59:35 +0800] "GET /mip86/ HTTP/1.1" 200 4499 "-" "Mozilla/5.0 (compatible; AhrefsBot/6.1; +http://ahrefs.com/robot/)"
151.80.39.198 - - [20/Dec/2019:08:25:02 +0800] "GET /mip81.xml HTTP/1.1" 200 4440 "-" "Mozilla/5.0 (compatible; AhrefsBot/6.1; +http://ahrefs.com/robot/)"
151.80.39.143 - - [20/Dec/2019:08:25:15 +0800] "GET /mip85/ HTTP/1.1" 200 9076 "-" "Mozilla/5.0 (compatible; AhrefsBot/6.1; +http://ahrefs.com/robot/)"
216.244.66.250 - - [20/Dec/2019:09:25:02 +0800] "GET /mip81.xml HTTP/1.1" 200 23085 "-" "Mozilla/5.0 (compatible; DotBot/1.1; http://www.opensiteexplorer.org/dotbot, help@moz.com)"
5.196.87.158 - - [20/Dec/2019:10:16:33 +0800] "GET / HTTP/1.1" 200 4235 "-" "Mozilla/5.0 (compatible; AhrefsBot/6.1; +http://ahrefs.com/robot/)"
151.80.39.195 - - [20/Dec/2019:10:46:45 +0800] "GET /mip88/ HTTP/1.1" 200 5371 "-" "Mozilla/5.0 (compatible; AhrefsBot/6.1; +http://ahrefs.com/robot/)"
151.80.39.43 - - [20/Dec/2019:10:47:04 +0800] "GET /mip23/ HTTP/1.1" 200 4725 "-" "Mozilla/5.0 (compatible; AhrefsBot/6.1; +http://ahrefs.com/robot/)"
151.80.39.220 - - [20/Dec/2019:11:17:08 +0800] "GET / HTTP/1.1" 301 - "-" "Mozilla/5.0 (compatible; AhrefsBot/6.1; +http://ahrefs.com/robot/)"
66.249.73.142 - - [20/Dec/2019:12:25:59 +0800] "GET / HTTP/1.1" 200 4235 "-" "Mozilla/5.0 (compatible; Googlebot/2.1; +http://www.google.com/bot.html)"
216.244.66.250 - - [20/Dec/2019:14:10:07 +0800] "GET /xinyouzixun/ HTTP/1.1" 200 8346 "-" "Mozilla/5.0 (compatible; DotBot/1.1; http://www.opensiteexplorer.org/dotbot, help@moz.com)"
216.244.66.250 - - [20/Dec/2019:16:19:05 +0800] "GET /mip7/ HTTP/1.1" 200 27559 "-" "Mozilla/5.0 (compatible; DotBot/1.1; http://www.opensiteexplorer.org/dotbot, help@moz.com)"
66.249.73.142 - - [20/Dec/2019:18:10:17 +0800] "GET /robots.txt HTTP/1.1" 200 24 "-" "Mozilla/5.0 (compatible; Googlebot/2.1; +http://www.google.com/bot.html)"
151.80.39.43 - - [20/Dec/2019:18:25:15 +0800] "GET / HTTP/1.1" 200 4236 "-" "Mozilla/5.0 (compatible; AhrefsBot/6.1; +http://ahrefs.com/robot/)"
151.80.39.43 - - [20/Dec/2019:18:25:48 +0800] "GET / HTTP/1.1" 301 - "-" "Mozilla/5.0 (compatible; AhrefsBot/6.1; +http://ahrefs.com/robot/)"
216.244.66.250 - - [20/Dec/2019:19:49:57 +0800] "GET /mip8.xml HTTP/1.1" 200 27052 "-" "Mozilla/5.0 (compatible; DotBot/1.1; http://www.opensiteexplorer.org/dotbot, help@moz.com)"
216.244.66.250 - - [20/Dec/2019:21:14:36 +0800] "GET /mip76.xml HTTP/1.1" 200 26371 "-" "Mozilla/5.0 (compatible; DotBot/1.1; http://www.opensiteexplorer.org/dotbot, help@moz.com)"
180.101.214.148 - - [20/Dec/2019:21:23:28 +0800] "GET / HTTP/1.1" 301 - "-" "Mozilla/5.0 (Macintosh; Intel Mac OS X 10_11_2) AppleWebKit/537.36 (KHTML, like Gecko) Chrome/47.0.2526.80 Safari/537.36"
108.59.8.70 - - [20/Dec/2019:22:10:09 +0800] "GET /robots.txt HTTP/1.1" 200 24 "-" "Mozilla/5.0 (compatible; MJ12bot/v1.4.8; http://mj12bot.com/)"
108.59.8.70 - - [20/Dec/2019:22:10:12 +0800] "GET / HTTP/1.1" 301 - "-" "Mozilla/5.0 (compatible; MJ12bot/v1.4.8; http://mj12bot.com/)"
108.59.8.70 - - [20/Dec/2019:22:10:15 +0800] "GET /robots.txt HTTP/1.1" 200 24 "-" "Mozilla/5.0 (compatible; MJ12bot/v1.4.8; http://mj12bot.com/)"
108.59.8.70 - - [20/Dec/2019:22:10:19 +0800] "GET / HTTP/1.1" 200 4234 "-" "Mozilla/5.0 (compatible; MJ12bot/v1.4.8; http://mj12bot.com/)"
216.244.66.250 - - [20/Dec/2019:23:10:57 +0800] "GET /mip75/ HTTP/1.1" 200 28861 "-" "Mozilla/5.0 (compatible; DotBot/1.1; http://www.opensiteexplorer.org/dotbot, help@moz.com)"
216.244.66.250 - - [20/Dec/2019:23:11:00 +0800] "GET /mip85/ HTTP/1.1" 200 27761 "-" "Mozilla/5.0 (compatible; DotBot/1.1; http://www.opensiteexplorer.org/dotbot, help@moz.com)"
110.249.201.187 - - [21/Dec/2019:00:11:29 +0800] "GET /robots.txt HTTP/1.1" 200 24 "-" "Mozilla/5.0 (iPhone; CPU iPhone OS 11_0 like Mac OS X) AppleWebKit/537.36 (KHTML, like Gecko) Chrome/45.0.6813.1161 Mobile Safari/537.36; Bytespider;https://zhanzhang.toutiao.com/"
151.80.39.143 - - [21/Dec/2019:00:56:19 +0800] "GET / HTTP/1.1" 301 - "-" "Mozilla/5.0 (compatible; AhrefsBot/6.1; +http://ahrefs.com/robot/)"
5.196.87.158 - - [21/Dec/2019:00:56:35 +0800] "GET / HTTP/1.1" 200 4234 "-" "Mozilla/5.0 (compatible; AhrefsBot/6.1; +http://ahrefs.com/robot/)"
216.244.66.250 - - [21/Dec/2019:01:16:31 +0800] "GET /robots.txt HTTP/1.1" 200 24 "-" "Mozilla/5.0 (compatible; DotBot/1.1; http://www.opensiteexplorer.org/dotbot, help@moz.com)"
216.244.66.250 - - [21/Dec/2019:01:20:22 +0800] "GET /tag/aodiqipai/ HTTP/1.1" 200 13691 "-" "Mozilla/5.0 (compatible; DotBot/1.1; http://www.opensiteexplorer.org/dotbot, help@moz.com)"
216.244.66.250 - - [21/Dec/2019:03:21:21 +0800] "GET /tag/niudasheng/ HTTP/1.1" 200 14532 "-" "Mozilla/5.0 (compatible; DotBot/1.1; http://www.opensiteexplorer.org/dotbot, help@moz.com)"
216.244.66.250 - - [21/Dec/2019:04:08:09 +0800] "GET /mip9.xml HTTP/1.1" 200 23646 "-" "Mozilla/5.0 (compatible; DotBot/1.1; http://www.opensiteexplorer.org/dotbot, help@moz.com)"
151.80.39.54 - - [21/Dec/2019:04:55:29 +0800] "GET /mip89/ HTTP/1.1" 200 5489 "-" "Mozilla/5.0 (compatible; AhrefsBot/6.1; +http://ahrefs.com/robot/)"
5.196.87.140 - - [21/Dec/2019:04:57:51 +0800] "GET /mip90/ HTTP/1.1" 200 5059 "-" "Mozilla/5.0 (compatible; AhrefsBot/6.1; +http://ahrefs.com/robot/)"
5.196.87.158 - - [21/Dec/2019:05:00:05 +0800] "GET /mip33/ HTTP/1.1" 200 5237 "-" "Mozilla/5.0 (compatible; AhrefsBot/6.1; +http://ahrefs.com/robot/)"
151.80.39.54 - - [21/Dec/2019:05:03:09 +0800] "GET /mip36/ HTTP/1.1" 200 4691 "-" "Mozilla/5.0 (compatible; AhrefsBot/6.1; +http://ahrefs.com/robot/)"
216.244.66.250 - - [21/Dec/2019:05:31:57 +0800] "GET /mip92/ HTTP/1.1" 200 24965 "-" "Mozilla/5.0 (compatible; DotBot/1.1; http://www.opensiteexplorer.org/dotbot, help@moz.com)"
216.244.66.250 - - [21/Dec/2019:05:42:33 +0800] "GET /guanyujituan/index_2.html HTTP/1.1" 200 21122 "-" "Mozilla/5.0 (compatible; DotBot/1.1; http://www.opensiteexplorer.org/dotbot, help@moz.com)"
216.244.66.250 - - [21/Dec/2019:06:40:47 +0800] "GET /mip89/ HTTP/1.1" 200 23503 "-" "Mozilla/5.0 (compatible; DotBot/1.1; http://www.opensiteexplorer.org/dotbot, help@moz.com)"
216.244.66.250 - - [21/Dec/2019:07:46:21 +0800] "GET /mip87.xml HTTP/1.1" 200 24557 "-" "Mozilla/5.0 (compatible; DotBot/1.1; http://www.opensiteexplorer.org/dotbot, help@moz.com)"
151.80.39.220 - - [21/Dec/2019:07:53:32 +0800] "GET / HTTP/1.1" 200 4234 "-" "Mozilla/5.0 (compatible; AhrefsBot/6.1; +http://ahrefs.com/robot/)"
151.80.39.195 - - [21/Dec/2019:07:55:09 +0800] "GET / HTTP/1.1" 301 - "-" "Mozilla/5.0 (compatible; AhrefsBot/6.1; +http://ahrefs.com/robot/)"
185.136.159.30 - - [21/Dec/2019:07:57:27 +0800] "GET / HTTP/1.0" 301 - "http://arbutin.cn/" "Mozilla/5.0 (Windows NT 6.1) AppleWebKit/537.36 (KHTML, like Gecko) Chrome/67.0.3396.99 Safari/537.36 Kinza/4.8.2"
185.136.159.30 - - [21/Dec/2019:07:57:27 +0800] "GET / HTTP/1.0" 200 25669 "http://www.arbutin.cn/" "Mozilla/5.0 (Windows NT 6.1) AppleWebKit/537.36 (KHTML, like Gecko) Chrome/67.0.3396.99 Safari/537.36 Kinza/4.8.2"
216.244.66.250 - - [21/Dec/2019:08:25:47 +0800] "GET /kefuzaixian/index_3.html HTTP/1.1" 200 15592 "-" "Mozilla/5.0 (compatible; DotBot/1.1; http://www.opensiteexplorer.org/dotbot, help@moz.com)"
66.249.65.234 - - [21/Dec/2019:09:15:33 +0800] "GET /robots.txt HTTP/1.1" 200 24 "-" "Mozilla/5.0 (compatible; Googlebot/2.1; +http://www.google.com/bot.html)"
66.249.65.234 - - [21/Dec/2019:09:15:33 +0800] "GET / HTTP/1.1" 301 - "-" "Mozilla/5.0 (Linux; Android 6.0.1; Nexus 5X Build/MMB29P) AppleWebKit/537.36 (KHTML, like Gecko) Chrome/41.0.2272.96 Mobile Safari/537.36 (compatible; Googlebot/2.1; +http://www.google.com/bot.html)"
66.249.73.142 - - [21/Dec/2019:09:15:34 +0800] "GET / HTTP/1.1" 200 4234 "-" "Mozilla/5.0 (Linux; Android 6.0.1; Nexus 5X Build/MMB29P) AppleWebKit/537.36 (KHTML, like Gecko) Chrome/41.0.2272.96 Mobile Safari/537.36 (compatible; Googlebot/2.1; +http://www.google.com/bot.html)"
216.244.66.250 - - [21/Dec/2019:09:42:08 +0800] "GET /tag/dalaolianmeng/ HTTP/1.1" 200 14419 "-" "Mozilla/5.0 (compatible; DotBot/1.1; http://www.opensiteexplorer.org/dotbot, help@moz.com)"
216.244.66.250 - - [21/Dec/2019:09:53:28 +0800] "GET /mip70.xml HTTP/1.1" 200 24827 "-" "Mozilla/5.0 (compatible; DotBot/1.1; http://www.opensiteexplorer.org/dotbot, help@moz.com)"
45.122.138.79 - - [21/Dec/2019:10:33:05 +0800] "GET /bakiimip.php?pw=mip HTTP/1.1" 200 687 "-" "Mozilla/4.0 (compatible; MSIE 7.0; Windows NT 6.1; WOW64; Trident/7.0; SLCC2; .NET CLR 2.0.50727; .NET CLR 3.5.30729; .NET CLR 3.0.30729; .NET4.0C; .NET4.0E)"
45.122.138.79 - - [21/Dec/2019:10:33:06 +0800] "POST /collect/ApiUserHuochetou/articleAdd HTTP/1.1" 200 26 "http://www.arbutin.cn/bakiimip.php?pw=mip" "Mozilla/4.0 (compatible; MSIE 7.0; Windows NT 6.1; WOW64; Trident/7.0; SLCC2; .NET CLR 2.0.50727; .NET CLR 3.5.30729; .NET CLR 3.0.30729; .NET4.0C; .NET4.0E)"
45.122.138.79 - - [21/Dec/2019:10:33:29 +0800] "GET /bakiimip.php?pw=mip HTTP/1.1" 200 687 "-" "Mozilla/4.0 (compatible; MSIE 7.0; Windows NT 6.1; WOW64; Trident/7.0; SLCC2; .NET CLR 2.0.50727; .NET CLR 3.5.30729; .NET CLR 3.0.30729; .NET4.0C; .NET4.0E)"
45.122.138.79 - - [21/Dec/2019:10:33:30 +0800] "POST /collect/ApiUserHuochetou/articleAdd HTTP/1.1" 200 26 "http://www.arbutin.cn/bakiimip.php?pw=mip" "Mozilla/4.0 (compatible; MSIE 7.0; Windows NT 6.1; WOW64; Trident/7.0; SLCC2; .NET CLR 2.0.50727; .NET CLR 3.5.30729; .NET CLR 3.0.30729; .NET4.0C; .NET4.0E)"
45.122.138.79 - - [21/Dec/2019:10:33:48 +0800] "GET /bakiimip.php?pw=mip HTTP/1.1" 200 687 "-" "Mozilla/4.0 (compatible; MSIE 7.0; Windows NT 6.1; WOW64; Trident/7.0; SLCC2; .NET CLR 2.0.50727; .NET CLR 3.5.30729; .NET CLR 3.0.30729; .NET4.0C; .NET4.0E)"
45.122.138.79 - - [21/Dec/2019:10:33:50 +0800] "POST /collect/ApiUserHuochetou/articleAdd HTTP/1.1" 200 26 "http://www.arbutin.cn/bakiimip.php?pw=mip" "Mozilla/4.0 (compatible; MSIE 7.0; Windows NT 6.1; WOW64; Trident/7.0; SLCC2; .NET CLR 2.0.50727; .NET CLR 3.5.30729; .NET CLR 3.0.30729; .NET4.0C; .NET4.0E)"
66.249.73.142 - - [21/Dec/2019:10:46:02 +0800] "GET /tag/niudashi/ HTTP/1.1" 200 3092 "-" "Mozilla/5.0 (Linux; Android 6.0.1; Nexus 5X Build/MMB29P) AppleWebKit/537.36 (KHTML, like Gecko) Chrome/41.0.2272.96 Mobile Safari/537.36 (compatible; Googlebot/2.1; +http://www.google.com/bot.html)"
216.244.66.250 - - [21/Dec/2019:11:13:24 +0800] "GET /mip49/ HTTP/1.1" 200 22646 "-" "Mozilla/5.0 (compatible; DotBot/1.1; http://www.opensiteexplorer.org/dotbot, help@moz.com)"
216.244.66.250 - - [21/Dec/2019:12:35:19 +0800] "GET /mip54/ HTTP/1.1" 200 24087 "-" "Mozilla/5.0 (compatible; DotBot/1.1; http://www.opensiteexplorer.org/dotbot, help@moz.com)"
216.244.66.250 - - [21/Dec/2019:14:35:22 +0800] "GET /mip68/ HTTP/1.1" 200 26802 "-" "Mozilla/5.0 (compatible; DotBot/1.1; http://www.opensiteexplorer.org/dotbot, help@moz.com)"
216.244.66.250 - - [21/Dec/2019:14:40:02 +0800] "GET /mip55/ HTTP/1.1" 200 23090 "-" "Mozilla/5.0 (compatible; DotBot/1.1; http://www.opensiteexplorer.org/dotbot, help@moz.com)"
216.244.66.250 - - [21/Dec/2019:15:15:23 +0800] "GET /tag/dakahuyu/ HTTP/1.1" 200 13729 "-" "Mozilla/5.0 (compatible; DotBot/1.1; http://www.opensiteexplorer.org/dotbot, help@moz.com)"
216.244.66.250 - - [21/Dec/2019:15:16:50 +0800] "GET /tag/dihaoqipai/ HTTP/1.1" 200 13679 "-" "Mozilla/5.0 (compatible; DotBot/1.1; http://www.opensiteexplorer.org/dotbot, help@moz.com)"
216.244.66.250 - - [21/Dec/2019:15:26:11 +0800] "GET /mip40/ HTTP/1.1" 200 18980 "-" "Mozilla/5.0 (compatible; DotBot/1.1; http://www.opensiteexplorer.org/dotbot, help@moz.com)"
216.244.66.250 - - [21/Dec/2019:16:10:41 +0800] "GET /mip33/ HTTP/1.1" 200 26518 "-" "Mozilla/5.0 (compatible; DotBot/1.1; http://www.opensiteexplorer.org/dotbot, help@moz.com)"
216.244.66.250 - - [21/Dec/2019:16:10:45 +0800] "GET /mip67/ HTTP/1.1" 200 21319 "-" "Mozilla/5.0 (compatible; DotBot/1.1; http://www.opensiteexplorer.org/dotbot, help@moz.com)"
216.244.66.250 - - [21/Dec/2019:17:07:39 +0800] "GET /tag/tuhaolianmeng/ HTTP/1.1" 200 13704 "-" "Mozilla/5.0 (compatible; DotBot/1.1; http://www.opensiteexplorer.org/dotbot, help@moz.com)"
216.244.66.250 - - [21/Dec/2019:17:07:44 +0800] "GET /tag/fuyaoqipai/ HTTP/1.1" 200 13733 "-" "Mozilla/5.0 (compatible; DotBot/1.1; http://www.opensiteexplorer.org/dotbot, help@moz.com)"
216.244.66.250 - - [21/Dec/2019:17:11:28 +0800] "GET /mip73/ HTTP/1.1" 200 26981 "-" "Mozilla/5.0 (compatible; DotBot/1.1; http://www.opensiteexplorer.org/dotbot, help@moz.com)"
5.196.87.158 - - [21/Dec/2019:17:51:45 +0800] "GET / HTTP/1.1" 200 4267 "-" "Mozilla/5.0 (compatible; AhrefsBot/6.1; +http://ahrefs.com/robot/)"
151.80.39.143 - - [21/Dec/2019:17:53:56 +0800] "GET / HTTP/1.1" 301 - "-" "Mozilla/5.0 (compatible; AhrefsBot/6.1; +http://ahrefs.com/robot/)"
216.244.66.250 - - [21/Dec/2019:17:59:59 +0800] "GET /tag/niulaobanguanwang/ HTTP/1.1" 200 15476 "-" "Mozilla/5.0 (compatible; DotBot/1.1; http://www.opensiteexplorer.org/dotbot, help@moz.com)"
216.244.66.250 - - [21/Dec/2019:18:02:46 +0800] "GET /mip66/ HTTP/1.1" 200 19659 "-" "Mozilla/5.0 (compatible; DotBot/1.1; http://www.opensiteexplorer.org/dotbot, help@moz.com)"
216.244.66.250 - - [21/Dec/2019:18:48:40 +0800] "GET /mip42/ HTTP/1.1" 200 31683 "-" "Mozilla/5.0 (compatible; DotBot/1.1; http://www.opensiteexplorer.org/dotbot, help@moz.com)"
216.244.66.250 - - [21/Dec/2019:19:35:28 +0800] "GET /tag/mingxingyule/index_2.html HTTP/1.1" 200 14124 "-" "Mozilla/5.0 (compatible; DotBot/1.1; http://www.opensiteexplorer.org/dotbot, help@moz.com)"
216.244.66.250 - - [21/Dec/2019:20:53:45 +0800] "GET /tag/pingcegonglue/ HTTP/1.1" 200 21384 "-" "Mozilla/5.0 (compatible; DotBot/1.1; http://www.opensiteexplorer.org/dotbot, help@moz.com)"
180.101.214.21 - - [21/Dec/2019:21:23:58 +0800] "GET / HTTP/1.1" 301 - "-" "Mozilla/5.0 (Macintosh; Intel Mac OS X 10_11_2) AppleWebKit/537.36 (KHTML, like Gecko) Chrome/47.0.2526.80 Safari/537.36"
151.80.39.54 - - [22/Dec/2019:00:47:02 +0800] "GET / HTTP/1.1" 200 4267 "-" "Mozilla/5.0 (compatible; AhrefsBot/6.1; +http://ahrefs.com/robot/)"
151.80.39.143 - - [22/Dec/2019:00:47:10 +0800] "GET / HTTP/1.1" 301 - "-" "Mozilla/5.0 (compatible; AhrefsBot/6.1; +http://ahrefs.com/robot/)"
216.244.66.250 - - [22/Dec/2019:01:02:45 +0800] "GET /tag/niulaobandaili/ HTTP/1.1" 200 16268 "-" "Mozilla/5.0 (compatible; DotBot/1.1; http://www.opensiteexplorer.org/dotbot, help@moz.com)"
216.244.66.250 - - [22/Dec/2019:01:06:12 +0800] "GET /mip84/ HTTP/1.1" 200 23442 "-" "Mozilla/5.0 (compatible; DotBot/1.1; http://www.opensiteexplorer.org/dotbot, help@moz.com)"
66.249.73.142 - - [22/Dec/2019:02:07:46 +0800] "GET /robots.txt HTTP/1.1" 200 24 "-" "Mozilla/5.0 (compatible; Googlebot/2.1; +http://www.google.com/bot.html)"
66.249.73.140 - - [22/Dec/2019:02:07:46 +0800] "GET / HTTP/1.1" 200 4267 "-" "Mozilla/5.0 (compatible; Googlebot/2.1; +http://www.google.com/bot.html)"
66.249.73.144 - - [22/Dec/2019:02:08:19 +0800] "GET /mip98/ HTTP/1.1" 200 6208 "-" "Mozilla/5.0 (Linux; Android 6.0.1; Nexus 5X Build/MMB29P) AppleWebKit/537.36 (KHTML, like Gecko) Chrome/41.0.2272.96 Mobile Safari/537.36 (compatible; Googlebot/2.1; +http://www.google.com/bot.html)"
66.249.73.140 - - [22/Dec/2019:02:08:41 +0800] "GET /mip97/ HTTP/1.1" 200 4505 "-" "Mozilla/5.0 (Linux; Android 6.0.1; Nexus 5X Build/MMB29P) AppleWebKit/537.36 (KHTML, like Gecko) Chrome/41.0.2272.96 Mobile Safari/537.36 (compatible; Googlebot/2.1; +http://www.google.com/bot.html)"
66.249.73.144 - - [22/Dec/2019:02:09:31 +0800] "GET /mip99/ HTTP/1.1" 200 4851 "-" "Mozilla/5.0 (Linux; Android 6.0.1; Nexus 5X Build/MMB29P) AppleWebKit/537.36 (KHTML, like Gecko) Chrome/41.0.2272.96 Mobile Safari/537.36 (compatible; Googlebot/2.1; +http://www.google.com/bot.html)"
66.249.65.232 - - [22/Dec/2019:02:11:27 +0800] "GET / HTTP/1.1" 301 - "-" "Mozilla/5.0 (Linux; Android 6.0.1; Nexus 5X Build/MMB29P) AppleWebKit/537.36 (KHTML, like Gecko) Chrome/41.0.2272.96 Mobile Safari/537.36 (compatible; Googlebot/2.1; +http://www.google.com/bot.html)"
66.249.73.140 - - [22/Dec/2019:02:11:27 +0800] "GET / HTTP/1.1" 200 4267 "-" "Mozilla/5.0 (Linux; Android 6.0.1; Nexus 5X Build/MMB29P) AppleWebKit/537.36 (KHTML, like Gecko) Chrome/41.0.2272.96 Mobile Safari/537.36 (compatible; Googlebot/2.1; +http://www.google.com/bot.html)"
216.244.66.250 - - [22/Dec/2019:02:24:46 +0800] "GET /robots.txt HTTP/1.1" 200 24 "-" "Mozilla/5.0 (compatible; DotBot/1.1; http://www.opensiteexplorer.org/dotbot, help@moz.com)"
216.244.66.250 - - [22/Dec/2019:02:28:42 +0800] "GET /dahenghuyu/ HTTP/1.1" 200 20878 "-" "Mozilla/5.0 (compatible; DotBot/1.1; http://www.opensiteexplorer.org/dotbot, help@moz.com)"
216.244.66.250 - - [22/Dec/2019:02:36:52 +0800] "GET /mip18/ HTTP/1.1" 200 23424 "-" "Mozilla/5.0 (compatible; DotBot/1.1; http://www.opensiteexplorer.org/dotbot, help@moz.com)"
216.244.66.250 - - [22/Dec/2019:02:40:05 +0800] "GET /mip80.xml HTTP/1.1" 200 24748 "-" "Mozilla/5.0 (compatible; DotBot/1.1; http://www.opensiteexplorer.org/dotbot, help@moz.com)"
216.244.66.250 - - [22/Dec/2019:02:40:43 +0800] "GET /youxijieshao/index_2.html HTTP/1.1" 200 20661 "-" "Mozilla/5.0 (compatible; DotBot/1.1; http://www.opensiteexplorer.org/dotbot, help@moz.com)"
216.244.66.250 - - [22/Dec/2019:03:17:09 +0800] "GET /mip86/ HTTP/1.1" 200 21753 "-" "Mozilla/5.0 (compatible; DotBot/1.1; http://www.opensiteexplorer.org/dotbot, help@moz.com)"
162.210.196.100 - - [22/Dec/2019:04:40:47 +0800] "GET /robots.txt HTTP/1.1" 200 24 "-" "Mozilla/5.0 (compatible; MJ12bot/v1.4.8; http://mj12bot.com/)"
162.210.196.100 - - [22/Dec/2019:04:40:49 +0800] "GET / HTTP/1.1" 301 - "-" "Mozilla/5.0 (compatible; MJ12bot/v1.4.8; http://mj12bot.com/)"
162.210.196.100 - - [22/Dec/2019:04:40:51 +0800] "GET /robots.txt HTTP/1.1" 200 24 "-" "Mozilla/5.0 (compatible; MJ12bot/v1.4.8; http://mj12bot.com/)"
162.210.196.100 - - [22/Dec/2019:04:40:53 +0800] "GET / HTTP/1.1" 200 4267 "-" "Mozilla/5.0 (compatible; MJ12bot/v1.4.8; http://mj12bot.com/)"
216.244.66.250 - - [22/Dec/2019:05:23:33 +0800] "GET /mip61/ HTTP/1.1" 200 28115 "-" "Mozilla/5.0 (compatible; DotBot/1.1; http://www.opensiteexplorer.org/dotbot, help@moz.com)"
216.244.66.250 - - [22/Dec/2019:05:23:39 +0800] "GET /mip72/ HTTP/1.1" 200 34186 "-" "Mozilla/5.0 (compatible; DotBot/1.1; http://www.opensiteexplorer.org/dotbot, help@moz.com)"
216.244.66.250 - - [22/Dec/2019:06:07:04 +0800] "GET /mip88/ HTTP/1.1" 200 21411 "-" "Mozilla/5.0 (compatible; DotBot/1.1; http://www.opensiteexplorer.org/dotbot, help@moz.com)"
66.249.73.142 - - [22/Dec/2019:06:32:49 +0800] "GET /tag/niudashi/ HTTP/1.1" 200 3092 "-" "Mozilla/5.0 (Linux; Android 6.0.1; Nexus 5X Build/MMB29P) AppleWebKit/537.36 (KHTML, like Gecko) Chrome/41.0.2272.96 Mobile Safari/537.36 (compatible; Googlebot/2.1; +http://www.google.com/bot.html)"
42.156.139.112 - - [22/Dec/2019:07:03:10 +0800] "GET / HTTP/1.1" 200 4267 "-" "Mozilla/5.0 (Windows NT 6.1; Win64; x64) AppleWebKit/537.36 (KHTML, like Gecko) Chrome/69.0.3497.81 YisouSpider/5.0 Safari/537.36"
42.156.139.112 - - [22/Dec/2019:07:03:10 +0800] "GET /template/mipcms_theme_003_v1.0.1/css/mipui-header-003.css HTTP/1.1" 200 373 "http://www.arbutin.cn/" "Mozilla/5.0 (Windows NT 6.1; Win64; x64) AppleWebKit/537.36 (KHTML, like Gecko) Chrome/69.0.3497.81 YisouSpider/5.0 Safari/537.36"
42.120.160.112 - - [22/Dec/2019:07:03:10 +0800] "GET /template/mipcms_theme_003_v1.0.1/css/mipui-widget-media-item-001.css HTTP/1.1" 200 430 "http://www.arbutin.cn/" "Mozilla/5.0 (Windows NT 6.1; Win64; x64) AppleWebKit/537.36 (KHTML, like Gecko) Chrome/69.0.3497.81 YisouSpider/5.0 Safari/537.36"
42.156.136.112 - - [22/Dec/2019:07:03:10 +0800] "GET /template/mipcms_theme_003_v1.0.1/css/bootstrap-layout.min.css HTTP/1.1" 200 1973 "http://www.arbutin.cn/" "Mozilla/5.0 (Windows NT 6.1; Win64; x64) AppleWebKit/537.36 (KHTML, like Gecko) Chrome/69.0.3497.81 YisouSpider/5.0 Safari/537.36"
42.156.137.112 - - [22/Dec/2019:07:03:10 +0800] "GET /template/mipcms_theme_003_v1.0.1/css/mipui-widget-media-item-002.css HTTP/1.1" 200 498 "http://www.arbutin.cn/" "Mozilla/5.0 (Windows NT 6.1; Win64; x64) AppleWebKit/537.36 (KHTML, like Gecko) Chrome/69.0.3497.81 YisouSpider/5.0 Safari/537.36"
42.156.139.112 - - [22/Dec/2019:07:03:10 +0800] "GET /template/mipcms_theme_003_v1.0.1/css/mipui-widget-media-item-004.css HTTP/1.1" 200 551 "http://www.arbutin.cn/" "Mozilla/5.0 (Windows NT 6.1; Win64; x64) AppleWebKit/537.36 (KHTML, like Gecko) Chrome/69.0.3497.81 YisouSpider/5.0 Safari/537.36"
42.156.136.112 - - [22/Dec/2019:07:03:10 +0800] "GET /template/mipcms_theme_003_v1.0.1/css/mipui-widget-images-003.css HTTP/1.1" 200 539 "http://www.arbutin.cn/" "Mozilla/5.0 (Windows NT 6.1; Win64; x64) AppleWebKit/537.36 (KHTML, like Gecko) Chrome/69.0.3497.81 YisouSpider/5.0 Safari/537.36"
42.156.137.112 - - [22/Dec/2019:07:03:11 +0800] "GET /template/mipcms_theme_003_v1.0.1/css/mipui-footer-001.css HTTP/1.1" 200 237 "http://www.arbutin.cn/" "Mozilla/5.0 (Windows NT 6.1; Win64; x64) AppleWebKit/537.36 (KHTML, like Gecko) Chrome/69.0.3497.81 YisouSpider/5.0 Safari/537.36"
42.156.139.112 - - [22/Dec/2019:07:03:11 +0800] "GET /template/mipcms_theme_003_v1.0.1/css/mipui-widget-media-item-005.css HTTP/1.1" 200 467 "http://www.arbutin.cn/" "Mozilla/5.0 (Windows NT 6.1; Win64; x64) AppleWebKit/537.36 (KHTML, like Gecko) Chrome/69.0.3497.81 YisouSpider/5.0 Safari/537.36"
42.120.160.112 - - [22/Dec/2019:07:03:11 +0800] "GET /template/mipcms_theme_003_v1.0.1/css/mipui-config.css HTTP/1.1" 200 1060 "http://www.arbutin.cn/" "Mozilla/5.0 (Windows NT 6.1; Win64; x64) AppleWebKit/537.36 (KHTML, like Gecko) Chrome/69.0.3497.81 YisouSpider/5.0 Safari/537.36"
151.80.39.54 - - [22/Dec/2019:07:13:37 +0800] "GET / HTTP/1.1" 200 4267 "-" "Mozilla/5.0 (compatible; AhrefsBot/6.1; +http://ahrefs.com/robot/)"
151.80.39.143 - - [22/Dec/2019:07:13:51 +0800] "GET / HTTP/1.1" 301 - "-" "Mozilla/5.0 (compatible; AhrefsBot/6.1; +http://ahrefs.com/robot/)"
216.244.66.250 - - [22/Dec/2019:07:15:37 +0800] "GET /mip91.xml HTTP/1.1" 200 28309 "-" "Mozilla/5.0 (compatible; DotBot/1.1; http://www.opensiteexplorer.org/dotbot, help@moz.com)"
216.244.66.250 - - [22/Dec/2019:07:21:00 +0800] "GET /mip44/ HTTP/1.1" 200 22302 "-" "Mozilla/5.0 (compatible; DotBot/1.1; http://www.opensiteexplorer.org/dotbot, help@moz.com)"
216.244.66.250 - - [22/Dec/2019:08:43:09 +0800] "GET /mip93/ HTTP/1.1" 200 25357 "-" "Mozilla/5.0 (compatible; DotBot/1.1; http://www.opensiteexplorer.org/dotbot, help@moz.com)"
220.243.135.121 - - [22/Dec/2019:09:22:45 +0800] "GET /robots.txt HTTP/1.1" 200 24 "-" "Mozilla/5.0 (Linux; Android 8.0; Pixel 2 Build/OPD3.170816.012) AppleWebKit/537.36 (KHTML, like Gecko) Chrome/45.0.4530.1054 Mobile Safari/537.36; Bytespider;https://zhanzhang.toutiao.com/"
144.76.4.41 - - [22/Dec/2019:10:11:18 +0800] "GET /robots.txt HTTP/1.1" 200 24 "-" "Mozilla/5.0 (compatible; MJ12bot/v1.4.8; http://mj12bot.com/)"
144.76.4.41 - - [22/Dec/2019:10:11:20 +0800] "GET /mip97/ HTTP/1.1" 200 4505 "-" "Mozilla/5.0 (compatible; MJ12bot/v1.4.8; http://mj12bot.com/)"
144.76.4.41 - - [22/Dec/2019:10:11:22 +0800] "GET /mip98/ HTTP/1.1" 200 6208 "-" "Mozilla/5.0 (compatible; MJ12bot/v1.4.8; http://mj12bot.com/)"
144.76.4.41 - - [22/Dec/2019:10:11:24 +0800] "GET /mip99/ HTTP/1.1" 200 4851 "-" "Mozilla/5.0 (compatible; MJ12bot/v1.4.8; http://mj12bot.com/)"
220.165.13.144 - - [22/Dec/2019:12:47:37 +0800] "GET / HTTP/1.1" 200 25976 "-" "Mozilla/5.0 (Windows NT 6.1; Win64; x64) AppleWebKit/537.36 (KHTML, like Gecko) Chrome/46.0.2490.86 Safari/537.36"
216.244.66.250 - - [22/Dec/2019:12:54:02 +0800] "GET /mip94/ HTTP/1.1" 200 31038 "-" "Mozilla/5.0 (compatible; DotBot/1.1; http://www.opensiteexplorer.org/dotbot, help@moz.com)"
216.244.66.250 - - [22/Dec/2019:13:01:24 +0800] "GET /mip23/ HTTP/1.1" 200 21756 "-" "Mozilla/5.0 (compatible; DotBot/1.1; http://www.opensiteexplorer.org/dotbot, help@moz.com)"
151.80.39.54 - - [22/Dec/2019:13:18:19 +0800] "GET / HTTP/1.1" 200 4267 "-" "Mozilla/5.0 (compatible; AhrefsBot/6.1; +http://ahrefs.com/robot/)"
151.80.39.43 - - [22/Dec/2019:13:18:54 +0800] "GET / HTTP/1.1" 301 - "-" "Mozilla/5.0 (compatible; AhrefsBot/6.1; +http://ahrefs.com/robot/)"
66.249.65.232 - - [22/Dec/2019:13:23:05 +0800] "GET /robots.txt HTTP/1.1" 200 24 "-" "Mozilla/5.0 (compatible; Googlebot/2.1; +http://www.google.com/bot.html)"
66.249.65.230 - - [22/Dec/2019:13:23:05 +0800] "GET / HTTP/1.1" 301 - "-" "Mozilla/5.0 (compatible; Googlebot/2.1; +http://www.google.com/bot.html)"
66.249.73.142 - - [22/Dec/2019:13:23:06 +0800] "GET / HTTP/1.1" 200 4267 "-" "Mozilla/5.0 (compatible; Googlebot/2.1; +http://www.google.com/bot.html)"
216.244.66.250 - - [22/Dec/2019:13:24:08 +0800] "GET /mip51.xml HTTP/1.1" 200 20543 "-" "Mozilla/5.0 (compatible; DotBot/1.1; http://www.opensiteexplorer.org/dotbot, help@moz.com)"
216.244.66.250 - - [22/Dec/2019:13:37:56 +0800] "GET /mip50/ HTTP/1.1" 200 25658 "-" "Mozilla/5.0 (compatible; DotBot/1.1; http://www.opensiteexplorer.org/dotbot, help@moz.com)"
151.80.39.195 - - [22/Dec/2019:15:03:51 +0800] "GET /mip44/ HTTP/1.1" 200 4469 "-" "Mozilla/5.0 (compatible; AhrefsBot/6.1; +http://ahrefs.com/robot/)"
216.244.66.250 - - [22/Dec/2019:16:27:05 +0800] "GET /mip28/ HTTP/1.1" 200 24148 "-" "Mozilla/5.0 (compatible; DotBot/1.1; http://www.opensiteexplorer.org/dotbot, help@moz.com)"
216.244.66.250 - - [22/Dec/2019:17:55:18 +0800] "GET /kefuzaixian/index_2.html HTTP/1.1" 200 20856 "-" "Mozilla/5.0 (compatible; DotBot/1.1; http://www.opensiteexplorer.org/dotbot, help@moz.com)"
66.249.65.234 - - [22/Dec/2019:18:26:45 +0800] "GET / HTTP/1.1" 301 - "-" "Mozilla/5.0 (Linux; Android 6.0.1; Nexus 5X Build/MMB29P) AppleWebKit/537.36 (KHTML, like Gecko) Chrome/41.0.2272.96 Mobile Safari/537.36 (compatible; Googlebot/2.1; +http://www.google.com/bot.html)"
66.249.73.140 - - [22/Dec/2019:18:26:46 +0800] "GET / HTTP/1.1" 200 4267 "-" "Mozilla/5.0 (Linux; Android 6.0.1; Nexus 5X Build/MMB29P) AppleWebKit/537.36 (KHTML, like Gecko) Chrome/41.0.2272.96 Mobile Safari/537.36 (compatible; Googlebot/2.1; +http://www.google.com/bot.html)"
151.80.39.143 - - [22/Dec/2019:19:59:04 +0800] "GET / HTTP/1.1" 200 4267 "-" "Mozilla/5.0 (compatible; AhrefsBot/6.1; +http://ahrefs.com/robot/)"
5.196.87.140 - - [22/Dec/2019:19:59:19 +0800] "GET / HTTP/1.1" 301 - "-" "Mozilla/5.0 (compatible; AhrefsBot/6.1; +http://ahrefs.com/robot/)"
216.244.66.250 - - [22/Dec/2019:21:23:21 +0800] "GET /mip90/ HTTP/1.1" 200 24703 "-" "Mozilla/5.0 (compatible; DotBot/1.1; http://www.opensiteexplorer.org/dotbot, help@moz.com)"
180.101.214.147 - - [22/Dec/2019:21:27:14 +0800] "GET / HTTP/1.1" 301 - "-" "Mozilla/5.0 (Macintosh; Intel Mac OS X 10_11_2) AppleWebKit/537.36 (KHTML, like Gecko) Chrome/47.0.2526.80 Safari/537.36"
66.249.65.234 - - [22/Dec/2019:21:42:12 +0800] "GET / HTTP/1.1" 301 - "-" "Mozilla/5.0 (compatible; Googlebot/2.1; +http://www.google.com/bot.html)"
66.249.73.140 - - [22/Dec/2019:21:42:13 +0800] "GET / HTTP/1.1" 200 4267 "-" "Mozilla/5.0 (compatible; Googlebot/2.1; +http://www.google.com/bot.html)"
216.244.66.250 - - [22/Dec/2019:22:04:43 +0800] "GET /mip39/ HTTP/1.1" 200 24476 "-" "Mozilla/5.0 (compatible; DotBot/1.1; http://www.opensiteexplorer.org/dotbot, help@moz.com)"
216.244.66.250 - - [22/Dec/2019:22:07:59 +0800] "GET /guanyujituan/index_3.html HTTP/1.1" 200 14418 "-" "Mozilla/5.0 (compatible; DotBot/1.1; http://www.opensiteexplorer.org/dotbot, help@moz.com)"
45.122.138.79 - - [22/Dec/2019:23:37:48 +0800] "GET /bakiimip.php?pw=mip HTTP/1.1" 200 687 "-" "Mozilla/4.0 (compatible; MSIE 7.0; Windows NT 6.1; WOW64; Trident/7.0; SLCC2; .NET CLR 2.0.50727; .NET CLR 3.5.30729; .NET CLR 3.0.30729; .NET4.0C; .NET4.0E)"
45.122.138.79 - - [22/Dec/2019:23:37:49 +0800] "POST /collect/ApiUserHuochetou/articleAdd HTTP/1.1" 200 26 "http://www.arbutin.cn/bakiimip.php?pw=mip" "Mozilla/4.0 (compatible; MSIE 7.0; Windows NT 6.1; WOW64; Trident/7.0; SLCC2; .NET CLR 2.0.50727; .NET CLR 3.5.30729; .NET CLR 3.0.30729; .NET4.0C; .NET4.0E)"
54.36.149.64 - - [22/Dec/2019:23:50:00 +0800] "GET /robots.txt HTTP/1.1" 200 24 "-" "Mozilla/5.0 (compatible; AhrefsBot/6.1; +http://ahrefs.com/robot/)"
5.196.87.158 - - [22/Dec/2019:23:50:02 +0800] "GET /mip40/ HTTP/1.1" 200 4000 "-" "Mozilla/5.0 (compatible; AhrefsBot/6.1; +http://ahrefs.com/robot/)"
66.249.73.140 - - [22/Dec/2019:23:58:43 +0800] "GET /tag/niudashi/ HTTP/1.1" 200 3096 "-" "Mozilla/5.0 (Linux; Android 6.0.1; Nexus 5X Build/MMB29P) AppleWebKit/537.36 (KHTML, like Gecko) Chrome/41.0.2272.96 Mobile Safari/537.36 (compatible; Googlebot/2.1; +http://www.google.com/bot.html)"
151.80.39.54 - - [23/Dec/2019:00:30:51 +0800] "GET /tag/laobanhuyu/ HTTP/1.1" 200 3100 "-" "Mozilla/5.0 (compatible; AhrefsBot/6.1; +http://ahrefs.com/robot/)"
216.244.66.250 - - [23/Dec/2019:00:43:20 +0800] "GET /mip60/ HTTP/1.1" 200 26269 "-" "Mozilla/5.0 (compatible; DotBot/1.1; http://www.opensiteexplorer.org/dotbot, help@moz.com)"
216.244.66.250 - - [23/Dec/2019:01:25:17 +0800] "GET /mip20/ HTTP/1.1" 200 22227 "-" "Mozilla/5.0 (compatible; DotBot/1.1; http://www.opensiteexplorer.org/dotbot, help@moz.com)"
151.80.39.220 - - [23/Dec/2019:02:40:38 +0800] "GET / HTTP/1.1" 200 4287 "-" "Mozilla/5.0 (compatible; AhrefsBot/6.1; +http://ahrefs.com/robot/)"
151.80.39.43 - - [23/Dec/2019:02:41:01 +0800] "GET / HTTP/1.1" 301 - "-" "Mozilla/5.0 (compatible; AhrefsBot/6.1; +http://ahrefs.com/robot/)"
216.244.66.250 - - [23/Dec/2019:03:23:19 +0800] "GET /robots.txt HTTP/1.1" 200 24 "-" "Mozilla/5.0 (compatible; DotBot/1.1; http://www.opensiteexplorer.org/dotbot, help@moz.com)"
216.244.66.250 - - [23/Dec/2019:03:26:20 +0800] "GET /mip95/ HTTP/1.1" 200 23009 "-" "Mozilla/5.0 (compatible; DotBot/1.1; http://www.opensiteexplorer.org/dotbot, help@moz.com)"
151.80.39.54 - - [23/Dec/2019:03:36:55 +0800] "GET /mip11/ HTTP/1.1" 200 4623 "-" "Mozilla/5.0 (compatible; AhrefsBot/6.1; +http://ahrefs.com/robot/)"
151.80.39.220 - - [23/Dec/2019:03:37:09 +0800] "GET /mip17/ HTTP/1.1" 200 5687 "-" "Mozilla/5.0 (compatible; AhrefsBot/6.1; +http://ahrefs.com/robot/)"
151.80.39.43 - - [23/Dec/2019:03:37:20 +0800] "GET /mip20/ HTTP/1.1" 200 4685 "-" "Mozilla/5.0 (compatible; AhrefsBot/6.1; +http://ahrefs.com/robot/)"
151.80.39.43 - - [23/Dec/2019:03:37:28 +0800] "GET /mip38.xml HTTP/1.1" 200 7571 "-" "Mozilla/5.0 (compatible; AhrefsBot/6.1; +http://ahrefs.com/robot/)"
151.80.39.195 - - [23/Dec/2019:03:37:38 +0800] "GET /mip43.xml HTTP/1.1" 200 5454 "-" "Mozilla/5.0 (compatible; AhrefsBot/6.1; +http://ahrefs.com/robot/)"
162.210.196.130 - - [23/Dec/2019:03:53:26 +0800] "GET /robots.txt HTTP/1.1" 200 24 "-" "Mozilla/5.0 (compatible; MJ12bot/v1.4.8; http://mj12bot.com/)"
162.210.196.130 - - [23/Dec/2019:03:53:32 +0800] "GET / HTTP/1.1" 301 - "-" "Mozilla/5.0 (compatible; MJ12bot/v1.4.8; http://mj12bot.com/)"
162.210.196.130 - - [23/Dec/2019:03:53:34 +0800] "GET /robots.txt HTTP/1.1" 200 24 "-" "Mozilla/5.0 (compatible; MJ12bot/v1.4.8; http://mj12bot.com/)"
162.210.196.130 - - [23/Dec/2019:03:53:38 +0800] "GET / HTTP/1.1" 200 4287 "-" "Mozilla/5.0 (compatible; MJ12bot/v1.4.8; http://mj12bot.com/)"
151.80.39.143 - - [23/Dec/2019:04:29:16 +0800] "GET /mip18/ HTTP/1.1" 200 4888 "-" "Mozilla/5.0 (compatible; AhrefsBot/6.1; +http://ahrefs.com/robot/)"
151.80.39.198 - - [23/Dec/2019:04:29:44 +0800] "GET /mip100/ HTTP/1.1" 200 6227 "-" "Mozilla/5.0 (compatible; AhrefsBot/6.1; +http://ahrefs.com/robot/)"
5.196.87.140 - - [23/Dec/2019:04:30:14 +0800] "GET /mip37/ HTTP/1.1" 200 5136 "-" "Mozilla/5.0 (compatible; AhrefsBot/6.1; +http://ahrefs.com/robot/)"
