66.249.64.194 - - [22/Dec/2019:05:13:02 +0800] "GET /mip124/ HTTP/1.1" 200 7163 "-" "Mozilla/5.0 (Linux; Android 6.0.1; Nexus 5X Build/MMB29P) AppleWebKit/537.36 (KHTML, like Gecko) Chrome/41.0.2272.96 Mobile Safari/537.36 (compatible; Googlebot/2.1; +http://www.google.com/bot.html)"
46.229.168.141 - - [22/Dec/2019:05:15:58 +0800] "GET /robots.txt HTTP/1.1" 200 24 "-" "Mozilla/5.0 (compatible; SemrushBot/6~bl; +http://www.semrush.com/bot.html)"
46.229.168.129 - - [22/Dec/2019:05:15:59 +0800] "GET /mip113/ HTTP/1.1" 200 6847 "-" "Mozilla/5.0 (compatible; SemrushBot/6~bl; +http://www.semrush.com/bot.html)"
66.249.64.194 - - [22/Dec/2019:05:23:03 +0800] "GET /tag/baoshijieqipai/ HTTP/1.1" 200 3809 "-" "Mozilla/5.0 (Linux; Android 6.0.1; Nexus 5X Build/MMB29P) AppleWebKit/537.36 (KHTML, like Gecko) Chrome/41.0.2272.96 Mobile Safari/537.36 (compatible; Googlebot/2.1; +http://www.google.com/bot.html)"
151.80.39.71 - - [22/Dec/2019:05:28:37 +0800] "GET /mip18/ HTTP/1.1" 200 4864 "-" "Mozilla/5.0 (compatible; AhrefsBot/6.1; +http://ahrefs.com/robot/)"
151.80.39.68 - - [22/Dec/2019:05:28:51 +0800] "GET /mip27/ HTTP/1.1" 200 8826 "-" "Mozilla/5.0 (compatible; AhrefsBot/6.1; +http://ahrefs.com/robot/)"
151.80.39.68 - - [22/Dec/2019:05:29:03 +0800] "GET /mip8.xml HTTP/1.1" 200 5317 "-" "Mozilla/5.0 (compatible; AhrefsBot/6.1; +http://ahrefs.com/robot/)"
5.196.87.131 - - [22/Dec/2019:05:29:14 +0800] "GET /mip22.xml HTTP/1.1" 200 5301 "-" "Mozilla/5.0 (compatible; AhrefsBot/6.1; +http://ahrefs.com/robot/)"
151.80.39.210 - - [22/Dec/2019:05:29:28 +0800] "GET /mip28/ HTTP/1.1" 200 6097 "-" "Mozilla/5.0 (compatible; AhrefsBot/6.1; +http://ahrefs.com/robot/)"
151.80.39.49 - - [22/Dec/2019:05:29:37 +0800] "GET /mip159.xml HTTP/1.1" 200 9616 "-" "Mozilla/5.0 (compatible; AhrefsBot/6.1; +http://ahrefs.com/robot/)"
5.196.87.131 - - [22/Dec/2019:05:29:46 +0800] "GET /mip158.xml HTTP/1.1" 200 6234 "-" "Mozilla/5.0 (compatible; AhrefsBot/6.1; +http://ahrefs.com/robot/)"
151.80.39.210 - - [22/Dec/2019:05:29:54 +0800] "GET /mip161/ HTTP/1.1" 200 6112 "-" "Mozilla/5.0 (compatible; AhrefsBot/6.1; +http://ahrefs.com/robot/)"
151.80.39.71 - - [22/Dec/2019:05:30:06 +0800] "GET /mip163/ HTTP/1.1" 200 5891 "-" "Mozilla/5.0 (compatible; AhrefsBot/6.1; +http://ahrefs.com/robot/)"
151.80.39.238 - - [22/Dec/2019:05:30:13 +0800] "GET /mip162/ HTTP/1.1" 200 5496 "-" "Mozilla/5.0 (compatible; AhrefsBot/6.1; +http://ahrefs.com/robot/)"
66.249.64.222 - - [22/Dec/2019:05:33:10 +0800] "GET /tag/niudashi/ HTTP/1.1" 200 3598 "-" "Mozilla/5.0 (Linux; Android 6.0.1; Nexus 5X Build/MMB29P) AppleWebKit/537.36 (KHTML, like Gecko) Chrome/41.0.2272.96 Mobile Safari/537.36 (compatible; Googlebot/2.1; +http://www.google.com/bot.html)"
138.68.60.27 - - [22/Dec/2019:05:47:12 +0800] "GET / HTTP/1.0" 301 - "http://cmsmov.com/" "Mozilla/5.0 (Windows; U; Windows NT 5.1; en; rv:1.9.1.5) Gecko/20091102 AskTbTKR/3.14.1.20007 Firefox/3.5.5"
138.68.60.27 - - [22/Dec/2019:05:47:12 +0800] "GET / HTTP/1.0" 200 25619 "http://cmsmov.com/" "Mozilla/5.0 (Windows; U; Windows NT 5.1; en; rv:1.9.1.5) Gecko/20091102 AskTbTKR/3.14.1.20007 Firefox/3.5.5"
66.249.64.222 - - [22/Dec/2019:05:52:49 +0800] "GET /mip32/ HTTP/1.1" 200 5016 "-" "Mozilla/5.0 (Linux; Android 6.0.1; Nexus 5X Build/MMB29P) AppleWebKit/537.36 (KHTML, like Gecko) Chrome/41.0.2272.96 Mobile Safari/537.36 (compatible; Googlebot/2.1; +http://www.google.com/bot.html)"
66.249.64.222 - - [22/Dec/2019:05:52:53 +0800] "GET /mip32/ HTTP/1.1" 200 4991 "-" "Mozilla/5.0 (Linux; Android 6.0.1; Nexus 5X Build/MMB29P) AppleWebKit/537.36 (KHTML, like Gecko) Chrome/41.0.2272.96 Mobile Safari/537.36 (compatible; Googlebot/2.1; +http://www.google.com/bot.html)"
66.249.64.197 - - [22/Dec/2019:06:13:14 +0800] "GET /tag/mingxingyule/ HTTP/1.1" 200 5495 "-" "Mozilla/5.0 (Linux; Android 6.0.1; Nexus 5X Build/MMB29P) AppleWebKit/537.36 (KHTML, like Gecko) Chrome/41.0.2272.96 Mobile Safari/537.36 (compatible; Googlebot/2.1; +http://www.google.com/bot.html)"
66.249.64.194 - - [22/Dec/2019:06:23:15 +0800] "GET /mip25/ HTTP/1.1" 200 5639 "-" "Mozilla/5.0 (Linux; Android 6.0.1; Nexus 5X Build/MMB29P) AppleWebKit/537.36 (KHTML, like Gecko) Chrome/41.0.2272.96 Mobile Safari/537.36 (compatible; Googlebot/2.1; +http://www.google.com/bot.html)"
66.249.64.194 - - [22/Dec/2019:06:33:02 +0800] "GET /tag/niulaobanxiazai/ HTTP/1.1" 200 3346 "-" "Mozilla/5.0 (Linux; Android 6.0.1; Nexus 5X Build/MMB29P) AppleWebKit/537.36 (KHTML, like Gecko) Chrome/41.0.2272.96 Mobile Safari/537.36 (compatible; Googlebot/2.1; +http://www.google.com/bot.html)"
151.80.39.238 - - [22/Dec/2019:06:50:54 +0800] "GET / HTTP/1.1" 200 4707 "-" "Mozilla/5.0 (compatible; AhrefsBot/6.1; +http://ahrefs.com/robot/)"
66.249.64.222 - - [22/Dec/2019:07:23:26 +0800] "GET / HTTP/1.1" 200 4707 "-" "Mozilla/5.0 (Linux; Android 6.0.1; Nexus 5X Build/MMB29P) AppleWebKit/537.36 (KHTML, like Gecko) Chrome/41.0.2272.96 Mobile Safari/537.36 (compatible; Googlebot/2.1; +http://www.google.com/bot.html)"
151.80.39.210 - - [22/Dec/2019:07:32:22 +0800] "GET / HTTP/1.1" 301 - "-" "Mozilla/5.0 (compatible; AhrefsBot/6.1; +http://ahrefs.com/robot/)"
66.249.64.197 - - [22/Dec/2019:07:33:04 +0800] "GET /mip19/ HTTP/1.1" 200 5582 "-" "Mozilla/5.0 (Linux; Android 6.0.1; Nexus 5X Build/MMB29P) AppleWebKit/537.36 (KHTML, like Gecko) Chrome/41.0.2272.96 Mobile Safari/537.36 (compatible; Googlebot/2.1; +http://www.google.com/bot.html)"
46.229.168.151 - - [22/Dec/2019:07:46:20 +0800] "GET /robots.txt HTTP/1.1" 200 24 "-" "Mozilla/5.0 (compatible; SemrushBot/6~bl; +http://www.semrush.com/bot.html)"
46.229.168.154 - - [22/Dec/2019:07:46:20 +0800] "GET /mip111/ HTTP/1.1" 200 5590 "-" "Mozilla/5.0 (compatible; SemrushBot/6~bl; +http://www.semrush.com/bot.html)"
66.249.64.222 - - [22/Dec/2019:07:53:10 +0800] "GET /mip53/ HTTP/1.1" 200 4904 "-" "Mozilla/5.0 (Linux; Android 6.0.1; Nexus 5X Build/MMB29P) AppleWebKit/537.36 (KHTML, like Gecko) Chrome/41.0.2272.96 Mobile Safari/537.36 (compatible; Googlebot/2.1; +http://www.google.com/bot.html)"
66.249.64.197 - - [22/Dec/2019:08:13:13 +0800] "GET /robots.txt HTTP/1.1" 200 24 "-" "Mozilla/5.0 (compatible; Googlebot/2.1; +http://www.google.com/bot.html)"
66.249.64.197 - - [22/Dec/2019:08:13:13 +0800] "GET /tag/fuyaoqipai/ HTTP/1.1" 200 3562 "-" "Mozilla/5.0 (Linux; Android 6.0.1; Nexus 5X Build/MMB29P) AppleWebKit/537.36 (KHTML, like Gecko) Chrome/41.0.2272.96 Mobile Safari/537.36 (compatible; Googlebot/2.1; +http://www.google.com/bot.html)"
66.249.64.222 - - [22/Dec/2019:08:33:30 +0800] "GET /mip39/ HTTP/1.1" 200 5322 "-" "Mozilla/5.0 (Linux; Android 6.0.1; Nexus 5X Build/MMB29P) AppleWebKit/537.36 (KHTML, like Gecko) Chrome/41.0.2272.96 Mobile Safari/537.36 (compatible; Googlebot/2.1; +http://www.google.com/bot.html)"
66.249.64.222 - - [22/Dec/2019:08:43:39 +0800] "GET /tag/koudaiqipai/ HTTP/1.1" 200 3338 "-" "Mozilla/5.0 (Linux; Android 6.0.1; Nexus 5X Build/MMB29P) AppleWebKit/537.36 (KHTML, like Gecko) Chrome/41.0.2272.96 Mobile Safari/537.36 (compatible; Googlebot/2.1; +http://www.google.com/bot.html)"
66.249.64.197 - - [22/Dec/2019:09:03:52 +0800] "GET /tag/laobanhuyu/ HTTP/1.1" 200 3490 "-" "Mozilla/5.0 (Linux; Android 6.0.1; Nexus 5X Build/MMB29P) AppleWebKit/537.36 (KHTML, like Gecko) Chrome/41.0.2272.96 Mobile Safari/537.36 (compatible; Googlebot/2.1; +http://www.google.com/bot.html)"
66.249.64.197 - - [22/Dec/2019:09:23:52 +0800] "GET /mip43/ HTTP/1.1" 200 5887 "-" "Mozilla/5.0 (Linux; Android 6.0.1; Nexus 5X Build/MMB29P) AppleWebKit/537.36 (KHTML, like Gecko) Chrome/41.0.2272.96 Mobile Safari/537.36 (compatible; Googlebot/2.1; +http://www.google.com/bot.html)"
66.249.64.222 - - [22/Dec/2019:09:44:00 +0800] "GET /mip30/ HTTP/1.1" 200 5385 "-" "Mozilla/5.0 (Linux; Android 6.0.1; Nexus 5X Build/MMB29P) AppleWebKit/537.36 (KHTML, like Gecko) Chrome/41.0.2272.96 Mobile Safari/537.36 (compatible; Googlebot/2.1; +http://www.google.com/bot.html)"
46.229.168.141 - - [22/Dec/2019:09:46:06 +0800] "GET /robots.txt HTTP/1.1" 200 24 "-" "Mozilla/5.0 (compatible; SemrushBot/6~bl; +http://www.semrush.com/bot.html)"
46.229.168.149 - - [22/Dec/2019:09:46:06 +0800] "GET /mip87/ HTTP/1.1" 200 6150 "-" "Mozilla/5.0 (compatible; SemrushBot/6~bl; +http://www.semrush.com/bot.html)"
95.216.19.59 - - [22/Dec/2019:09:51:39 +0800] "GET /robots.txt HTTP/1.1" 200 24 "-" "Mozilla/5.0 (compatible; MJ12bot/v1.4.8; http://mj12bot.com/)"
95.216.19.59 - - [22/Dec/2019:09:51:43 +0800] "GET /mip158.xml HTTP/1.1" 200 6216 "-" "Mozilla/5.0 (compatible; MJ12bot/v1.4.8; http://mj12bot.com/)"
95.216.19.59 - - [22/Dec/2019:09:51:46 +0800] "GET /mip159.xml HTTP/1.1" 200 9598 "-" "Mozilla/5.0 (compatible; MJ12bot/v1.4.8; http://mj12bot.com/)"
95.216.19.59 - - [22/Dec/2019:09:51:50 +0800] "GET /mip160/ HTTP/1.1" 200 5910 "-" "Mozilla/5.0 (compatible; MJ12bot/v1.4.8; http://mj12bot.com/)"
95.216.19.59 - - [22/Dec/2019:09:51:55 +0800] "GET /mip161/ HTTP/1.1" 200 6094 "-" "Mozilla/5.0 (compatible; MJ12bot/v1.4.8; http://mj12bot.com/)"
95.216.19.59 - - [22/Dec/2019:09:51:58 +0800] "GET /mip162/ HTTP/1.1" 200 5478 "-" "Mozilla/5.0 (compatible; MJ12bot/v1.4.8; http://mj12bot.com/)"
95.216.19.59 - - [22/Dec/2019:09:52:03 +0800] "GET /mip163/ HTTP/1.1" 200 5876 "-" "Mozilla/5.0 (compatible; MJ12bot/v1.4.8; http://mj12bot.com/)"
95.216.19.59 - - [22/Dec/2019:09:52:06 +0800] "GET /mip164/ HTTP/1.1" 200 4808 "-" "Mozilla/5.0 (compatible; MJ12bot/v1.4.8; http://mj12bot.com/)"
66.249.64.197 - - [22/Dec/2019:09:54:22 +0800] "GET /mip51/ HTTP/1.1" 200 4891 "-" "Mozilla/5.0 (Linux; Android 6.0.1; Nexus 5X Build/MMB29P) AppleWebKit/537.36 (KHTML, like Gecko) Chrome/41.0.2272.96 Mobile Safari/537.36 (compatible; Googlebot/2.1; +http://www.google.com/bot.html)"
66.249.64.222 - - [22/Dec/2019:10:16:50 +0800] "GET /tag/dahenghuyuxiazai/ HTTP/1.1" 200 3341 "-" "Mozilla/5.0 (Linux; Android 6.0.1; Nexus 5X Build/MMB29P) AppleWebKit/537.36 (KHTML, like Gecko) Chrome/41.0.2272.96 Mobile Safari/537.36 (compatible; Googlebot/2.1; +http://www.google.com/bot.html)"
66.249.64.197 - - [22/Dec/2019:10:18:40 +0800] "GET /mip157/ HTTP/1.1" 200 4603 "-" "Mozilla/5.0 (Linux; Android 6.0.1; Nexus 5X Build/MMB29P) AppleWebKit/537.36 (KHTML, like Gecko) Chrome/41.0.2272.96 Mobile Safari/537.36 (compatible; Googlebot/2.1; +http://www.google.com/bot.html)"
66.249.64.194 - - [22/Dec/2019:10:26:31 +0800] "GET /mip112/ HTTP/1.1" 200 4917 "-" "Mozilla/5.0 (Linux; Android 6.0.1; Nexus 5X Build/MMB29P) AppleWebKit/537.36 (KHTML, like Gecko) Chrome/41.0.2272.96 Mobile Safari/537.36 (compatible; Googlebot/2.1; +http://www.google.com/bot.html)"
66.249.64.197 - - [22/Dec/2019:10:34:37 +0800] "GET /mip153/ HTTP/1.1" 200 4972 "-" "Mozilla/5.0 (Linux; Android 6.0.1; Nexus 5X Build/MMB29P) AppleWebKit/537.36 (KHTML, like Gecko) Chrome/41.0.2272.96 Mobile Safari/537.36 (compatible; Googlebot/2.1; +http://www.google.com/bot.html)"
66.249.64.197 - - [22/Dec/2019:10:36:31 +0800] "GET /mip108/ HTTP/1.1" 200 5788 "-" "Mozilla/5.0 (Linux; Android 6.0.1; Nexus 5X Build/MMB29P) AppleWebKit/537.36 (KHTML, like Gecko) Chrome/41.0.2272.96 Mobile Safari/537.36 (compatible; Googlebot/2.1; +http://www.google.com/bot.html)"
66.249.64.222 - - [22/Dec/2019:10:46:42 +0800] "GET /mip54/ HTTP/1.1" 200 4934 "-" "Mozilla/5.0 (Linux; Android 6.0.1; Nexus 5X Build/MMB29P) AppleWebKit/537.36 (KHTML, like Gecko) Chrome/41.0.2272.96 Mobile Safari/537.36 (compatible; Googlebot/2.1; +http://www.google.com/bot.html)"
66.249.64.194 - - [22/Dec/2019:10:47:38 +0800] "GET /mip154/ HTTP/1.1" 200 6289 "-" "Mozilla/5.0 (Linux; Android 6.0.1; Nexus 5X Build/MMB29P) AppleWebKit/537.36 (KHTML, like Gecko) Chrome/41.0.2272.96 Mobile Safari/537.36 (compatible; Googlebot/2.1; +http://www.google.com/bot.html)"
66.249.64.197 - - [22/Dec/2019:10:56:45 +0800] "GET /mip129.xml HTTP/1.1" 200 4497 "-" "Mozilla/5.0 (Linux; Android 6.0.1; Nexus 5X Build/MMB29P) AppleWebKit/537.36 (KHTML, like Gecko) Chrome/41.0.2272.96 Mobile Safari/537.36 (compatible; Googlebot/2.1; +http://www.google.com/bot.html)"
66.249.64.194 - - [22/Dec/2019:11:00:55 +0800] "GET /mip151/ HTTP/1.1" 200 8510 "-" "Mozilla/5.0 (Linux; Android 6.0.1; Nexus 5X Build/MMB29P) AppleWebKit/537.36 (KHTML, like Gecko) Chrome/41.0.2272.96 Mobile Safari/537.36 (compatible; Googlebot/2.1; +http://www.google.com/bot.html)"
66.249.64.194 - - [22/Dec/2019:11:06:40 +0800] "GET /mip107/ HTTP/1.1" 200 4533 "-" "Mozilla/5.0 (Linux; Android 6.0.1; Nexus 5X Build/MMB29P) AppleWebKit/537.36 (KHTML, like Gecko) Chrome/41.0.2272.96 Mobile Safari/537.36 (compatible; Googlebot/2.1; +http://www.google.com/bot.html)"
66.249.64.194 - - [22/Dec/2019:11:13:13 +0800] "GET /mip152/ HTTP/1.1" 200 4887 "-" "Mozilla/5.0 (Linux; Android 6.0.1; Nexus 5X Build/MMB29P) AppleWebKit/537.36 (KHTML, like Gecko) Chrome/41.0.2272.96 Mobile Safari/537.36 (compatible; Googlebot/2.1; +http://www.google.com/bot.html)"
66.249.64.194 - - [22/Dec/2019:11:17:02 +0800] "GET /mip119/ HTTP/1.1" 200 5237 "-" "Mozilla/5.0 (Linux; Android 6.0.1; Nexus 5X Build/MMB29P) AppleWebKit/537.36 (KHTML, like Gecko) Chrome/41.0.2272.96 Mobile Safari/537.36 (compatible; Googlebot/2.1; +http://www.google.com/bot.html)"
66.249.64.222 - - [22/Dec/2019:11:27:03 +0800] "GET /mip47/ HTTP/1.1" 200 4397 "-" "Mozilla/5.0 (Linux; Android 6.0.1; Nexus 5X Build/MMB29P) AppleWebKit/537.36 (KHTML, like Gecko) Chrome/41.0.2272.96 Mobile Safari/537.36 (compatible; Googlebot/2.1; +http://www.google.com/bot.html)"
66.249.64.197 - - [22/Dec/2019:11:29:14 +0800] "GET /mip156/ HTTP/1.1" 200 5529 "-" "Mozilla/5.0 (Linux; Android 6.0.1; Nexus 5X Build/MMB29P) AppleWebKit/537.36 (KHTML, like Gecko) Chrome/41.0.2272.96 Mobile Safari/537.36 (compatible; Googlebot/2.1; +http://www.google.com/bot.html)"
66.249.64.194 - - [22/Dec/2019:11:47:14 +0800] "GET /tag/pingcegonglue/ HTTP/1.1" 200 5265 "-" "Mozilla/5.0 (Linux; Android 6.0.1; Nexus 5X Build/MMB29P) AppleWebKit/537.36 (KHTML, like Gecko) Chrome/41.0.2272.96 Mobile Safari/537.36 (compatible; Googlebot/2.1; +http://www.google.com/bot.html)"
66.249.64.194 - - [22/Dec/2019:11:57:06 +0800] "GET / HTTP/1.1" 200 4723 "-" "Mozilla/5.0 (compatible; Googlebot/2.1; +http://www.google.com/bot.html)"
66.249.64.222 - - [22/Dec/2019:12:17:01 +0800] "GET /mip114.xml HTTP/1.1" 200 4804 "-" "Mozilla/5.0 (Linux; Android 6.0.1; Nexus 5X Build/MMB29P) AppleWebKit/537.36 (KHTML, like Gecko) Chrome/41.0.2272.96 Mobile Safari/537.36 (compatible; Googlebot/2.1; +http://www.google.com/bot.html)"
66.249.64.222 - - [22/Dec/2019:12:18:41 +0800] "GET /mip155/ HTTP/1.1" 200 6075 "-" "Mozilla/5.0 (Linux; Android 6.0.1; Nexus 5X Build/MMB29P) AppleWebKit/537.36 (KHTML, like Gecko) Chrome/41.0.2272.96 Mobile Safari/537.36 (compatible; Googlebot/2.1; +http://www.google.com/bot.html)"
54.72.213.109 - - [22/Dec/2019:12:29:32 +0800] "GET / HTTP/1.1" 301 - "-" "Mozilla/5.0 (Windows NT 10.0; Win64; x64) AppleWebKit/537.36 (KHTML, like Gecko; compatible; BuiltWith/1.0; +http://builtwith.com/biup) Chrome/74.0.3729.131 Safari/537.36"
54.72.213.109 - - [22/Dec/2019:12:29:38 +0800] "GET / HTTP/1.1" 200 4724 "-" "Mozilla/5.0 (Windows NT 10.0; Win64; x64) AppleWebKit/537.36 (KHTML, like Gecko; compatible; BuiltWith/1.0; +http://builtwith.com/biup) Chrome/74.0.3729.131 Safari/537.36"
46.229.168.130 - - [22/Dec/2019:12:36:43 +0800] "GET /robots.txt HTTP/1.1" 200 24 "-" "Mozilla/5.0 (compatible; SemrushBot/6~bl; +http://www.semrush.com/bot.html)"
46.229.168.142 - - [22/Dec/2019:12:36:43 +0800] "GET /mip126/ HTTP/1.1" 200 8525 "-" "Mozilla/5.0 (compatible; SemrushBot/6~bl; +http://www.semrush.com/bot.html)"
66.249.64.194 - - [22/Dec/2019:12:37:21 +0800] "GET /tag/qiyexinwen/ HTTP/1.1" 200 5358 "-" "Mozilla/5.0 (Linux; Android 6.0.1; Nexus 5X Build/MMB29P) AppleWebKit/537.36 (KHTML, like Gecko) Chrome/41.0.2272.96 Mobile Safari/537.36 (compatible; Googlebot/2.1; +http://www.google.com/bot.html)"
66.249.64.197 - - [22/Dec/2019:12:47:31 +0800] "GET /mip10/ HTTP/1.1" 200 4773 "-" "Mozilla/5.0 (Linux; Android 6.0.1; Nexus 5X Build/MMB29P) AppleWebKit/537.36 (KHTML, like Gecko) Chrome/41.0.2272.96 Mobile Safari/537.36 (compatible; Googlebot/2.1; +http://www.google.com/bot.html)"
151.80.39.238 - - [22/Dec/2019:12:50:42 +0800] "GET / HTTP/1.1" 200 4723 "-" "Mozilla/5.0 (compatible; AhrefsBot/6.1; +http://ahrefs.com/robot/)"
66.249.64.194 - - [22/Dec/2019:13:17:20 +0800] "GET /tag/laobanhuyudaili/ HTTP/1.1" 200 3866 "-" "Mozilla/5.0 (Linux; Android 6.0.1; Nexus 5X Build/MMB29P) AppleWebKit/537.36 (KHTML, like Gecko) Chrome/41.0.2272.96 Mobile Safari/537.36 (compatible; Googlebot/2.1; +http://www.google.com/bot.html)"
151.80.39.49 - - [22/Dec/2019:13:26:21 +0800] "GET / HTTP/1.1" 301 - "-" "Mozilla/5.0 (compatible; AhrefsBot/6.1; +http://ahrefs.com/robot/)"
66.249.64.194 - - [22/Dec/2019:13:27:31 +0800] "GET /tag/shouyouzixun/ HTTP/1.1" 200 5340 "-" "Mozilla/5.0 (Linux; Android 6.0.1; Nexus 5X Build/MMB29P) AppleWebKit/537.36 (KHTML, like Gecko) Chrome/41.0.2272.96 Mobile Safari/537.36 (compatible; Googlebot/2.1; +http://www.google.com/bot.html)"
66.249.64.194 - - [22/Dec/2019:13:37:51 +0800] "GET /mip117/ HTTP/1.1" 200 5335 "-" "Mozilla/5.0 (Linux; Android 6.0.1; Nexus 5X Build/MMB29P) AppleWebKit/537.36 (KHTML, like Gecko) Chrome/41.0.2272.96 Mobile Safari/537.36 (compatible; Googlebot/2.1; +http://www.google.com/bot.html)"
66.249.64.194 - - [22/Dec/2019:13:47:50 +0800] "GET /mip122/ HTTP/1.1" 200 6114 "-" "Mozilla/5.0 (Linux; Android 6.0.1; Nexus 5X Build/MMB29P) AppleWebKit/537.36 (KHTML, like Gecko) Chrome/41.0.2272.96 Mobile Safari/537.36 (compatible; Googlebot/2.1; +http://www.google.com/bot.html)"
66.249.64.222 - - [22/Dec/2019:13:57:50 +0800] "GET /mip123/ HTTP/1.1" 200 4874 "-" "Mozilla/5.0 (Linux; Android 6.0.1; Nexus 5X Build/MMB29P) AppleWebKit/537.36 (KHTML, like Gecko) Chrome/41.0.2272.96 Mobile Safari/537.36 (compatible; Googlebot/2.1; +http://www.google.com/bot.html)"
46.229.168.137 - - [22/Dec/2019:14:27:18 +0800] "GET /robots.txt HTTP/1.1" 200 24 "-" "Mozilla/5.0 (compatible; SemrushBot/6~bl; +http://www.semrush.com/bot.html)"
46.229.168.162 - - [22/Dec/2019:14:27:18 +0800] "GET /mip98/ HTTP/1.1" 200 4793 "-" "Mozilla/5.0 (compatible; SemrushBot/6~bl; +http://www.semrush.com/bot.html)"
66.249.64.194 - - [22/Dec/2019:14:28:00 +0800] "GET /mip40/ HTTP/1.1" 200 6121 "-" "Mozilla/5.0 (Linux; Android 6.0.1; Nexus 5X Build/MMB29P) AppleWebKit/537.36 (KHTML, like Gecko) Chrome/41.0.2272.96 Mobile Safari/537.36 (compatible; Googlebot/2.1; +http://www.google.com/bot.html)"
66.249.64.197 - - [22/Dec/2019:14:48:04 +0800] "GET /tag/baoshijieqipai/ HTTP/1.1" 200 3801 "-" "Mozilla/5.0 (Linux; Android 6.0.1; Nexus 5X Build/MMB29P) AppleWebKit/537.36 (KHTML, like Gecko) Chrome/41.0.2272.96 Mobile Safari/537.36 (compatible; Googlebot/2.1; +http://www.google.com/bot.html)"
151.80.39.71 - - [22/Dec/2019:14:53:29 +0800] "GET /mip160/ HTTP/1.1" 200 5920 "-" "Mozilla/5.0 (compatible; AhrefsBot/6.1; +http://ahrefs.com/robot/)"
5.196.87.177 - - [22/Dec/2019:14:53:46 +0800] "GET /mip164/ HTTP/1.1" 200 4820 "-" "Mozilla/5.0 (compatible; AhrefsBot/6.1; +http://ahrefs.com/robot/)"
66.249.64.197 - - [22/Dec/2019:14:58:12 +0800] "GET /tag/niudashi/ HTTP/1.1" 200 3597 "-" "Mozilla/5.0 (Linux; Android 6.0.1; Nexus 5X Build/MMB29P) AppleWebKit/537.36 (KHTML, like Gecko) Chrome/41.0.2272.96 Mobile Safari/537.36 (compatible; Googlebot/2.1; +http://www.google.com/bot.html)"
46.229.168.138 - - [22/Dec/2019:15:28:13 +0800] "GET /robots.txt HTTP/1.1" 200 24 "-" "Mozilla/5.0 (compatible; SemrushBot/6~bl; +http://www.semrush.com/bot.html)"
46.229.168.162 - - [22/Dec/2019:15:28:14 +0800] "GET /mip101/ HTTP/1.1" 200 6464 "-" "Mozilla/5.0 (compatible; SemrushBot/6~bl; +http://www.semrush.com/bot.html)"
66.249.64.197 - - [22/Dec/2019:15:28:20 +0800] "GET /tag/niulaobanxiazai/ HTTP/1.1" 200 3358 "-" "Mozilla/5.0 (Linux; Android 6.0.1; Nexus 5X Build/MMB29P) AppleWebKit/537.36 (KHTML, like Gecko) Chrome/41.0.2272.96 Mobile Safari/537.36 (compatible; Googlebot/2.1; +http://www.google.com/bot.html)"
66.249.64.194 - - [22/Dec/2019:15:30:20 +0800] "GET /mip149/ HTTP/1.1" 200 9362 "-" "Mozilla/5.0 (Linux; Android 6.0.1; Nexus 5X Build/MMB29P) AppleWebKit/537.36 (KHTML, like Gecko) Chrome/41.0.2272.96 Mobile Safari/537.36 (compatible; Googlebot/2.1; +http://www.google.com/bot.html)"
66.249.64.197 - - [22/Dec/2019:15:38:31 +0800] "GET /tag/mingxingyule/ HTTP/1.1" 200 5506 "-" "Mozilla/5.0 (Linux; Android 6.0.1; Nexus 5X Build/MMB29P) AppleWebKit/537.36 (KHTML, like Gecko) Chrome/41.0.2272.96 Mobile Safari/537.36 (compatible; Googlebot/2.1; +http://www.google.com/bot.html)"
66.249.64.222 - - [22/Dec/2019:16:00:45 +0800] "GET /mip20/ HTTP/1.1" 200 8031 "-" "Mozilla/5.0 (Linux; Android 6.0.1; Nexus 5X Build/MMB29P) AppleWebKit/537.36 (KHTML, like Gecko) Chrome/41.0.2272.96 Mobile Safari/537.36 (compatible; Googlebot/2.1; +http://www.google.com/bot.html)"
66.249.64.222 - - [22/Dec/2019:16:01:50 +0800] "GET /mip20/ HTTP/1.1" 200 8030 "-" "Mozilla/5.0 (Linux; Android 6.0.1; Nexus 5X Build/MMB29P) AppleWebKit/537.36 (KHTML, like Gecko) Chrome/41.0.2272.96 Mobile Safari/537.36 (compatible; Googlebot/2.1; +http://www.google.com/bot.html)"
66.249.64.222 - - [22/Dec/2019:16:08:56 +0800] "GET / HTTP/1.1" 200 4722 "-" "Mozilla/5.0 (Linux; Android 6.0.1; Nexus 5X Build/MMB29P) AppleWebKit/537.36 (KHTML, like Gecko) Chrome/41.0.2272.96 Mobile Safari/537.36 (compatible; Googlebot/2.1; +http://www.google.com/bot.html)"
46.229.168.161 - - [22/Dec/2019:16:22:30 +0800] "GET /robots.txt HTTP/1.1" 200 24 "-" "Mozilla/5.0 (compatible; SemrushBot/6~bl; +http://www.semrush.com/bot.html)"
46.229.168.145 - - [22/Dec/2019:16:22:30 +0800] "GET /mip76/ HTTP/1.1" 200 5476 "-" "Mozilla/5.0 (compatible; SemrushBot/6~bl; +http://www.semrush.com/bot.html)"
66.249.64.194 - - [22/Dec/2019:16:28:49 +0800] "GET /kefuzaixian/ HTTP/1.1" 200 4944 "-" "Mozilla/5.0 (Linux; Android 6.0.1; Nexus 5X Build/MMB29P) AppleWebKit/537.36 (KHTML, like Gecko) Chrome/41.0.2272.96 Mobile Safari/537.36 (compatible; Googlebot/2.1; +http://www.google.com/bot.html)"
66.249.64.197 - - [22/Dec/2019:16:39:11 +0800] "GET /mip128/ HTTP/1.1" 200 5026 "-" "Mozilla/5.0 (Linux; Android 6.0.1; Nexus 5X Build/MMB29P) AppleWebKit/537.36 (KHTML, like Gecko) Chrome/41.0.2272.96 Mobile Safari/537.36 (compatible; Googlebot/2.1; +http://www.google.com/bot.html)"
66.249.64.197 - - [22/Dec/2019:16:59:15 +0800] "GET /tag/niudahengguanwang/ HTTP/1.1" 200 3532 "-" "Mozilla/5.0 (Linux; Android 6.0.1; Nexus 5X Build/MMB29P) AppleWebKit/537.36 (KHTML, like Gecko) Chrome/41.0.2272.96 Mobile Safari/537.36 (compatible; Googlebot/2.1; +http://www.google.com/bot.html)"
192.161.56.227 - - [22/Dec/2019:17:14:12 +0800] "GET / HTTP/1.1" 200 4722 "http://www.baidu.com" "Mozilla/4.0 (compatible; MSIE 9.0; Windows NT 6.1)"
66.249.64.194 - - [22/Dec/2019:17:50:22 +0800] "GET /tag/fuyaoqipai/ HTTP/1.1" 200 3578 "-" "Mozilla/5.0 (Linux; Android 6.0.1; Nexus 5X Build/MMB29P) AppleWebKit/537.36 (KHTML, like Gecko) Chrome/41.0.2272.96 Mobile Safari/537.36 (compatible; Googlebot/2.1; +http://www.google.com/bot.html)"
66.249.64.222 - - [22/Dec/2019:18:00:34 +0800] "GET /mip43/ HTTP/1.1" 200 5895 "-" "Mozilla/5.0 (Linux; Android 6.0.1; Nexus 5X Build/MMB29P) AppleWebKit/537.36 (KHTML, like Gecko) Chrome/41.0.2272.96 Mobile Safari/537.36 (compatible; Googlebot/2.1; +http://www.google.com/bot.html)"
66.249.64.222 - - [22/Dec/2019:18:20:51 +0800] "GET /mip30/ HTTP/1.1" 200 5395 "-" "Mozilla/5.0 (Linux; Android 6.0.1; Nexus 5X Build/MMB29P) AppleWebKit/537.36 (KHTML, like Gecko) Chrome/41.0.2272.96 Mobile Safari/537.36 (compatible; Googlebot/2.1; +http://www.google.com/bot.html)"
46.229.168.129 - - [22/Dec/2019:18:24:44 +0800] "GET /robots.txt HTTP/1.1" 200 24 "-" "Mozilla/5.0 (compatible; SemrushBot/6~bl; +http://www.semrush.com/bot.html)"
46.229.168.135 - - [22/Dec/2019:18:24:45 +0800] "GET /tag/mingxingyule/ HTTP/1.1" 200 5507 "-" "Mozilla/5.0 (compatible; SemrushBot/6~bl; +http://www.semrush.com/bot.html)"
66.249.64.194 - - [22/Dec/2019:18:30:46 +0800] "GET /tag/laobanhuyu/ HTTP/1.1" 200 3521 "-" "Mozilla/5.0 (Linux; Android 6.0.1; Nexus 5X Build/MMB29P) AppleWebKit/537.36 (KHTML, like Gecko) Chrome/41.0.2272.96 Mobile Safari/537.36 (compatible; Googlebot/2.1; +http://www.google.com/bot.html)"
66.249.64.197 - - [22/Dec/2019:18:30:47 +0800] "GET /mip81.xml HTTP/1.1" 200 4796 "-" "Mozilla/5.0 (Linux; Android 6.0.1; Nexus 5X Build/MMB29P) AppleWebKit/537.36 (KHTML, like Gecko) Chrome/41.0.2272.96 Mobile Safari/537.36 (compatible; Googlebot/2.1; +http://www.google.com/bot.html)"
151.80.39.49 - - [22/Dec/2019:18:35:08 +0800] "GET / HTTP/1.1" 200 4721 "-" "Mozilla/5.0 (compatible; AhrefsBot/6.1; +http://ahrefs.com/robot/)"
66.249.64.197 - - [22/Dec/2019:18:50:44 +0800] "GET /mip53/ HTTP/1.1" 200 4914 "-" "Mozilla/5.0 (Linux; Android 6.0.1; Nexus 5X Build/MMB29P) AppleWebKit/537.36 (KHTML, like Gecko) Chrome/41.0.2272.96 Mobile Safari/537.36 (compatible; Googlebot/2.1; +http://www.google.com/bot.html)"
66.249.64.222 - - [22/Dec/2019:19:00:56 +0800] "GET /tag/huyuhehuoren/ HTTP/1.1" 200 3562 "-" "Mozilla/5.0 (Linux; Android 6.0.1; Nexus 5X Build/MMB29P) AppleWebKit/537.36 (KHTML, like Gecko) Chrome/41.0.2272.96 Mobile Safari/537.36 (compatible; Googlebot/2.1; +http://www.google.com/bot.html)"
151.80.39.68 - - [22/Dec/2019:19:17:04 +0800] "GET / HTTP/1.1" 301 - "-" "Mozilla/5.0 (compatible; AhrefsBot/6.1; +http://ahrefs.com/robot/)"
66.249.64.194 - - [22/Dec/2019:19:31:00 +0800] "GET /mip112/ HTTP/1.1" 200 4938 "-" "Mozilla/5.0 (Linux; Android 6.0.1; Nexus 5X Build/MMB29P) AppleWebKit/537.36 (KHTML, like Gecko) Chrome/41.0.2272.96 Mobile Safari/537.36 (compatible; Googlebot/2.1; +http://www.google.com/bot.html)"
66.249.64.222 - - [22/Dec/2019:19:50:44 +0800] "GET /tag/dahenghuyuxiazai/ HTTP/1.1" 200 3364 "-" "Mozilla/5.0 (Linux; Android 6.0.1; Nexus 5X Build/MMB29P) AppleWebKit/537.36 (KHTML, like Gecko) Chrome/41.0.2272.96 Mobile Safari/537.36 (compatible; Googlebot/2.1; +http://www.google.com/bot.html)"
66.249.64.194 - - [22/Dec/2019:20:00:56 +0800] "GET /mip119/ HTTP/1.1" 200 5254 "-" "Mozilla/5.0 (Linux; Android 6.0.1; Nexus 5X Build/MMB29P) AppleWebKit/537.36 (KHTML, like Gecko) Chrome/41.0.2272.96 Mobile Safari/537.36 (compatible; Googlebot/2.1; +http://www.google.com/bot.html)"
66.249.64.222 - - [22/Dec/2019:20:11:03 +0800] "GET /mip47/ HTTP/1.1" 200 4398 "-" "Mozilla/5.0 (Linux; Android 6.0.1; Nexus 5X Build/MMB29P) AppleWebKit/537.36 (KHTML, like Gecko) Chrome/41.0.2272.96 Mobile Safari/537.36 (compatible; Googlebot/2.1; +http://www.google.com/bot.html)"
66.249.64.197 - - [22/Dec/2019:20:21:03 +0800] "GET /mip107/ HTTP/1.1" 200 4553 "-" "Mozilla/5.0 (Linux; Android 6.0.1; Nexus 5X Build/MMB29P) AppleWebKit/537.36 (KHTML, like Gecko) Chrome/41.0.2272.96 Mobile Safari/537.36 (compatible; Googlebot/2.1; +http://www.google.com/bot.html)"
66.249.64.222 - - [22/Dec/2019:20:41:24 +0800] "GET /mip108/ HTTP/1.1" 200 5808 "-" "Mozilla/5.0 (Linux; Android 6.0.1; Nexus 5X Build/MMB29P) AppleWebKit/537.36 (KHTML, like Gecko) Chrome/41.0.2272.96 Mobile Safari/537.36 (compatible; Googlebot/2.1; +http://www.google.com/bot.html)"
66.249.64.197 - - [22/Dec/2019:21:12:01 +0800] "GET /mip114.xml HTTP/1.1" 200 4806 "-" "Mozilla/5.0 (Linux; Android 6.0.1; Nexus 5X Build/MMB29P) AppleWebKit/537.36 (KHTML, like Gecko) Chrome/41.0.2272.96 Mobile Safari/537.36 (compatible; Googlebot/2.1; +http://www.google.com/bot.html)"
66.249.64.194 - - [22/Dec/2019:21:22:01 +0800] "GET /tag/qiyexinwen/ HTTP/1.1" 200 5366 "-" "Mozilla/5.0 (Linux; Android 6.0.1; Nexus 5X Build/MMB29P) AppleWebKit/537.36 (KHTML, like Gecko) Chrome/41.0.2272.96 Mobile Safari/537.36 (compatible; Googlebot/2.1; +http://www.google.com/bot.html)"
66.249.64.194 - - [22/Dec/2019:21:31:48 +0800] "GET /tag/pingcegonglue/ HTTP/1.1" 200 5276 "-" "Mozilla/5.0 (Linux; Android 6.0.1; Nexus 5X Build/MMB29P) AppleWebKit/537.36 (KHTML, like Gecko) Chrome/41.0.2272.96 Mobile Safari/537.36 (compatible; Googlebot/2.1; +http://www.google.com/bot.html)"
66.249.64.222 - - [22/Dec/2019:21:41:47 +0800] "GET / HTTP/1.1" 200 4724 "-" "Mozilla/5.0 (compatible; Googlebot/2.1; +http://www.google.com/bot.html)"
66.249.64.197 - - [22/Dec/2019:21:46:01 +0800] "GET /mip129.xml HTTP/1.1" 200 4514 "-" "Mozilla/5.0 (Linux; Android 6.0.1; Nexus 5X Build/MMB29P) AppleWebKit/537.36 (KHTML, like Gecko) Chrome/41.0.2272.96 Mobile Safari/537.36 (compatible; Googlebot/2.1; +http://www.google.com/bot.html)"
192.169.216.153 - - [22/Dec/2019:21:53:14 +0800] "GET /test/wp-login.php HTTP/1.1" 301 - "-" "Mozilla/5.0 (X11; Ubuntu; Linux x86_64; rv:62.0) Gecko/20100101 Firefox/62.0"
192.169.216.153 - - [22/Dec/2019:21:53:15 +0800] "GET /test/wp-login.php HTTP/1.1" 404 564 "http://cmsmov.com/test/wp-login.php" "Mozilla/5.0 (X11; Ubuntu; Linux x86_64; rv:62.0) Gecko/20100101 Firefox/62.0"
66.249.64.197 - - [22/Dec/2019:21:56:21 +0800] "GET /mip48/ HTTP/1.1" 200 4760 "-" "Mozilla/5.0 (Linux; Android 6.0.1; Nexus 5X Build/MMB29P) AppleWebKit/537.36 (KHTML, like Gecko) Chrome/41.0.2272.96 Mobile Safari/537.36 (compatible; Googlebot/2.1; +http://www.google.com/bot.html)"
66.249.64.197 - - [22/Dec/2019:22:16:36 +0800] "GET /mip117/ HTTP/1.1" 200 5339 "-" "Mozilla/5.0 (Linux; Android 6.0.1; Nexus 5X Build/MMB29P) AppleWebKit/537.36 (KHTML, like Gecko) Chrome/41.0.2272.96 Mobile Safari/537.36 (compatible; Googlebot/2.1; +http://www.google.com/bot.html)"
123.126.113.185 - - [22/Dec/2019:22:24:26 +0800] "GET /robots.txt HTTP/1.1" 200 24 "-" "Sogou web spider/4.0(+http://www.sogou.com/docs/help/webmasters.htm#07)"
123.126.113.185 - - [22/Dec/2019:22:24:26 +0800] "GET / HTTP/1.1" 200 4724 "-" "Sogou web spider/4.0(+http://www.sogou.com/docs/help/webmasters.htm#07)"
66.249.64.222 - - [22/Dec/2019:22:36:31 +0800] "GET /tag/laobanhuyudaili/ HTTP/1.1" 200 3877 "-" "Mozilla/5.0 (Linux; Android 6.0.1; Nexus 5X Build/MMB29P) AppleWebKit/537.36 (KHTML, like Gecko) Chrome/41.0.2272.96 Mobile Safari/537.36 (compatible; Googlebot/2.1; +http://www.google.com/bot.html)"
45.122.138.79 - - [22/Dec/2019:22:43:27 +0800] "GET /bakiimip.php?pw=mip HTTP/1.1" 200 687 "-" "Mozilla/4.0 (compatible; MSIE 7.0; Windows NT 6.1; WOW64; Trident/7.0; SLCC2; .NET CLR 2.0.50727; .NET CLR 3.5.30729; .NET CLR 3.0.30729; .NET4.0C; .NET4.0E)"
45.122.138.79 - - [22/Dec/2019:22:43:28 +0800] "POST /collect/ApiUserHuochetou/articleAdd HTTP/1.1" 200 26 "http://www.cmsmov.com/bakiimip.php?pw=mip" "Mozilla/4.0 (compatible; MSIE 7.0; Windows NT 6.1; WOW64; Trident/7.0; SLCC2; .NET CLR 2.0.50727; .NET CLR 3.5.30729; .NET CLR 3.0.30729; .NET4.0C; .NET4.0E)"
45.122.138.79 - - [22/Dec/2019:22:43:44 +0800] "GET /bakiimip.php?pw=mip HTTP/1.1" 200 687 "-" "Mozilla/4.0 (compatible; MSIE 7.0; Windows NT 6.1; WOW64; Trident/7.0; SLCC2; .NET CLR 2.0.50727; .NET CLR 3.5.30729; .NET CLR 3.0.30729; .NET4.0C; .NET4.0E)"
45.122.138.79 - - [22/Dec/2019:22:43:45 +0800] "POST /collect/ApiUserHuochetou/articleAdd HTTP/1.1" 200 26 "http://www.cmsmov.com/bakiimip.php?pw=mip" "Mozilla/4.0 (compatible; MSIE 7.0; Windows NT 6.1; WOW64; Trident/7.0; SLCC2; .NET CLR 2.0.50727; .NET CLR 3.5.30729; .NET CLR 3.0.30729; .NET4.0C; .NET4.0E)"
45.122.138.79 - - [22/Dec/2019:22:44:00 +0800] "GET /bakiimip.php?pw=mip HTTP/1.1" 200 687 "-" "Mozilla/4.0 (compatible; MSIE 7.0; Windows NT 6.1; WOW64; Trident/7.0; SLCC2; .NET CLR 2.0.50727; .NET CLR 3.5.30729; .NET CLR 3.0.30729; .NET4.0C; .NET4.0E)"
45.122.138.79 - - [22/Dec/2019:22:44:02 +0800] "POST /collect/ApiUserHuochetou/articleAdd HTTP/1.1" 200 26 "http://www.cmsmov.com/bakiimip.php?pw=mip" "Mozilla/4.0 (compatible; MSIE 7.0; Windows NT 6.1; WOW64; Trident/7.0; SLCC2; .NET CLR 2.0.50727; .NET CLR 3.5.30729; .NET CLR 3.0.30729; .NET4.0C; .NET4.0E)"
45.122.138.79 - - [22/Dec/2019:22:44:26 +0800] "GET /bakiimip.php?pw=mip HTTP/1.1" 200 687 "-" "Mozilla/4.0 (compatible; MSIE 7.0; Windows NT 6.1; WOW64; Trident/7.0; SLCC2; .NET CLR 2.0.50727; .NET CLR 3.5.30729; .NET CLR 3.0.30729; .NET4.0C; .NET4.0E)"
45.122.138.79 - - [22/Dec/2019:22:44:27 +0800] "POST /collect/ApiUserHuochetou/articleAdd HTTP/1.1" 200 26 "http://www.cmsmov.com/bakiimip.php?pw=mip" "Mozilla/4.0 (compatible; MSIE 7.0; Windows NT 6.1; WOW64; Trident/7.0; SLCC2; .NET CLR 2.0.50727; .NET CLR 3.5.30729; .NET CLR 3.0.30729; .NET4.0C; .NET4.0E)"
45.122.138.79 - - [22/Dec/2019:22:44:49 +0800] "GET /bakiimip.php?pw=mip HTTP/1.1" 200 687 "-" "Mozilla/4.0 (compatible; MSIE 7.0; Windows NT 6.1; WOW64; Trident/7.0; SLCC2; .NET CLR 2.0.50727; .NET CLR 3.5.30729; .NET CLR 3.0.30729; .NET4.0C; .NET4.0E)"
45.122.138.79 - - [22/Dec/2019:22:44:50 +0800] "POST /collect/ApiUserHuochetou/articleAdd HTTP/1.1" 200 26 "http://www.cmsmov.com/bakiimip.php?pw=mip" "Mozilla/4.0 (compatible; MSIE 7.0; Windows NT 6.1; WOW64; Trident/7.0; SLCC2; .NET CLR 2.0.50727; .NET CLR 3.5.30729; .NET CLR 3.0.30729; .NET4.0C; .NET4.0E)"
45.122.138.79 - - [22/Dec/2019:22:45:07 +0800] "GET /bakiimip.php?pw=mip HTTP/1.1" 200 687 "-" "Mozilla/4.0 (compatible; MSIE 7.0; Windows NT 6.1; WOW64; Trident/7.0; SLCC2; .NET CLR 2.0.50727; .NET CLR 3.5.30729; .NET CLR 3.0.30729; .NET4.0C; .NET4.0E)"
45.122.138.79 - - [22/Dec/2019:22:45:08 +0800] "POST /collect/ApiUserHuochetou/articleAdd HTTP/1.1" 200 26 "http://www.cmsmov.com/bakiimip.php?pw=mip" "Mozilla/4.0 (compatible; MSIE 7.0; Windows NT 6.1; WOW64; Trident/7.0; SLCC2; .NET CLR 2.0.50727; .NET CLR 3.5.30729; .NET CLR 3.0.30729; .NET4.0C; .NET4.0E)"
45.122.138.79 - - [22/Dec/2019:22:45:26 +0800] "GET /bakiimip.php?pw=mip HTTP/1.1" 200 687 "-" "Mozilla/4.0 (compatible; MSIE 7.0; Windows NT 6.1; WOW64; Trident/7.0; SLCC2; .NET CLR 2.0.50727; .NET CLR 3.5.30729; .NET CLR 3.0.30729; .NET4.0C; .NET4.0E)"
45.122.138.79 - - [22/Dec/2019:22:45:28 +0800] "POST /collect/ApiUserHuochetou/articleAdd HTTP/1.1" 200 26 "http://www.cmsmov.com/bakiimip.php?pw=mip" "Mozilla/4.0 (compatible; MSIE 7.0; Windows NT 6.1; WOW64; Trident/7.0; SLCC2; .NET CLR 2.0.50727; .NET CLR 3.5.30729; .NET CLR 3.0.30729; .NET4.0C; .NET4.0E)"
45.122.138.79 - - [22/Dec/2019:22:45:48 +0800] "GET /bakiimip.php?pw=mip HTTP/1.1" 200 687 "-" "Mozilla/4.0 (compatible; MSIE 7.0; Windows NT 6.1; WOW64; Trident/7.0; SLCC2; .NET CLR 2.0.50727; .NET CLR 3.5.30729; .NET CLR 3.0.30729; .NET4.0C; .NET4.0E)"
45.122.138.79 - - [22/Dec/2019:22:45:50 +0800] "POST /collect/ApiUserHuochetou/articleAdd HTTP/1.1" 200 26 "http://www.cmsmov.com/bakiimip.php?pw=mip" "Mozilla/4.0 (compatible; MSIE 7.0; Windows NT 6.1; WOW64; Trident/7.0; SLCC2; .NET CLR 2.0.50727; .NET CLR 3.5.30729; .NET CLR 3.0.30729; .NET4.0C; .NET4.0E)"
66.249.64.194 - - [22/Dec/2019:22:46:30 +0800] "GET /mip103.xml HTTP/1.1" 200 5166 "-" "Mozilla/5.0 (Linux; Android 6.0.1; Nexus 5X Build/MMB29P) AppleWebKit/537.36 (KHTML, like Gecko) Chrome/41.0.2272.96 Mobile Safari/537.36 (compatible; Googlebot/2.1; +http://www.google.com/bot.html)"
66.249.64.222 - - [22/Dec/2019:23:16:31 +0800] "GET /mip40/ HTTP/1.1" 200 6079 "-" "Mozilla/5.0 (Linux; Android 6.0.1; Nexus 5X Build/MMB29P) AppleWebKit/537.36 (KHTML, like Gecko) Chrome/41.0.2272.96 Mobile Safari/537.36 (compatible; Googlebot/2.1; +http://www.google.com/bot.html)"
123.31.43.173 - - [22/Dec/2019:23:29:29 +0800] "GET /2019/wp-login.php HTTP/1.1" 301 - "-" "Mozilla/5.0 (X11; Ubuntu; Linux x86_64; rv:62.0) Gecko/20100101 Firefox/62.0"
123.31.43.173 - - [22/Dec/2019:23:29:30 +0800] "GET /2019/wp-login.php HTTP/1.1" 404 564 "http://cmsmov.com/2019/wp-login.php" "Mozilla/5.0 (X11; Ubuntu; Linux x86_64; rv:62.0) Gecko/20100101 Firefox/62.0"
66.249.64.194 - - [22/Dec/2019:23:53:59 +0800] "GET /tag/baoshijieqipai/ HTTP/1.1" 200 3813 "-" "Mozilla/5.0 (Linux; Android 6.0.1; Nexus 5X Build/MMB29P) AppleWebKit/537.36 (KHTML, like Gecko) Chrome/41.0.2272.96 Mobile Safari/537.36 (compatible; Googlebot/2.1; +http://www.google.com/bot.html)"
66.249.64.194 - - [23/Dec/2019:00:06:58 +0800] "GET /tag/mingxingyule/ HTTP/1.1" 200 5514 "-" "Mozilla/5.0 (Linux; Android 6.0.1; Nexus 5X Build/MMB29P) AppleWebKit/537.36 (KHTML, like Gecko) Chrome/41.0.2272.96 Mobile Safari/537.36 (compatible; Googlebot/2.1; +http://www.google.com/bot.html)"
151.80.39.238 - - [23/Dec/2019:00:10:50 +0800] "GET / HTTP/1.1" 200 4649 "-" "Mozilla/5.0 (compatible; AhrefsBot/6.1; +http://ahrefs.com/robot/)"
66.249.64.222 - - [23/Dec/2019:00:17:02 +0800] "GET /tag/niudashi/ HTTP/1.1" 200 3608 "-" "Mozilla/5.0 (Linux; Android 6.0.1; Nexus 5X Build/MMB29P) AppleWebKit/537.36 (KHTML, like Gecko) Chrome/41.0.2272.96 Mobile Safari/537.36 (compatible; Googlebot/2.1; +http://www.google.com/bot.html)"
66.249.64.197 - - [23/Dec/2019:00:47:00 +0800] "GET /tag/niulaobanxiazai/ HTTP/1.1" 200 3376 "-" "Mozilla/5.0 (Linux; Android 6.0.1; Nexus 5X Build/MMB29P) AppleWebKit/537.36 (KHTML, like Gecko) Chrome/41.0.2272.96 Mobile Safari/537.36 (compatible; Googlebot/2.1; +http://www.google.com/bot.html)"
66.249.64.222 - - [23/Dec/2019:00:57:09 +0800] "GET /tag/shouyouzixun/ HTTP/1.1" 200 5358 "-" "Mozilla/5.0 (Linux; Android 6.0.1; Nexus 5X Build/MMB29P) AppleWebKit/537.36 (KHTML, like Gecko) Chrome/41.0.2272.96 Mobile Safari/537.36 (compatible; Googlebot/2.1; +http://www.google.com/bot.html)"
151.80.39.139 - - [23/Dec/2019:00:57:48 +0800] "GET / HTTP/1.1" 301 - "-" "Mozilla/5.0 (compatible; AhrefsBot/6.1; +http://ahrefs.com/robot/)"
47.75.128.216 - - [23/Dec/2019:00:59:10 +0800] "GET /blog/wp-login.php HTTP/1.1" 301 - "-" "Mozilla/5.0 (X11; Ubuntu; Linux x86_64; rv:62.0) Gecko/20100101 Firefox/62.0"
47.75.128.216 - - [23/Dec/2019:00:59:10 +0800] "GET /blog/wp-login.php HTTP/1.1" 404 564 "http://cmsmov.com/blog/wp-login.php" "Mozilla/5.0 (X11; Ubuntu; Linux x86_64; rv:62.0) Gecko/20100101 Firefox/62.0"
66.249.64.197 - - [23/Dec/2019:01:06:58 +0800] "GET / HTTP/1.1" 200 4649 "-" "Mozilla/5.0 (Linux; Android 6.0.1; Nexus 5X Build/MMB29P) AppleWebKit/537.36 (KHTML, like Gecko) Chrome/41.0.2272.96 Mobile Safari/537.36 (compatible; Googlebot/2.1; +http://www.google.com/bot.html)"
66.249.64.194 - - [23/Dec/2019:01:27:19 +0800] "GET /mip128/ HTTP/1.1" 200 4990 "-" "Mozilla/5.0 (Linux; Android 6.0.1; Nexus 5X Build/MMB29P) AppleWebKit/537.36 (KHTML, like Gecko) Chrome/41.0.2272.96 Mobile Safari/537.36 (compatible; Googlebot/2.1; +http://www.google.com/bot.html)"
157.55.39.32 - - [23/Dec/2019:01:31:13 +0800] "GET /robots.txt HTTP/1.1" 200 24 "-" "Mozilla/5.0 (compatible; bingbot/2.0; +http://www.bing.com/bingbot.htm)"
40.77.167.17 - - [23/Dec/2019:01:31:17 +0800] "GET / HTTP/1.1" 200 4650 "-" "Mozilla/5.0 (compatible; bingbot/2.0; +http://www.bing.com/bingbot.htm)"
66.249.64.194 - - [23/Dec/2019:01:37:32 +0800] "GET /mip123/ HTTP/1.1" 200 4832 "-" "Mozilla/5.0 (Linux; Android 6.0.1; Nexus 5X Build/MMB29P) AppleWebKit/537.36 (KHTML, like Gecko) Chrome/41.0.2272.96 Mobile Safari/537.36 (compatible; Googlebot/2.1; +http://www.google.com/bot.html)"
199.58.86.211 - - [23/Dec/2019:01:45:08 +0800] "GET /robots.txt HTTP/1.1" 200 24 "-" "Mozilla/5.0 (compatible; MJ12bot/v1.4.8; http://mj12bot.com/)"
199.58.86.211 - - [23/Dec/2019:01:45:10 +0800] "GET / HTTP/1.1" 301 - "-" "Mozilla/5.0 (compatible; MJ12bot/v1.4.8; http://mj12bot.com/)"
199.58.86.211 - - [23/Dec/2019:01:45:11 +0800] "GET /robots.txt HTTP/1.1" 200 24 "-" "Mozilla/5.0 (compatible; MJ12bot/v1.4.8; http://mj12bot.com/)"
199.58.86.211 - - [23/Dec/2019:01:45:20 +0800] "GET / HTTP/1.1" 200 4649 "-" "Mozilla/5.0 (compatible; MJ12bot/v1.4.8; http://mj12bot.com/)"
199.58.86.211 - - [23/Dec/2019:01:45:23 +0800] "GET / HTTP/1.1" 200 4650 "-" "Mozilla/5.0 (compatible; MJ12bot/v1.4.8; http://mj12bot.com/)"
35.231.153.251 - - [23/Dec/2019:02:16:35 +0800] "GET /robots.txt HTTP/1.0" 200 24 "-" "ZoominfoBot (zoominfobot at zoominfo dot com)"
35.231.153.251 - - [23/Dec/2019:02:16:35 +0800] "GET /mip145/ HTTP/1.0" 200 5720 "-" "ZoominfoBot (zoominfobot at zoominfo dot com)"
35.231.153.251 - - [23/Dec/2019:02:18:42 +0800] "GET /mip160/ HTTP/1.0" 200 5877 "-" "ZoominfoBot (zoominfobot at zoominfo dot com)"
35.231.153.251 - - [23/Dec/2019:02:19:00 +0800] "GET /kefuzaixian/ HTTP/1.0" 200 4934 "-" "ZoominfoBot (zoominfobot at zoominfo dot com)"
35.231.153.251 - - [23/Dec/2019:02:19:58 +0800] "GET /mip156/ HTTP/1.0" 200 5487 "-" "ZoominfoBot (zoominfobot at zoominfo dot com)"
35.231.153.251 - - [23/Dec/2019:02:22:36 +0800] "GET /mip146/ HTTP/1.0" 200 5887 "-" "ZoominfoBot (zoominfobot at zoominfo dot com)"
35.231.153.251 - - [23/Dec/2019:02:22:38 +0800] "GET /wanfatuiguang/ HTTP/1.0" 200 4931 "-" "ZoominfoBot (zoominfobot at zoominfo dot com)"
35.231.153.251 - - [23/Dec/2019:02:24:03 +0800] "GET /mip140/ HTTP/1.0" 200 5917 "-" "ZoominfoBot (zoominfobot at zoominfo dot com)"
35.231.153.251 - - [23/Dec/2019:02:25:53 +0800] "GET /mip161/ HTTP/1.0" 200 6059 "-" "ZoominfoBot (zoominfobot at zoominfo dot com)"
35.231.153.251 - - [23/Dec/2019:02:26:58 +0800] "GET /mip157/ HTTP/1.0" 200 4578 "-" "ZoominfoBot (zoominfobot at zoominfo dot com)"
66.249.64.194 - - [23/Dec/2019:02:28:09 +0800] "GET /mip122/ HTTP/1.1" 200 6078 "-" "Mozilla/5.0 (Linux; Android 6.0.1; Nexus 5X Build/MMB29P) AppleWebKit/537.36 (KHTML, like Gecko) Chrome/41.0.2272.96 Mobile Safari/537.36 (compatible; Googlebot/2.1; +http://www.google.com/bot.html)"
35.231.153.251 - - [23/Dec/2019:02:28:17 +0800] "GET /mip151/ HTTP/1.0" 200 8541 "-" "ZoominfoBot (zoominfobot at zoominfo dot com)"
35.231.153.251 - - [23/Dec/2019:02:29:25 +0800] "GET /mip147/ HTTP/1.0" 200 4684 "-" "ZoominfoBot (zoominfobot at zoominfo dot com)"
35.231.153.251 - - [23/Dec/2019:02:31:58 +0800] "GET /mip137/ HTTP/1.0" 200 6034 "-" "ZoominfoBot (zoominfobot at zoominfo dot com)"
35.231.153.251 - - [23/Dec/2019:02:32:33 +0800] "GET /mip162/ HTTP/1.0" 200 5451 "-" "ZoominfoBot (zoominfobot at zoominfo dot com)"
35.231.153.251 - - [23/Dec/2019:02:33:14 +0800] "GET /mip131/ HTTP/1.0" 200 5994 "-" "ZoominfoBot (zoominfobot at zoominfo dot com)"
35.231.153.251 - - [23/Dec/2019:02:34:57 +0800] "GET /mip152/ HTTP/1.0" 200 4880 "-" "ZoominfoBot (zoominfobot at zoominfo dot com)"
35.231.153.251 - - [23/Dec/2019:02:36:16 +0800] "GET /mip148/ HTTP/1.0" 200 8190 "-" "ZoominfoBot (zoominfobot at zoominfo dot com)"
35.231.153.251 - - [23/Dec/2019:02:37:41 +0800] "GET /mip142/ HTTP/1.0" 200 4820 "-" "ZoominfoBot (zoominfobot at zoominfo dot com)"
66.249.64.222 - - [23/Dec/2019:02:38:03 +0800] "GET /kefuzaixian/ HTTP/1.1" 200 4935 "-" "Mozilla/5.0 (Linux; Android 6.0.1; Nexus 5X Build/MMB29P) AppleWebKit/537.36 (KHTML, like Gecko) Chrome/41.0.2272.96 Mobile Safari/537.36 (compatible; Googlebot/2.1; +http://www.google.com/bot.html)"
35.231.153.251 - - [23/Dec/2019:02:38:55 +0800] "GET /mip138/ HTTP/1.0" 200 5783 "-" "ZoominfoBot (zoominfobot at zoominfo dot com)"
35.231.153.251 - - [23/Dec/2019:02:39:27 +0800] "GET /mip163/ HTTP/1.0" 200 5864 "-" "ZoominfoBot (zoominfobot at zoominfo dot com)"
35.231.153.251 - - [23/Dec/2019:02:40:01 +0800] "GET /mip132/ HTTP/1.0" 200 5688 "-" "ZoominfoBot (zoominfobot at zoominfo dot com)"
35.231.153.251 - - [23/Dec/2019:02:41:52 +0800] "GET /mip153/ HTTP/1.0" 200 4966 "-" "ZoominfoBot (zoominfobot at zoominfo dot com)"
35.231.153.251 - - [23/Dec/2019:02:43:02 +0800] "GET /mip149/ HTTP/1.0" 200 9388 "-" "ZoominfoBot (zoominfobot at zoominfo dot com)"
35.231.153.251 - - [23/Dec/2019:02:43:04 +0800] "GET /youxizixun/ HTTP/1.0" 200 5081 "-" "ZoominfoBot (zoominfobot at zoominfo dot com)"
35.231.153.251 - - [23/Dec/2019:02:45:47 +0800] "GET /mip164/ HTTP/1.0" 200 4817 "-" "ZoominfoBot (zoominfobot at zoominfo dot com)"
35.231.153.251 - - [23/Dec/2019:02:45:49 +0800] "GET /guanyujituan/ HTTP/1.0" 200 4862 "-" "ZoominfoBot (zoominfobot at zoominfo dot com)"
35.231.153.251 - - [23/Dec/2019:02:48:04 +0800] "GET /mip154/ HTTP/1.0" 200 6253 "-" "ZoominfoBot (zoominfobot at zoominfo dot com)"
66.249.64.197 - - [23/Dec/2019:02:48:10 +0800] "GET /mip20/ HTTP/1.1" 200 7995 "-" "Mozilla/5.0 (Linux; Android 6.0.1; Nexus 5X Build/MMB29P) AppleWebKit/537.36 (KHTML, like Gecko) Chrome/41.0.2272.96 Mobile Safari/537.36 (compatible; Googlebot/2.1; +http://www.google.com/bot.html)"
46.229.168.137 - - [23/Dec/2019:02:49:01 +0800] "GET /robots.txt HTTP/1.1" 200 24 "-" "Mozilla/5.0 (compatible; SemrushBot/6~bl; +http://www.semrush.com/bot.html)"
46.229.168.137 - - [23/Dec/2019:02:49:02 +0800] "GET /mip33/ HTTP/1.1" 200 6050 "-" "Mozilla/5.0 (compatible; SemrushBot/6~bl; +http://www.semrush.com/bot.html)"
35.231.153.251 - - [23/Dec/2019:02:50:27 +0800] "GET /mip144/ HTTP/1.0" 200 5679 "-" "ZoominfoBot (zoominfobot at zoominfo dot com)"
35.231.153.251 - - [23/Dec/2019:02:50:40 +0800] "GET /zongcaihuyu/ HTTP/1.0" 200 5026 "-" "ZoominfoBot (zoominfobot at zoominfo dot com)"
35.231.153.251 - - [23/Dec/2019:02:54:18 +0800] "GET /mip155/ HTTP/1.0" 200 6033 "-" "ZoominfoBot (zoominfobot at zoominfo dot com)"
66.249.64.197 - - [23/Dec/2019:03:08:12 +0800] "GET /mip30/ HTTP/1.1" 200 5359 "-" "Mozilla/5.0 (Linux; Android 6.0.1; Nexus 5X Build/MMB29P) AppleWebKit/537.36 (KHTML, like Gecko) Chrome/41.0.2272.96 Mobile Safari/537.36 (compatible; Googlebot/2.1; +http://www.google.com/bot.html)"
66.249.64.197 - - [23/Dec/2019:03:18:32 +0800] "GET /mip43/ HTTP/1.1" 200 5852 "-" "Mozilla/5.0 (Linux; Android 6.0.1; Nexus 5X Build/MMB29P) AppleWebKit/537.36 (KHTML, like Gecko) Chrome/41.0.2272.96 Mobile Safari/537.36 (compatible; Googlebot/2.1; +http://www.google.com/bot.html)"
66.249.64.222 - - [23/Dec/2019:03:28:31 +0800] "GET /tag/fuyaoqipai/ HTTP/1.1" 200 3592 "-" "Mozilla/5.0 (Linux; Android 6.0.1; Nexus 5X Build/MMB29P) AppleWebKit/537.36 (KHTML, like Gecko) Chrome/41.0.2272.96 Mobile Safari/537.36 (compatible; Googlebot/2.1; +http://www.google.com/bot.html)"
66.249.64.222 - - [23/Dec/2019:03:38:29 +0800] "GET /tag/laobanhuyu/ HTTP/1.1" 200 3535 "-" "Mozilla/5.0 (Linux; Android 6.0.1; Nexus 5X Build/MMB29P) AppleWebKit/537.36 (KHTML, like Gecko) Chrome/41.0.2272.96 Mobile Safari/537.36 (compatible; Googlebot/2.1; +http://www.google.com/bot.html)"
54.38.159.127 - - [23/Dec/2019:03:48:29 +0800] "GET /wordpress/wp-login.php HTTP/1.1" 301 - "-" "Mozilla/5.0 (X11; Ubuntu; Linux x86_64; rv:62.0) Gecko/20100101 Firefox/62.0"
54.38.159.127 - - [23/Dec/2019:03:48:30 +0800] "GET /wordpress/wp-login.php HTTP/1.1" 404 564 "http://cmsmov.com/wordpress/wp-login.php" "Mozilla/5.0 (X11; Ubuntu; Linux x86_64; rv:62.0) Gecko/20100101 Firefox/62.0"
66.249.64.37 - - [23/Dec/2019:04:16:53 +0800] "GET /robots.txt HTTP/1.1" 200 24 "-" "Mozilla/5.0 (compatible; Googlebot/2.1; +http://www.google.com/bot.html)"
66.249.64.41 - - [23/Dec/2019:04:16:53 +0800] "GET / HTTP/1.1" 301 - "-" "Mozilla/5.0 (compatible; Googlebot/2.1; +http://www.google.com/bot.html)"
46.229.168.133 - - [23/Dec/2019:04:46:12 +0800] "GET /robots.txt HTTP/1.1" 200 24 "-" "Mozilla/5.0 (compatible; SemrushBot/6~bl; +http://www.semrush.com/bot.html)"
46.229.168.136 - - [23/Dec/2019:04:46:12 +0800] "GET /mip19/ HTTP/1.1" 200 5558 "-" "Mozilla/5.0 (compatible; SemrushBot/6~bl; +http://www.semrush.com/bot.html)"
5.196.87.131 - - [23/Dec/2019:06:13:13 +0800] "GET / HTTP/1.1" 200 4650 "-" "Mozilla/5.0 (compatible; AhrefsBot/6.1; +http://ahrefs.com/robot/)"
46.229.168.152 - - [23/Dec/2019:06:36:21 +0800] "GET /robots.txt HTTP/1.1" 200 24 "-" "Mozilla/5.0 (compatible; SemrushBot/6~bl; +http://www.semrush.com/bot.html)"
46.229.168.146 - - [23/Dec/2019:06:36:24 +0800] "GET /tag/niudahengguanwang/ HTTP/1.1" 200 3553 "-" "Mozilla/5.0 (compatible; SemrushBot/6~bl; +http://www.semrush.com/bot.html)"
51.89.119.111 - - [23/Dec/2019:06:50:43 +0800] "GET / HTTP/1.1" 301 - "-" "Mozilla/5.0 (Windows NT 10.0; Win64; x64) AppleWebKit/537.36 (KHTML, like Gecko) Chrome/77.0.3865.120 Safari/537.36"
51.89.119.111 - - [23/Dec/2019:06:50:43 +0800] "GET / HTTP/1.1" 200 4650 "-" "Mozilla/5.0 (Windows NT 10.0; Win64; x64) AppleWebKit/537.36 (KHTML, like Gecko) Chrome/77.0.3865.120 Safari/537.36"
151.80.39.49 - - [23/Dec/2019:07:16:17 +0800] "GET / HTTP/1.1" 301 - "-" "Mozilla/5.0 (compatible; AhrefsBot/6.1; +http://ahrefs.com/robot/)"
46.229.168.161 - - [23/Dec/2019:07:16:55 +0800] "GET /robots.txt HTTP/1.1" 200 24 "-" "Mozilla/5.0 (compatible; SemrushBot/6~bl; +http://www.semrush.com/bot.html)"
46.229.168.134 - - [23/Dec/2019:07:16:55 +0800] "GET /mip102/ HTTP/1.1" 200 6272 "-" "Mozilla/5.0 (compatible; SemrushBot/6~bl; +http://www.semrush.com/bot.html)"
5.189.161.234 - - [23/Dec/2019:07:24:25 +0800] "GET /robots.txt HTTP/1.1" 200 24 "-" "Mozilla/5.0 (compatible; MJ12bot/v1.4.8; http://mj12bot.com/)"
5.189.161.234 - - [23/Dec/2019:07:24:29 +0800] "GET /mip165.xml HTTP/1.1" 200 6072 "-" "Mozilla/5.0 (compatible; MJ12bot/v1.4.8; http://mj12bot.com/)"
5.189.161.234 - - [23/Dec/2019:07:24:31 +0800] "GET /mip166.xml HTTP/1.1" 200 7521 "-" "Mozilla/5.0 (compatible; MJ12bot/v1.4.8; http://mj12bot.com/)"
5.189.161.234 - - [23/Dec/2019:07:24:39 +0800] "GET /mip167/ HTTP/1.1" 200 5097 "-" "Mozilla/5.0 (compatible; MJ12bot/v1.4.8; http://mj12bot.com/)"
5.189.161.234 - - [23/Dec/2019:07:24:48 +0800] "GET /mip168/ HTTP/1.1" 200 5528 "-" "Mozilla/5.0 (compatible; MJ12bot/v1.4.8; http://mj12bot.com/)"
5.189.161.234 - - [23/Dec/2019:07:24:59 +0800] "GET /mip169/ HTTP/1.1" 200 5609 "-" "Mozilla/5.0 (compatible; MJ12bot/v1.4.8; http://mj12bot.com/)"
5.189.161.234 - - [23/Dec/2019:07:25:09 +0800] "GET /mip170/ HTTP/1.1" 200 6660 "-" "Mozilla/5.0 (compatible; MJ12bot/v1.4.8; http://mj12bot.com/)"
5.189.161.234 - - [23/Dec/2019:07:25:16 +0800] "GET /mip171/ HTTP/1.1" 200 5315 "-" "Mozilla/5.0 (compatible; MJ12bot/v1.4.8; http://mj12bot.com/)"
5.189.161.234 - - [23/Dec/2019:07:25:23 +0800] "GET /mip172/ HTTP/1.1" 200 4988 "-" "Mozilla/5.0 (compatible; MJ12bot/v1.4.8; http://mj12bot.com/)"
66.249.64.194 - - [23/Dec/2019:07:41:04 +0800] "GET /tag/pingcegonglue/index_3.html HTTP/1.1" 200 4617 "-" "Mozilla/5.0 (Linux; Android 6.0.1; Nexus 5X Build/MMB29P) AppleWebKit/537.36 (KHTML, like Gecko) Chrome/41.0.2272.96 Mobile Safari/537.36 (compatible; Googlebot/2.1; +http://www.google.com/bot.html)"
