151.80.39.210 - - [02/Jan/2020:06:43:47 +0800] "GET / HTTP/1.1" 301 - "-" "Mozilla/5.0 (compatible; AhrefsBot/6.1; +http://ahrefs.com/robot/)"
66.249.79.98 - - [02/Jan/2020:08:00:45 +0800] "GET /robots.txt HTTP/1.1" 200 24 "-" "Mozilla/5.0 (compatible; Googlebot/2.1; +http://www.google.com/bot.html)"
66.249.79.101 - - [02/Jan/2020:08:00:45 +0800] "GET /mip47/ HTTP/1.1" 200 4504 "-" "Mozilla/5.0 (Linux; Android 6.0.1; Nexus 5X Build/MMB29P) AppleWebKit/537.36 (KHTML, like Gecko) Chrome/41.0.2272.96 Mobile Safari/537.36 (compatible; Googlebot/2.1; +http://www.google.com/bot.html)"
66.249.79.98 - - [02/Jan/2020:09:40:37 +0800] "GET /mip9/ HTTP/1.1" 200 5283 "-" "Mozilla/5.0 (Linux; Android 6.0.1; Nexus 5X Build/MMB29P) AppleWebKit/537.36 (KHTML, like Gecko) Chrome/41.0.2272.96 Mobile Safari/537.36 (compatible; Googlebot/2.1; +http://www.google.com/bot.html)"
5.196.87.177 - - [02/Jan/2020:09:43:07 +0800] "GET /mip191.xml HTTP/1.1" 200 4569 "-" "Mozilla/5.0 (compatible; AhrefsBot/6.1; +http://ahrefs.com/robot/)"
151.80.39.71 - - [02/Jan/2020:09:43:18 +0800] "GET /mip192.xml HTTP/1.1" 200 7181 "-" "Mozilla/5.0 (compatible; AhrefsBot/6.1; +http://ahrefs.com/robot/)"
151.80.39.139 - - [02/Jan/2020:09:43:29 +0800] "GET /mip193/ HTTP/1.1" 200 5228 "-" "Mozilla/5.0 (compatible; AhrefsBot/6.1; +http://ahrefs.com/robot/)"
151.80.39.68 - - [02/Jan/2020:09:43:42 +0800] "GET /mip194/ HTTP/1.1" 200 4836 "-" "Mozilla/5.0 (compatible; AhrefsBot/6.1; +http://ahrefs.com/robot/)"
151.80.39.210 - - [02/Jan/2020:09:43:54 +0800] "GET /mip195/ HTTP/1.1" 200 10161 "-" "Mozilla/5.0 (compatible; AhrefsBot/6.1; +http://ahrefs.com/robot/)"
151.80.39.238 - - [02/Jan/2020:09:44:17 +0800] "GET /mip196/ HTTP/1.1" 200 5505 "-" "Mozilla/5.0 (compatible; AhrefsBot/6.1; +http://ahrefs.com/robot/)"
5.196.87.177 - - [02/Jan/2020:09:44:39 +0800] "GET /mip197/ HTTP/1.1" 200 4669 "-" "Mozilla/5.0 (compatible; AhrefsBot/6.1; +http://ahrefs.com/robot/)"
151.80.39.71 - - [02/Jan/2020:09:44:57 +0800] "GET /mip198/ HTTP/1.1" 200 7029 "-" "Mozilla/5.0 (compatible; AhrefsBot/6.1; +http://ahrefs.com/robot/)"
5.196.87.131 - - [02/Jan/2020:09:45:14 +0800] "GET /mip199/ HTTP/1.1" 200 5679 "-" "Mozilla/5.0 (compatible; AhrefsBot/6.1; +http://ahrefs.com/robot/)"
46.229.168.154 - - [02/Jan/2020:10:03:23 +0800] "GET /robots.txt HTTP/1.1" 200 24 "-" "Mozilla/5.0 (compatible; SemrushBot/6~bl; +http://www.semrush.com/bot.html)"
46.229.168.145 - - [02/Jan/2020:10:03:23 +0800] "GET /tag/qiyexinwen/ HTTP/1.1" 200 5402 "-" "Mozilla/5.0 (compatible; SemrushBot/6~bl; +http://www.semrush.com/bot.html)"
34.73.147.235 - - [02/Jan/2020:11:07:19 +0800] "GET /robots.txt HTTP/1.0" 200 24 "-" "ZoominfoBot (zoominfobot at zoominfo dot com)"
34.73.147.235 - - [02/Jan/2020:11:07:19 +0800] "GET /mip176/ HTTP/1.0" 200 5714 "-" "ZoominfoBot (zoominfobot at zoominfo dot com)"
34.73.147.235 - - [02/Jan/2020:11:07:20 +0800] "GET /mip170/ HTTP/1.0" 200 6832 "-" "ZoominfoBot (zoominfobot at zoominfo dot com)"
34.73.147.235 - - [02/Jan/2020:11:07:24 +0800] "GET /mip197/ HTTP/1.0" 200 4667 "-" "ZoominfoBot (zoominfobot at zoominfo dot com)"
34.73.147.235 - - [02/Jan/2020:11:09:27 +0800] "GET /kefuzaixian/ HTTP/1.0" 200 5016 "-" "ZoominfoBot (zoominfobot at zoominfo dot com)"
34.73.147.235 - - [02/Jan/2020:11:09:38 +0800] "GET /mip187/ HTTP/1.0" 200 8611 "-" "ZoominfoBot (zoominfobot at zoominfo dot com)"
34.73.147.235 - - [02/Jan/2020:11:10:49 +0800] "GET /mip181/ HTTP/1.0" 200 6795 "-" "ZoominfoBot (zoominfobot at zoominfo dot com)"
34.73.147.235 - - [02/Jan/2020:11:11:59 +0800] "GET /mip177/ HTTP/1.0" 200 5942 "-" "ZoominfoBot (zoominfobot at zoominfo dot com)"
34.73.147.235 - - [02/Jan/2020:11:12:35 +0800] "GET /wanfatuiguang/ HTTP/1.0" 200 4932 "-" "ZoominfoBot (zoominfobot at zoominfo dot com)"
34.73.147.235 - - [02/Jan/2020:11:13:30 +0800] "GET /mip198/ HTTP/1.0" 200 7031 "-" "ZoominfoBot (zoominfobot at zoominfo dot com)"
34.73.147.235 - - [02/Jan/2020:11:15:53 +0800] "GET /mip188/ HTTP/1.0" 200 7090 "-" "ZoominfoBot (zoominfobot at zoominfo dot com)"
66.249.79.98 - - [02/Jan/2020:11:16:34 +0800] "GET /mip124/ HTTP/1.1" 200 7257 "-" "Mozilla/5.0 (Linux; Android 6.0.1; Nexus 5X Build/MMB29P) AppleWebKit/537.36 (KHTML, like Gecko) Chrome/41.0.2272.96 Mobile Safari/537.36 (compatible; Googlebot/2.1; +http://www.google.com/bot.html)"
66.249.79.101 - - [02/Jan/2020:11:16:35 +0800] "GET /mip87/ HTTP/1.1" 200 6242 "-" "Mozilla/5.0 (Linux; Android 6.0.1; Nexus 5X Build/MMB29P) AppleWebKit/537.36 (KHTML, like Gecko) Chrome/41.0.2272.96 Mobile Safari/537.36 (compatible; Googlebot/2.1; +http://www.google.com/bot.html)"
34.73.147.235 - - [02/Jan/2020:11:17:10 +0800] "GET /mip182/ HTTP/1.0" 200 4924 "-" "ZoominfoBot (zoominfobot at zoominfo dot com)"
34.73.147.235 - - [02/Jan/2020:11:18:11 +0800] "GET /mip178/ HTTP/1.0" 200 5240 "-" "ZoominfoBot (zoominfobot at zoominfo dot com)"
34.73.147.235 - - [02/Jan/2020:11:19:24 +0800] "GET /mip172/ HTTP/1.0" 200 5190 "-" "ZoominfoBot (zoominfobot at zoominfo dot com)"
34.73.147.235 - - [02/Jan/2020:11:19:52 +0800] "GET /mip199/ HTTP/1.0" 200 5679 "-" "ZoominfoBot (zoominfobot at zoominfo dot com)"
34.73.147.235 - - [02/Jan/2020:11:20:56 +0800] "GET /mip193/ HTTP/1.0" 200 5228 "-" "ZoominfoBot (zoominfobot at zoominfo dot com)"
34.73.147.235 - - [02/Jan/2020:11:22:04 +0800] "GET /mip189/ HTTP/1.0" 200 5006 "-" "ZoominfoBot (zoominfobot at zoominfo dot com)"
34.73.147.235 - - [02/Jan/2020:11:23:19 +0800] "GET /mip183/ HTTP/1.0" 200 5365 "-" "ZoominfoBot (zoominfobot at zoominfo dot com)"
34.73.147.235 - - [02/Jan/2020:11:26:52 +0800] "GET /mip194/ HTTP/1.0" 200 4836 "-" "ZoominfoBot (zoominfobot at zoominfo dot com)"
34.73.147.235 - - [02/Jan/2020:11:28:56 +0800] "GET /mip184/ HTTP/1.0" 200 6791 "-" "ZoominfoBot (zoominfobot at zoominfo dot com)"
34.73.147.235 - - [02/Jan/2020:11:30:33 +0800] "GET /youxizixun/ HTTP/1.0" 200 5128 "-" "ZoominfoBot (zoominfobot at zoominfo dot com)"
34.73.147.235 - - [02/Jan/2020:11:31:11 +0800] "GET /mip174/ HTTP/1.0" 200 5449 "-" "ZoominfoBot (zoominfobot at zoominfo dot com)"
34.73.147.235 - - [02/Jan/2020:11:32:51 +0800] "GET /mip195/ HTTP/1.0" 200 10159 "-" "ZoominfoBot (zoominfobot at zoominfo dot com)"
34.73.147.235 - - [02/Jan/2020:11:33:32 +0800] "GET /guanyujituan/ HTTP/1.0" 200 4872 "-" "ZoominfoBot (zoominfobot at zoominfo dot com)"
34.73.147.235 - - [02/Jan/2020:11:37:34 +0800] "GET /mip175/ HTTP/1.0" 200 4829 "-" "ZoominfoBot (zoominfobot at zoominfo dot com)"
34.73.147.235 - - [02/Jan/2020:11:38:27 +0800] "GET /zongcaihuyu/ HTTP/1.0" 200 5055 "-" "ZoominfoBot (zoominfobot at zoominfo dot com)"
34.73.147.235 - - [02/Jan/2020:11:39:17 +0800] "GET /mip196/ HTTP/1.0" 200 5505 "-" "ZoominfoBot (zoominfobot at zoominfo dot com)"
34.73.147.235 - - [02/Jan/2020:11:40:36 +0800] "GET /mip190/ HTTP/1.0" 200 5888 "-" "ZoominfoBot (zoominfobot at zoominfo dot com)"
34.73.147.235 - - [02/Jan/2020:11:41:51 +0800] "GET /mip186/ HTTP/1.0" 200 4695 "-" "ZoominfoBot (zoominfobot at zoominfo dot com)"
34.73.147.235 - - [02/Jan/2020:11:42:56 +0800] "GET /mip180/ HTTP/1.0" 200 5104 "-" "ZoominfoBot (zoominfobot at zoominfo dot com)"
66.249.79.126 - - [02/Jan/2020:11:46:26 +0800] "GET /mip25/ HTTP/1.1" 200 5774 "-" "Mozilla/5.0 (Linux; Android 6.0.1; Nexus 5X Build/MMB29P) AppleWebKit/537.36 (KHTML, like Gecko) Chrome/41.0.2272.96 Mobile Safari/537.36 (compatible; Googlebot/2.1; +http://www.google.com/bot.html)"
66.249.79.98 - - [02/Jan/2020:12:16:32 +0800] "GET /mip13/ HTTP/1.1" 200 5597 "-" "Mozilla/5.0 (Linux; Android 6.0.1; Nexus 5X Build/MMB29P) AppleWebKit/537.36 (KHTML, like Gecko) Chrome/41.0.2272.96 Mobile Safari/537.36 (compatible; Googlebot/2.1; +http://www.google.com/bot.html)"
151.80.39.68 - - [02/Jan/2020:12:44:08 +0800] "GET /tag/niuyuanshuai/ HTTP/1.1" 200 3348 "-" "Mozilla/5.0 (compatible; AhrefsBot/6.1; +http://ahrefs.com/robot/)"
5.196.87.177 - - [02/Jan/2020:12:44:13 +0800] "GET /mip112/ HTTP/1.1" 200 4994 "-" "Mozilla/5.0 (compatible; AhrefsBot/6.1; +http://ahrefs.com/robot/)"
54.36.148.60 - - [02/Jan/2020:12:44:20 +0800] "GET /robots.txt HTTP/1.1" 200 24 "-" "Mozilla/5.0 (compatible; AhrefsBot/6.1; +http://ahrefs.com/robot/)"
5.196.87.131 - - [02/Jan/2020:12:44:21 +0800] "GET / HTTP/1.1" 200 4756 "-" "Mozilla/5.0 (compatible; AhrefsBot/6.1; +http://ahrefs.com/robot/)"
151.80.39.210 - - [02/Jan/2020:12:44:25 +0800] "GET / HTTP/1.1" 301 - "-" "Mozilla/5.0 (compatible; AhrefsBot/6.1; +http://ahrefs.com/robot/)"
151.80.39.238 - - [02/Jan/2020:12:44:27 +0800] "GET /mip150.xml HTTP/1.1" 200 5519 "-" "Mozilla/5.0 (compatible; AhrefsBot/6.1; +http://ahrefs.com/robot/)"
66.249.79.98 - - [02/Jan/2020:12:47:05 +0800] "GET /mip7.xml HTTP/1.1" 200 4747 "-" "Mozilla/5.0 (Linux; Android 6.0.1; Nexus 5X Build/MMB29P) AppleWebKit/537.36 (KHTML, like Gecko) Chrome/41.0.2272.96 Mobile Safari/537.36 (compatible; Googlebot/2.1; +http://www.google.com/bot.html)"
106.11.155.169 - - [02/Jan/2020:13:47:06 +0800] "GET / HTTP/1.1" 301 - "-" "YisouSpider"
106.11.155.169 - - [02/Jan/2020:13:47:09 +0800] "GET / HTTP/1.1" 200 25883 "-" "YisouSpider"
42.120.161.111 - - [02/Jan/2020:13:47:24 +0800] "GET /template/news_16/css/main.css?v=1577944029 HTTP/1.1" 200 2868 "http://www.cmsmov.com/" "Mozilla/5.0 (Windows NT 6.1; Win64; x64) AppleWebKit/537.36 (KHTML, like Gecko) Chrome/69.0.3497.81 YisouSpider/5.0 Safari/537.36"
46.229.168.142 - - [02/Jan/2020:14:24:39 +0800] "GET /robots.txt HTTP/1.1" 200 24 "-" "Mozilla/5.0 (compatible; SemrushBot/6~bl; +http://www.semrush.com/bot.html)"
46.229.168.132 - - [02/Jan/2020:14:24:40 +0800] "GET /mip141/ HTTP/1.1" 200 7014 "-" "Mozilla/5.0 (compatible; SemrushBot/6~bl; +http://www.semrush.com/bot.html)"
5.196.87.177 - - [02/Jan/2020:15:43:06 +0800] "GET /mip151/ HTTP/1.1" 200 8661 "-" "Mozilla/5.0 (compatible; AhrefsBot/6.1; +http://ahrefs.com/robot/)"
151.80.39.210 - - [02/Jan/2020:15:43:11 +0800] "GET /mip154/ HTTP/1.1" 200 6454 "-" "Mozilla/5.0 (compatible; AhrefsBot/6.1; +http://ahrefs.com/robot/)"
151.80.39.49 - - [02/Jan/2020:15:43:20 +0800] "GET /mip155/ HTTP/1.1" 200 6241 "-" "Mozilla/5.0 (compatible; AhrefsBot/6.1; +http://ahrefs.com/robot/)"
151.80.39.71 - - [02/Jan/2020:15:43:21 +0800] "GET /mip156/ HTTP/1.1" 200 5691 "-" "Mozilla/5.0 (compatible; AhrefsBot/6.1; +http://ahrefs.com/robot/)"
151.80.39.49 - - [02/Jan/2020:15:43:24 +0800] "GET /mip157/ HTTP/1.1" 200 4793 "-" "Mozilla/5.0 (compatible; AhrefsBot/6.1; +http://ahrefs.com/robot/)"
66.249.79.101 - - [02/Jan/2020:16:15:13 +0800] "GET /mip15.xml HTTP/1.1" 200 4943 "-" "Mozilla/5.0 (Linux; Android 6.0.1; Nexus 5X Build/MMB29P) AppleWebKit/537.36 (KHTML, like Gecko) Chrome/41.0.2272.96 Mobile Safari/537.36 (compatible; Googlebot/2.1; +http://www.google.com/bot.html)"
34.73.249.163 - - [02/Jan/2020:16:24:25 +0800] "GET /robots.txt HTTP/1.0" 200 24 "-" "ZoominfoBot (zoominfobot at zoominfo dot com)"
34.73.249.163 - - [02/Jan/2020:16:24:25 +0800] "GET /mip176/ HTTP/1.0" 200 5718 "-" "ZoominfoBot (zoominfobot at zoominfo dot com)"
34.73.249.163 - - [02/Jan/2020:16:24:26 +0800] "GET /mip170/ HTTP/1.0" 200 6837 "-" "ZoominfoBot (zoominfobot at zoominfo dot com)"
34.73.249.163 - - [02/Jan/2020:16:24:29 +0800] "GET /mip197/ HTTP/1.0" 200 4667 "-" "ZoominfoBot (zoominfobot at zoominfo dot com)"
34.73.249.163 - - [02/Jan/2020:16:26:28 +0800] "GET /kefuzaixian/ HTTP/1.0" 200 5015 "-" "ZoominfoBot (zoominfobot at zoominfo dot com)"
34.73.249.163 - - [02/Jan/2020:16:26:39 +0800] "GET /mip187/ HTTP/1.0" 200 8615 "-" "ZoominfoBot (zoominfobot at zoominfo dot com)"
34.73.249.163 - - [02/Jan/2020:16:27:55 +0800] "GET /mip181/ HTTP/1.0" 200 6801 "-" "ZoominfoBot (zoominfobot at zoominfo dot com)"
34.73.249.163 - - [02/Jan/2020:16:29:03 +0800] "GET /mip177/ HTTP/1.0" 200 5946 "-" "ZoominfoBot (zoominfobot at zoominfo dot com)"
34.73.249.163 - - [02/Jan/2020:16:29:43 +0800] "GET /wanfatuiguang/ HTTP/1.0" 200 4926 "-" "ZoominfoBot (zoominfobot at zoominfo dot com)"
34.73.249.163 - - [02/Jan/2020:16:30:43 +0800] "GET /mip198/ HTTP/1.0" 200 7033 "-" "ZoominfoBot (zoominfobot at zoominfo dot com)"
34.73.249.163 - - [02/Jan/2020:16:32:54 +0800] "GET /mip188/ HTTP/1.0" 200 7093 "-" "ZoominfoBot (zoominfobot at zoominfo dot com)"
34.73.249.163 - - [02/Jan/2020:16:34:07 +0800] "GET /mip182/ HTTP/1.0" 200 4931 "-" "ZoominfoBot (zoominfobot at zoominfo dot com)"
34.73.249.163 - - [02/Jan/2020:16:35:07 +0800] "GET /mip178/ HTTP/1.0" 200 5243 "-" "ZoominfoBot (zoominfobot at zoominfo dot com)"
66.249.79.98 - - [02/Jan/2020:16:35:34 +0800] "GET /mip120/ HTTP/1.1" 200 4772 "-" "Mozilla/5.0 (Linux; Android 6.0.1; Nexus 5X Build/MMB29P) AppleWebKit/537.36 (KHTML, like Gecko) Chrome/41.0.2272.96 Mobile Safari/537.36 (compatible; Googlebot/2.1; +http://www.google.com/bot.html)"
34.73.249.163 - - [02/Jan/2020:16:36:26 +0800] "GET /mip172/ HTTP/1.0" 200 5194 "-" "ZoominfoBot (zoominfobot at zoominfo dot com)"
34.73.249.163 - - [02/Jan/2020:16:36:50 +0800] "GET /mip199/ HTTP/1.0" 200 5678 "-" "ZoominfoBot (zoominfobot at zoominfo dot com)"
34.73.249.163 - - [02/Jan/2020:16:37:51 +0800] "GET /mip193/ HTTP/1.0" 200 5232 "-" "ZoominfoBot (zoominfobot at zoominfo dot com)"
34.73.249.163 - - [02/Jan/2020:16:39:05 +0800] "GET /mip189/ HTTP/1.0" 200 5006 "-" "ZoominfoBot (zoominfobot at zoominfo dot com)"
34.73.249.163 - - [02/Jan/2020:16:40:30 +0800] "GET /mip183/ HTTP/1.0" 200 5368 "-" "ZoominfoBot (zoominfobot at zoominfo dot com)"
34.73.249.163 - - [02/Jan/2020:16:44:03 +0800] "GET /mip194/ HTTP/1.0" 200 4840 "-" "ZoominfoBot (zoominfobot at zoominfo dot com)"
34.73.249.163 - - [02/Jan/2020:16:46:12 +0800] "GET /mip184/ HTTP/1.0" 200 6794 "-" "ZoominfoBot (zoominfobot at zoominfo dot com)"
34.73.249.163 - - [02/Jan/2020:16:47:46 +0800] "GET /youxizixun/ HTTP/1.0" 200 5116 "-" "ZoominfoBot (zoominfobot at zoominfo dot com)"
34.73.249.163 - - [02/Jan/2020:16:48:20 +0800] "GET /mip174/ HTTP/1.0" 200 5452 "-" "ZoominfoBot (zoominfobot at zoominfo dot com)"
34.73.249.163 - - [02/Jan/2020:16:49:59 +0800] "GET /mip195/ HTTP/1.0" 200 10165 "-" "ZoominfoBot (zoominfobot at zoominfo dot com)"
34.73.249.163 - - [02/Jan/2020:16:50:36 +0800] "GET /guanyujituan/ HTTP/1.0" 200 4876 "-" "ZoominfoBot (zoominfobot at zoominfo dot com)"
34.73.249.163 - - [02/Jan/2020:16:54:35 +0800] "GET /mip175/ HTTP/1.0" 200 4834 "-" "ZoominfoBot (zoominfobot at zoominfo dot com)"
34.73.249.163 - - [02/Jan/2020:16:55:30 +0800] "GET /zongcaihuyu/ HTTP/1.0" 200 4997 "-" "ZoominfoBot (zoominfobot at zoominfo dot com)"
66.249.79.126 - - [02/Jan/2020:16:56:00 +0800] "GET /tag/niudahengxiazai/ HTTP/1.1" 200 2991 "-" "Mozilla/5.0 (Linux; Android 6.0.1; Nexus 5X Build/MMB29P) AppleWebKit/537.36 (KHTML, like Gecko) Chrome/41.0.2272.96 Mobile Safari/537.36 (compatible; Googlebot/2.1; +http://www.google.com/bot.html)"
34.73.249.163 - - [02/Jan/2020:16:56:20 +0800] "GET /mip196/ HTTP/1.0" 200 5508 "-" "ZoominfoBot (zoominfobot at zoominfo dot com)"
34.73.249.163 - - [02/Jan/2020:16:57:32 +0800] "GET /mip190/ HTTP/1.0" 200 5894 "-" "ZoominfoBot (zoominfobot at zoominfo dot com)"
34.73.249.163 - - [02/Jan/2020:16:58:38 +0800] "GET /mip186/ HTTP/1.0" 200 4699 "-" "ZoominfoBot (zoominfobot at zoominfo dot com)"
34.73.249.163 - - [02/Jan/2020:16:59:40 +0800] "GET /mip180/ HTTP/1.0" 200 5110 "-" "ZoominfoBot (zoominfobot at zoominfo dot com)"
66.249.79.98 - - [02/Jan/2020:17:05:57 +0800] "GET /mip19/ HTTP/1.1" 200 5698 "-" "Mozilla/5.0 (Linux; Android 6.0.1; Nexus 5X Build/MMB29P) AppleWebKit/537.36 (KHTML, like Gecko) Chrome/41.0.2272.96 Mobile Safari/537.36 (compatible; Googlebot/2.1; +http://www.google.com/bot.html)"
108.59.8.70 - - [02/Jan/2020:17:07:55 +0800] "GET /robots.txt HTTP/1.1" 200 24 "-" "Mozilla/5.0 (compatible; MJ12bot/v1.4.8; http://mj12bot.com/)"
108.59.8.70 - - [02/Jan/2020:17:07:58 +0800] "GET / HTTP/1.1" 200 4756 "-" "Mozilla/5.0 (compatible; MJ12bot/v1.4.8; http://mj12bot.com/)"
66.249.79.98 - - [02/Jan/2020:17:15:56 +0800] "GET /tag/dahenghuyu/ HTTP/1.1" 200 3808 "-" "Mozilla/5.0 (Linux; Android 6.0.1; Nexus 5X Build/MMB29P) AppleWebKit/537.36 (KHTML, like Gecko) Chrome/41.0.2272.96 Mobile Safari/537.36 (compatible; Googlebot/2.1; +http://www.google.com/bot.html)"
66.249.79.101 - - [02/Jan/2020:17:15:58 +0800] "GET /mip82/ HTTP/1.1" 200 5445 "-" "Mozilla/5.0 (Linux; Android 6.0.1; Nexus 5X Build/MMB29P) AppleWebKit/537.36 (KHTML, like Gecko) Chrome/41.0.2272.96 Mobile Safari/537.36 (compatible; Googlebot/2.1; +http://www.google.com/bot.html)"
66.249.79.98 - - [02/Jan/2020:17:55:39 +0800] "GET /mip11/ HTTP/1.1" 200 5396 "-" "Mozilla/5.0 (Linux; Android 6.0.1; Nexus 5X Build/MMB29P) AppleWebKit/537.36 (KHTML, like Gecko) Chrome/41.0.2272.96 Mobile Safari/537.36 (compatible; Googlebot/2.1; +http://www.google.com/bot.html)"
46.229.168.148 - - [02/Jan/2020:18:32:11 +0800] "GET /robots.txt HTTP/1.1" 200 24 "-" "Mozilla/5.0 (compatible; SemrushBot/6~bl; +http://www.semrush.com/bot.html)"
46.229.168.133 - - [02/Jan/2020:18:32:12 +0800] "GET /mip18/ HTTP/1.1" 200 4950 "-" "Mozilla/5.0 (compatible; SemrushBot/6~bl; +http://www.semrush.com/bot.html)"
66.249.79.101 - - [02/Jan/2020:18:35:53 +0800] "GET /mip51/ HTTP/1.1" 200 4998 "-" "Mozilla/5.0 (Linux; Android 6.0.1; Nexus 5X Build/MMB29P) AppleWebKit/537.36 (KHTML, like Gecko) Chrome/41.0.2272.96 Mobile Safari/537.36 (compatible; Googlebot/2.1; +http://www.google.com/bot.html)"
5.196.87.131 - - [02/Jan/2020:18:44:42 +0800] "GET / HTTP/1.1" 200 4757 "-" "Mozilla/5.0 (compatible; AhrefsBot/6.1; +http://ahrefs.com/robot/)"
151.80.39.238 - - [02/Jan/2020:18:44:49 +0800] "GET / HTTP/1.1" 301 - "-" "Mozilla/5.0 (compatible; AhrefsBot/6.1; +http://ahrefs.com/robot/)"
111.202.101.248 - - [02/Jan/2020:18:44:57 +0800] "GET / HTTP/1.1" 200 4756 "-" "Sogou web spider/4.0(+http://www.sogou.com/docs/help/webmasters.htm#07)"
66.249.79.98 - - [02/Jan/2020:19:05:50 +0800] "GET /mip18/ HTTP/1.1" 200 4951 "-" "Mozilla/5.0 (Linux; Android 6.0.1; Nexus 5X Build/MMB29P) AppleWebKit/537.36 (KHTML, like Gecko) Chrome/41.0.2272.96 Mobile Safari/537.36 (compatible; Googlebot/2.1; +http://www.google.com/bot.html)"
46.229.168.145 - - [02/Jan/2020:19:32:16 +0800] "GET /robots.txt HTTP/1.1" 200 24 "-" "Mozilla/5.0 (compatible; SemrushBot/6~bl; +http://www.semrush.com/bot.html)"
46.229.168.133 - - [02/Jan/2020:19:32:16 +0800] "GET /mip25/ HTTP/1.1" 200 5776 "-" "Mozilla/5.0 (compatible; SemrushBot/6~bl; +http://www.semrush.com/bot.html)"
66.249.79.98 - - [02/Jan/2020:20:36:07 +0800] "GET /mip34/ HTTP/1.1" 200 5770 "-" "Mozilla/5.0 (Linux; Android 6.0.1; Nexus 5X Build/MMB29P) AppleWebKit/537.36 (KHTML, like Gecko) Chrome/41.0.2272.96 Mobile Safari/537.36 (compatible; Googlebot/2.1; +http://www.google.com/bot.html)"
66.249.79.126 - - [02/Jan/2020:21:06:33 +0800] "GET /mip33/ HTTP/1.1" 200 6166 "-" "Mozilla/5.0 (Linux; Android 6.0.1; Nexus 5X Build/MMB29P) AppleWebKit/537.36 (KHTML, like Gecko) Chrome/41.0.2272.96 Mobile Safari/537.36 (compatible; Googlebot/2.1; +http://www.google.com/bot.html)"
106.38.241.144 - - [02/Jan/2020:22:24:29 +0800] "GET / HTTP/1.1" 200 4756 "-" "Sogou web spider/4.0(+http://www.sogou.com/docs/help/webmasters.htm#07)"
106.38.241.128 - - [02/Jan/2020:22:24:37 +0800] "GET /template/news_16/css/main.css?v=1577975069 HTTP/1.1" 200 2868 "-" "Mozilla/4.0 (compatible; MSIE 7.0; Windows NT 6.0; Trident/4.0)"
46.229.168.145 - - [02/Jan/2020:22:34:13 +0800] "GET /robots.txt HTTP/1.1" 200 24 "-" "Mozilla/5.0 (compatible; SemrushBot/6~bl; +http://www.semrush.com/bot.html)"
46.229.168.154 - - [02/Jan/2020:22:34:13 +0800] "GET /mip171/ HTTP/1.1" 200 5517 "-" "Mozilla/5.0 (compatible; SemrushBot/6~bl; +http://www.semrush.com/bot.html)"
66.249.64.194 - - [02/Jan/2020:23:17:20 +0800] "GET /guanyujituan/ HTTP/1.1" 200 4874 "-" "Mozilla/5.0 (Linux; Android 6.0.1; Nexus 5X Build/MMB29P) AppleWebKit/537.36 (KHTML, like Gecko) Chrome/41.0.2272.96 Mobile Safari/537.36 (compatible; Googlebot/2.1; +http://www.google.com/bot.html)"
66.249.64.197 - - [02/Jan/2020:23:43:43 +0800] "GET /mip194/ HTTP/1.1" 200 4840 "-" "Mozilla/5.0 (Linux; Android 6.0.1; Nexus 5X Build/MMB29P) AppleWebKit/537.36 (KHTML, like Gecko) Chrome/41.0.2272.96 Mobile Safari/537.36 (compatible; Googlebot/2.1; +http://www.google.com/bot.html)"
66.249.64.222 - - [02/Jan/2020:23:43:51 +0800] "GET /guanyujituan/index_4.html HTTP/1.1" 200 4339 "-" "Mozilla/5.0 (Linux; Android 6.0.1; Nexus 5X Build/MMB29P) AppleWebKit/537.36 (KHTML, like Gecko) Chrome/41.0.2272.96 Mobile Safari/537.36 (compatible; Googlebot/2.1; +http://www.google.com/bot.html)"
66.249.64.222 - - [02/Jan/2020:23:43:57 +0800] "GET /mip192.xml HTTP/1.1" 200 7185 "-" "Mozilla/5.0 (Linux; Android 6.0.1; Nexus 5X Build/MMB29P) AppleWebKit/537.36 (KHTML, like Gecko) Chrome/41.0.2272.96 Mobile Safari/537.36 (compatible; Googlebot/2.1; +http://www.google.com/bot.html)"
66.249.64.222 - - [02/Jan/2020:23:44:11 +0800] "GET /mip191.xml HTTP/1.1" 200 4574 "-" "Mozilla/5.0 (Linux; Android 6.0.1; Nexus 5X Build/MMB29P) AppleWebKit/537.36 (KHTML, like Gecko) Chrome/41.0.2272.96 Mobile Safari/537.36 (compatible; Googlebot/2.1; +http://www.google.com/bot.html)"
66.249.64.222 - - [02/Jan/2020:23:44:26 +0800] "GET /mip199/ HTTP/1.1" 200 5679 "-" "Mozilla/5.0 (Linux; Android 6.0.1; Nexus 5X Build/MMB29P) AppleWebKit/537.36 (KHTML, like Gecko) Chrome/41.0.2272.96 Mobile Safari/537.36 (compatible; Googlebot/2.1; +http://www.google.com/bot.html)"
66.249.64.222 - - [02/Jan/2020:23:44:40 +0800] "GET /mip193/ HTTP/1.1" 200 5232 "-" "Mozilla/5.0 (Linux; Android 6.0.1; Nexus 5X Build/MMB29P) AppleWebKit/537.36 (KHTML, like Gecko) Chrome/41.0.2272.96 Mobile Safari/537.36 (compatible; Googlebot/2.1; +http://www.google.com/bot.html)"
66.249.64.222 - - [03/Jan/2020:00:15:24 +0800] "GET /guanyujituan/index_3.html HTTP/1.1" 200 4713 "-" "Mozilla/5.0 (Linux; Android 6.0.1; Nexus 5X Build/MMB29P) AppleWebKit/537.36 (KHTML, like Gecko) Chrome/41.0.2272.96 Mobile Safari/537.36 (compatible; Googlebot/2.1; +http://www.google.com/bot.html)"
66.249.64.194 - - [03/Jan/2020:00:17:42 +0800] "GET /mip39/ HTTP/1.1" 200 5410 "-" "Mozilla/5.0 (Linux; Android 6.0.1; Nexus 5X Build/MMB29P) AppleWebKit/537.36 (KHTML, like Gecko) Chrome/41.0.2272.96 Mobile Safari/537.36 (compatible; Googlebot/2.1; +http://www.google.com/bot.html)"
66.249.64.222 - - [03/Jan/2020:00:47:00 +0800] "GET /mip26/ HTTP/1.1" 200 5161 "-" "Mozilla/5.0 (Linux; Android 6.0.1; Nexus 5X Build/MMB29P) AppleWebKit/537.36 (KHTML, like Gecko) Chrome/41.0.2272.96 Mobile Safari/537.36 (compatible; Googlebot/2.1; +http://www.google.com/bot.html)"
66.249.64.222 - - [03/Jan/2020:01:07:11 +0800] "GET /mip54/ HTTP/1.1" 200 5000 "-" "Mozilla/5.0 (Linux; Android 6.0.1; Nexus 5X Build/MMB29P) AppleWebKit/537.36 (KHTML, like Gecko) Chrome/41.0.2272.96 Mobile Safari/537.36 (compatible; Googlebot/2.1; +http://www.google.com/bot.html)"
151.80.39.49 - - [03/Jan/2020:01:11:53 +0800] "GET / HTTP/1.1" 200 4757 "-" "Mozilla/5.0 (compatible; AhrefsBot/6.1; +http://ahrefs.com/robot/)"
151.80.39.71 - - [03/Jan/2020:01:13:08 +0800] "GET / HTTP/1.1" 301 - "-" "Mozilla/5.0 (compatible; AhrefsBot/6.1; +http://ahrefs.com/robot/)"
46.229.168.136 - - [03/Jan/2020:01:26:15 +0800] "GET /robots.txt HTTP/1.1" 200 24 "-" "Mozilla/5.0 (compatible; SemrushBot/6~bl; +http://www.semrush.com/bot.html)"
46.229.168.161 - - [03/Jan/2020:01:26:15 +0800] "GET /mip155/ HTTP/1.1" 200 6242 "-" "Mozilla/5.0 (compatible; SemrushBot/6~bl; +http://www.semrush.com/bot.html)"
66.249.64.194 - - [03/Jan/2020:01:27:07 +0800] "GET /tag/kaixinqipai/ HTTP/1.1" 200 3288 "-" "Mozilla/5.0 (Linux; Android 6.0.1; Nexus 5X Build/MMB29P) AppleWebKit/537.36 (KHTML, like Gecko) Chrome/41.0.2272.96 Mobile Safari/537.36 (compatible; Googlebot/2.1; +http://www.google.com/bot.html)"
66.249.64.222 - - [03/Jan/2020:01:47:28 +0800] "GET /mip42/ HTTP/1.1" 200 4814 "-" "Mozilla/5.0 (Linux; Android 6.0.1; Nexus 5X Build/MMB29P) AppleWebKit/537.36 (KHTML, like Gecko) Chrome/41.0.2272.96 Mobile Safari/537.36 (compatible; Googlebot/2.1; +http://www.google.com/bot.html)"
66.249.64.222 - - [03/Jan/2020:02:27:31 +0800] "GET /mip114.xml HTTP/1.1" 200 4872 "-" "Mozilla/5.0 (compatible; Googlebot/2.1; +http://www.google.com/bot.html)"
66.249.64.222 - - [03/Jan/2020:02:37:49 +0800] "GET /tag/dalaolianmeng/ HTTP/1.1" 200 4726 "-" "Mozilla/5.0 (Linux; Android 6.0.1; Nexus 5X Build/MMB29P) AppleWebKit/537.36 (KHTML, like Gecko) Chrome/41.0.2272.96 Mobile Safari/537.36 (compatible; Googlebot/2.1; +http://www.google.com/bot.html)"
66.249.64.197 - - [03/Jan/2020:02:47:50 +0800] "GET /tag/laobanhuyuxiazai/ HTTP/1.1" 200 2991 "-" "Mozilla/5.0 (Linux; Android 6.0.1; Nexus 5X Build/MMB29P) AppleWebKit/537.36 (KHTML, like Gecko) Chrome/41.0.2272.96 Mobile Safari/537.36 (compatible; Googlebot/2.1; +http://www.google.com/bot.html)"
46.229.168.130 - - [03/Jan/2020:03:16:48 +0800] "GET /robots.txt HTTP/1.1" 200 24 "-" "Mozilla/5.0 (compatible; SemrushBot/6~bl; +http://www.semrush.com/bot.html)"
46.229.168.130 - - [03/Jan/2020:03:16:49 +0800] "GET /mip21/ HTTP/1.1" 200 6293 "-" "Mozilla/5.0 (compatible; SemrushBot/6~bl; +http://www.semrush.com/bot.html)"
66.249.64.197 - - [03/Jan/2020:03:50:26 +0800] "GET /mip10/ HTTP/1.1" 200 4880 "-" "Mozilla/5.0 (Linux; Android 6.0.1; Nexus 5X Build/MMB29P) AppleWebKit/537.36 (KHTML, like Gecko) Chrome/41.0.2272.96 Mobile Safari/537.36 (compatible; Googlebot/2.1; +http://www.google.com/bot.html)"
46.229.168.161 - - [03/Jan/2020:04:29:15 +0800] "GET /robots.txt HTTP/1.1" 200 24 "-" "Mozilla/5.0 (compatible; SemrushBot/6~bl; +http://www.semrush.com/bot.html)"
46.229.168.149 - - [03/Jan/2020:04:29:15 +0800] "GET /mip87/ HTTP/1.1" 200 6246 "-" "Mozilla/5.0 (compatible; SemrushBot/6~bl; +http://www.semrush.com/bot.html)"
46.229.168.131 - - [03/Jan/2020:04:59:56 +0800] "GET /robots.txt HTTP/1.1" 200 24 "-" "Mozilla/5.0 (compatible; SemrushBot/6~bl; +http://www.semrush.com/bot.html)"
46.229.168.144 - - [03/Jan/2020:04:59:56 +0800] "GET /mip170/ HTTP/1.1" 200 6838 "-" "Mozilla/5.0 (compatible; SemrushBot/6~bl; +http://www.semrush.com/bot.html)"
66.249.64.197 - - [03/Jan/2020:05:11:28 +0800] "GET /mip62/ HTTP/1.1" 200 5730 "-" "Mozilla/5.0 (Linux; Android 6.0.1; Nexus 5X Build/MMB29P) AppleWebKit/537.36 (KHTML, like Gecko) Chrome/41.0.2272.96 Mobile Safari/537.36 (compatible; Googlebot/2.1; +http://www.google.com/bot.html)"
46.229.168.148 - - [03/Jan/2020:05:23:57 +0800] "GET /robots.txt HTTP/1.1" 200 24 "-" "Mozilla/5.0 (compatible; SemrushBot/6~bl; +http://www.semrush.com/bot.html)"
46.229.168.134 - - [03/Jan/2020:05:23:58 +0800] "GET /mip140/ HTTP/1.1" 200 6051 "-" "Mozilla/5.0 (compatible; SemrushBot/6~bl; +http://www.semrush.com/bot.html)"
66.249.64.194 - - [03/Jan/2020:05:41:40 +0800] "GET /tag/koudaiqipai/ HTTP/1.1" 200 3317 "-" "Mozilla/5.0 (Linux; Android 6.0.1; Nexus 5X Build/MMB29P) AppleWebKit/537.36 (KHTML, like Gecko) Chrome/41.0.2272.96 Mobile Safari/537.36 (compatible; Googlebot/2.1; +http://www.google.com/bot.html)"
162.210.196.130 - - [03/Jan/2020:06:09:31 +0800] "GET /robots.txt HTTP/1.1" 200 24 "-" "Mozilla/5.0 (compatible; MJ12bot/v1.4.8; http://mj12bot.com/)"
162.210.196.130 - - [03/Jan/2020:06:09:48 +0800] "GET / HTTP/1.1" 301 - "-" "Mozilla/5.0 (compatible; MJ12bot/v1.4.8; http://mj12bot.com/)"
162.210.196.130 - - [03/Jan/2020:06:09:51 +0800] "GET /robots.txt HTTP/1.1" 200 24 "-" "Mozilla/5.0 (compatible; MJ12bot/v1.4.8; http://mj12bot.com/)"
162.210.196.130 - - [03/Jan/2020:06:09:53 +0800] "GET / HTTP/1.1" 200 4754 "-" "Mozilla/5.0 (compatible; MJ12bot/v1.4.8; http://mj12bot.com/)"
5.196.87.131 - - [03/Jan/2020:06:46:08 +0800] "GET / HTTP/1.1" 200 4755 "-" "Mozilla/5.0 (compatible; AhrefsBot/6.1; +http://ahrefs.com/robot/)"
66.249.64.197 - - [03/Jan/2020:07:15:15 +0800] "GET /mip35/ HTTP/1.1" 200 5640 "-" "Mozilla/5.0 (Linux; Android 6.0.1; Nexus 5X Build/MMB29P) AppleWebKit/537.36 (KHTML, like Gecko) Chrome/41.0.2272.96 Mobile Safari/537.36 (compatible; Googlebot/2.1; +http://www.google.com/bot.html)"
45.137.184.71 - - [03/Jan/2020:07:26:39 +0800] "GET / HTTP/1.1" 200 4756 "http://subfibrous.best/" "Mozilla/5.0 (Windows NT 10.0; rv:68.0) Gecko/20100101 Firefox/68.0"
66.249.64.194 - - [03/Jan/2020:07:35:27 +0800] "GET /mip59/ HTTP/1.1" 200 5364 "-" "Mozilla/5.0 (Linux; Android 6.0.1; Nexus 5X Build/MMB29P) AppleWebKit/537.36 (KHTML, like Gecko) Chrome/41.0.2272.96 Mobile Safari/537.36 (compatible; Googlebot/2.1; +http://www.google.com/bot.html)"
66.249.64.222 - - [03/Jan/2020:07:45:36 +0800] "GET /mip103.xml HTTP/1.1" 200 5279 "-" "Mozilla/5.0 (Linux; Android 6.0.1; Nexus 5X Build/MMB29P) AppleWebKit/537.36 (KHTML, like Gecko) Chrome/41.0.2272.96 Mobile Safari/537.36 (compatible; Googlebot/2.1; +http://www.google.com/bot.html)"
66.249.64.222 - - [03/Jan/2020:07:55:35 +0800] "GET /mip107/ HTTP/1.1" 200 4628 "-" "Mozilla/5.0 (Linux; Android 6.0.1; Nexus 5X Build/MMB29P) AppleWebKit/537.36 (KHTML, like Gecko) Chrome/41.0.2272.96 Mobile Safari/537.36 (compatible; Googlebot/2.1; +http://www.google.com/bot.html)"
46.229.168.161 - - [03/Jan/2020:08:38:39 +0800] "GET /robots.txt HTTP/1.1" 200 24 "-" "Mozilla/5.0 (compatible; SemrushBot/6~bl; +http://www.semrush.com/bot.html)"
46.229.168.148 - - [03/Jan/2020:08:38:40 +0800] "GET /mip126/ HTTP/1.1" 200 8615 "-" "Mozilla/5.0 (compatible; SemrushBot/6~bl; +http://www.semrush.com/bot.html)"
46.229.168.137 - - [03/Jan/2020:08:50:47 +0800] "GET /mip98/ HTTP/1.1" 200 4887 "-" "Mozilla/5.0 (compatible; SemrushBot/6~bl; +http://www.semrush.com/bot.html)"
66.249.64.197 - - [03/Jan/2020:09:16:12 +0800] "GET /robots.txt HTTP/1.1" 200 24 "-" "Mozilla/5.0 (compatible; Googlebot/2.1; +http://www.google.com/bot.html)"
66.249.64.197 - - [03/Jan/2020:09:16:12 +0800] "GET /mip71.xml HTTP/1.1" 200 7070 "-" "Mozilla/5.0 (Linux; Android 6.0.1; Nexus 5X Build/MMB29P) AppleWebKit/537.36 (KHTML, like Gecko) Chrome/41.0.2272.96 Mobile Safari/537.36 (compatible; Googlebot/2.1; +http://www.google.com/bot.html)"
151.80.39.68 - - [03/Jan/2020:09:47:09 +0800] "GET / HTTP/1.1" 301 - "-" "Mozilla/5.0 (compatible; AhrefsBot/6.1; +http://ahrefs.com/robot/)"
66.249.64.197 - - [03/Jan/2020:09:56:13 +0800] "GET /mip129.xml HTTP/1.1" 200 4592 "-" "Mozilla/5.0 (Linux; Android 6.0.1; Nexus 5X Build/MMB29P) AppleWebKit/537.36 (KHTML, like Gecko) Chrome/41.0.2272.96 Mobile Safari/537.36 (compatible; Googlebot/2.1; +http://www.google.com/bot.html)"
66.249.64.197 - - [03/Jan/2020:10:16:24 +0800] "GET /tag/laobanhuyudaili/ HTTP/1.1" 200 3842 "-" "Mozilla/5.0 (compatible; Googlebot/2.1; +http://www.google.com/bot.html)"
157.55.39.254 - - [03/Jan/2020:11:56:48 +0800] "GET / HTTP/1.1" 200 4753 "-" "Mozilla/5.0 (compatible; bingbot/2.0; +http://www.bing.com/bingbot.htm)"
54.36.149.35 - - [03/Jan/2020:12:43:13 +0800] "GET /robots.txt HTTP/1.1" 200 24 "-" "Mozilla/5.0 (compatible; AhrefsBot/6.1; +http://ahrefs.com/robot/)"
151.80.39.68 - - [03/Jan/2020:12:43:18 +0800] "GET / HTTP/1.1" 200 4754 "-" "Mozilla/5.0 (compatible; AhrefsBot/6.1; +http://ahrefs.com/robot/)"
46.229.168.137 - - [03/Jan/2020:12:48:19 +0800] "GET /robots.txt HTTP/1.1" 200 24 "-" "Mozilla/5.0 (compatible; SemrushBot/6~bl; +http://www.semrush.com/bot.html)"
46.229.168.162 - - [03/Jan/2020:12:48:19 +0800] "GET /mip76/ HTTP/1.1" 200 5551 "-" "Mozilla/5.0 (compatible; SemrushBot/6~bl; +http://www.semrush.com/bot.html)"
42.236.10.83 - - [03/Jan/2020:13:15:27 +0800] "GET / HTTP/1.1" 200 4754 "http://www.cmsmov.com/" "Mozilla/5.0 (Windows NT 6.1; WOW64) AppleWebKit/537.36 (KHTML, like Gecko) Chrome/50.0.2661.102 Safari/537.36; 360Spider"
35.185.23.29 - - [03/Jan/2020:14:48:49 +0800] "GET /robots.txt HTTP/1.0" 200 24 "-" "ZoominfoBot (zoominfobot at zoominfo dot com)"
35.185.23.29 - - [03/Jan/2020:14:48:49 +0800] "GET /mip176/ HTTP/1.0" 200 5718 "-" "ZoominfoBot (zoominfobot at zoominfo dot com)"
35.185.23.29 - - [03/Jan/2020:14:48:50 +0800] "GET /mip170/ HTTP/1.0" 200 6829 "-" "ZoominfoBot (zoominfobot at zoominfo dot com)"
35.185.23.29 - - [03/Jan/2020:14:48:54 +0800] "GET /mip197/ HTTP/1.0" 200 4696 "-" "ZoominfoBot (zoominfobot at zoominfo dot com)"
46.229.168.148 - - [03/Jan/2020:14:50:56 +0800] "GET /robots.txt HTTP/1.1" 200 24 "-" "Mozilla/5.0 (compatible; SemrushBot/6~bl; +http://www.semrush.com/bot.html)"
46.229.168.139 - - [03/Jan/2020:14:50:56 +0800] "GET /mip178/ HTTP/1.1" 200 5272 "-" "Mozilla/5.0 (compatible; SemrushBot/6~bl; +http://www.semrush.com/bot.html)"
35.185.23.29 - - [03/Jan/2020:14:51:04 +0800] "GET /kefuzaixian/ HTTP/1.0" 200 5017 "-" "ZoominfoBot (zoominfobot at zoominfo dot com)"
35.185.23.29 - - [03/Jan/2020:14:51:18 +0800] "GET /mip187/ HTTP/1.0" 200 8641 "-" "ZoominfoBot (zoominfobot at zoominfo dot com)"
35.185.23.29 - - [03/Jan/2020:14:52:39 +0800] "GET /mip181/ HTTP/1.0" 200 6825 "-" "ZoominfoBot (zoominfobot at zoominfo dot com)"
35.185.23.29 - - [03/Jan/2020:14:54:00 +0800] "GET /mip177/ HTTP/1.0" 200 5970 "-" "ZoominfoBot (zoominfobot at zoominfo dot com)"
35.185.23.29 - - [03/Jan/2020:14:54:45 +0800] "GET /wanfatuiguang/ HTTP/1.0" 200 4911 "-" "ZoominfoBot (zoominfobot at zoominfo dot com)"
35.185.23.29 - - [03/Jan/2020:14:55:48 +0800] "GET /mip198/ HTTP/1.0" 200 7059 "-" "ZoominfoBot (zoominfobot at zoominfo dot com)"
35.185.23.29 - - [03/Jan/2020:14:58:27 +0800] "GET /mip188/ HTTP/1.0" 200 7120 "-" "ZoominfoBot (zoominfobot at zoominfo dot com)"
35.185.23.29 - - [03/Jan/2020:14:59:48 +0800] "GET /mip182/ HTTP/1.0" 200 4958 "-" "ZoominfoBot (zoominfobot at zoominfo dot com)"
35.185.23.29 - - [03/Jan/2020:15:01:00 +0800] "GET /mip178/ HTTP/1.0" 200 5233 "-" "ZoominfoBot (zoominfobot at zoominfo dot com)"
35.185.23.29 - - [03/Jan/2020:15:02:32 +0800] "GET /mip172/ HTTP/1.0" 200 5215 "-" "ZoominfoBot (zoominfobot at zoominfo dot com)"
35.185.23.29 - - [03/Jan/2020:15:02:57 +0800] "GET /mip199/ HTTP/1.0" 200 5704 "-" "ZoominfoBot (zoominfobot at zoominfo dot com)"
35.185.23.29 - - [03/Jan/2020:15:04:07 +0800] "GET /mip193/ HTTP/1.0" 200 5255 "-" "ZoominfoBot (zoominfobot at zoominfo dot com)"
35.185.23.29 - - [03/Jan/2020:15:05:15 +0800] "GET /mip189/ HTTP/1.0" 200 5030 "-" "ZoominfoBot (zoominfobot at zoominfo dot com)"
35.185.23.29 - - [03/Jan/2020:15:06:24 +0800] "GET /mip183/ HTTP/1.0" 200 5394 "-" "ZoominfoBot (zoominfobot at zoominfo dot com)"
35.185.23.29 - - [03/Jan/2020:15:10:07 +0800] "GET /mip194/ HTTP/1.0" 200 4863 "-" "ZoominfoBot (zoominfobot at zoominfo dot com)"
35.185.23.29 - - [03/Jan/2020:15:12:06 +0800] "GET /mip184/ HTTP/1.0" 200 6817 "-" "ZoominfoBot (zoominfobot at zoominfo dot com)"
35.185.23.29 - - [03/Jan/2020:15:13:34 +0800] "GET /youxizixun/ HTTP/1.0" 200 5116 "-" "ZoominfoBot (zoominfobot at zoominfo dot com)"
35.185.23.29 - - [03/Jan/2020:15:14:11 +0800] "GET /mip174/ HTTP/1.0" 200 5472 "-" "ZoominfoBot (zoominfobot at zoominfo dot com)"
35.185.23.29 - - [03/Jan/2020:15:15:39 +0800] "GET /mip195/ HTTP/1.0" 200 10191 "-" "ZoominfoBot (zoominfobot at zoominfo dot com)"
35.185.23.29 - - [03/Jan/2020:15:16:14 +0800] "GET /guanyujituan/ HTTP/1.0" 200 4870 "-" "ZoominfoBot (zoominfobot at zoominfo dot com)"
35.185.23.29 - - [03/Jan/2020:15:19:55 +0800] "GET /mip175/ HTTP/1.0" 200 4858 "-" "ZoominfoBot (zoominfobot at zoominfo dot com)"
35.185.23.29 - - [03/Jan/2020:15:20:44 +0800] "GET /zongcaihuyu/ HTTP/1.0" 200 4995 "-" "ZoominfoBot (zoominfobot at zoominfo dot com)"
35.185.23.29 - - [03/Jan/2020:15:21:30 +0800] "GET /mip196/ HTTP/1.0" 200 5531 "-" "ZoominfoBot (zoominfobot at zoominfo dot com)"
35.185.23.29 - - [03/Jan/2020:15:22:41 +0800] "GET /mip190/ HTTP/1.0" 200 5912 "-" "ZoominfoBot (zoominfobot at zoominfo dot com)"
35.185.23.29 - - [03/Jan/2020:15:23:43 +0800] "GET /mip186/ HTTP/1.0" 200 4722 "-" "ZoominfoBot (zoominfobot at zoominfo dot com)"
35.185.23.29 - - [03/Jan/2020:15:24:42 +0800] "GET /mip180/ HTTP/1.0" 200 5132 "-" "ZoominfoBot (zoominfobot at zoominfo dot com)"
46.229.168.134 - - [03/Jan/2020:15:43:06 +0800] "GET /robots.txt HTTP/1.1" 200 24 "-" "Mozilla/5.0 (compatible; SemrushBot/6~bl; +http://www.semrush.com/bot.html)"
46.229.168.133 - - [03/Jan/2020:15:43:06 +0800] "GET /tag/mingxingyule/ HTTP/1.1" 200 5496 "-" "Mozilla/5.0 (compatible; SemrushBot/6~bl; +http://www.semrush.com/bot.html)"
151.80.39.68 - - [03/Jan/2020:15:45:53 +0800] "GET / HTTP/1.1" 301 - "-" "Mozilla/5.0 (compatible; AhrefsBot/6.1; +http://ahrefs.com/robot/)"
46.229.168.133 - - [03/Jan/2020:16:28:34 +0800] "GET /robots.txt HTTP/1.1" 200 24 "-" "Mozilla/5.0 (compatible; SemrushBot/6~bl; +http://www.semrush.com/bot.html)"
46.229.168.151 - - [03/Jan/2020:16:28:34 +0800] "GET /mip146/ HTTP/1.1" 200 6031 "-" "Mozilla/5.0 (compatible; SemrushBot/6~bl; +http://www.semrush.com/bot.html)"
66.249.64.222 - - [03/Jan/2020:17:49:33 +0800] "GET /mip198/ HTTP/1.1" 200 7060 "-" "Mozilla/5.0 (Linux; Android 6.0.1; Nexus 5X Build/MMB29P) AppleWebKit/537.36 (KHTML, like Gecko) Chrome/41.0.2272.96 Mobile Safari/537.36 (compatible; Googlebot/2.1; +http://www.google.com/bot.html)"
66.249.64.194 - - [03/Jan/2020:17:52:01 +0800] "GET /mip196/ HTTP/1.1" 200 5532 "-" "Mozilla/5.0 (Linux; Android 6.0.1; Nexus 5X Build/MMB29P) AppleWebKit/537.36 (KHTML, like Gecko) Chrome/41.0.2272.96 Mobile Safari/537.36 (compatible; Googlebot/2.1; +http://www.google.com/bot.html)"
66.249.64.222 - - [03/Jan/2020:17:54:36 +0800] "GET /mip195/ HTTP/1.1" 200 10191 "-" "Mozilla/5.0 (Linux; Android 6.0.1; Nexus 5X Build/MMB29P) AppleWebKit/537.36 (KHTML, like Gecko) Chrome/41.0.2272.96 Mobile Safari/537.36 (compatible; Googlebot/2.1; +http://www.google.com/bot.html)"
66.249.64.197 - - [03/Jan/2020:17:57:28 +0800] "GET /mip197/ HTTP/1.1" 200 4694 "-" "Mozilla/5.0 (Linux; Android 6.0.1; Nexus 5X Build/MMB29P) AppleWebKit/537.36 (KHTML, like Gecko) Chrome/41.0.2272.96 Mobile Safari/537.36 (compatible; Googlebot/2.1; +http://www.google.com/bot.html)"
5.196.87.177 - - [03/Jan/2020:18:48:13 +0800] "GET / HTTP/1.1" 200 4689 "-" "Mozilla/5.0 (compatible; AhrefsBot/6.1; +http://ahrefs.com/robot/)"
45.122.138.79 - - [03/Jan/2020:19:53:27 +0800] "GET /bakiimip.php?pw=mip HTTP/1.1" 200 687 "-" "Mozilla/4.0 (compatible; MSIE 7.0; Windows NT 6.1; WOW64; Trident/7.0; SLCC2; .NET CLR 2.0.50727; .NET CLR 3.5.30729; .NET CLR 3.0.30729; .NET4.0C; .NET4.0E)"
45.122.138.79 - - [03/Jan/2020:19:53:28 +0800] "POST /collect/ApiUserHuochetou/articleAdd HTTP/1.1" 200 78 "http://www.cmsmov.com/bakiimip.php?pw=mip" "Mozilla/4.0 (compatible; MSIE 7.0; Windows NT 6.1; WOW64; Trident/7.0; SLCC2; .NET CLR 2.0.50727; .NET CLR 3.5.30729; .NET CLR 3.0.30729; .NET4.0C; .NET4.0E)"
45.122.138.79 - - [03/Jan/2020:19:54:35 +0800] "GET /bakiimip.php?pw=mip HTTP/1.1" 200 687 "-" "Mozilla/4.0 (compatible; MSIE 7.0; Windows NT 6.1; WOW64; Trident/7.0; SLCC2; .NET CLR 2.0.50727; .NET CLR 3.5.30729; .NET CLR 3.0.30729; .NET4.0C; .NET4.0E)"
45.122.138.79 - - [03/Jan/2020:19:55:15 +0800] "GET /bakiimip.php?pw=mip HTTP/1.1" 200 687 "-" "Mozilla/4.0 (compatible; MSIE 7.0; Windows NT 6.1; WOW64; Trident/7.0; SLCC2; .NET CLR 2.0.50727; .NET CLR 3.5.30729; .NET CLR 3.0.30729; .NET4.0C; .NET4.0E)"
45.122.138.79 - - [03/Jan/2020:19:55:17 +0800] "POST /collect/ApiUserHuochetou/articleAdd HTTP/1.1" 200 26 "http://www.cmsmov.com/bakiimip.php?pw=mip" "Mozilla/4.0 (compatible; MSIE 7.0; Windows NT 6.1; WOW64; Trident/7.0; SLCC2; .NET CLR 2.0.50727; .NET CLR 3.5.30729; .NET CLR 3.0.30729; .NET4.0C; .NET4.0E)"
45.122.138.79 - - [03/Jan/2020:19:55:35 +0800] "GET /bakiimip.php?pw=mip HTTP/1.1" 200 687 "-" "Mozilla/4.0 (compatible; MSIE 7.0; Windows NT 6.1; WOW64; Trident/7.0; SLCC2; .NET CLR 2.0.50727; .NET CLR 3.5.30729; .NET CLR 3.0.30729; .NET4.0C; .NET4.0E)"
45.122.138.79 - - [03/Jan/2020:19:55:36 +0800] "POST /collect/ApiUserHuochetou/articleAdd HTTP/1.1" 200 26 "http://www.cmsmov.com/bakiimip.php?pw=mip" "Mozilla/4.0 (compatible; MSIE 7.0; Windows NT 6.1; WOW64; Trident/7.0; SLCC2; .NET CLR 2.0.50727; .NET CLR 3.5.30729; .NET CLR 3.0.30729; .NET4.0C; .NET4.0E)"
45.122.138.79 - - [03/Jan/2020:19:55:55 +0800] "GET /bakiimip.php?pw=mip HTTP/1.1" 200 687 "-" "Mozilla/4.0 (compatible; MSIE 7.0; Windows NT 6.1; WOW64; Trident/7.0; SLCC2; .NET CLR 2.0.50727; .NET CLR 3.5.30729; .NET CLR 3.0.30729; .NET4.0C; .NET4.0E)"
45.122.138.79 - - [03/Jan/2020:19:55:56 +0800] "POST /collect/ApiUserHuochetou/articleAdd HTTP/1.1" 200 26 "http://www.cmsmov.com/bakiimip.php?pw=mip" "Mozilla/4.0 (compatible; MSIE 7.0; Windows NT 6.1; WOW64; Trident/7.0; SLCC2; .NET CLR 2.0.50727; .NET CLR 3.5.30729; .NET CLR 3.0.30729; .NET4.0C; .NET4.0E)"
157.55.39.33 - - [03/Jan/2020:20:15:44 +0800] "GET /robots.txt HTTP/1.1" 200 24 "-" "Mozilla/5.0 (compatible; bingbot/2.0; +http://www.bing.com/bingbot.htm)"
207.46.13.195 - - [03/Jan/2020:20:16:40 +0800] "GET /services.htm HTTP/1.1" 404 564 "-" "Mozilla/5.0 (compatible; bingbot/2.0; +http://www.bing.com/bingbot.htm)"
54.36.148.227 - - [03/Jan/2020:21:28:16 +0800] "GET /robots.txt HTTP/1.1" 200 24 "-" "Mozilla/5.0 (compatible; AhrefsBot/6.1; +http://ahrefs.com/robot/)"
193.169.52.39 - - [03/Jan/2020:21:33:18 +0800] "GET / HTTP/1.1" 301 - "-" "Mozilla/5.0 (X11; Linux x86_64) AppleWebKit/537.36 (KHTML, like Gecko) Chrome/34.0.1847.132 Safari/537.36"
193.169.52.39 - - [03/Jan/2020:21:33:19 +0800] "GET / HTTP/1.1" 200 4760 "-" "Mozilla/5.0 (X11; Linux x86_64) AppleWebKit/537.36 (KHTML, like Gecko) Chrome/34.0.1847.132 Safari/537.36"
151.80.39.238 - - [03/Jan/2020:21:44:05 +0800] "GET / HTTP/1.1" 301 - "-" "Mozilla/5.0 (compatible; AhrefsBot/6.1; +http://ahrefs.com/robot/)"
49.7.20.136 - - [03/Jan/2020:22:16:33 +0800] "GET / HTTP/1.1" 200 4760 "-" "Sogou web spider/4.0(+http://www.sogou.com/docs/help/webmasters.htm#07)"
151.80.39.139 - - [04/Jan/2020:00:43:33 +0800] "GET / HTTP/1.1" 200 4759 "-" "Mozilla/5.0 (compatible; AhrefsBot/6.1; +http://ahrefs.com/robot/)"
123.126.68.124 - - [04/Jan/2020:01:02:15 +0800] "GET /robots.txt HTTP/1.1" 200 24 "-" "Sogou web spider/4.0(+http://www.sogou.com/docs/help/webmasters.htm#07)"
58.250.125.130 - - [04/Jan/2020:01:36:36 +0800] "GET / HTTP/1.1" 200 4760 "-" "Sogou web spider/4.0(+http://www.sogou.com/docs/help/webmasters.htm#07)"
106.38.241.128 - - [04/Jan/2020:01:36:44 +0800] "GET /template/news_16/css/main.css?v=1578072996 HTTP/1.1" 200 2868 "-" "Mozilla/4.0 (compatible; MSIE 7.0; Windows NT 6.0; Trident/4.0)"
123.126.68.124 - - [04/Jan/2020:02:33:37 +0800] "GET / HTTP/1.1" 200 4759 "http://www.sogou.com/web?query=site%3Awww.cmsmov.com" "Mozilla/5.0 (Windows NT 6.1; Win64; x64) AppleWebKit/537.36 (KHTML, like Gecko) Chrome/74.0.3729.169 Safari/537.36"
183.36.115.12 - - [04/Jan/2020:02:33:43 +0800] "GET /template/news_16/css/main.css?v=1578076417 HTTP/1.1" 200 2868 "http://basichttpserverv3.venus.odin.sogou/post?url=http%3A%2F%2Fwww.cmsmov.com%2F" "Mozilla/5.0 (Windows NT 6.1; Win64; x64) AppleWebKit/537.36 (KHTML, like Gecko) Chrome/74.0.3729.169 Safari/537.36"
46.229.168.132 - - [04/Jan/2020:03:32:10 +0800] "GET /robots.txt HTTP/1.1" 200 24 "-" "Mozilla/5.0 (compatible; SemrushBot/6~bl; +http://www.semrush.com/bot.html)"
46.229.168.143 - - [04/Jan/2020:03:32:10 +0800] "GET /mip157/ HTTP/1.1" 200 4808 "-" "Mozilla/5.0 (compatible; SemrushBot/6~bl; +http://www.semrush.com/bot.html)"
151.80.39.139 - - [04/Jan/2020:03:43:41 +0800] "GET / HTTP/1.1" 301 - "-" "Mozilla/5.0 (compatible; AhrefsBot/6.1; +http://ahrefs.com/robot/)"
35.185.81.23 - - [04/Jan/2020:04:20:23 +0800] "GET /robots.txt HTTP/1.0" 200 24 "-" "ZoominfoBot (zoominfobot at zoominfo dot com)"
35.185.81.23 - - [04/Jan/2020:04:20:23 +0800] "GET / HTTP/1.0" 200 4760 "-" "ZoominfoBot (zoominfobot at zoominfo dot com)"
35.185.81.23 - - [04/Jan/2020:04:26:59 +0800] "GET /robots.txt HTTP/1.0" 200 24 "-" "ZoominfoBot (zoominfobot at zoominfo dot com)"
35.185.81.23 - - [04/Jan/2020:04:26:59 +0800] "GET / HTTP/1.0" 301 - "-" "ZoominfoBot (zoominfobot at zoominfo dot com)"
178.154.171.73 - - [04/Jan/2020:05:40:42 +0800] "GET /robots.txt HTTP/1.1" 200 24 "-" "Mozilla/5.0 (compatible; YandexBot/3.0; +http://yandex.com/bots)"
178.154.171.73 - - [04/Jan/2020:05:40:46 +0800] "GET /kefuzaixian/ HTTP/1.1" 200 5017 "-" "Mozilla/5.0 (compatible; YandexBot/3.0; +http://yandex.com/bots)"
162.210.196.130 - - [04/Jan/2020:06:30:32 +0800] "GET /robots.txt HTTP/1.1" 200 24 "-" "Mozilla/5.0 (compatible; MJ12bot/v1.4.8; http://mj12bot.com/)"
162.210.196.130 - - [04/Jan/2020:06:30:36 +0800] "GET / HTTP/1.1" 301 - "-" "Mozilla/5.0 (compatible; MJ12bot/v1.4.8; http://mj12bot.com/)"
162.210.196.130 - - [04/Jan/2020:06:30:42 +0800] "GET /robots.txt HTTP/1.1" 200 24 "-" "Mozilla/5.0 (compatible; MJ12bot/v1.4.8; http://mj12bot.com/)"
162.210.196.130 - - [04/Jan/2020:06:30:47 +0800] "GET / HTTP/1.1" 200 4759 "-" "Mozilla/5.0 (compatible; MJ12bot/v1.4.8; http://mj12bot.com/)"
162.210.196.130 - - [04/Jan/2020:06:30:50 +0800] "GET / HTTP/1.1" 200 4759 "-" "Mozilla/5.0 (compatible; MJ12bot/v1.4.8; http://mj12bot.com/)"
151.80.39.49 - - [04/Jan/2020:06:44:32 +0800] "GET / HTTP/1.1" 200 4759 "-" "Mozilla/5.0 (compatible; AhrefsBot/6.1; +http://ahrefs.com/robot/)"
46.229.168.136 - - [04/Jan/2020:08:32:28 +0800] "GET /robots.txt HTTP/1.1" 200 24 "-" "Mozilla/5.0 (compatible; SemrushBot/6~bl; +http://www.semrush.com/bot.html)"
46.229.168.153 - - [04/Jan/2020:08:32:29 +0800] "GET /mip180/ HTTP/1.1" 200 5187 "-" "Mozilla/5.0 (compatible; SemrushBot/6~bl; +http://www.semrush.com/bot.html)"
151.80.39.71 - - [04/Jan/2020:09:44:00 +0800] "GET / HTTP/1.1" 301 - "-" "Mozilla/5.0 (compatible; AhrefsBot/6.1; +http://ahrefs.com/robot/)"
95.91.74.11 - - [04/Jan/2020:10:28:36 +0800] "GET /robots.txt HTTP/1.1" 200 24 "-" "Mozilla/5.0 (compatible; MJ12bot/v1.4.8; http://mj12bot.com/)"
95.91.74.11 - - [04/Jan/2020:10:28:39 +0800] "GET /mip201/ HTTP/1.1" 200 8880 "-" "Mozilla/5.0 (compatible; MJ12bot/v1.4.8; http://mj12bot.com/)"
35.237.193.171 - - [04/Jan/2020:10:46:04 +0800] "GET /robots.txt HTTP/1.0" 200 24 "-" "ZoominfoBot (zoominfobot at zoominfo dot com)"
35.237.193.171 - - [04/Jan/2020:10:46:04 +0800] "GET /mip202/ HTTP/1.0" 200 5346 "-" "ZoominfoBot (zoominfobot at zoominfo dot com)"
35.237.193.171 - - [04/Jan/2020:10:46:05 +0800] "GET /mip197/ HTTP/1.0" 200 4693 "-" "ZoominfoBot (zoominfobot at zoominfo dot com)"
35.237.193.171 - - [04/Jan/2020:10:48:39 +0800] "GET /kefuzaixian/ HTTP/1.0" 200 5016 "-" "ZoominfoBot (zoominfobot at zoominfo dot com)"
35.237.193.171 - - [04/Jan/2020:10:48:51 +0800] "GET /mip187/ HTTP/1.0" 200 8641 "-" "ZoominfoBot (zoominfobot at zoominfo dot com)"
35.237.193.171 - - [04/Jan/2020:10:50:12 +0800] "GET /mip181/ HTTP/1.0" 200 6913 "-" "ZoominfoBot (zoominfobot at zoominfo dot com)"
35.237.193.171 - - [04/Jan/2020:10:51:25 +0800] "GET /mip177/ HTTP/1.0" 200 5938 "-" "ZoominfoBot (zoominfobot at zoominfo dot com)"
35.237.193.171 - - [04/Jan/2020:10:52:08 +0800] "GET /wanfatuiguang/ HTTP/1.0" 200 5009 "-" "ZoominfoBot (zoominfobot at zoominfo dot com)"
35.237.193.171 - - [04/Jan/2020:10:53:04 +0800] "GET /mip198/ HTTP/1.0" 200 7058 "-" "ZoominfoBot (zoominfobot at zoominfo dot com)"
35.237.193.171 - - [04/Jan/2020:10:55:15 +0800] "GET /mip188/ HTTP/1.0" 200 7110 "-" "ZoominfoBot (zoominfobot at zoominfo dot com)"
35.237.193.171 - - [04/Jan/2020:10:56:27 +0800] "GET /mip182/ HTTP/1.0" 200 5004 "-" "ZoominfoBot (zoominfobot at zoominfo dot com)"
35.237.193.171 - - [04/Jan/2020:10:57:32 +0800] "GET /mip178/ HTTP/1.0" 200 5232 "-" "ZoominfoBot (zoominfobot at zoominfo dot com)"
35.237.193.171 - - [04/Jan/2020:10:59:09 +0800] "GET /mip199/ HTTP/1.0" 200 5723 "-" "ZoominfoBot (zoominfobot at zoominfo dot com)"
35.237.193.171 - - [04/Jan/2020:11:00:26 +0800] "GET /mip193/ HTTP/1.0" 200 5256 "-" "ZoominfoBot (zoominfobot at zoominfo dot com)"
35.237.193.171 - - [04/Jan/2020:11:01:27 +0800] "GET /mip189/ HTTP/1.0" 200 5027 "-" "ZoominfoBot (zoominfobot at zoominfo dot com)"
35.237.193.171 - - [04/Jan/2020:11:02:32 +0800] "GET /mip183/ HTTP/1.0" 200 5431 "-" "ZoominfoBot (zoominfobot at zoominfo dot com)"
35.237.193.171 - - [04/Jan/2020:11:06:44 +0800] "GET /mip194/ HTTP/1.0" 200 4866 "-" "ZoominfoBot (zoominfobot at zoominfo dot com)"
35.237.193.171 - - [04/Jan/2020:11:09:12 +0800] "GET /mip184/ HTTP/1.0" 200 6811 "-" "ZoominfoBot (zoominfobot at zoominfo dot com)"
35.237.193.171 - - [04/Jan/2020:11:11:07 +0800] "GET /youxizixun/ HTTP/1.0" 200 5193 "-" "ZoominfoBot (zoominfobot at zoominfo dot com)"
35.237.193.171 - - [04/Jan/2020:11:11:24 +0800] "GET /mip200/ HTTP/1.0" 200 5773 "-" "ZoominfoBot (zoominfobot at zoominfo dot com)"
35.237.193.171 - - [04/Jan/2020:11:11:37 +0800] "GET /mip174/ HTTP/1.0" 200 5477 "-" "ZoominfoBot (zoominfobot at zoominfo dot com)"
35.237.193.171 - - [04/Jan/2020:11:13:20 +0800] "GET /mip195/ HTTP/1.0" 200 10186 "-" "ZoominfoBot (zoominfobot at zoominfo dot com)"
35.237.193.171 - - [04/Jan/2020:11:13:55 +0800] "GET /guanyujituan/ HTTP/1.0" 200 4868 "-" "ZoominfoBot (zoominfobot at zoominfo dot com)"
35.237.193.171 - - [04/Jan/2020:11:17:42 +0800] "GET /mip201/ HTTP/1.0" 200 8881 "-" "ZoominfoBot (zoominfobot at zoominfo dot com)"
35.237.193.171 - - [04/Jan/2020:11:17:58 +0800] "GET /mip175/ HTTP/1.0" 200 4862 "-" "ZoominfoBot (zoominfobot at zoominfo dot com)"
35.237.193.171 - - [04/Jan/2020:11:18:53 +0800] "GET /zongcaihuyu/ HTTP/1.0" 200 5044 "-" "ZoominfoBot (zoominfobot at zoominfo dot com)"
35.237.193.171 - - [04/Jan/2020:11:19:37 +0800] "GET /mip196/ HTTP/1.0" 200 5535 "-" "ZoominfoBot (zoominfobot at zoominfo dot com)"
35.237.193.171 - - [04/Jan/2020:11:20:54 +0800] "GET /mip190/ HTTP/1.0" 200 5919 "-" "ZoominfoBot (zoominfobot at zoominfo dot com)"
35.237.193.171 - - [04/Jan/2020:11:21:53 +0800] "GET /mip186/ HTTP/1.0" 200 4728 "-" "ZoominfoBot (zoominfobot at zoominfo dot com)"
35.237.193.171 - - [04/Jan/2020:11:23:10 +0800] "GET /mip180/ HTTP/1.0" 200 5186 "-" "ZoominfoBot (zoominfobot at zoominfo dot com)"
46.229.168.162 - - [04/Jan/2020:12:20:44 +0800] "GET /robots.txt HTTP/1.1" 200 24 "-" "Mozilla/5.0 (compatible; SemrushBot/6~bl; +http://www.semrush.com/bot.html)"
46.229.168.137 - - [04/Jan/2020:12:20:45 +0800] "GET /mip41/ HTTP/1.1" 200 5576 "-" "Mozilla/5.0 (compatible; SemrushBot/6~bl; +http://www.semrush.com/bot.html)"
