107.173.185.191 - - [31/Dec/2019:18:14:29 +0800] "GET /mip173.xml HTTP/1.0" 200 7972 "http://www.cmsmov.com/" "Mozilla/5.0 (Macintosh; Intel Mac OS X 10_11_6) AppleWebKit/537.36 (KHTML, like Gecko) Chrome/67.0.3396.87 Safari/537.36"
107.173.185.191 - - [31/Dec/2019:18:14:30 +0800] "GET /mip179.xml HTTP/1.0" 200 4947 "http://www.cmsmov.com/" "Mozilla/5.0 (Macintosh; Intel Mac OS X 10_11_6) AppleWebKit/537.36 (KHTML, like Gecko) Chrome/67.0.3396.87 Safari/537.36"
107.173.185.191 - - [31/Dec/2019:18:14:30 +0800] "GET /mip185.xml HTTP/1.0" 200 5515 "http://www.cmsmov.com/" "Mozilla/5.0 (Macintosh; Intel Mac OS X 10_11_6) AppleWebKit/537.36 (KHTML, like Gecko) Chrome/67.0.3396.87 Safari/537.36"
107.173.185.191 - - [31/Dec/2019:18:14:31 +0800] "GET /mip191.xml HTTP/1.0" 200 4595 "http://www.cmsmov.com/" "Mozilla/5.0 (Macintosh; Intel Mac OS X 10_11_6) AppleWebKit/537.36 (KHTML, like Gecko) Chrome/67.0.3396.87 Safari/537.36"
107.173.185.191 - - [31/Dec/2019:18:14:31 +0800] "GET /mip192.xml HTTP/1.0" 200 7207 "http://www.cmsmov.com/" "Mozilla/5.0 (Macintosh; Intel Mac OS X 10_11_6) AppleWebKit/537.36 (KHTML, like Gecko) Chrome/67.0.3396.87 Safari/537.36"
107.173.185.191 - - [31/Dec/2019:18:14:32 +0800] "GET /kefuzaixian/ HTTP/1.0" 200 5004 "http://www.cmsmov.com/" "Mozilla/5.0 (Macintosh; Intel Mac OS X 10_11_6) AppleWebKit/537.36 (KHTML, like Gecko) Chrome/67.0.3396.87 Safari/537.36"
107.173.185.191 - - [31/Dec/2019:18:14:32 +0800] "GET /mip170/ HTTP/1.0" 200 6854 "http://www.cmsmov.com/" "Mozilla/5.0 (Macintosh; Intel Mac OS X 10_11_6) AppleWebKit/537.36 (KHTML, like Gecko) Chrome/67.0.3396.87 Safari/537.36"
107.173.185.191 - - [31/Dec/2019:18:14:33 +0800] "GET /mip177/ HTTP/1.0" 200 5963 "http://www.cmsmov.com/" "Mozilla/5.0 (Macintosh; Intel Mac OS X 10_11_6) AppleWebKit/537.36 (KHTML, like Gecko) Chrome/67.0.3396.87 Safari/537.36"
107.173.185.191 - - [31/Dec/2019:18:14:33 +0800] "GET /mip182/ HTTP/1.0" 200 4948 "http://www.cmsmov.com/" "Mozilla/5.0 (Macintosh; Intel Mac OS X 10_11_6) AppleWebKit/537.36 (KHTML, like Gecko) Chrome/67.0.3396.87 Safari/537.36"
107.173.185.191 - - [31/Dec/2019:18:14:34 +0800] "GET /mip183/ HTTP/1.0" 200 5390 "http://www.cmsmov.com/" "Mozilla/5.0 (Macintosh; Intel Mac OS X 10_11_6) AppleWebKit/537.36 (KHTML, like Gecko) Chrome/67.0.3396.87 Safari/537.36"
107.173.185.191 - - [31/Dec/2019:18:14:34 +0800] "GET /mip189/ HTTP/1.0" 200 5029 "http://www.cmsmov.com/" "Mozilla/5.0 (Macintosh; Intel Mac OS X 10_11_6) AppleWebKit/537.36 (KHTML, like Gecko) Chrome/67.0.3396.87 Safari/537.36"
107.173.185.191 - - [31/Dec/2019:18:14:35 +0800] "GET /mip197/ HTTP/1.0" 200 4693 "http://www.cmsmov.com/" "Mozilla/5.0 (Macintosh; Intel Mac OS X 10_11_6) AppleWebKit/537.36 (KHTML, like Gecko) Chrome/67.0.3396.87 Safari/537.36"
107.173.185.191 - - [31/Dec/2019:18:14:35 +0800] "GET /youxizixun/ HTTP/1.0" 200 5113 "http://www.cmsmov.com/" "Mozilla/5.0 (Macintosh; Intel Mac OS X 10_11_6) AppleWebKit/537.36 (KHTML, like Gecko) Chrome/67.0.3396.87 Safari/537.36"
107.173.185.191 - - [31/Dec/2019:18:14:36 +0800] "GET /mip176/ HTTP/1.0" 200 5737 "http://www.cmsmov.com/" "Mozilla/5.0 (Macintosh; Intel Mac OS X 10_11_6) AppleWebKit/537.36 (KHTML, like Gecko) Chrome/67.0.3396.87 Safari/537.36"
107.173.185.191 - - [31/Dec/2019:18:14:37 +0800] "GET /mip181/ HTTP/1.0" 200 6816 "http://www.cmsmov.com/" "Mozilla/5.0 (Macintosh; Intel Mac OS X 10_11_6) AppleWebKit/537.36 (KHTML, like Gecko) Chrome/67.0.3396.87 Safari/537.36"
107.173.185.191 - - [31/Dec/2019:18:14:37 +0800] "GET /mip187/ HTTP/1.0" 200 8634 "http://www.cmsmov.com/" "Mozilla/5.0 (Macintosh; Intel Mac OS X 10_11_6) AppleWebKit/537.36 (KHTML, like Gecko) Chrome/67.0.3396.87 Safari/537.36"
107.173.185.191 - - [31/Dec/2019:18:14:38 +0800] "GET /mip188/ HTTP/1.0" 200 7113 "http://www.cmsmov.com/" "Mozilla/5.0 (Macintosh; Intel Mac OS X 10_11_6) AppleWebKit/537.36 (KHTML, like Gecko) Chrome/67.0.3396.87 Safari/537.36"
107.173.185.191 - - [31/Dec/2019:18:14:38 +0800] "GET /mip195/ HTTP/1.0" 200 10183 "http://www.cmsmov.com/" "Mozilla/5.0 (Macintosh; Intel Mac OS X 10_11_6) AppleWebKit/537.36 (KHTML, like Gecko) Chrome/67.0.3396.87 Safari/537.36"
107.173.185.191 - - [31/Dec/2019:18:14:39 +0800] "GET /mip196/ HTTP/1.0" 200 5527 "http://www.cmsmov.com/" "Mozilla/5.0 (Macintosh; Intel Mac OS X 10_11_6) AppleWebKit/537.36 (KHTML, like Gecko) Chrome/67.0.3396.87 Safari/537.36"
107.173.185.191 - - [31/Dec/2019:18:14:39 +0800] "GET /wanfatuiguang/ HTTP/1.0" 200 4922 "http://www.cmsmov.com/" "Mozilla/5.0 (Macintosh; Intel Mac OS X 10_11_6) AppleWebKit/537.36 (KHTML, like Gecko) Chrome/67.0.3396.87 Safari/537.36"
107.173.185.191 - - [31/Dec/2019:18:14:40 +0800] "GET /mip174/ HTTP/1.0" 200 5472 "http://www.cmsmov.com/" "Mozilla/5.0 (Macintosh; Intel Mac OS X 10_11_6) AppleWebKit/537.36 (KHTML, like Gecko) Chrome/67.0.3396.87 Safari/537.36"
107.173.185.191 - - [31/Dec/2019:18:14:40 +0800] "GET /mip175/ HTTP/1.0" 200 4858 "http://www.cmsmov.com/" "Mozilla/5.0 (Macintosh; Intel Mac OS X 10_11_6) AppleWebKit/537.36 (KHTML, like Gecko) Chrome/67.0.3396.87 Safari/537.36"
107.173.185.191 - - [31/Dec/2019:18:14:41 +0800] "GET /mip180/ HTTP/1.0" 200 5129 "http://www.cmsmov.com/" "Mozilla/5.0 (Macintosh; Intel Mac OS X 10_11_6) AppleWebKit/537.36 (KHTML, like Gecko) Chrome/67.0.3396.87 Safari/537.36"
107.173.185.191 - - [31/Dec/2019:18:14:41 +0800] "GET /mip186/ HTTP/1.0" 200 4724 "http://www.cmsmov.com/" "Mozilla/5.0 (Macintosh; Intel Mac OS X 10_11_6) AppleWebKit/537.36 (KHTML, like Gecko) Chrome/67.0.3396.87 Safari/537.36"
107.173.185.191 - - [31/Dec/2019:18:14:42 +0800] "GET /mip193/ HTTP/1.0" 200 5249 "http://www.cmsmov.com/" "Mozilla/5.0 (Macintosh; Intel Mac OS X 10_11_6) AppleWebKit/537.36 (KHTML, like Gecko) Chrome/67.0.3396.87 Safari/537.36"
107.173.185.191 - - [31/Dec/2019:18:14:42 +0800] "GET /mip194/ HTTP/1.0" 200 4861 "http://www.cmsmov.com/" "Mozilla/5.0 (Macintosh; Intel Mac OS X 10_11_6) AppleWebKit/537.36 (KHTML, like Gecko) Chrome/67.0.3396.87 Safari/537.36"
107.173.185.191 - - [31/Dec/2019:18:14:43 +0800] "GET /guanyujituan/ HTTP/1.0" 200 4910 "http://www.cmsmov.com/" "Mozilla/5.0 (Macintosh; Intel Mac OS X 10_11_6) AppleWebKit/537.36 (KHTML, like Gecko) Chrome/67.0.3396.87 Safari/537.36"
107.173.185.191 - - [31/Dec/2019:18:14:43 +0800] "GET /mip172/ HTTP/1.0" 200 5213 "http://www.cmsmov.com/" "Mozilla/5.0 (Macintosh; Intel Mac OS X 10_11_6) AppleWebKit/537.36 (KHTML, like Gecko) Chrome/67.0.3396.87 Safari/537.36"
107.173.185.191 - - [31/Dec/2019:18:14:44 +0800] "GET /mip178/ HTTP/1.0" 200 5265 "http://www.cmsmov.com/" "Mozilla/5.0 (Macintosh; Intel Mac OS X 10_11_6) AppleWebKit/537.36 (KHTML, like Gecko) Chrome/67.0.3396.87 Safari/537.36"
107.173.185.191 - - [31/Dec/2019:18:14:44 +0800] "GET /mip184/ HTTP/1.0" 200 6813 "http://www.cmsmov.com/" "Mozilla/5.0 (Macintosh; Intel Mac OS X 10_11_6) AppleWebKit/537.36 (KHTML, like Gecko) Chrome/67.0.3396.87 Safari/537.36"
107.173.185.191 - - [31/Dec/2019:18:14:45 +0800] "GET /mip190/ HTTP/1.0" 200 5911 "http://www.cmsmov.com/" "Mozilla/5.0 (Macintosh; Intel Mac OS X 10_11_6) AppleWebKit/537.36 (KHTML, like Gecko) Chrome/67.0.3396.87 Safari/537.36"
107.173.185.191 - - [31/Dec/2019:18:14:45 +0800] "GET /mip198/ HTTP/1.0" 200 7052 "http://www.cmsmov.com/" "Mozilla/5.0 (Macintosh; Intel Mac OS X 10_11_6) AppleWebKit/537.36 (KHTML, like Gecko) Chrome/67.0.3396.87 Safari/537.36"
107.173.185.191 - - [31/Dec/2019:18:14:46 +0800] "GET /mip199/ HTTP/1.0" 200 5699 "http://www.cmsmov.com/" "Mozilla/5.0 (Macintosh; Intel Mac OS X 10_11_6) AppleWebKit/537.36 (KHTML, like Gecko) Chrome/67.0.3396.87 Safari/537.36"
107.173.185.191 - - [31/Dec/2019:18:14:46 +0800] "GET /zongcaihuyu/ HTTP/1.0" 200 5037 "http://www.cmsmov.com/" "Mozilla/5.0 (Macintosh; Intel Mac OS X 10_11_6) AppleWebKit/537.36 (KHTML, like Gecko) Chrome/67.0.3396.87 Safari/537.36"
66.249.64.194 - - [31/Dec/2019:18:23:16 +0800] "GET /mip20/ HTTP/1.1" 200 8154 "-" "Mozilla/5.0 (Linux; Android 6.0.1; Nexus 5X Build/MMB29P) AppleWebKit/537.36 (KHTML, like Gecko) Chrome/41.0.2272.96 Mobile Safari/537.36 (compatible; Googlebot/2.1; +http://www.google.com/bot.html)"
54.186.155.128 - - [31/Dec/2019:18:48:51 +0800] "GET / HTTP/1.1" 301 - "-" "Go-http-client/1.1"
66.249.64.197 - - [31/Dec/2019:19:03:22 +0800] "GET /tag/pingcegonglue/ HTTP/1.1" 200 5354 "-" "Mozilla/5.0 (Linux; Android 6.0.1; Nexus 5X Build/MMB29P) AppleWebKit/537.36 (KHTML, like Gecko) Chrome/41.0.2272.96 Mobile Safari/537.36 (compatible; Googlebot/2.1; +http://www.google.com/bot.html)"
66.249.64.222 - - [31/Dec/2019:19:13:08 +0800] "GET /mip117/ HTTP/1.1" 200 5450 "-" "Mozilla/5.0 (Linux; Android 6.0.1; Nexus 5X Build/MMB29P) AppleWebKit/537.36 (KHTML, like Gecko) Chrome/41.0.2272.96 Mobile Safari/537.36 (compatible; Googlebot/2.1; +http://www.google.com/bot.html)"
66.249.64.194 - - [31/Dec/2019:19:43:16 +0800] "GET /mip135.xml HTTP/1.1" 200 5451 "-" "Mozilla/5.0 (Linux; Android 6.0.1; Nexus 5X Build/MMB29P) AppleWebKit/537.36 (KHTML, like Gecko) Chrome/41.0.2272.96 Mobile Safari/537.36 (compatible; Googlebot/2.1; +http://www.google.com/bot.html)"
66.249.64.194 - - [31/Dec/2019:19:47:48 +0800] "GET /mip127/ HTTP/1.1" 200 4872 "-" "Mozilla/5.0 (Linux; Android 6.0.1; Nexus 5X Build/MMB29P) AppleWebKit/537.36 (KHTML, like Gecko) Chrome/41.0.2272.96 Mobile Safari/537.36 (compatible; Googlebot/2.1; +http://www.google.com/bot.html)"
66.249.64.197 - - [31/Dec/2019:20:27:26 +0800] "GET /mip96/ HTTP/1.1" 200 6161 "-" "Mozilla/5.0 (Linux; Android 6.0.1; Nexus 5X Build/MMB29P) AppleWebKit/537.36 (KHTML, like Gecko) Chrome/41.0.2272.96 Mobile Safari/537.36 (compatible; Googlebot/2.1; +http://www.google.com/bot.html)"
46.229.168.141 - - [31/Dec/2019:20:33:04 +0800] "GET /robots.txt HTTP/1.1" 200 24 "-" "Mozilla/5.0 (compatible; SemrushBot/6~bl; +http://www.semrush.com/bot.html)"
46.229.168.130 - - [31/Dec/2019:20:33:04 +0800] "GET /tag/dianjingshouyou/ HTTP/1.1" 200 5439 "-" "Mozilla/5.0 (compatible; SemrushBot/6~bl; +http://www.semrush.com/bot.html)"
46.229.168.136 - - [31/Dec/2019:21:11:24 +0800] "GET /robots.txt HTTP/1.1" 200 24 "-" "Mozilla/5.0 (compatible; SemrushBot/6~bl; +http://www.semrush.com/bot.html)"
46.229.168.137 - - [31/Dec/2019:21:11:26 +0800] "GET /mip29/ HTTP/1.1" 200 5543 "-" "Mozilla/5.0 (compatible; SemrushBot/6~bl; +http://www.semrush.com/bot.html)"
5.196.87.131 - - [31/Dec/2019:21:43:18 +0800] "GET / HTTP/1.1" 200 4773 "-" "Mozilla/5.0 (compatible; AhrefsBot/6.1; +http://ahrefs.com/robot/)"
151.80.39.71 - - [31/Dec/2019:21:43:26 +0800] "GET / HTTP/1.1" 301 - "-" "Mozilla/5.0 (compatible; AhrefsBot/6.1; +http://ahrefs.com/robot/)"
66.249.64.197 - - [31/Dec/2019:21:47:17 +0800] "GET /mip148/ HTTP/1.1" 200 8342 "-" "Mozilla/5.0 (Linux; Android 6.0.1; Nexus 5X Build/MMB29P) AppleWebKit/537.36 (KHTML, like Gecko) Chrome/41.0.2272.96 Mobile Safari/537.36 (compatible; Googlebot/2.1; +http://www.google.com/bot.html)"
66.249.64.194 - - [31/Dec/2019:21:57:09 +0800] "GET /mip146/ HTTP/1.1" 200 6028 "-" "Mozilla/5.0 (Linux; Android 6.0.1; Nexus 5X Build/MMB29P) AppleWebKit/537.36 (KHTML, like Gecko) Chrome/41.0.2272.96 Mobile Safari/537.36 (compatible; Googlebot/2.1; +http://www.google.com/bot.html)"
66.249.64.194 - - [31/Dec/2019:22:07:17 +0800] "GET /mip79/ HTTP/1.1" 200 5077 "-" "Mozilla/5.0 (Linux; Android 6.0.1; Nexus 5X Build/MMB29P) AppleWebKit/537.36 (KHTML, like Gecko) Chrome/41.0.2272.96 Mobile Safari/537.36 (compatible; Googlebot/2.1; +http://www.google.com/bot.html)"
66.249.64.194 - - [31/Dec/2019:22:27:15 +0800] "GET /mip102/ HTTP/1.1" 200 6420 "-" "Mozilla/5.0 (Linux; Android 6.0.1; Nexus 5X Build/MMB29P) AppleWebKit/537.36 (KHTML, like Gecko) Chrome/41.0.2272.96 Mobile Safari/537.36 (compatible; Googlebot/2.1; +http://www.google.com/bot.html)"
46.229.168.142 - - [31/Dec/2019:22:44:36 +0800] "GET /robots.txt HTTP/1.1" 200 24 "-" "Mozilla/5.0 (compatible; SemrushBot/6~bl; +http://www.semrush.com/bot.html)"
46.229.168.140 - - [31/Dec/2019:22:44:37 +0800] "GET /mip147/ HTTP/1.1" 200 4842 "-" "Mozilla/5.0 (compatible; SemrushBot/6~bl; +http://www.semrush.com/bot.html)"
66.249.64.194 - - [31/Dec/2019:22:57:47 +0800] "GET /mip93/ HTTP/1.1" 200 5025 "-" "Mozilla/5.0 (Linux; Android 6.0.1; Nexus 5X Build/MMB29P) AppleWebKit/537.36 (KHTML, like Gecko) Chrome/41.0.2272.96 Mobile Safari/537.36 (compatible; Googlebot/2.1; +http://www.google.com/bot.html)"
58.250.125.89 - - [31/Dec/2019:22:57:50 +0800] "GET / HTTP/1.1" 200 4773 "-" "Sogou web spider/4.0(+http://www.sogou.com/docs/help/webmasters.htm#07)"
106.38.241.128 - - [31/Dec/2019:22:57:54 +0800] "GET /template/news_16/css/main.css?v=1577804270 HTTP/1.1" 200 2868 "-" "Mozilla/4.0 (compatible; MSIE 7.0; Windows NT 6.0; Trident/4.0)"
106.38.241.128 - - [31/Dec/2019:22:57:54 +0800] "GET /robots.txt HTTP/1.1" 200 24 "-" "Sogou web spider/4.0(+http://www.sogou.com/docs/help/webmasters.htm#07)"
66.249.64.197 - - [31/Dec/2019:23:17:59 +0800] "GET /mip97.xml HTTP/1.1" 200 5241 "-" "Mozilla/5.0 (Linux; Android 6.0.1; Nexus 5X Build/MMB29P) AppleWebKit/537.36 (KHTML, like Gecko) Chrome/41.0.2272.96 Mobile Safari/537.36 (compatible; Googlebot/2.1; +http://www.google.com/bot.html)"
46.229.168.144 - - [31/Dec/2019:23:23:55 +0800] "GET /robots.txt HTTP/1.1" 200 24 "-" "Mozilla/5.0 (compatible; SemrushBot/6~bl; +http://www.semrush.com/bot.html)"
46.229.168.143 - - [31/Dec/2019:23:23:55 +0800] "GET /mip99/ HTTP/1.1" 200 5656 "-" "Mozilla/5.0 (compatible; SemrushBot/6~bl; +http://www.semrush.com/bot.html)"
66.249.64.222 - - [01/Jan/2020:00:28:20 +0800] "GET /mip101/ HTTP/1.1" 200 6550 "-" "Mozilla/5.0 (Linux; Android 6.0.1; Nexus 5X Build/MMB29P) AppleWebKit/537.36 (KHTML, like Gecko) Chrome/41.0.2272.96 Mobile Safari/537.36 (compatible; Googlebot/2.1; +http://www.google.com/bot.html)"
123.126.113.20 - - [01/Jan/2020:01:03:32 +0800] "GET /robots.txt HTTP/1.1" 200 24 "-" "Sogou web spider/4.0(+http://www.sogou.com/docs/help/webmasters.htm#07)"
123.126.113.20 - - [01/Jan/2020:01:14:35 +0800] "GET / HTTP/1.1" 200 4773 "http://www.sogou.com/web?query=site%3Awww.cmsmov.com" "Mozilla/5.0 (Windows NT 6.1; Win64; x64) AppleWebKit/537.36 (KHTML, like Gecko) Chrome/74.0.3729.169 Safari/537.36"
36.110.147.106 - - [01/Jan/2020:01:14:45 +0800] "GET /public/assets/common/images/no-images.jpg HTTP/1.1" 200 11824 "http://basichttpserverv3.venus.odin.sogou/post?url=http%3A%2F%2Fwww.cmsmov.com%2F" "Mozilla/5.0 (Windows NT 6.1; Win64; x64) AppleWebKit/537.36 (KHTML, like Gecko) Chrome/74.0.3729.169 Safari/537.36"
183.36.115.147 - - [01/Jan/2020:01:14:50 +0800] "GET /public/assets/common/images/no-images.jpg HTTP/1.1" 200 11824 "http://basichttpserverv3.venus.odin.sogou/post?url=http%3A%2F%2Fwww.cmsmov.com%2F" "Mozilla/5.0 (Windows NT 6.1; Win64; x64) AppleWebKit/537.36 (KHTML, like Gecko) Chrome/74.0.3729.169 Safari/537.36"
183.36.115.5 - - [01/Jan/2020:01:14:59 +0800] "GET /template/news_16/css/main.css?v=1577812475 HTTP/1.1" 200 2868 "http://basichttpserverv3.venus.odin.sogou/post?url=http%3A%2F%2Fwww.cmsmov.com%2F" "Mozilla/5.0 (Windows NT 6.1; Win64; x64) AppleWebKit/537.36 (KHTML, like Gecko) Chrome/74.0.3729.169 Safari/537.36"
183.36.114.167 - - [01/Jan/2020:01:15:04 +0800] "GET /template/news_16/css/main.css?v=1577812475 HTTP/1.1" 200 2868 "http://basichttpserverv3.venus.odin.sogou/post?url=http%3A%2F%2Fwww.cmsmov.com%2F" "Mozilla/5.0 (Windows NT 6.1; Win64; x64) AppleWebKit/537.36 (KHTML, like Gecko) Chrome/74.0.3729.169 Safari/537.36"
58.250.125.159 - - [01/Jan/2020:01:28:07 +0800] "GET / HTTP/1.1" 200 4773 "-" "Sogou web spider/4.0(+http://www.sogou.com/docs/help/webmasters.htm#07)"
66.249.64.194 - - [01/Jan/2020:01:28:55 +0800] "GET /mip99/ HTTP/1.1" 200 5656 "-" "Mozilla/5.0 (Linux; Android 6.0.1; Nexus 5X Build/MMB29P) AppleWebKit/537.36 (KHTML, like Gecko) Chrome/41.0.2272.96 Mobile Safari/537.36 (compatible; Googlebot/2.1; +http://www.google.com/bot.html)"
199.58.86.211 - - [01/Jan/2020:01:34:01 +0800] "GET /robots.txt HTTP/1.1" 200 24 "-" "Mozilla/5.0 (compatible; MJ12bot/v1.4.8; http://mj12bot.com/)"
199.58.86.211 - - [01/Jan/2020:01:34:05 +0800] "GET / HTTP/1.1" 301 - "-" "Mozilla/5.0 (compatible; MJ12bot/v1.4.8; http://mj12bot.com/)"
199.58.86.211 - - [01/Jan/2020:01:34:07 +0800] "GET /robots.txt HTTP/1.1" 200 24 "-" "Mozilla/5.0 (compatible; MJ12bot/v1.4.8; http://mj12bot.com/)"
199.58.86.211 - - [01/Jan/2020:01:34:10 +0800] "GET / HTTP/1.1" 200 4773 "-" "Mozilla/5.0 (compatible; MJ12bot/v1.4.8; http://mj12bot.com/)"
199.58.86.211 - - [01/Jan/2020:01:34:23 +0800] "GET / HTTP/1.1" 200 4773 "-" "Mozilla/5.0 (compatible; MJ12bot/v1.4.8; http://mj12bot.com/)"
66.249.64.197 - - [01/Jan/2020:01:39:05 +0800] "GET /mip95/ HTTP/1.1" 200 4631 "-" "Mozilla/5.0 (Linux; Android 6.0.1; Nexus 5X Build/MMB29P) AppleWebKit/537.36 (KHTML, like Gecko) Chrome/41.0.2272.96 Mobile Safari/537.36 (compatible; Googlebot/2.1; +http://www.google.com/bot.html)"
66.249.64.194 - - [01/Jan/2020:01:49:05 +0800] "GET /mip110/ HTTP/1.1" 200 11957 "-" "Mozilla/5.0 (Linux; Android 6.0.1; Nexus 5X Build/MMB29P) AppleWebKit/537.36 (KHTML, like Gecko) Chrome/41.0.2272.96 Mobile Safari/537.36 (compatible; Googlebot/2.1; +http://www.google.com/bot.html)"
66.249.64.222 - - [01/Jan/2020:01:59:09 +0800] "GET / HTTP/1.1" 200 4773 "-" "Mozilla/5.0 (compatible; Googlebot/2.1; +http://www.google.com/bot.html)"
66.249.64.222 - - [01/Jan/2020:02:19:18 +0800] "GET /tag/zongjihuig/ HTTP/1.1" 200 4212 "-" "Mozilla/5.0 (Linux; Android 6.0.1; Nexus 5X Build/MMB29P) AppleWebKit/537.36 (KHTML, like Gecko) Chrome/41.0.2272.96 Mobile Safari/537.36 (compatible; Googlebot/2.1; +http://www.google.com/bot.html)"
66.249.64.222 - - [01/Jan/2020:02:39:17 +0800] "GET /tag/niudasheng/ HTTP/1.1" 200 4259 "-" "Mozilla/5.0 (Linux; Android 6.0.1; Nexus 5X Build/MMB29P) AppleWebKit/537.36 (KHTML, like Gecko) Chrome/41.0.2272.96 Mobile Safari/537.36 (compatible; Googlebot/2.1; +http://www.google.com/bot.html)"
66.249.64.197 - - [01/Jan/2020:02:49:17 +0800] "GET /tag/tuhaolianmeng/ HTTP/1.1" 200 4022 "-" "Mozilla/5.0 (Linux; Android 6.0.1; Nexus 5X Build/MMB29P) AppleWebKit/537.36 (KHTML, like Gecko) Chrome/41.0.2272.96 Mobile Safari/537.36 (compatible; Googlebot/2.1; +http://www.google.com/bot.html)"
151.80.39.210 - - [01/Jan/2020:03:43:15 +0800] "GET / HTTP/1.1" 200 4773 "-" "Mozilla/5.0 (compatible; AhrefsBot/6.1; +http://ahrefs.com/robot/)"
151.80.39.49 - - [01/Jan/2020:03:43:25 +0800] "GET / HTTP/1.1" 301 - "-" "Mozilla/5.0 (compatible; AhrefsBot/6.1; +http://ahrefs.com/robot/)"
66.249.64.222 - - [01/Jan/2020:03:59:55 +0800] "GET /mip29/ HTTP/1.1" 200 5543 "-" "Mozilla/5.0 (Linux; Android 6.0.1; Nexus 5X Build/MMB29P) AppleWebKit/537.36 (KHTML, like Gecko) Chrome/41.0.2272.96 Mobile Safari/537.36 (compatible; Googlebot/2.1; +http://www.google.com/bot.html)"
66.249.64.194 - - [01/Jan/2020:04:19:56 +0800] "GET /mip61/ HTTP/1.1" 200 5740 "-" "Mozilla/5.0 (Linux; Android 6.0.1; Nexus 5X Build/MMB29P) AppleWebKit/537.36 (KHTML, like Gecko) Chrome/41.0.2272.96 Mobile Safari/537.36 (compatible; Googlebot/2.1; +http://www.google.com/bot.html)"
66.249.64.41 - - [01/Jan/2020:04:20:36 +0800] "GET /robots.txt HTTP/1.1" 200 24 "-" "Mozilla/5.0 (compatible; Googlebot/2.1; +http://www.google.com/bot.html)"
66.249.64.41 - - [01/Jan/2020:04:20:36 +0800] "GET / HTTP/1.1" 301 - "-" "Mozilla/5.0 (compatible; Googlebot/2.1; +http://www.google.com/bot.html)"
66.249.64.197 - - [01/Jan/2020:04:40:17 +0800] "GET /tag/niulaobandaili/ HTTP/1.1" 200 3577 "-" "Mozilla/5.0 (Linux; Android 6.0.1; Nexus 5X Build/MMB29P) AppleWebKit/537.36 (KHTML, like Gecko) Chrome/41.0.2272.96 Mobile Safari/537.36 (compatible; Googlebot/2.1; +http://www.google.com/bot.html)"
66.249.64.197 - - [01/Jan/2020:04:50:19 +0800] "GET /mip75/ HTTP/1.1" 200 5602 "-" "Mozilla/5.0 (Linux; Android 6.0.1; Nexus 5X Build/MMB29P) AppleWebKit/537.36 (KHTML, like Gecko) Chrome/41.0.2272.96 Mobile Safari/537.36 (compatible; Googlebot/2.1; +http://www.google.com/bot.html)"
35.231.153.251 - - [01/Jan/2020:05:00:19 +0800] "GET /robots.txt HTTP/1.0" 200 24 "-" "ZoominfoBot (zoominfobot at zoominfo dot com)"
35.231.153.251 - - [01/Jan/2020:05:00:19 +0800] "GET /mip176/ HTTP/1.0" 200 5736 "-" "ZoominfoBot (zoominfobot at zoominfo dot com)"
35.231.153.251 - - [01/Jan/2020:05:00:20 +0800] "GET /mip170/ HTTP/1.0" 200 6854 "-" "ZoominfoBot (zoominfobot at zoominfo dot com)"
35.231.153.251 - - [01/Jan/2020:05:00:25 +0800] "GET /mip197/ HTTP/1.0" 200 4691 "-" "ZoominfoBot (zoominfobot at zoominfo dot com)"
66.249.64.197 - - [01/Jan/2020:05:00:28 +0800] "GET /mip68/ HTTP/1.1" 200 5847 "-" "Mozilla/5.0 (Linux; Android 6.0.1; Nexus 5X Build/MMB29P) AppleWebKit/537.36 (KHTML, like Gecko) Chrome/41.0.2272.96 Mobile Safari/537.36 (compatible; Googlebot/2.1; +http://www.google.com/bot.html)"
35.231.153.251 - - [01/Jan/2020:05:03:03 +0800] "GET /kefuzaixian/ HTTP/1.0" 200 5014 "-" "ZoominfoBot (zoominfobot at zoominfo dot com)"
35.231.153.251 - - [01/Jan/2020:05:03:14 +0800] "GET /mip187/ HTTP/1.0" 200 8633 "-" "ZoominfoBot (zoominfobot at zoominfo dot com)"
35.231.153.251 - - [01/Jan/2020:05:04:51 +0800] "GET /mip181/ HTTP/1.0" 200 6817 "-" "ZoominfoBot (zoominfobot at zoominfo dot com)"
35.231.153.251 - - [01/Jan/2020:05:06:00 +0800] "GET /mip177/ HTTP/1.0" 200 5966 "-" "ZoominfoBot (zoominfobot at zoominfo dot com)"
35.231.153.251 - - [01/Jan/2020:05:06:51 +0800] "GET /wanfatuiguang/ HTTP/1.0" 200 4923 "-" "ZoominfoBot (zoominfobot at zoominfo dot com)"
35.231.153.251 - - [01/Jan/2020:05:08:11 +0800] "GET /mip198/ HTTP/1.0" 200 7054 "-" "ZoominfoBot (zoominfobot at zoominfo dot com)"
35.231.153.251 - - [01/Jan/2020:05:10:30 +0800] "GET /mip188/ HTTP/1.0" 200 7115 "-" "ZoominfoBot (zoominfobot at zoominfo dot com)"
35.231.153.251 - - [01/Jan/2020:05:11:58 +0800] "GET /mip182/ HTTP/1.0" 200 4951 "-" "ZoominfoBot (zoominfobot at zoominfo dot com)"
35.231.153.251 - - [01/Jan/2020:05:13:08 +0800] "GET /mip178/ HTTP/1.0" 200 5266 "-" "ZoominfoBot (zoominfobot at zoominfo dot com)"
35.231.153.251 - - [01/Jan/2020:05:14:31 +0800] "GET /mip172/ HTTP/1.0" 200 5216 "-" "ZoominfoBot (zoominfobot at zoominfo dot com)"
35.231.153.251 - - [01/Jan/2020:05:15:03 +0800] "GET /mip199/ HTTP/1.0" 200 5700 "-" "ZoominfoBot (zoominfobot at zoominfo dot com)"
35.231.153.251 - - [01/Jan/2020:05:16:22 +0800] "GET /mip193/ HTTP/1.0" 200 5252 "-" "ZoominfoBot (zoominfobot at zoominfo dot com)"
35.231.153.251 - - [01/Jan/2020:05:17:28 +0800] "GET /mip189/ HTTP/1.0" 200 5028 "-" "ZoominfoBot (zoominfobot at zoominfo dot com)"
35.231.153.251 - - [01/Jan/2020:05:18:49 +0800] "GET /mip183/ HTTP/1.0" 200 5391 "-" "ZoominfoBot (zoominfobot at zoominfo dot com)"
66.249.64.222 - - [01/Jan/2020:05:20:42 +0800] "GET /tag/huyuhehuoren/ HTTP/1.1" 200 3566 "-" "Mozilla/5.0 (Linux; Android 6.0.1; Nexus 5X Build/MMB29P) AppleWebKit/537.36 (KHTML, like Gecko) Chrome/41.0.2272.96 Mobile Safari/537.36 (compatible; Googlebot/2.1; +http://www.google.com/bot.html)"
35.231.153.251 - - [01/Jan/2020:05:23:07 +0800] "GET /mip194/ HTTP/1.0" 200 4863 "-" "ZoominfoBot (zoominfobot at zoominfo dot com)"
35.231.153.251 - - [01/Jan/2020:05:25:39 +0800] "GET /mip184/ HTTP/1.0" 200 6816 "-" "ZoominfoBot (zoominfobot at zoominfo dot com)"
35.231.153.251 - - [01/Jan/2020:05:27:25 +0800] "GET /youxizixun/ HTTP/1.0" 200 5113 "-" "ZoominfoBot (zoominfobot at zoominfo dot com)"
35.231.153.251 - - [01/Jan/2020:05:28:00 +0800] "GET /mip174/ HTTP/1.0" 200 5473 "-" "ZoominfoBot (zoominfobot at zoominfo dot com)"
35.231.153.251 - - [01/Jan/2020:05:29:48 +0800] "GET /mip195/ HTTP/1.0" 200 10183 "-" "ZoominfoBot (zoominfobot at zoominfo dot com)"
35.231.153.251 - - [01/Jan/2020:05:30:25 +0800] "GET /guanyujituan/ HTTP/1.0" 200 4884 "-" "ZoominfoBot (zoominfobot at zoominfo dot com)"
66.249.64.197 - - [01/Jan/2020:05:31:07 +0800] "GET /mip69/ HTTP/1.1" 200 8450 "-" "Mozilla/5.0 (Linux; Android 6.0.1; Nexus 5X Build/MMB29P) AppleWebKit/537.36 (KHTML, like Gecko) Chrome/41.0.2272.96 Mobile Safari/537.36 (compatible; Googlebot/2.1; +http://www.google.com/bot.html)"
35.231.153.251 - - [01/Jan/2020:05:34:41 +0800] "GET /mip175/ HTTP/1.0" 200 4856 "-" "ZoominfoBot (zoominfobot at zoominfo dot com)"
35.231.153.251 - - [01/Jan/2020:05:35:35 +0800] "GET /zongcaihuyu/ HTTP/1.0" 200 5051 "-" "ZoominfoBot (zoominfobot at zoominfo dot com)"
46.229.168.146 - - [01/Jan/2020:05:35:44 +0800] "GET /robots.txt HTTP/1.1" 200 24 "-" "Mozilla/5.0 (compatible; SemrushBot/6~bl; +http://www.semrush.com/bot.html)"
46.229.168.140 - - [01/Jan/2020:05:35:44 +0800] "GET /mip168/ HTTP/1.1" 200 5730 "-" "Mozilla/5.0 (compatible; SemrushBot/6~bl; +http://www.semrush.com/bot.html)"
35.231.153.251 - - [01/Jan/2020:05:36:29 +0800] "GET /mip196/ HTTP/1.0" 200 5529 "-" "ZoominfoBot (zoominfobot at zoominfo dot com)"
35.231.153.251 - - [01/Jan/2020:05:37:51 +0800] "GET /mip190/ HTTP/1.0" 200 5912 "-" "ZoominfoBot (zoominfobot at zoominfo dot com)"
35.231.153.251 - - [01/Jan/2020:05:38:55 +0800] "GET /mip186/ HTTP/1.0" 200 4727 "-" "ZoominfoBot (zoominfobot at zoominfo dot com)"
35.231.153.251 - - [01/Jan/2020:05:40:12 +0800] "GET /mip180/ HTTP/1.0" 200 5131 "-" "ZoominfoBot (zoominfobot at zoominfo dot com)"
46.229.168.142 - - [01/Jan/2020:05:46:57 +0800] "GET /kefuzaixian/ HTTP/1.1" 200 5015 "-" "Mozilla/5.0 (compatible; SemrushBot/6~bl; +http://www.semrush.com/bot.html)"
66.249.64.197 - - [01/Jan/2020:07:59:47 +0800] "GET /robots.txt HTTP/1.1" 200 24 "-" "Mozilla/5.0 (compatible; Googlebot/2.1; +http://www.google.com/bot.html)"
66.249.64.222 - - [01/Jan/2020:07:59:47 +0800] "GET /mip149/ HTTP/1.1" 200 9516 "-" "Mozilla/5.0 (compatible; Googlebot/2.1; +http://www.google.com/bot.html)"
66.249.64.197 - - [01/Jan/2020:08:20:09 +0800] "GET /tag/shouyouzixun/ HTTP/1.1" 200 5319 "-" "Mozilla/5.0 (Linux; Android 6.0.1; Nexus 5X Build/MMB29P) AppleWebKit/537.36 (KHTML, like Gecko) Chrome/41.0.2272.96 Mobile Safari/537.36 (compatible; Googlebot/2.1; +http://www.google.com/bot.html)"
47.88.46.21 - - [01/Jan/2020:09:23:11 +0800] "GET / HTTP/1.1" 200 4775 "-" "python-requests/2.22.0"
46.229.168.130 - - [01/Jan/2020:09:35:05 +0800] "GET /robots.txt HTTP/1.1" 200 24 "-" "Mozilla/5.0 (compatible; SemrushBot/6~bl; +http://www.semrush.com/bot.html)"
46.229.168.135 - - [01/Jan/2020:09:35:05 +0800] "GET /mip95/ HTTP/1.1" 200 4637 "-" "Mozilla/5.0 (compatible; SemrushBot/6~bl; +http://www.semrush.com/bot.html)"
151.80.39.210 - - [01/Jan/2020:09:44:42 +0800] "GET / HTTP/1.1" 200 4775 "-" "Mozilla/5.0 (compatible; AhrefsBot/6.1; +http://ahrefs.com/robot/)"
151.80.39.139 - - [01/Jan/2020:09:44:57 +0800] "GET / HTTP/1.1" 301 - "-" "Mozilla/5.0 (compatible; AhrefsBot/6.1; +http://ahrefs.com/robot/)"
46.229.168.151 - - [01/Jan/2020:09:49:15 +0800] "GET /mip40/ HTTP/1.1" 200 6227 "-" "Mozilla/5.0 (compatible; SemrushBot/6~bl; +http://www.semrush.com/bot.html)"
66.249.64.197 - - [01/Jan/2020:10:01:09 +0800] "GET /tag/niulaobanguanwang/ HTTP/1.1" 200 3756 "-" "Mozilla/5.0 (Linux; Android 6.0.1; Nexus 5X Build/MMB29P) AppleWebKit/537.36 (KHTML, like Gecko) Chrome/41.0.2272.96 Mobile Safari/537.36 (compatible; Googlebot/2.1; +http://www.google.com/bot.html)"
46.229.168.152 - - [01/Jan/2020:10:42:21 +0800] "GET /robots.txt HTTP/1.1" 200 24 "-" "Mozilla/5.0 (compatible; SemrushBot/6~bl; +http://www.semrush.com/bot.html)"
46.229.168.142 - - [01/Jan/2020:10:42:21 +0800] "GET /mip83/ HTTP/1.1" 200 7067 "-" "Mozilla/5.0 (compatible; SemrushBot/6~bl; +http://www.semrush.com/bot.html)"
66.249.64.194 - - [01/Jan/2020:10:50:58 +0800] "GET /mip30/ HTTP/1.1" 200 5498 "-" "Mozilla/5.0 (Linux; Android 6.0.1; Nexus 5X Build/MMB29P) AppleWebKit/537.36 (KHTML, like Gecko) Chrome/41.0.2272.96 Mobile Safari/537.36 (compatible; Googlebot/2.1; +http://www.google.com/bot.html)"
46.229.168.132 - - [01/Jan/2020:11:38:06 +0800] "GET /robots.txt HTTP/1.1" 200 24 "-" "Mozilla/5.0 (compatible; SemrushBot/6~bl; +http://www.semrush.com/bot.html)"
46.229.168.149 - - [01/Jan/2020:11:38:06 +0800] "GET /mip172/ HTTP/1.1" 200 5215 "-" "Mozilla/5.0 (compatible; SemrushBot/6~bl; +http://www.semrush.com/bot.html)"
93.114.234.116 - - [01/Jan/2020:11:41:28 +0800] "GET /wp-login.php HTTP/1.1" 301 - "-" "Mozilla/5.0 (X11; Ubuntu; Linux x86_64; rv:62.0) Gecko/20100101 Firefox/62.0"
93.114.234.116 - - [01/Jan/2020:11:41:28 +0800] "GET /wp-login.php HTTP/1.1" 404 564 "http://cmsmov.com/wp-login.php" "Mozilla/5.0 (X11; Ubuntu; Linux x86_64; rv:62.0) Gecko/20100101 Firefox/62.0"
66.249.64.197 - - [01/Jan/2020:12:31:20 +0800] "GET /mip81.xml HTTP/1.1" 200 4914 "-" "Mozilla/5.0 (Linux; Android 6.0.1; Nexus 5X Build/MMB29P) AppleWebKit/537.36 (KHTML, like Gecko) Chrome/41.0.2272.96 Mobile Safari/537.36 (compatible; Googlebot/2.1; +http://www.google.com/bot.html)"
66.249.64.194 - - [01/Jan/2020:13:01:18 +0800] "GET /mip170/ HTTP/1.1" 200 6856 "-" "Mozilla/5.0 (compatible; Googlebot/2.1; +http://www.google.com/bot.html)"
66.249.64.197 - - [01/Jan/2020:13:41:07 +0800] "GET /mip91/ HTTP/1.1" 200 5102 "-" "Mozilla/5.0 (Linux; Android 6.0.1; Nexus 5X Build/MMB29P) AppleWebKit/537.36 (KHTML, like Gecko) Chrome/41.0.2272.96 Mobile Safari/537.36 (compatible; Googlebot/2.1; +http://www.google.com/bot.html)"
46.229.168.144 - - [01/Jan/2020:14:06:13 +0800] "GET /robots.txt HTTP/1.1" 200 24 "-" "Mozilla/5.0 (compatible; SemrushBot/6~bl; +http://www.semrush.com/bot.html)"
46.229.168.141 - - [01/Jan/2020:14:06:14 +0800] "GET /mip127/ HTTP/1.1" 200 4873 "-" "Mozilla/5.0 (compatible; SemrushBot/6~bl; +http://www.semrush.com/bot.html)"
66.249.64.194 - - [01/Jan/2020:14:31:44 +0800] "GET /mip88/ HTTP/1.1" 200 6293 "-" "Mozilla/5.0 (Linux; Android 6.0.1; Nexus 5X Build/MMB29P) AppleWebKit/537.36 (KHTML, like Gecko) Chrome/41.0.2272.96 Mobile Safari/537.36 (compatible; Googlebot/2.1; +http://www.google.com/bot.html)"
46.229.168.137 - - [01/Jan/2020:14:38:16 +0800] "GET /robots.txt HTTP/1.1" 200 24 "-" "Mozilla/5.0 (compatible; SemrushBot/6~bl; +http://www.semrush.com/bot.html)"
46.229.168.150 - - [01/Jan/2020:14:38:16 +0800] "GET /mip75/ HTTP/1.1" 200 5601 "-" "Mozilla/5.0 (compatible; SemrushBot/6~bl; +http://www.semrush.com/bot.html)"
66.249.64.37 - - [01/Jan/2020:14:46:50 +0800] "GET / HTTP/1.1" 301 - "-" "Mozilla/5.0 (compatible; Googlebot/2.1; +http://www.google.com/bot.html)"
66.249.64.197 - - [01/Jan/2020:14:46:51 +0800] "GET / HTTP/1.1" 200 4771 "-" "Mozilla/5.0 (compatible; Googlebot/2.1; +http://www.google.com/bot.html)"
46.229.168.153 - - [01/Jan/2020:15:06:24 +0800] "GET /robots.txt HTTP/1.1" 200 24 "-" "Mozilla/5.0 (compatible; SemrushBot/6~bl; +http://www.semrush.com/bot.html)"
46.229.168.133 - - [01/Jan/2020:15:06:24 +0800] "GET /mip36/ HTTP/1.1" 200 8933 "-" "Mozilla/5.0 (compatible; SemrushBot/6~bl; +http://www.semrush.com/bot.html)"
66.249.64.197 - - [01/Jan/2020:15:21:46 +0800] "GET /tag/mingxingyule/ HTTP/1.1" 200 5540 "-" "Mozilla/5.0 (Linux; Android 6.0.1; Nexus 5X Build/MMB29P) AppleWebKit/537.36 (KHTML, like Gecko) Chrome/41.0.2272.96 Mobile Safari/537.36 (compatible; Googlebot/2.1; +http://www.google.com/bot.html)"
157.55.39.33 - - [01/Jan/2020:16:00:26 +0800] "GET /robots.txt HTTP/1.1" 200 24 "-" "Mozilla/5.0 (compatible; bingbot/2.0; +http://www.bing.com/bingbot.htm)"
157.55.39.92 - - [01/Jan/2020:16:00:33 +0800] "GET / HTTP/1.1" 200 4771 "-" "Mozilla/5.0 (compatible; bingbot/2.0; +http://www.bing.com/bingbot.htm)"
46.4.58.68 - - [01/Jan/2020:16:57:13 +0800] "GET /robots.txt HTTP/1.1" 200 24 "-" "Mozilla/5.0 (compatible; BLEXBot/1.0; +http://webmeup-crawler.com/)"
46.4.58.68 - - [01/Jan/2020:16:57:14 +0800] "GET /guanyujituan/index_3.html HTTP/1.1" 200 4707 "-" "Mozilla/5.0 (compatible; BLEXBot/1.0; +http://webmeup-crawler.com/)"
46.4.58.68 - - [01/Jan/2020:16:57:16 +0800] "GET /kefuzaixian/index_3.html HTTP/1.1" 200 4866 "-" "Mozilla/5.0 (compatible; BLEXBot/1.0; +http://webmeup-crawler.com/)"
46.4.58.68 - - [01/Jan/2020:16:57:18 +0800] "GET /mip10/ HTTP/1.1" 200 4897 "-" "Mozilla/5.0 (compatible; BLEXBot/1.0; +http://webmeup-crawler.com/)"
46.4.58.68 - - [01/Jan/2020:16:57:20 +0800] "GET /mip100/ HTTP/1.1" 200 5442 "-" "Mozilla/5.0 (compatible; BLEXBot/1.0; +http://webmeup-crawler.com/)"
46.4.58.68 - - [01/Jan/2020:16:57:22 +0800] "GET /mip101/ HTTP/1.1" 200 6550 "-" "Mozilla/5.0 (compatible; BLEXBot/1.0; +http://webmeup-crawler.com/)"
46.4.58.68 - - [01/Jan/2020:16:57:23 +0800] "GET /mip110/ HTTP/1.1" 200 11954 "-" "Mozilla/5.0 (compatible; BLEXBot/1.0; +http://webmeup-crawler.com/)"
46.4.58.68 - - [01/Jan/2020:16:57:26 +0800] "GET /mip113/ HTTP/1.1" 200 6913 "-" "Mozilla/5.0 (compatible; BLEXBot/1.0; +http://webmeup-crawler.com/)"
46.4.58.68 - - [01/Jan/2020:16:57:28 +0800] "GET /mip116/ HTTP/1.1" 200 7017 "-" "Mozilla/5.0 (compatible; BLEXBot/1.0; +http://webmeup-crawler.com/)"
46.4.58.68 - - [01/Jan/2020:16:57:48 +0800] "GET /mip118/ HTTP/1.1" 200 6762 "-" "Mozilla/5.0 (compatible; BLEXBot/1.0; +http://webmeup-crawler.com/)"
46.4.58.68 - - [01/Jan/2020:16:57:50 +0800] "GET /mip125/ HTTP/1.1" 200 6394 "-" "Mozilla/5.0 (compatible; BLEXBot/1.0; +http://webmeup-crawler.com/)"
46.4.58.68 - - [01/Jan/2020:16:57:53 +0800] "GET /mip126/ HTTP/1.1" 200 8633 "-" "Mozilla/5.0 (compatible; BLEXBot/1.0; +http://webmeup-crawler.com/)"
46.4.58.68 - - [01/Jan/2020:16:57:54 +0800] "GET /mip13/ HTTP/1.1" 200 5615 "-" "Mozilla/5.0 (compatible; BLEXBot/1.0; +http://webmeup-crawler.com/)"
46.4.58.68 - - [01/Jan/2020:16:57:56 +0800] "GET /mip63/ HTTP/1.1" 200 6034 "-" "Mozilla/5.0 (compatible; BLEXBot/1.0; +http://webmeup-crawler.com/)"
46.4.58.68 - - [01/Jan/2020:16:57:58 +0800] "GET /mip9/ HTTP/1.1" 200 5307 "-" "Mozilla/5.0 (compatible; BLEXBot/1.0; +http://webmeup-crawler.com/)"
46.4.58.68 - - [01/Jan/2020:16:58:01 +0800] "GET /mip99/ HTTP/1.1" 200 5654 "-" "Mozilla/5.0 (compatible; BLEXBot/1.0; +http://webmeup-crawler.com/)"
46.4.58.68 - - [01/Jan/2020:16:58:03 +0800] "GET /tag/aodiqipai/ HTTP/1.1" 200 3363 "-" "Mozilla/5.0 (compatible; BLEXBot/1.0; +http://webmeup-crawler.com/)"
46.4.58.68 - - [01/Jan/2020:16:58:06 +0800] "GET /tag/baomaqipai/ HTTP/1.1" 200 3345 "-" "Mozilla/5.0 (compatible; BLEXBot/1.0; +http://webmeup-crawler.com/)"
46.4.58.68 - - [01/Jan/2020:16:58:09 +0800] "GET /tag/dahenghuyuxiazai/ HTTP/1.1" 200 3373 "-" "Mozilla/5.0 (compatible; BLEXBot/1.0; +http://webmeup-crawler.com/)"
46.4.58.68 - - [01/Jan/2020:16:58:11 +0800] "GET /tag/niulaobanxiazai/ HTTP/1.1" 200 3378 "-" "Mozilla/5.0 (compatible; BLEXBot/1.0; +http://webmeup-crawler.com/)"
46.4.58.68 - - [01/Jan/2020:16:58:13 +0800] "GET /wanfatuiguang/index_3.html HTTP/1.1" 200 4681 "-" "Mozilla/5.0 (compatible; BLEXBot/1.0; +http://webmeup-crawler.com/)"
46.4.58.68 - - [01/Jan/2020:16:58:48 +0800] "GET /youxizixun/index_3.html HTTP/1.1" 200 4922 "-" "Mozilla/5.0 (compatible; BLEXBot/1.0; +http://webmeup-crawler.com/)"
46.4.58.68 - - [01/Jan/2020:16:58:52 +0800] "GET /zongcaihuyu/index_3.html HTTP/1.1" 200 5069 "-" "Mozilla/5.0 (compatible; BLEXBot/1.0; +http://webmeup-crawler.com/)"
40.77.167.124 - - [01/Jan/2020:17:17:51 +0800] "GET /template/news_16/css/main.css?v=1577865633 HTTP/1.1" 200 2868 "-" "msnbot/2.0b (+http://search.msn.com/msnbot.htm)"
157.55.39.92 - - [01/Jan/2020:17:17:58 +0800] "GET /robots.txt HTTP/1.1" 200 24 "-" "msnbot/2.0b (+http://search.msn.com/msnbot.htm)"
151.80.39.71 - - [01/Jan/2020:17:19:31 +0800] "GET / HTTP/1.1" 200 4771 "-" "Mozilla/5.0 (compatible; AhrefsBot/6.1; +http://ahrefs.com/robot/)"
151.80.39.238 - - [01/Jan/2020:17:20:52 +0800] "GET / HTTP/1.1" 301 - "-" "Mozilla/5.0 (compatible; AhrefsBot/6.1; +http://ahrefs.com/robot/)"
5.196.87.131 - - [01/Jan/2020:17:24:16 +0800] "GET /mip152/ HTTP/1.1" 200 5077 "-" "Mozilla/5.0 (compatible; AhrefsBot/6.1; +http://ahrefs.com/robot/)"
151.80.39.139 - - [01/Jan/2020:17:25:16 +0800] "GET /mip153/ HTTP/1.1" 200 5160 "-" "Mozilla/5.0 (compatible; AhrefsBot/6.1; +http://ahrefs.com/robot/)"
66.249.64.194 - - [01/Jan/2020:17:45:46 +0800] "GET /mip45/ HTTP/1.1" 200 6192 "-" "Mozilla/5.0 (Linux; Android 6.0.1; Nexus 5X Build/MMB29P) AppleWebKit/537.36 (KHTML, like Gecko) Chrome/41.0.2272.96 Mobile Safari/537.36 (compatible; Googlebot/2.1; +http://www.google.com/bot.html)"
66.249.64.222 - - [01/Jan/2020:18:25:41 +0800] "GET /mip32/ HTTP/1.1" 200 5109 "-" "Mozilla/5.0 (Linux; Android 6.0.1; Nexus 5X Build/MMB29P) AppleWebKit/537.36 (KHTML, like Gecko) Chrome/41.0.2272.96 Mobile Safari/537.36 (compatible; Googlebot/2.1; +http://www.google.com/bot.html)"
66.249.64.222 - - [01/Jan/2020:18:35:45 +0800] "GET /mip22.xml HTTP/1.1" 200 5409 "-" "Mozilla/5.0 (Linux; Android 6.0.1; Nexus 5X Build/MMB29P) AppleWebKit/537.36 (KHTML, like Gecko) Chrome/41.0.2272.96 Mobile Safari/537.36 (compatible; Googlebot/2.1; +http://www.google.com/bot.html)"
165.227.75.93 - - [01/Jan/2020:19:06:40 +0800] "GET / HTTP/1.0" 200 25945 "-" "Mozilla/5.0 (compatible; NetcraftSurveyAgent/1.0; +info@netcraft.com)"
46.229.168.136 - - [01/Jan/2020:19:08:42 +0800] "GET /robots.txt HTTP/1.1" 200 24 "-" "Mozilla/5.0 (compatible; SemrushBot/6~bl; +http://www.semrush.com/bot.html)"
46.229.168.150 - - [01/Jan/2020:19:08:42 +0800] "GET /mip176/ HTTP/1.1" 200 5735 "-" "Mozilla/5.0 (compatible; SemrushBot/6~bl; +http://www.semrush.com/bot.html)"
66.249.64.222 - - [01/Jan/2020:20:15:57 +0800] "GET /kefuzaixian/ HTTP/1.1" 200 5016 "-" "Mozilla/5.0 (Linux; Android 6.0.1; Nexus 5X Build/MMB29P) AppleWebKit/537.36 (KHTML, like Gecko) Chrome/41.0.2272.96 Mobile Safari/537.36 (compatible; Googlebot/2.1; +http://www.google.com/bot.html)"
66.249.64.222 - - [01/Jan/2020:20:25:51 +0800] "GET /mip53/ HTTP/1.1" 200 5006 "-" "Mozilla/5.0 (Linux; Android 6.0.1; Nexus 5X Build/MMB29P) AppleWebKit/537.36 (KHTML, like Gecko) Chrome/41.0.2272.96 Mobile Safari/537.36 (compatible; Googlebot/2.1; +http://www.google.com/bot.html)"
35.243.211.71 - - [01/Jan/2020:20:38:37 +0800] "GET /robots.txt HTTP/1.0" 200 24 "-" "ZoominfoBot (zoominfobot at zoominfo dot com)"
35.243.211.71 - - [01/Jan/2020:20:38:37 +0800] "GET / HTTP/1.0" 200 4771 "-" "ZoominfoBot (zoominfobot at zoominfo dot com)"
35.243.211.71 - - [01/Jan/2020:20:45:01 +0800] "GET /robots.txt HTTP/1.0" 200 24 "-" "ZoominfoBot (zoominfobot at zoominfo dot com)"
35.243.211.71 - - [01/Jan/2020:20:45:01 +0800] "GET / HTTP/1.0" 301 - "-" "ZoominfoBot (zoominfobot at zoominfo dot com)"
144.202.42.22 - - [01/Jan/2020:20:52:48 +0800] "GET / HTTP/1.1" 301 - "-" "Mozilla/5.0 (X11; Linux x86_64) AppleWebKit/537.31 (KHTML, like Gecko) Chrome/26.0.1410.63 Safari/537.31"
144.202.42.22 - - [01/Jan/2020:20:52:48 +0800] "GET / HTTP/1.1" 200 25945 "-" "Mozilla/5.0 (X11; Linux x86_64) AppleWebKit/537.31 (KHTML, like Gecko) Chrome/26.0.1410.63 Safari/537.31"
66.249.64.197 - - [01/Jan/2020:21:06:12 +0800] "GET /mip89/ HTTP/1.1" 200 5571 "-" "Mozilla/5.0 (Linux; Android 6.0.1; Nexus 5X Build/MMB29P) AppleWebKit/537.36 (KHTML, like Gecko) Chrome/41.0.2272.96 Mobile Safari/537.36 (compatible; Googlebot/2.1; +http://www.google.com/bot.html)"
66.249.64.222 - - [01/Jan/2020:21:46:32 +0800] "GET /mip123/ HTTP/1.1" 200 4983 "-" "Mozilla/5.0 (Linux; Android 6.0.1; Nexus 5X Build/MMB29P) AppleWebKit/537.36 (KHTML, like Gecko) Chrome/41.0.2272.96 Mobile Safari/537.36 (compatible; Googlebot/2.1; +http://www.google.com/bot.html)"
66.249.64.194 - - [01/Jan/2020:21:56:32 +0800] "GET /tag/dianjingshouyou/ HTTP/1.1" 200 5440 "-" "Mozilla/5.0 (Linux; Android 6.0.1; Nexus 5X Build/MMB29P) AppleWebKit/537.36 (KHTML, like Gecko) Chrome/41.0.2272.96 Mobile Safari/537.36 (compatible; Googlebot/2.1; +http://www.google.com/bot.html)"
66.249.64.197 - - [01/Jan/2020:22:07:27 +0800] "GET /kefuzaixian/index_5.html HTTP/1.1" 200 3226 "-" "Mozilla/5.0 (Linux; Android 6.0.1; Nexus 5X Build/MMB29P) AppleWebKit/537.36 (KHTML, like Gecko) Chrome/41.0.2272.96 Mobile Safari/537.36 (compatible; Googlebot/2.1; +http://www.google.com/bot.html)"
58.250.125.114 - - [01/Jan/2020:22:39:29 +0800] "GET / HTTP/1.1" 200 4772 "-" "Sogou web spider/4.0(+http://www.sogou.com/docs/help/webmasters.htm#07)"
106.38.241.128 - - [01/Jan/2020:22:39:34 +0800] "GET /template/news_16/css/main.css?v=1577889569 HTTP/1.1" 200 2868 "-" "Mozilla/4.0 (compatible; MSIE 7.0; Windows NT 6.0; Trident/4.0)"
66.249.79.126 - - [01/Jan/2020:23:47:29 +0800] "GET /tag/dianjingshouyou/index_2.html HTTP/1.1" 200 5299 "-" "Mozilla/5.0 (Linux; Android 6.0.1; Nexus 5X Build/MMB29P) AppleWebKit/537.36 (KHTML, like Gecko) Chrome/41.0.2272.96 Mobile Safari/537.36 (compatible; Googlebot/2.1; +http://www.google.com/bot.html)"
66.249.79.98 - - [01/Jan/2020:23:51:37 +0800] "GET /tag/dianjingshouyou/index_3.html HTTP/1.1" 200 4864 "-" "Mozilla/5.0 (Linux; Android 6.0.1; Nexus 5X Build/MMB29P) AppleWebKit/537.36 (KHTML, like Gecko) Chrome/41.0.2272.96 Mobile Safari/537.36 (compatible; Googlebot/2.1; +http://www.google.com/bot.html)"
66.249.79.101 - - [01/Jan/2020:23:59:15 +0800] "GET /mip90/ HTTP/1.1" 200 5400 "-" "Mozilla/5.0 (Linux; Android 6.0.1; Nexus 5X Build/MMB29P) AppleWebKit/537.36 (KHTML, like Gecko) Chrome/41.0.2272.96 Mobile Safari/537.36 (compatible; Googlebot/2.1; +http://www.google.com/bot.html)"
151.80.39.49 - - [02/Jan/2020:01:03:21 +0800] "GET / HTTP/1.1" 200 4772 "-" "Mozilla/5.0 (compatible; AhrefsBot/6.1; +http://ahrefs.com/robot/)"
151.80.39.49 - - [02/Jan/2020:01:04:19 +0800] "GET / HTTP/1.1" 301 - "-" "Mozilla/5.0 (compatible; AhrefsBot/6.1; +http://ahrefs.com/robot/)"
151.80.39.139 - - [02/Jan/2020:01:07:49 +0800] "GET /mip143.xml HTTP/1.1" 200 4984 "-" "Mozilla/5.0 (compatible; AhrefsBot/6.1; +http://ahrefs.com/robot/)"
49.7.20.82 - - [02/Jan/2020:01:14:26 +0800] "GET / HTTP/1.1" 200 4773 "-" "Sogou web spider/4.0(+http://www.sogou.com/docs/help/webmasters.htm#07)"
106.38.241.128 - - [02/Jan/2020:01:14:28 +0800] "GET /template/news_16/css/main.css?v=1577898866 HTTP/1.1" 200 2868 "-" "Mozilla/4.0 (compatible; MSIE 7.0; Windows NT 6.0; Trident/4.0)"
54.36.149.31 - - [02/Jan/2020:02:08:00 +0800] "GET /robots.txt HTTP/1.1" 200 24 "-" "Mozilla/5.0 (compatible; AhrefsBot/6.1; +http://ahrefs.com/robot/)"
54.36.148.237 - - [02/Jan/2020:02:08:00 +0800] "GET / HTTP/1.1" 301 - "-" "Mozilla/5.0 (compatible; AhrefsBot/6.1; +http://ahrefs.com/robot/)"
66.249.79.101 - - [02/Jan/2020:02:40:01 +0800] "GET /zongcaihuyu/ HTTP/1.1" 200 5049 "-" "Mozilla/5.0 (Linux; Android 6.0.1; Nexus 5X Build/MMB29P) AppleWebKit/537.36 (KHTML, like Gecko) Chrome/41.0.2272.96 Mobile Safari/537.36 (compatible; Googlebot/2.1; +http://www.google.com/bot.html)"
46.229.168.143 - - [02/Jan/2020:03:05:13 +0800] "GET /robots.txt HTTP/1.1" 200 24 "-" "Mozilla/5.0 (compatible; SemrushBot/6~bl; +http://www.semrush.com/bot.html)"
46.229.168.143 - - [02/Jan/2020:03:05:14 +0800] "GET /mip53/ HTTP/1.1" 200 4977 "-" "Mozilla/5.0 (compatible; SemrushBot/6~bl; +http://www.semrush.com/bot.html)"
62.192.188.26 - - [02/Jan/2020:04:36:02 +0800] "GET /mip69/ HTTP/1.1" 200 25827 "-" "Mozilla/5.0 (Windows NT 10.0; Win64; x64) AppleWebKit/537.36 (KHTML, like Gecko) Chrome/78.0.3904.108 Safari/537.36"
66.249.79.126 - - [02/Jan/2020:04:40:23 +0800] "GET /mip77/ HTTP/1.1" 200 7272 "-" "Mozilla/5.0 (Linux; Android 6.0.1; Nexus 5X Build/MMB29P) AppleWebKit/537.36 (KHTML, like Gecko) Chrome/41.0.2272.96 Mobile Safari/537.36 (compatible; Googlebot/2.1; +http://www.google.com/bot.html)"
199.58.86.206 - - [02/Jan/2020:04:51:47 +0800] "GET /robots.txt HTTP/1.1" 200 24 "-" "Mozilla/5.0 (compatible; MJ12bot/v1.4.8; http://mj12bot.com/)"
199.58.86.206 - - [02/Jan/2020:04:51:49 +0800] "GET / HTTP/1.1" 301 - "-" "Mozilla/5.0 (compatible; MJ12bot/v1.4.8; http://mj12bot.com/)"
199.58.86.206 - - [02/Jan/2020:04:51:50 +0800] "GET /robots.txt HTTP/1.1" 200 24 "-" "Mozilla/5.0 (compatible; MJ12bot/v1.4.8; http://mj12bot.com/)"
199.58.86.206 - - [02/Jan/2020:04:51:52 +0800] "GET / HTTP/1.1" 200 4752 "-" "Mozilla/5.0 (compatible; MJ12bot/v1.4.8; http://mj12bot.com/)"
199.58.86.206 - - [02/Jan/2020:04:52:11 +0800] "GET / HTTP/1.1" 200 4751 "-" "Mozilla/5.0 (compatible; MJ12bot/v1.4.8; http://mj12bot.com/)"
46.229.168.135 - - [02/Jan/2020:05:04:45 +0800] "GET /robots.txt HTTP/1.1" 200 24 "-" "Mozilla/5.0 (compatible; SemrushBot/6~bl; +http://www.semrush.com/bot.html)"
46.229.168.143 - - [02/Jan/2020:05:04:45 +0800] "GET /mip51/ HTTP/1.1" 200 4992 "-" "Mozilla/5.0 (compatible; SemrushBot/6~bl; +http://www.semrush.com/bot.html)"
34.74.72.196 - - [02/Jan/2020:05:06:01 +0800] "GET /robots.txt HTTP/1.0" 200 24 "-" "ZoominfoBot (zoominfobot at zoominfo dot com)"
34.74.72.196 - - [02/Jan/2020:05:06:02 +0800] "GET /mip176/ HTTP/1.0" 200 5714 "-" "ZoominfoBot (zoominfobot at zoominfo dot com)"
34.74.72.196 - - [02/Jan/2020:05:06:03 +0800] "GET /mip170/ HTTP/1.0" 200 6833 "-" "ZoominfoBot (zoominfobot at zoominfo dot com)"
34.74.72.196 - - [02/Jan/2020:05:06:06 +0800] "GET /mip197/ HTTP/1.0" 200 4668 "-" "ZoominfoBot (zoominfobot at zoominfo dot com)"
34.74.72.196 - - [02/Jan/2020:05:08:08 +0800] "GET /kefuzaixian/ HTTP/1.0" 200 5015 "-" "ZoominfoBot (zoominfobot at zoominfo dot com)"
34.74.72.196 - - [02/Jan/2020:05:08:19 +0800] "GET /mip187/ HTTP/1.0" 200 8612 "-" "ZoominfoBot (zoominfobot at zoominfo dot com)"
34.74.72.196 - - [02/Jan/2020:05:09:32 +0800] "GET /mip181/ HTTP/1.0" 200 6796 "-" "ZoominfoBot (zoominfobot at zoominfo dot com)"
34.74.72.196 - - [02/Jan/2020:05:10:38 +0800] "GET /mip177/ HTTP/1.0" 200 5940 "-" "ZoominfoBot (zoominfobot at zoominfo dot com)"
34.74.72.196 - - [02/Jan/2020:05:11:14 +0800] "GET /wanfatuiguang/ HTTP/1.0" 200 4931 "-" "ZoominfoBot (zoominfobot at zoominfo dot com)"
34.74.72.196 - - [02/Jan/2020:05:12:13 +0800] "GET /mip198/ HTTP/1.0" 200 7030 "-" "ZoominfoBot (zoominfobot at zoominfo dot com)"
34.74.72.196 - - [02/Jan/2020:05:14:25 +0800] "GET /mip188/ HTTP/1.0" 200 7090 "-" "ZoominfoBot (zoominfobot at zoominfo dot com)"
34.74.72.196 - - [02/Jan/2020:05:15:37 +0800] "GET /mip182/ HTTP/1.0" 200 4925 "-" "ZoominfoBot (zoominfobot at zoominfo dot com)"
34.74.72.196 - - [02/Jan/2020:05:16:37 +0800] "GET /mip178/ HTTP/1.0" 200 5242 "-" "ZoominfoBot (zoominfobot at zoominfo dot com)"
34.74.72.196 - - [02/Jan/2020:05:17:52 +0800] "GET /mip172/ HTTP/1.0" 200 5191 "-" "ZoominfoBot (zoominfobot at zoominfo dot com)"
34.74.72.196 - - [02/Jan/2020:05:18:16 +0800] "GET /mip199/ HTTP/1.0" 200 5679 "-" "ZoominfoBot (zoominfobot at zoominfo dot com)"
34.74.72.196 - - [02/Jan/2020:05:19:17 +0800] "GET /mip193/ HTTP/1.0" 200 5228 "-" "ZoominfoBot (zoominfobot at zoominfo dot com)"
34.74.72.196 - - [02/Jan/2020:05:20:24 +0800] "GET /mip189/ HTTP/1.0" 200 5007 "-" "ZoominfoBot (zoominfobot at zoominfo dot com)"
34.74.72.196 - - [02/Jan/2020:05:21:42 +0800] "GET /mip183/ HTTP/1.0" 200 5366 "-" "ZoominfoBot (zoominfobot at zoominfo dot com)"
34.74.72.196 - - [02/Jan/2020:05:25:12 +0800] "GET /mip194/ HTTP/1.0" 200 4836 "-" "ZoominfoBot (zoominfobot at zoominfo dot com)"
46.229.168.147 - - [02/Jan/2020:05:26:49 +0800] "GET /robots.txt HTTP/1.1" 200 24 "-" "Mozilla/5.0 (compatible; SemrushBot/6~bl; +http://www.semrush.com/bot.html)"
46.229.168.129 - - [02/Jan/2020:05:26:49 +0800] "GET /mip149/ HTTP/1.1" 200 9493 "-" "Mozilla/5.0 (compatible; SemrushBot/6~bl; +http://www.semrush.com/bot.html)"
34.74.72.196 - - [02/Jan/2020:05:27:10 +0800] "GET /mip184/ HTTP/1.0" 200 6790 "-" "ZoominfoBot (zoominfobot at zoominfo dot com)"
34.74.72.196 - - [02/Jan/2020:05:28:43 +0800] "GET /youxizixun/ HTTP/1.0" 200 5125 "-" "ZoominfoBot (zoominfobot at zoominfo dot com)"
34.74.72.196 - - [02/Jan/2020:05:29:16 +0800] "GET /mip174/ HTTP/1.0" 200 5451 "-" "ZoominfoBot (zoominfobot at zoominfo dot com)"
34.74.72.196 - - [02/Jan/2020:05:30:49 +0800] "GET /mip195/ HTTP/1.0" 200 10161 "-" "ZoominfoBot (zoominfobot at zoominfo dot com)"
34.74.72.196 - - [02/Jan/2020:05:31:27 +0800] "GET /guanyujituan/ HTTP/1.0" 200 4873 "-" "ZoominfoBot (zoominfobot at zoominfo dot com)"
34.74.72.196 - - [02/Jan/2020:05:35:08 +0800] "GET /mip175/ HTTP/1.0" 200 4833 "-" "ZoominfoBot (zoominfobot at zoominfo dot com)"
34.74.72.196 - - [02/Jan/2020:05:35:59 +0800] "GET /zongcaihuyu/ HTTP/1.0" 200 5052 "-" "ZoominfoBot (zoominfobot at zoominfo dot com)"
34.74.72.196 - - [02/Jan/2020:05:36:47 +0800] "GET /mip196/ HTTP/1.0" 200 5505 "-" "ZoominfoBot (zoominfobot at zoominfo dot com)"
34.74.72.196 - - [02/Jan/2020:05:38:00 +0800] "GET /mip190/ HTTP/1.0" 200 5887 "-" "ZoominfoBot (zoominfobot at zoominfo dot com)"
34.74.72.196 - - [02/Jan/2020:05:39:05 +0800] "GET /mip186/ HTTP/1.0" 200 4696 "-" "ZoominfoBot (zoominfobot at zoominfo dot com)"
34.74.72.196 - - [02/Jan/2020:05:40:04 +0800] "GET /mip180/ HTTP/1.0" 200 5107 "-" "ZoominfoBot (zoominfobot at zoominfo dot com)"
46.229.168.147 - - [02/Jan/2020:05:51:58 +0800] "GET /robots.txt HTTP/1.1" 200 24 "-" "Mozilla/5.0 (compatible; SemrushBot/6~bl; +http://www.semrush.com/bot.html)"
46.229.168.130 - - [02/Jan/2020:05:51:59 +0800] "GET /mip163/ HTTP/1.1" 200 6067 "-" "Mozilla/5.0 (compatible; SemrushBot/6~bl; +http://www.semrush.com/bot.html)"
66.249.79.98 - - [02/Jan/2020:05:53:52 +0800] "GET /zongcaihuyu/index_4.html HTTP/1.1" 200 4224 "-" "Mozilla/5.0 (Linux; Android 6.0.1; Nexus 5X Build/MMB29P) AppleWebKit/537.36 (KHTML, like Gecko) Chrome/41.0.2272.96 Mobile Safari/537.36 (compatible; Googlebot/2.1; +http://www.google.com/bot.html)"
66.249.79.101 - - [02/Jan/2020:06:10:29 +0800] "GET /mip44.xml HTTP/1.1" 200 7190 "-" "Mozilla/5.0 (Linux; Android 6.0.1; Nexus 5X Build/MMB29P) AppleWebKit/537.36 (KHTML, like Gecko) Chrome/41.0.2272.96 Mobile Safari/537.36 (compatible; Googlebot/2.1; +http://www.google.com/bot.html)"
46.229.168.142 - - [02/Jan/2020:06:20:56 +0800] "GET /robots.txt HTTP/1.1" 200 24 "-" "Mozilla/5.0 (compatible; SemrushBot/6~bl; +http://www.semrush.com/bot.html)"
46.229.168.130 - - [02/Jan/2020:06:20:56 +0800] "GET /tag/niuyuanshuai/ HTTP/1.1" 200 3347 "-" "Mozilla/5.0 (compatible; SemrushBot/6~bl; +http://www.semrush.com/bot.html)"
151.80.39.49 - - [02/Jan/2020:06:43:36 +0800] "GET / HTTP/1.1" 200 4752 "-" "Mozilla/5.0 (compatible; AhrefsBot/6.1; +http://ahrefs.com/robot/)"
