46.229.168.144 - - [23/Dec/2019:08:12:17 +0800] "GET /robots.txt HTTP/1.1" 200 24 "-" "Mozilla/5.0 (compatible; SemrushBot/6~bl; +http://www.semrush.com/bot.html)"
46.229.168.145 - - [23/Dec/2019:08:12:17 +0800] "GET /mip125/ HTTP/1.1" 200 6243 "-" "Mozilla/5.0 (compatible; SemrushBot/6~bl; +http://www.semrush.com/bot.html)"
151.80.39.238 - - [23/Dec/2019:12:09:13 +0800] "GET / HTTP/1.1" 200 4650 "-" "Mozilla/5.0 (compatible; AhrefsBot/6.1; +http://ahrefs.com/robot/)"
54.36.149.21 - - [23/Dec/2019:12:24:37 +0800] "GET /robots.txt HTTP/1.1" 200 24 "-" "Mozilla/5.0 (compatible; AhrefsBot/6.1; +http://ahrefs.com/robot/)"
5.196.87.131 - - [23/Dec/2019:13:09:13 +0800] "GET / HTTP/1.1" 301 - "-" "Mozilla/5.0 (compatible; AhrefsBot/6.1; +http://ahrefs.com/robot/)"
46.229.168.138 - - [23/Dec/2019:14:15:07 +0800] "GET /robots.txt HTTP/1.1" 200 24 "-" "Mozilla/5.0 (compatible; SemrushBot/6~bl; +http://www.semrush.com/bot.html)"
46.229.168.146 - - [23/Dec/2019:14:15:08 +0800] "GET /mip134/ HTTP/1.1" 200 4742 "-" "Mozilla/5.0 (compatible; SemrushBot/6~bl; +http://www.semrush.com/bot.html)"
109.148.250.227 - - [23/Dec/2019:14:36:50 +0800] "GET / HTTP/1.0" 301 - "-" "Mozilla/5.0 (Windows NT 10.0; Win64; x64) AppleWebKit/537.36 (KHTML, like Gecko) Chrome/71.0.3578.98 Safari/537.36"
109.148.250.227 - - [23/Dec/2019:14:36:50 +0800] "GET / HTTP/1.0" 200 25397 "-" "Mozilla/5.0 (Windows NT 10.0; Win64; x64) AppleWebKit/537.36 (KHTML, like Gecko) Chrome/71.0.3578.98 Safari/537.36"
66.249.64.37 - - [23/Dec/2019:14:46:45 +0800] "GET / HTTP/1.1" 301 - "-" "Mozilla/5.0 (compatible; Googlebot/2.1; +http://www.google.com/bot.html)"
66.249.64.194 - - [23/Dec/2019:14:46:45 +0800] "GET /robots.txt HTTP/1.1" 200 24 "-" "Mozilla/5.0 (compatible; Googlebot/2.1; +http://www.google.com/bot.html)"
66.249.64.222 - - [23/Dec/2019:14:46:46 +0800] "GET / HTTP/1.1" 200 4649 "-" "Mozilla/5.0 (compatible; Googlebot/2.1; +http://www.google.com/bot.html)"
66.249.64.222 - - [23/Dec/2019:14:46:51 +0800] "GET /mip165.xml HTTP/1.1" 200 6072 "-" "Mozilla/5.0 (Linux; Android 6.0.1; Nexus 5X Build/MMB29P) AppleWebKit/537.36 (KHTML, like Gecko) Chrome/41.0.2272.96 Mobile Safari/537.36 (compatible; Googlebot/2.1; +http://www.google.com/bot.html)"
66.249.64.222 - - [23/Dec/2019:14:47:18 +0800] "GET /mip166.xml HTTP/1.1" 200 7521 "-" "Mozilla/5.0 (Linux; Android 6.0.1; Nexus 5X Build/MMB29P) AppleWebKit/537.36 (KHTML, like Gecko) Chrome/41.0.2272.96 Mobile Safari/537.36 (compatible; Googlebot/2.1; +http://www.google.com/bot.html)"
66.249.64.197 - - [23/Dec/2019:14:48:10 +0800] "GET /mip172/ HTTP/1.1" 200 4989 "-" "Mozilla/5.0 (Linux; Android 6.0.1; Nexus 5X Build/MMB29P) AppleWebKit/537.36 (KHTML, like Gecko) Chrome/41.0.2272.96 Mobile Safari/537.36 (compatible; Googlebot/2.1; +http://www.google.com/bot.html)"
66.249.64.194 - - [23/Dec/2019:14:49:03 +0800] "GET /mip171/ HTTP/1.1" 200 5316 "-" "Mozilla/5.0 (Linux; Android 6.0.1; Nexus 5X Build/MMB29P) AppleWebKit/537.36 (KHTML, like Gecko) Chrome/41.0.2272.96 Mobile Safari/537.36 (compatible; Googlebot/2.1; +http://www.google.com/bot.html)"
66.249.64.194 - - [23/Dec/2019:14:49:55 +0800] "GET /mip169/ HTTP/1.1" 200 5609 "-" "Mozilla/5.0 (Linux; Android 6.0.1; Nexus 5X Build/MMB29P) AppleWebKit/537.36 (KHTML, like Gecko) Chrome/41.0.2272.96 Mobile Safari/537.36 (compatible; Googlebot/2.1; +http://www.google.com/bot.html)"
66.249.64.222 - - [23/Dec/2019:14:50:47 +0800] "GET /mip168/ HTTP/1.1" 200 5529 "-" "Mozilla/5.0 (Linux; Android 6.0.1; Nexus 5X Build/MMB29P) AppleWebKit/537.36 (KHTML, like Gecko) Chrome/41.0.2272.96 Mobile Safari/537.36 (compatible; Googlebot/2.1; +http://www.google.com/bot.html)"
66.249.64.194 - - [23/Dec/2019:14:51:40 +0800] "GET /mip167/ HTTP/1.1" 200 5097 "-" "Mozilla/5.0 (Linux; Android 6.0.1; Nexus 5X Build/MMB29P) AppleWebKit/537.36 (KHTML, like Gecko) Chrome/41.0.2272.96 Mobile Safari/537.36 (compatible; Googlebot/2.1; +http://www.google.com/bot.html)"
66.249.64.197 - - [23/Dec/2019:14:52:32 +0800] "GET /mip170/ HTTP/1.1" 200 6659 "-" "Mozilla/5.0 (Linux; Android 6.0.1; Nexus 5X Build/MMB29P) AppleWebKit/537.36 (KHTML, like Gecko) Chrome/41.0.2272.96 Mobile Safari/537.36 (compatible; Googlebot/2.1; +http://www.google.com/bot.html)"
46.229.168.163 - - [23/Dec/2019:15:08:29 +0800] "GET /robots.txt HTTP/1.1" 200 24 "-" "Mozilla/5.0 (compatible; SemrushBot/6~bl; +http://www.semrush.com/bot.html)"
46.229.168.150 - - [23/Dec/2019:15:08:29 +0800] "GET /mip47/ HTTP/1.1" 200 4356 "-" "Mozilla/5.0 (compatible; SemrushBot/6~bl; +http://www.semrush.com/bot.html)"
199.58.86.206 - - [23/Dec/2019:15:30:59 +0800] "GET /robots.txt HTTP/1.1" 200 24 "-" "Mozilla/5.0 (compatible; MJ12bot/v1.4.8; http://mj12bot.com/)"
199.58.86.206 - - [23/Dec/2019:15:31:01 +0800] "GET / HTTP/1.1" 200 4651 "-" "Mozilla/5.0 (compatible; MJ12bot/v1.4.8; http://mj12bot.com/)"
151.80.39.49 - - [23/Dec/2019:18:24:59 +0800] "GET / HTTP/1.1" 200 4651 "-" "Mozilla/5.0 (compatible; AhrefsBot/6.1; +http://ahrefs.com/robot/)"
46.229.168.130 - - [23/Dec/2019:18:39:20 +0800] "GET /robots.txt HTTP/1.1" 200 24 "-" "Mozilla/5.0 (compatible; SemrushBot/6~bl; +http://www.semrush.com/bot.html)"
46.229.168.147 - - [23/Dec/2019:18:39:21 +0800] "GET /zongcaihuyu/ HTTP/1.1" 200 5025 "-" "Mozilla/5.0 (compatible; SemrushBot/6~bl; +http://www.semrush.com/bot.html)"
65.154.226.220 - - [23/Dec/2019:18:52:57 +0800] "GET / HTTP/1.1" 301 - "-" "Mozilla/5.0 (Windows NT 6.1; Win64; x64) AppleWebKit/537.36 (KHTML, like Gecko) Chrome/68.0.3440.106 Safari/537.36"
65.154.226.220 - - [23/Dec/2019:18:52:57 +0800] "GET / HTTP/1.1" 200 4651 "-" "Mozilla/5.0 (Windows NT 6.1; Win64; x64) AppleWebKit/537.36 (KHTML, like Gecko) Chrome/68.0.3440.106 Safari/537.36"
65.154.226.220 - - [23/Dec/2019:18:53:00 +0800] "GET / HTTP/1.1" 301 - "-" "Mozilla/5.0 (X11; Linux x86_64) AppleWebKit/537.36 (KHTML, like Gecko) HeadlessChrome/78.0.3904.70 Safari/537.36"
65.154.226.220 - - [23/Dec/2019:18:53:00 +0800] "GET / HTTP/1.1" 200 4651 "-" "Mozilla/5.0 (X11; Linux x86_64) AppleWebKit/537.36 (KHTML, like Gecko) HeadlessChrome/78.0.3904.70 Safari/537.36"
65.154.226.220 - - [23/Dec/2019:18:53:00 +0800] "GET /template/news_16/css/main.css?v=1577098380 HTTP/1.1" 200 2868 "http://www.cmsmov.com/" "Mozilla/5.0 (X11; Linux x86_64) AppleWebKit/537.36 (KHTML, like Gecko) HeadlessChrome/78.0.3904.70 Safari/537.36"
65.154.226.220 - - [23/Dec/2019:18:53:01 +0800] "GET /public/assets/common/images/no-images.jpg HTTP/1.1" 200 11824 "http://www.cmsmov.com/" "Mozilla/5.0 (X11; Linux x86_64) AppleWebKit/537.36 (KHTML, like Gecko) HeadlessChrome/78.0.3904.70 Safari/537.36"
54.36.148.188 - - [23/Dec/2019:19:44:46 +0800] "GET /robots.txt HTTP/1.1" 200 24 "-" "Mozilla/5.0 (compatible; AhrefsBot/6.1; +http://ahrefs.com/robot/)"
151.80.39.49 - - [23/Dec/2019:19:44:47 +0800] "GET / HTTP/1.1" 301 - "-" "Mozilla/5.0 (compatible; AhrefsBot/6.1; +http://ahrefs.com/robot/)"
66.249.64.222 - - [23/Dec/2019:20:09:13 +0800] "GET /mip133/ HTTP/1.1" 200 6198 "-" "Mozilla/5.0 (Linux; Android 6.0.1; Nexus 5X Build/MMB29P) AppleWebKit/537.36 (KHTML, like Gecko) Chrome/41.0.2272.96 Mobile Safari/537.36 (compatible; Googlebot/2.1; +http://www.google.com/bot.html)"
66.249.64.197 - - [23/Dec/2019:20:19:06 +0800] "GET /kefuzaixian/index_4.html HTTP/1.1" 200 3948 "-" "Mozilla/5.0 (Linux; Android 6.0.1; Nexus 5X Build/MMB29P) AppleWebKit/537.36 (KHTML, like Gecko) Chrome/41.0.2272.96 Mobile Safari/537.36 (compatible; Googlebot/2.1; +http://www.google.com/bot.html)"
66.249.64.222 - - [23/Dec/2019:20:24:12 +0800] "GET /mip133/ HTTP/1.1" 200 6197 "-" "Mozilla/5.0 (compatible; Googlebot/2.1; +http://www.google.com/bot.html)"
111.202.103.124 - - [23/Dec/2019:22:16:35 +0800] "GET / HTTP/1.1" 200 4651 "-" "Sogou web spider/4.0(+http://www.sogou.com/docs/help/webmasters.htm#07)"
178.154.171.73 - - [23/Dec/2019:22:29:11 +0800] "GET /robots.txt HTTP/1.1" 200 24 "-" "Mozilla/5.0 (compatible; YandexBot/3.0; +http://yandex.com/bots)"
178.154.171.73 - - [23/Dec/2019:22:29:15 +0800] "GET / HTTP/1.1" 200 4651 "-" "Mozilla/5.0 (compatible; YandexBot/3.0; +http://yandex.com/bots)"
49.7.20.79 - - [23/Dec/2019:22:32:33 +0800] "GET /robots.txt HTTP/1.1" 200 24 "-" "Sogou web spider/4.0(+http://www.sogou.com/docs/help/webmasters.htm#07)"
49.7.20.79 - - [23/Dec/2019:22:32:33 +0800] "GET / HTTP/1.1" 200 4651 "-" "Sogou web spider/4.0(+http://www.sogou.com/docs/help/webmasters.htm#07)"
111.13.94.79 - - [23/Dec/2019:22:39:46 +0800] "GET / HTTP/1.1" 200 4651 "-" "Sogou web spider/4.0(+http://www.sogou.com/docs/help/webmasters.htm#07)"
46.229.168.131 - - [23/Dec/2019:23:57:48 +0800] "GET /robots.txt HTTP/1.1" 200 24 "-" "Mozilla/5.0 (compatible; SemrushBot/6~bl; +http://www.semrush.com/bot.html)"
46.229.168.134 - - [23/Dec/2019:23:57:49 +0800] "GET /mip63/ HTTP/1.1" 200 5884 "-" "Mozilla/5.0 (compatible; SemrushBot/6~bl; +http://www.semrush.com/bot.html)"
46.229.168.134 - - [24/Dec/2019:00:47:28 +0800] "GET /robots.txt HTTP/1.1" 200 24 "-" "Mozilla/5.0 (compatible; SemrushBot/6~bl; +http://www.semrush.com/bot.html)"
46.229.168.140 - - [24/Dec/2019:00:47:28 +0800] "GET /mip74/ HTTP/1.1" 200 6513 "-" "Mozilla/5.0 (compatible; SemrushBot/6~bl; +http://www.semrush.com/bot.html)"
5.196.87.131 - - [24/Dec/2019:00:48:05 +0800] "GET / HTTP/1.1" 200 4651 "-" "Mozilla/5.0 (compatible; AhrefsBot/6.1; +http://ahrefs.com/robot/)"
147.78.64.200 - - [24/Dec/2019:00:49:23 +0800] "GET / HTTP/1.1" 301 - "-" "Mozilla/5.0 (X11; U; Linux i686; en-US; rv:1.9.2.1) Gecko/20100122 firefox/3.6.1"
147.78.64.200 - - [24/Dec/2019:00:49:24 +0800] "GET / HTTP/1.1" 200 25397 "-" "Mozilla/5.0 (X11; U; Linux i686; en-US; rv:1.9.2.1) Gecko/20100122 firefox/3.6.1"
46.229.168.142 - - [24/Dec/2019:00:50:54 +0800] "GET /mip70/ HTTP/1.1" 200 6275 "-" "Mozilla/5.0 (compatible; SemrushBot/6~bl; +http://www.semrush.com/bot.html)"
46.229.168.146 - - [24/Dec/2019:00:50:57 +0800] "GET /mip118/ HTTP/1.1" 200 6597 "-" "Mozilla/5.0 (compatible; SemrushBot/6~bl; +http://www.semrush.com/bot.html)"
58.250.125.159 - - [24/Dec/2019:01:18:16 +0800] "GET /robots.txt HTTP/1.1" 200 24 "-" "Sogou web spider/4.0(+http://www.sogou.com/docs/help/webmasters.htm#07)"
58.250.125.159 - - [24/Dec/2019:01:18:16 +0800] "GET / HTTP/1.1" 200 4651 "-" "Sogou web spider/4.0(+http://www.sogou.com/docs/help/webmasters.htm#07)"
106.38.241.128 - - [24/Dec/2019:01:18:20 +0800] "GET /robots.txt HTTP/1.1" 200 24 "-" "Sogou web spider/4.0(+http://www.sogou.com/docs/help/webmasters.htm#07)"
106.38.241.128 - - [24/Dec/2019:01:18:21 +0800] "GET /template/news_16/css/main.css?v=1577121496 HTTP/1.1" 200 2868 "-" "Mozilla/4.0 (compatible; MSIE 7.0; Windows NT 6.0; Trident/4.0)"
151.80.39.68 - - [24/Dec/2019:02:16:06 +0800] "GET / HTTP/1.1" 301 - "-" "Mozilla/5.0 (compatible; AhrefsBot/6.1; +http://ahrefs.com/robot/)"
34.74.62.173 - - [24/Dec/2019:03:09:36 +0800] "GET /robots.txt HTTP/1.0" 200 24 "-" "ZoominfoBot (zoominfobot at zoominfo dot com)"
34.74.62.173 - - [24/Dec/2019:03:09:36 +0800] "GET / HTTP/1.0" 200 4651 "-" "ZoominfoBot (zoominfobot at zoominfo dot com)"
34.74.62.173 - - [24/Dec/2019:03:15:43 +0800] "GET /robots.txt HTTP/1.0" 200 24 "-" "ZoominfoBot (zoominfobot at zoominfo dot com)"
34.74.62.173 - - [24/Dec/2019:03:15:43 +0800] "GET / HTTP/1.0" 301 - "-" "ZoominfoBot (zoominfobot at zoominfo dot com)"
46.229.168.154 - - [24/Dec/2019:04:15:00 +0800] "GET /robots.txt HTTP/1.1" 200 24 "-" "Mozilla/5.0 (compatible; SemrushBot/6~bl; +http://www.semrush.com/bot.html)"
46.229.168.152 - - [24/Dec/2019:04:15:00 +0800] "GET /mip151/ HTTP/1.1" 200 8540 "-" "Mozilla/5.0 (compatible; SemrushBot/6~bl; +http://www.semrush.com/bot.html)"
46.229.168.138 - - [24/Dec/2019:04:40:17 +0800] "GET /robots.txt HTTP/1.1" 200 24 "-" "Mozilla/5.0 (compatible; SemrushBot/6~bl; +http://www.semrush.com/bot.html)"
46.229.168.138 - - [24/Dec/2019:04:40:18 +0800] "GET /mip156/ HTTP/1.1" 200 5485 "-" "Mozilla/5.0 (compatible; SemrushBot/6~bl; +http://www.semrush.com/bot.html)"
199.58.86.206 - - [24/Dec/2019:04:47:30 +0800] "GET /robots.txt HTTP/1.1" 200 24 "-" "Mozilla/5.0 (compatible; MJ12bot/v1.4.8; http://mj12bot.com/)"
199.58.86.206 - - [24/Dec/2019:04:47:32 +0800] "GET / HTTP/1.1" 301 - "-" "Mozilla/5.0 (compatible; MJ12bot/v1.4.8; http://mj12bot.com/)"
199.58.86.206 - - [24/Dec/2019:04:47:33 +0800] "GET /robots.txt HTTP/1.1" 200 24 "-" "Mozilla/5.0 (compatible; MJ12bot/v1.4.8; http://mj12bot.com/)"
199.58.86.206 - - [24/Dec/2019:04:47:36 +0800] "GET / HTTP/1.1" 200 4651 "-" "Mozilla/5.0 (compatible; MJ12bot/v1.4.8; http://mj12bot.com/)"
45.122.138.79 - - [24/Dec/2019:05:53:32 +0800] "GET /bakiimip.php?pw=mip HTTP/1.1" 200 687 "-" "Mozilla/4.0 (compatible; MSIE 7.0; Windows NT 6.1; WOW64; Trident/7.0; SLCC2; .NET CLR 2.0.50727; .NET CLR 3.5.30729; .NET CLR 3.0.30729; .NET4.0C; .NET4.0E)"
45.122.138.79 - - [24/Dec/2019:05:53:33 +0800] "POST /collect/ApiUserHuochetou/articleAdd HTTP/1.1" 200 26 "http://www.cmsmov.com/bakiimip.php?pw=mip" "Mozilla/4.0 (compatible; MSIE 7.0; Windows NT 6.1; WOW64; Trident/7.0; SLCC2; .NET CLR 2.0.50727; .NET CLR 3.5.30729; .NET CLR 3.0.30729; .NET4.0C; .NET4.0E)"
45.122.138.79 - - [24/Dec/2019:05:53:52 +0800] "GET /bakiimip.php?pw=mip HTTP/1.1" 200 687 "-" "Mozilla/4.0 (compatible; MSIE 7.0; Windows NT 6.1; WOW64; Trident/7.0; SLCC2; .NET CLR 2.0.50727; .NET CLR 3.5.30729; .NET CLR 3.0.30729; .NET4.0C; .NET4.0E)"
45.122.138.79 - - [24/Dec/2019:05:53:53 +0800] "POST /collect/ApiUserHuochetou/articleAdd HTTP/1.1" 200 26 "http://www.cmsmov.com/bakiimip.php?pw=mip" "Mozilla/4.0 (compatible; MSIE 7.0; Windows NT 6.1; WOW64; Trident/7.0; SLCC2; .NET CLR 2.0.50727; .NET CLR 3.5.30729; .NET CLR 3.0.30729; .NET4.0C; .NET4.0E)"
45.122.138.79 - - [24/Dec/2019:05:54:16 +0800] "GET /bakiimip.php?pw=mip HTTP/1.1" 200 687 "-" "Mozilla/4.0 (compatible; MSIE 7.0; Windows NT 6.1; WOW64; Trident/7.0; SLCC2; .NET CLR 2.0.50727; .NET CLR 3.5.30729; .NET CLR 3.0.30729; .NET4.0C; .NET4.0E)"
45.122.138.79 - - [24/Dec/2019:05:54:18 +0800] "POST /collect/ApiUserHuochetou/articleAdd HTTP/1.1" 200 26 "http://www.cmsmov.com/bakiimip.php?pw=mip" "Mozilla/4.0 (compatible; MSIE 7.0; Windows NT 6.1; WOW64; Trident/7.0; SLCC2; .NET CLR 2.0.50727; .NET CLR 3.5.30729; .NET CLR 3.0.30729; .NET4.0C; .NET4.0E)"
45.122.138.79 - - [24/Dec/2019:05:54:40 +0800] "GET /bakiimip.php?pw=mip HTTP/1.1" 200 687 "-" "Mozilla/4.0 (compatible; MSIE 7.0; Windows NT 6.1; WOW64; Trident/7.0; SLCC2; .NET CLR 2.0.50727; .NET CLR 3.5.30729; .NET CLR 3.0.30729; .NET4.0C; .NET4.0E)"
45.122.138.79 - - [24/Dec/2019:05:54:42 +0800] "POST /collect/ApiUserHuochetou/articleAdd HTTP/1.1" 200 26 "http://www.cmsmov.com/bakiimip.php?pw=mip" "Mozilla/4.0 (compatible; MSIE 7.0; Windows NT 6.1; WOW64; Trident/7.0; SLCC2; .NET CLR 2.0.50727; .NET CLR 3.5.30729; .NET CLR 3.0.30729; .NET4.0C; .NET4.0E)"
45.122.138.79 - - [24/Dec/2019:05:55:01 +0800] "GET /bakiimip.php?pw=mip HTTP/1.1" 200 687 "-" "Mozilla/4.0 (compatible; MSIE 7.0; Windows NT 6.1; WOW64; Trident/7.0; SLCC2; .NET CLR 2.0.50727; .NET CLR 3.5.30729; .NET CLR 3.0.30729; .NET4.0C; .NET4.0E)"
45.122.138.79 - - [24/Dec/2019:05:55:02 +0800] "POST /collect/ApiUserHuochetou/articleAdd HTTP/1.1" 200 26 "http://www.cmsmov.com/bakiimip.php?pw=mip" "Mozilla/4.0 (compatible; MSIE 7.0; Windows NT 6.1; WOW64; Trident/7.0; SLCC2; .NET CLR 2.0.50727; .NET CLR 3.5.30729; .NET CLR 3.0.30729; .NET4.0C; .NET4.0E)"
45.122.138.79 - - [24/Dec/2019:05:55:21 +0800] "GET /bakiimip.php?pw=mip HTTP/1.1" 200 687 "-" "Mozilla/4.0 (compatible; MSIE 7.0; Windows NT 6.1; WOW64; Trident/7.0; SLCC2; .NET CLR 2.0.50727; .NET CLR 3.5.30729; .NET CLR 3.0.30729; .NET4.0C; .NET4.0E)"
45.122.138.79 - - [24/Dec/2019:05:55:23 +0800] "POST /collect/ApiUserHuochetou/articleAdd HTTP/1.1" 200 26 "http://www.cmsmov.com/bakiimip.php?pw=mip" "Mozilla/4.0 (compatible; MSIE 7.0; Windows NT 6.1; WOW64; Trident/7.0; SLCC2; .NET CLR 2.0.50727; .NET CLR 3.5.30729; .NET CLR 3.0.30729; .NET4.0C; .NET4.0E)"
5.196.87.177 - - [24/Dec/2019:07:02:48 +0800] "GET / HTTP/1.1" 200 4597 "-" "Mozilla/5.0 (compatible; AhrefsBot/6.1; +http://ahrefs.com/robot/)"
66.249.75.3 - - [24/Dec/2019:08:04:46 +0800] "GET / HTTP/1.1" 200 4598 "-" "Mozilla/5.0 (compatible; Googlebot/2.1; +http://www.google.com/bot.html)"
51.159.18.103 - - [24/Dec/2019:08:17:19 +0800] "GET / HTTP/1.1" 301 - "-" "Mozilla/5.0 (Windows NT 10.0; Win64; x64) AppleWebKit/537.36 (KHTML, like iGecko) Chrome/56.0.2925.37 Safari/537.36"
51.159.18.103 - - [24/Dec/2019:08:17:19 +0800] "GET / HTTP/1.1" 200 4597 "-" "Mozilla/5.0 (Windows NT 10.0; Win64; x64) AppleWebKit/537.36 (KHTML, like iGecko) Chrome/56.0.2925.37 Safari/537.36"
151.80.39.139 - - [24/Dec/2019:08:39:05 +0800] "GET / HTTP/1.1" 301 - "-" "Mozilla/5.0 (compatible; AhrefsBot/6.1; +http://ahrefs.com/robot/)"
46.229.168.137 - - [24/Dec/2019:10:41:12 +0800] "GET /robots.txt HTTP/1.1" 200 24 "-" "Mozilla/5.0 (compatible; SemrushBot/6~bl; +http://www.semrush.com/bot.html)"
46.229.168.138 - - [24/Dec/2019:10:41:12 +0800] "GET /mip96/ HTTP/1.1" 200 5996 "-" "Mozilla/5.0 (compatible; SemrushBot/6~bl; +http://www.semrush.com/bot.html)"
66.249.75.3 - - [24/Dec/2019:13:00:22 +0800] "GET /mip177/ HTTP/1.1" 200 5706 "-" "Mozilla/5.0 (Linux; Android 6.0.1; Nexus 5X Build/MMB29P) AppleWebKit/537.36 (KHTML, like Gecko) Chrome/41.0.2272.96 Mobile Safari/537.36 (compatible; Googlebot/2.1; +http://www.google.com/bot.html)"
66.249.75.31 - - [24/Dec/2019:13:00:39 +0800] "GET /mip176/ HTTP/1.1" 200 5515 "-" "Mozilla/5.0 (Linux; Android 6.0.1; Nexus 5X Build/MMB29P) AppleWebKit/537.36 (KHTML, like Gecko) Chrome/41.0.2272.96 Mobile Safari/537.36 (compatible; Googlebot/2.1; +http://www.google.com/bot.html)"
66.249.75.31 - - [24/Dec/2019:13:00:59 +0800] "GET /mip173.xml HTTP/1.1" 200 7708 "-" "Mozilla/5.0 (Linux; Android 6.0.1; Nexus 5X Build/MMB29P) AppleWebKit/537.36 (KHTML, like Gecko) Chrome/41.0.2272.96 Mobile Safari/537.36 (compatible; Googlebot/2.1; +http://www.google.com/bot.html)"
66.249.75.3 - - [24/Dec/2019:13:01:39 +0800] "GET /mip178/ HTTP/1.1" 200 4964 "-" "Mozilla/5.0 (Linux; Android 6.0.1; Nexus 5X Build/MMB29P) AppleWebKit/537.36 (KHTML, like Gecko) Chrome/41.0.2272.96 Mobile Safari/537.36 (compatible; Googlebot/2.1; +http://www.google.com/bot.html)"
66.249.75.3 - - [24/Dec/2019:13:02:13 +0800] "GET /mip175/ HTTP/1.1" 200 4625 "-" "Mozilla/5.0 (Linux; Android 6.0.1; Nexus 5X Build/MMB29P) AppleWebKit/537.36 (KHTML, like Gecko) Chrome/41.0.2272.96 Mobile Safari/537.36 (compatible; Googlebot/2.1; +http://www.google.com/bot.html)"
151.80.39.238 - - [24/Dec/2019:13:16:42 +0800] "GET / HTTP/1.1" 200 4597 "-" "Mozilla/5.0 (compatible; AhrefsBot/6.1; +http://ahrefs.com/robot/)"
66.249.75.1 - - [24/Dec/2019:13:21:18 +0800] "GET /mip114.xml HTTP/1.1" 200 4734 "-" "Mozilla/5.0 (Linux; Android 6.0.1; Nexus 5X Build/MMB29P) AppleWebKit/537.36 (KHTML, like Gecko) Chrome/41.0.2272.96 Mobile Safari/537.36 (compatible; Googlebot/2.1; +http://www.google.com/bot.html)"
46.229.168.140 - - [24/Dec/2019:13:35:37 +0800] "GET /robots.txt HTTP/1.1" 200 24 "-" "Mozilla/5.0 (compatible; SemrushBot/6~bl; +http://www.semrush.com/bot.html)"
46.229.168.141 - - [24/Dec/2019:13:35:38 +0800] "GET /mip49/ HTTP/1.1" 200 7461 "-" "Mozilla/5.0 (compatible; SemrushBot/6~bl; +http://www.semrush.com/bot.html)"
46.229.168.154 - - [24/Dec/2019:14:24:52 +0800] "GET /robots.txt HTTP/1.1" 200 24 "-" "Mozilla/5.0 (compatible; SemrushBot/6~bl; +http://www.semrush.com/bot.html)"
46.229.168.151 - - [24/Dec/2019:14:24:53 +0800] "GET /mip89/ HTTP/1.1" 200 5395 "-" "Mozilla/5.0 (compatible; SemrushBot/6~bl; +http://www.semrush.com/bot.html)"
34.92.155.166 - - [24/Dec/2019:14:43:04 +0800] "GET / HTTP/1.1" 200 4601 "https://www.google.com/" "Mozilla/5.0 (Windows NT 6.3; WOW64) AppleWebKit/537.36 (KHTML, like Gecko) Chrome/76.0.3809.87 Safari/537.36"
34.92.155.166 - - [24/Dec/2019:14:43:04 +0800] "GET /template/news_16/css/main.css?v=1577169784 HTTP/1.1" 200 2868 "http://www.cmsmov.com/" "Mozilla/5.0 (Windows NT 6.3; WOW64) AppleWebKit/537.36 (KHTML, like Gecko) Chrome/76.0.3809.87 Safari/537.36"
34.92.155.166 - - [24/Dec/2019:14:43:06 +0800] "GET / HTTP/1.1" 200 4601 "https://www.google.com/" "Mozilla/5.0 (Windows NT 6.3; WOW64) AppleWebKit/537.36 (KHTML, like Gecko) Chrome/76.0.3809.87 Safari/537.36"
34.92.155.166 - - [24/Dec/2019:14:43:06 +0800] "GET /template/news_16/css/main.css?v=1577169786 HTTP/1.1" 200 2868 "http://www.cmsmov.com/" "Mozilla/5.0 (Windows NT 6.3; WOW64) AppleWebKit/537.36 (KHTML, like Gecko) Chrome/76.0.3809.87 Safari/537.36"
34.92.155.166 - - [24/Dec/2019:14:43:07 +0800] "GET /public/assets/common/images/no-images.jpg HTTP/1.1" 200 11824 "http://www.cmsmov.com/" "Mozilla/5.0 (Windows NT 6.3; WOW64) AppleWebKit/537.36 (KHTML, like Gecko) Chrome/76.0.3809.87 Safari/537.36"
34.92.155.166 - - [24/Dec/2019:14:43:07 +0800] "GET /favicon.ico HTTP/1.1" 200 589 "http://www.cmsmov.com/" "Mozilla/5.0 (Windows NT 6.3; WOW64) AppleWebKit/537.36 (KHTML, like Gecko) Chrome/76.0.3809.87 Safari/537.36"
151.80.39.139 - - [24/Dec/2019:14:47:20 +0800] "GET / HTTP/1.1" 301 - "-" "Mozilla/5.0 (compatible; AhrefsBot/6.1; +http://ahrefs.com/robot/)"
66.249.75.3 - - [24/Dec/2019:15:41:50 +0800] "GET /robots.txt HTTP/1.1" 200 24 "-" "Mozilla/5.0 (compatible; Googlebot/2.1; +http://www.google.com/bot.html)"
66.249.75.3 - - [24/Dec/2019:15:41:50 +0800] "GET / HTTP/1.1" 200 4601 "-" "Mozilla/5.0 (Linux; Android 6.0.1; Nexus 5X Build/MMB29P) AppleWebKit/537.36 (KHTML, like Gecko) Chrome/41.0.2272.96 Mobile Safari/537.36 (compatible; Googlebot/2.1; +http://www.google.com/bot.html)"
35.231.170.25 - - [24/Dec/2019:16:57:42 +0800] "GET /robots.txt HTTP/1.0" 200 24 "-" "ZoominfoBot (zoominfobot at zoominfo dot com)"
35.231.170.25 - - [24/Dec/2019:16:57:42 +0800] "GET /mip145/ HTTP/1.0" 200 5701 "-" "ZoominfoBot (zoominfobot at zoominfo dot com)"
35.231.170.25 - - [24/Dec/2019:16:57:44 +0800] "GET /mip170/ HTTP/1.0" 200 6638 "-" "ZoominfoBot (zoominfobot at zoominfo dot com)"
35.231.170.25 - - [24/Dec/2019:17:00:04 +0800] "GET /mip160/ HTTP/1.0" 200 5870 "-" "ZoominfoBot (zoominfobot at zoominfo dot com)"
35.231.170.25 - - [24/Dec/2019:17:00:24 +0800] "GET /kefuzaixian/ HTTP/1.0" 200 4974 "-" "ZoominfoBot (zoominfobot at zoominfo dot com)"
35.231.170.25 - - [24/Dec/2019:17:01:28 +0800] "GET /mip156/ HTTP/1.0" 200 5557 "-" "ZoominfoBot (zoominfobot at zoominfo dot com)"
35.231.170.25 - - [24/Dec/2019:17:04:19 +0800] "GET /mip146/ HTTP/1.0" 200 5870 "-" "ZoominfoBot (zoominfobot at zoominfo dot com)"
35.231.170.25 - - [24/Dec/2019:17:04:20 +0800] "GET /wanfatuiguang/ HTTP/1.0" 200 4907 "-" "ZoominfoBot (zoominfobot at zoominfo dot com)"
35.231.170.25 - - [24/Dec/2019:17:04:56 +0800] "GET /mip171/ HTTP/1.0" 200 5293 "-" "ZoominfoBot (zoominfobot at zoominfo dot com)"
35.231.170.25 - - [24/Dec/2019:17:06:17 +0800] "GET /mip167/ HTTP/1.0" 200 5078 "-" "ZoominfoBot (zoominfobot at zoominfo dot com)"
35.231.170.25 - - [24/Dec/2019:17:07:37 +0800] "GET /mip161/ HTTP/1.0" 200 6040 "-" "ZoominfoBot (zoominfobot at zoominfo dot com)"
35.231.170.25 - - [24/Dec/2019:17:08:56 +0800] "GET /mip157/ HTTP/1.0" 200 4637 "-" "ZoominfoBot (zoominfobot at zoominfo dot com)"
35.231.170.25 - - [24/Dec/2019:17:10:22 +0800] "GET /mip151/ HTTP/1.0" 200 8510 "-" "ZoominfoBot (zoominfobot at zoominfo dot com)"
35.231.170.25 - - [24/Dec/2019:17:11:40 +0800] "GET /mip147/ HTTP/1.0" 200 4665 "-" "ZoominfoBot (zoominfobot at zoominfo dot com)"
35.231.170.25 - - [24/Dec/2019:17:12:29 +0800] "GET /mip172/ HTTP/1.0" 200 4980 "-" "ZoominfoBot (zoominfobot at zoominfo dot com)"
35.231.170.25 - - [24/Dec/2019:17:13:42 +0800] "GET /mip168/ HTTP/1.0" 200 5504 "-" "ZoominfoBot (zoominfobot at zoominfo dot com)"
35.231.170.25 - - [24/Dec/2019:17:15:14 +0800] "GET /mip162/ HTTP/1.0" 200 5433 "-" "ZoominfoBot (zoominfobot at zoominfo dot com)"
35.231.170.25 - - [24/Dec/2019:17:18:09 +0800] "GET /mip152/ HTTP/1.0" 200 4893 "-" "ZoominfoBot (zoominfobot at zoominfo dot com)"
35.231.170.25 - - [24/Dec/2019:17:21:38 +0800] "GET /mip169/ HTTP/1.0" 200 5585 "-" "ZoominfoBot (zoominfobot at zoominfo dot com)"
35.231.170.25 - - [24/Dec/2019:17:22:18 +0800] "GET /mip138/ HTTP/1.0" 200 5760 "-" "ZoominfoBot (zoominfobot at zoominfo dot com)"
35.231.170.25 - - [24/Dec/2019:17:22:53 +0800] "GET /mip163/ HTTP/1.0" 200 5845 "-" "ZoominfoBot (zoominfobot at zoominfo dot com)"
35.231.170.25 - - [24/Dec/2019:17:25:37 +0800] "GET /mip153/ HTTP/1.0" 200 4995 "-" "ZoominfoBot (zoominfobot at zoominfo dot com)"
35.231.170.25 - - [24/Dec/2019:17:26:51 +0800] "GET /mip149/ HTTP/1.0" 200 9360 "-" "ZoominfoBot (zoominfobot at zoominfo dot com)"
35.231.170.25 - - [24/Dec/2019:17:26:54 +0800] "GET /youxizixun/ HTTP/1.0" 200 5101 "-" "ZoominfoBot (zoominfobot at zoominfo dot com)"
162.210.196.97 - - [24/Dec/2019:17:27:13 +0800] "GET /robots.txt HTTP/1.1" 200 24 "-" "Mozilla/5.0 (compatible; MJ12bot/v1.4.8; http://mj12bot.com/)"
162.210.196.97 - - [24/Dec/2019:17:27:15 +0800] "GET / HTTP/1.1" 200 4600 "-" "Mozilla/5.0 (compatible; MJ12bot/v1.4.8; http://mj12bot.com/)"
35.231.170.25 - - [24/Dec/2019:17:30:18 +0800] "GET /mip164/ HTTP/1.0" 200 4784 "-" "ZoominfoBot (zoominfobot at zoominfo dot com)"
35.231.170.25 - - [24/Dec/2019:17:30:19 +0800] "GET /guanyujituan/ HTTP/1.0" 200 4796 "-" "ZoominfoBot (zoominfobot at zoominfo dot com)"
35.231.170.25 - - [24/Dec/2019:17:33:18 +0800] "GET /mip154/ HTTP/1.0" 200 6296 "-" "ZoominfoBot (zoominfobot at zoominfo dot com)"
35.231.170.25 - - [24/Dec/2019:17:36:09 +0800] "GET /mip144/ HTTP/1.0" 200 5654 "-" "ZoominfoBot (zoominfobot at zoominfo dot com)"
35.231.170.25 - - [24/Dec/2019:17:36:24 +0800] "GET /zongcaihuyu/ HTTP/1.0" 200 5017 "-" "ZoominfoBot (zoominfobot at zoominfo dot com)"
35.231.170.25 - - [24/Dec/2019:17:41:06 +0800] "GET /mip155/ HTTP/1.0" 200 6092 "-" "ZoominfoBot (zoominfobot at zoominfo dot com)"
66.249.75.1 - - [24/Dec/2019:18:53:52 +0800] "GET /mip104.xml HTTP/1.1" 200 5295 "-" "Mozilla/5.0 (Linux; Android 6.0.1; Nexus 5X Build/MMB29P) AppleWebKit/537.36 (KHTML, like Gecko) Chrome/41.0.2272.96 Mobile Safari/537.36 (compatible; Googlebot/2.1; +http://www.google.com/bot.html)"
66.249.75.3 - - [24/Dec/2019:19:44:22 +0800] "GET /mip47/ HTTP/1.1" 200 4334 "-" "Mozilla/5.0 (Linux; Android 6.0.1; Nexus 5X Build/MMB29P) AppleWebKit/537.36 (KHTML, like Gecko) Chrome/41.0.2272.96 Mobile Safari/537.36 (compatible; Googlebot/2.1; +http://www.google.com/bot.html)"
5.196.87.177 - - [24/Dec/2019:19:46:49 +0800] "GET / HTTP/1.1" 200 4601 "-" "Mozilla/5.0 (compatible; AhrefsBot/6.1; +http://ahrefs.com/robot/)"
223.119.17.210 - - [24/Dec/2019:20:41:41 +0800] "GET / HTTP/1.1" 301 - "-" "Mozilla/4.0+(compatible;+MSIE+7.0;+Windows+NT+5.1;+Trident/4.0;+.NET+CLR+2.0.50727;+.NET+CLR+3.0.4506.2152;+.NET+CLR+3.5.30729;+.NET4.0C;+.NET4.0E)"
223.119.17.210 - - [24/Dec/2019:20:41:42 +0800] "GET / HTTP/1.1" 200 4600 "-" "-"
151.80.39.210 - - [24/Dec/2019:21:16:47 +0800] "GET / HTTP/1.1" 301 - "-" "Mozilla/5.0 (compatible; AhrefsBot/6.1; +http://ahrefs.com/robot/)"
46.229.168.136 - - [24/Dec/2019:21:28:05 +0800] "GET /robots.txt HTTP/1.1" 200 24 "-" "Mozilla/5.0 (compatible; SemrushBot/6~bl; +http://www.semrush.com/bot.html)"
46.229.168.129 - - [24/Dec/2019:21:28:05 +0800] "GET /mip59/ HTTP/1.1" 200 5215 "-" "Mozilla/5.0 (compatible; SemrushBot/6~bl; +http://www.semrush.com/bot.html)"
207.180.245.134 - - [24/Dec/2019:21:54:07 +0800] "GET /robots.txt HTTP/1.1" 200 24 "-" "Mozilla/5.0 (compatible; MJ12bot/v1.4.8; http://mj12bot.com/)"
207.180.245.134 - - [24/Dec/2019:21:54:10 +0800] "GET /mip173.xml HTTP/1.1" 200 7714 "-" "Mozilla/5.0 (compatible; MJ12bot/v1.4.8; http://mj12bot.com/)"
207.180.245.134 - - [24/Dec/2019:21:54:12 +0800] "GET /mip174/ HTTP/1.1" 200 5250 "-" "Mozilla/5.0 (compatible; MJ12bot/v1.4.8; http://mj12bot.com/)"
207.180.245.134 - - [24/Dec/2019:21:54:17 +0800] "GET /mip175/ HTTP/1.1" 200 4628 "-" "Mozilla/5.0 (compatible; MJ12bot/v1.4.8; http://mj12bot.com/)"
207.180.245.134 - - [24/Dec/2019:21:54:19 +0800] "GET /mip176/ HTTP/1.1" 200 5523 "-" "Mozilla/5.0 (compatible; MJ12bot/v1.4.8; http://mj12bot.com/)"
207.180.245.134 - - [24/Dec/2019:21:54:22 +0800] "GET /mip177/ HTTP/1.1" 200 5719 "-" "Mozilla/5.0 (compatible; MJ12bot/v1.4.8; http://mj12bot.com/)"
207.180.245.134 - - [24/Dec/2019:21:54:24 +0800] "GET /mip178/ HTTP/1.1" 200 4967 "-" "Mozilla/5.0 (compatible; MJ12bot/v1.4.8; http://mj12bot.com/)"
106.120.173.124 - - [24/Dec/2019:22:19:12 +0800] "GET /robots.txt HTTP/1.1" 200 24 "-" "Sogou web spider/4.0(+http://www.sogou.com/docs/help/webmasters.htm#07)"
106.120.173.124 - - [24/Dec/2019:22:19:13 +0800] "GET / HTTP/1.1" 200 4600 "-" "Sogou web spider/4.0(+http://www.sogou.com/docs/help/webmasters.htm#07)"
106.38.241.128 - - [24/Dec/2019:22:19:17 +0800] "GET /template/news_16/css/main.css?v=1577197153 HTTP/1.1" 200 2868 "-" "Mozilla/4.0 (compatible; MSIE 7.0; Windows NT 6.0; Trident/4.0)"
66.249.75.31 - - [24/Dec/2019:22:25:05 +0800] "GET /mip117/ HTTP/1.1" 200 5268 "-" "Mozilla/5.0 (Linux; Android 6.0.1; Nexus 5X Build/MMB29P) AppleWebKit/537.36 (KHTML, like Gecko) Chrome/41.0.2272.96 Mobile Safari/537.36 (compatible; Googlebot/2.1; +http://www.google.com/bot.html)"
66.249.75.31 - - [24/Dec/2019:22:55:12 +0800] "GET /mip107/ HTTP/1.1" 200 4458 "-" "Mozilla/5.0 (Linux; Android 6.0.1; Nexus 5X Build/MMB29P) AppleWebKit/537.36 (KHTML, like Gecko) Chrome/41.0.2272.96 Mobile Safari/537.36 (compatible; Googlebot/2.1; +http://www.google.com/bot.html)"
66.249.75.31 - - [24/Dec/2019:23:15:22 +0800] "GET /tag/laobanhuyudaili/ HTTP/1.1" 200 3857 "-" "Mozilla/5.0 (Linux; Android 6.0.1; Nexus 5X Build/MMB29P) AppleWebKit/537.36 (KHTML, like Gecko) Chrome/41.0.2272.96 Mobile Safari/537.36 (compatible; Googlebot/2.1; +http://www.google.com/bot.html)"
66.249.69.197 - - [24/Dec/2019:23:45:41 +0800] "GET /robots.txt HTTP/1.1" 200 24 "-" "Mozilla/5.0 (compatible; Googlebot/2.1; +http://www.google.com/bot.html)"
66.249.69.201 - - [24/Dec/2019:23:45:41 +0800] "GET / HTTP/1.1" 301 - "-" "Mozilla/5.0 (Linux; Android 6.0.1; Nexus 5X Build/MMB29P) AppleWebKit/537.36 (KHTML, like Gecko) Chrome/41.0.2272.96 Mobile Safari/537.36 (compatible; Googlebot/2.1; +http://www.google.com/bot.html)"
46.229.168.143 - - [25/Dec/2019:00:56:51 +0800] "GET /robots.txt HTTP/1.1" 200 24 "-" "Mozilla/5.0 (compatible; SemrushBot/6~bl; +http://www.semrush.com/bot.html)"
46.229.168.150 - - [25/Dec/2019:00:56:52 +0800] "GET /mip153/ HTTP/1.1" 200 4972 "-" "Mozilla/5.0 (compatible; SemrushBot/6~bl; +http://www.semrush.com/bot.html)"
66.249.75.31 - - [25/Dec/2019:01:02:25 +0800] "GET /mip114.xml HTTP/1.1" 200 4719 "-" "Mozilla/5.0 (Linux; Android 6.0.1; Nexus 5X Build/MMB29P) AppleWebKit/537.36 (KHTML, like Gecko) Chrome/41.0.2272.96 Mobile Safari/537.36 (compatible; Googlebot/2.1; +http://www.google.com/bot.html)"
58.250.125.82 - - [25/Dec/2019:01:15:30 +0800] "GET /robots.txt HTTP/1.1" 200 24 "-" "Sogou web spider/4.0(+http://www.sogou.com/docs/help/webmasters.htm#07)"
58.250.125.82 - - [25/Dec/2019:01:15:31 +0800] "GET / HTTP/1.1" 200 4576 "-" "Sogou web spider/4.0(+http://www.sogou.com/docs/help/webmasters.htm#07)"
106.38.241.128 - - [25/Dec/2019:01:15:33 +0800] "GET /template/news_16/css/main.css?v=1577207731 HTTP/1.1" 200 2868 "-" "Mozilla/4.0 (compatible; MSIE 7.0; Windows NT 6.0; Trident/4.0)"
46.229.168.140 - - [25/Dec/2019:01:43:29 +0800] "GET /robots.txt HTTP/1.1" 200 24 "-" "Mozilla/5.0 (compatible; SemrushBot/6~bl; +http://www.semrush.com/bot.html)"
46.229.168.148 - - [25/Dec/2019:01:43:29 +0800] "GET /mip42/ HTTP/1.1" 200 4624 "-" "Mozilla/5.0 (compatible; SemrushBot/6~bl; +http://www.semrush.com/bot.html)"
54.36.148.126 - - [25/Dec/2019:01:50:32 +0800] "GET /robots.txt HTTP/1.1" 200 24 "-" "Mozilla/5.0 (compatible; AhrefsBot/6.1; +http://ahrefs.com/robot/)"
151.80.39.68 - - [25/Dec/2019:01:50:35 +0800] "GET / HTTP/1.1" 200 4577 "-" "Mozilla/5.0 (compatible; AhrefsBot/6.1; +http://ahrefs.com/robot/)"
46.229.168.136 - - [25/Dec/2019:01:52:46 +0800] "GET /mip122/ HTTP/1.1" 200 6035 "-" "Mozilla/5.0 (compatible; SemrushBot/6~bl; +http://www.semrush.com/bot.html)"
66.249.75.1 - - [25/Dec/2019:02:07:18 +0800] "GET / HTTP/1.1" 200 4577 "-" "Mozilla/5.0 (compatible; Googlebot/2.1; +http://www.google.com/bot.html)"
66.249.75.3 - - [25/Dec/2019:02:12:13 +0800] "GET /mip174/ HTTP/1.1" 200 5228 "-" "Mozilla/5.0 (Linux; Android 6.0.1; Nexus 5X Build/MMB29P) AppleWebKit/537.36 (KHTML, like Gecko) Chrome/41.0.2272.96 Mobile Safari/537.36 (compatible; Googlebot/2.1; +http://www.google.com/bot.html)"
66.249.75.1 - - [25/Dec/2019:03:33:51 +0800] "GET / HTTP/1.1" 200 4577 "-" "Mozilla/5.0 (Linux; Android 6.0.1; Nexus 5X Build/MMB29P) AppleWebKit/537.36 (KHTML, like Gecko) Chrome/41.0.2272.96 Mobile Safari/537.36 (compatible; Googlebot/2.1; +http://www.google.com/bot.html)"
151.80.39.238 - - [25/Dec/2019:03:54:22 +0800] "GET / HTTP/1.1" 301 - "-" "Mozilla/5.0 (compatible; AhrefsBot/6.1; +http://ahrefs.com/robot/)"
199.58.86.209 - - [25/Dec/2019:04:11:49 +0800] "GET /robots.txt HTTP/1.1" 200 24 "-" "Mozilla/5.0 (compatible; MJ12bot/v1.4.8; http://mj12bot.com/)"
199.58.86.209 - - [25/Dec/2019:04:11:52 +0800] "GET / HTTP/1.1" 301 - "-" "Mozilla/5.0 (compatible; MJ12bot/v1.4.8; http://mj12bot.com/)"
199.58.86.209 - - [25/Dec/2019:04:11:53 +0800] "GET /robots.txt HTTP/1.1" 200 24 "-" "Mozilla/5.0 (compatible; MJ12bot/v1.4.8; http://mj12bot.com/)"
199.58.86.209 - - [25/Dec/2019:04:11:55 +0800] "GET / HTTP/1.1" 200 4577 "-" "Mozilla/5.0 (compatible; MJ12bot/v1.4.8; http://mj12bot.com/)"
66.249.75.3 - - [25/Dec/2019:05:56:04 +0800] "GET /mip170/ HTTP/1.1" 200 6615 "-" "Mozilla/5.0 (Linux; Android 6.0.1; Nexus 5X Build/MMB29P) AppleWebKit/537.36 (KHTML, like Gecko) Chrome/41.0.2272.96 Mobile Safari/537.36 (compatible; Googlebot/2.1; +http://www.google.com/bot.html)"
34.74.107.1 - - [25/Dec/2019:06:02:12 +0800] "GET /robots.txt HTTP/1.0" 200 24 "-" "ZoominfoBot (zoominfobot at zoominfo dot com)"
34.74.107.1 - - [25/Dec/2019:06:02:12 +0800] "GET / HTTP/1.0" 200 4577 "-" "ZoominfoBot (zoominfobot at zoominfo dot com)"
34.74.107.1 - - [25/Dec/2019:06:08:37 +0800] "GET /robots.txt HTTP/1.0" 200 24 "-" "ZoominfoBot (zoominfobot at zoominfo dot com)"
34.74.107.1 - - [25/Dec/2019:06:08:37 +0800] "GET / HTTP/1.0" 301 - "-" "ZoominfoBot (zoominfobot at zoominfo dot com)"
46.229.168.162 - - [25/Dec/2019:06:22:26 +0800] "GET /robots.txt HTTP/1.1" 200 24 "-" "Mozilla/5.0 (compatible; SemrushBot/6~bl; +http://www.semrush.com/bot.html)"
46.229.168.154 - - [25/Dec/2019:06:22:26 +0800] "GET /mip35/ HTTP/1.1" 200 5472 "-" "Mozilla/5.0 (compatible; SemrushBot/6~bl; +http://www.semrush.com/bot.html)"
46.229.168.146 - - [25/Dec/2019:06:42:22 +0800] "GET /robots.txt HTTP/1.1" 200 24 "-" "Mozilla/5.0 (compatible; SemrushBot/6~bl; +http://www.semrush.com/bot.html)"
46.229.168.163 - - [25/Dec/2019:06:42:23 +0800] "GET /mip132/ HTTP/1.1" 200 5648 "-" "Mozilla/5.0 (compatible; SemrushBot/6~bl; +http://www.semrush.com/bot.html)"
46.229.168.134 - - [25/Dec/2019:07:10:20 +0800] "GET /robots.txt HTTP/1.1" 200 24 "-" "Mozilla/5.0 (compatible; SemrushBot/6~bl; +http://www.semrush.com/bot.html)"
46.229.168.151 - - [25/Dec/2019:07:10:20 +0800] "GET /mip139/ HTTP/1.1" 200 4566 "-" "Mozilla/5.0 (compatible; SemrushBot/6~bl; +http://www.semrush.com/bot.html)"
151.80.39.238 - - [25/Dec/2019:07:48:26 +0800] "GET / HTTP/1.1" 200 4577 "-" "Mozilla/5.0 (compatible; AhrefsBot/6.1; +http://ahrefs.com/robot/)"
46.229.168.147 - - [25/Dec/2019:08:18:49 +0800] "GET /robots.txt HTTP/1.1" 200 24 "-" "Mozilla/5.0 (compatible; SemrushBot/6~bl; +http://www.semrush.com/bot.html)"
46.229.168.138 - - [25/Dec/2019:08:18:49 +0800] "GET /tag/niulaobanguanwang/ HTTP/1.1" 200 3728 "-" "Mozilla/5.0 (compatible; SemrushBot/6~bl; +http://www.semrush.com/bot.html)"
46.229.168.153 - - [25/Dec/2019:08:41:17 +0800] "GET /robots.txt HTTP/1.1" 200 24 "-" "Mozilla/5.0 (compatible; SemrushBot/6~bl; +http://www.semrush.com/bot.html)"
46.229.168.153 - - [25/Dec/2019:08:41:17 +0800] "GET /guanyujituan/ HTTP/1.1" 200 4796 "-" "Mozilla/5.0 (compatible; SemrushBot/6~bl; +http://www.semrush.com/bot.html)"
49.7.20.79 - - [25/Dec/2019:08:58:54 +0800] "GET /robots.txt HTTP/1.1" 200 24 "-" "Sogou web spider/4.0(+http://www.sogou.com/docs/help/webmasters.htm#07)"
46.229.168.136 - - [25/Dec/2019:09:14:24 +0800] "GET /robots.txt HTTP/1.1" 200 24 "-" "Mozilla/5.0 (compatible; SemrushBot/6~bl; +http://www.semrush.com/bot.html)"
46.229.168.136 - - [25/Dec/2019:09:14:24 +0800] "GET /mip145/ HTTP/1.1" 200 5683 "-" "Mozilla/5.0 (compatible; SemrushBot/6~bl; +http://www.semrush.com/bot.html)"
34.74.246.93 - - [25/Dec/2019:09:46:23 +0800] "GET /robots.txt HTTP/1.0" 200 24 "-" "ZoominfoBot (zoominfobot at zoominfo dot com)"
34.74.246.93 - - [25/Dec/2019:09:46:23 +0800] "GET /mip176/ HTTP/1.0" 200 5499 "-" "ZoominfoBot (zoominfobot at zoominfo dot com)"
34.74.246.93 - - [25/Dec/2019:09:46:24 +0800] "GET /mip170/ HTTP/1.0" 200 6616 "-" "ZoominfoBot (zoominfobot at zoominfo dot com)"
34.74.246.93 - - [25/Dec/2019:09:48:39 +0800] "GET /mip160/ HTTP/1.0" 200 5850 "-" "ZoominfoBot (zoominfobot at zoominfo dot com)"
34.74.246.93 - - [25/Dec/2019:09:48:55 +0800] "GET /kefuzaixian/ HTTP/1.0" 200 4951 "-" "ZoominfoBot (zoominfobot at zoominfo dot com)"
34.74.246.93 - - [25/Dec/2019:09:49:42 +0800] "GET /mip156/ HTTP/1.0" 200 5537 "-" "ZoominfoBot (zoominfobot at zoominfo dot com)"
34.74.246.93 - - [25/Dec/2019:09:51:19 +0800] "GET /mip177/ HTTP/1.0" 200 5699 "-" "ZoominfoBot (zoominfobot at zoominfo dot com)"
34.74.246.93 - - [25/Dec/2019:09:52:07 +0800] "GET /wanfatuiguang/ HTTP/1.0" 200 4909 "-" "ZoominfoBot (zoominfobot at zoominfo dot com)"
34.74.246.93 - - [25/Dec/2019:09:52:39 +0800] "GET /mip171/ HTTP/1.0" 200 5275 "-" "ZoominfoBot (zoominfobot at zoominfo dot com)"
34.74.246.93 - - [25/Dec/2019:09:53:39 +0800] "GET /mip167/ HTTP/1.0" 200 5055 "-" "ZoominfoBot (zoominfobot at zoominfo dot com)"
34.74.246.93 - - [25/Dec/2019:09:54:52 +0800] "GET /mip161/ HTTP/1.0" 200 6024 "-" "ZoominfoBot (zoominfobot at zoominfo dot com)"
34.74.246.93 - - [25/Dec/2019:09:56:00 +0800] "GET /mip157/ HTTP/1.0" 200 4616 "-" "ZoominfoBot (zoominfobot at zoominfo dot com)"
34.74.246.93 - - [25/Dec/2019:09:57:02 +0800] "GET /mip151/ HTTP/1.0" 200 8489 "-" "ZoominfoBot (zoominfobot at zoominfo dot com)"
34.74.246.93 - - [25/Dec/2019:09:57:29 +0800] "GET /mip178/ HTTP/1.0" 200 4948 "-" "ZoominfoBot (zoominfobot at zoominfo dot com)"
34.74.246.93 - - [25/Dec/2019:09:58:06 +0800] "GET /mip147/ HTTP/1.0" 200 4643 "-" "ZoominfoBot (zoominfobot at zoominfo dot com)"
34.74.246.93 - - [25/Dec/2019:09:58:43 +0800] "GET /mip172/ HTTP/1.0" 200 4957 "-" "ZoominfoBot (zoominfobot at zoominfo dot com)"
34.74.246.93 - - [25/Dec/2019:09:59:41 +0800] "GET /mip168/ HTTP/1.0" 200 5485 "-" "ZoominfoBot (zoominfobot at zoominfo dot com)"
34.74.246.93 - - [25/Dec/2019:10:00:49 +0800] "GET /mip162/ HTTP/1.0" 200 5412 "-" "ZoominfoBot (zoominfobot at zoominfo dot com)"
34.74.246.93 - - [25/Dec/2019:10:02:55 +0800] "GET /mip152/ HTTP/1.0" 200 4872 "-" "ZoominfoBot (zoominfobot at zoominfo dot com)"
34.74.246.93 - - [25/Dec/2019:10:05:40 +0800] "GET /mip169/ HTTP/1.0" 200 5563 "-" "ZoominfoBot (zoominfobot at zoominfo dot com)"
34.74.246.93 - - [25/Dec/2019:10:07:05 +0800] "GET /mip163/ HTTP/1.0" 200 5825 "-" "ZoominfoBot (zoominfobot at zoominfo dot com)"
34.74.246.93 - - [25/Dec/2019:10:09:41 +0800] "GET /mip153/ HTTP/1.0" 200 4974 "-" "ZoominfoBot (zoominfobot at zoominfo dot com)"
34.74.246.93 - - [25/Dec/2019:10:10:52 +0800] "GET /youxizixun/ HTTP/1.0" 200 5101 "-" "ZoominfoBot (zoominfobot at zoominfo dot com)"
34.74.246.93 - - [25/Dec/2019:10:11:31 +0800] "GET /mip174/ HTTP/1.0" 200 5229 "-" "ZoominfoBot (zoominfobot at zoominfo dot com)"
34.74.246.93 - - [25/Dec/2019:10:13:57 +0800] "GET /mip164/ HTTP/1.0" 200 4763 "-" "ZoominfoBot (zoominfobot at zoominfo dot com)"
34.74.246.93 - - [25/Dec/2019:10:13:58 +0800] "GET /guanyujituan/ HTTP/1.0" 200 4795 "-" "ZoominfoBot (zoominfobot at zoominfo dot com)"
34.74.246.93 - - [25/Dec/2019:10:16:11 +0800] "GET /mip154/ HTTP/1.0" 200 6276 "-" "ZoominfoBot (zoominfobot at zoominfo dot com)"
34.74.246.93 - - [25/Dec/2019:10:17:48 +0800] "GET /mip175/ HTTP/1.0" 200 4607 "-" "ZoominfoBot (zoominfobot at zoominfo dot com)"
34.74.246.93 - - [25/Dec/2019:10:18:38 +0800] "GET /zongcaihuyu/ HTTP/1.0" 200 5015 "-" "ZoominfoBot (zoominfobot at zoominfo dot com)"
34.74.246.93 - - [25/Dec/2019:10:22:24 +0800] "GET /mip155/ HTTP/1.0" 200 6070 "-" "ZoominfoBot (zoominfobot at zoominfo dot com)"
5.196.87.177 - - [25/Dec/2019:10:22:50 +0800] "GET / HTTP/1.1" 301 - "-" "Mozilla/5.0 (compatible; AhrefsBot/6.1; +http://ahrefs.com/robot/)"
106.120.173.124 - - [25/Dec/2019:10:40:05 +0800] "GET /robots.txt HTTP/1.1" 200 24 "-" "Sogou web spider/4.0(+http://www.sogou.com/docs/help/webmasters.htm#07)"
64.246.165.140 - - [25/Dec/2019:10:45:24 +0800] "GET /robots.txt HTTP/1.0" 200 24 "-" "Mozilla/5.0 (Macintosh; Intel Mac OS X 10.10; rv:59.0) Gecko/20100101 Firefox/59.0"
64.246.165.140 - - [25/Dec/2019:10:45:24 +0800] "GET / HTTP/1.1" 200 4577 "-" "Mozilla/5.0 (Macintosh; Intel Mac OS X 10.10; rv:59.0) Gecko/20100101 Firefox/59.0"
66.249.75.3 - - [25/Dec/2019:12:31:35 +0800] "GET / HTTP/1.1" 200 4577 "-" "Mozilla/5.0 (Linux; Android 6.0.1; Nexus 5X Build/MMB29P) AppleWebKit/537.36 (KHTML, like Gecko) Chrome/41.0.2272.96 Mobile Safari/537.36 (compatible; Googlebot/2.1; +http://www.google.com/bot.html)"
66.249.75.1 - - [25/Dec/2019:13:15:24 +0800] "GET /mip177/ HTTP/1.1" 200 5699 "-" "Mozilla/5.0 (Linux; Android 6.0.1; Nexus 5X Build/MMB29P) AppleWebKit/537.36 (KHTML, like Gecko) Chrome/41.0.2272.96 Mobile Safari/537.36 (compatible; Googlebot/2.1; +http://www.google.com/bot.html)"
66.249.75.1 - - [25/Dec/2019:13:18:24 +0800] "GET /mip176/ HTTP/1.1" 200 5499 "-" "Mozilla/5.0 (Linux; Android 6.0.1; Nexus 5X Build/MMB29P) AppleWebKit/537.36 (KHTML, like Gecko) Chrome/41.0.2272.96 Mobile Safari/537.36 (compatible; Googlebot/2.1; +http://www.google.com/bot.html)"
66.249.75.3 - - [25/Dec/2019:13:22:33 +0800] "GET /mip178/ HTTP/1.1" 200 4948 "-" "Mozilla/5.0 (Linux; Android 6.0.1; Nexus 5X Build/MMB29P) AppleWebKit/537.36 (KHTML, like Gecko) Chrome/41.0.2272.96 Mobile Safari/537.36 (compatible; Googlebot/2.1; +http://www.google.com/bot.html)"
45.122.138.79 - - [25/Dec/2019:13:25:33 +0800] "GET /bakiimip.php?pw=mip HTTP/1.1" 200 687 "-" "Mozilla/4.0 (compatible; MSIE 7.0; Windows NT 6.1; WOW64; Trident/7.0; SLCC2; .NET CLR 2.0.50727; .NET CLR 3.5.30729; .NET CLR 3.0.30729; .NET4.0C; .NET4.0E)"
45.122.138.79 - - [25/Dec/2019:13:25:34 +0800] "POST /collect/ApiUserHuochetou/articleAdd HTTP/1.1" 200 26 "http://www.cmsmov.com/bakiimip.php?pw=mip" "Mozilla/4.0 (compatible; MSIE 7.0; Windows NT 6.1; WOW64; Trident/7.0; SLCC2; .NET CLR 2.0.50727; .NET CLR 3.5.30729; .NET CLR 3.0.30729; .NET4.0C; .NET4.0E)"
45.122.138.79 - - [25/Dec/2019:13:25:59 +0800] "GET /bakiimip.php?pw=mip HTTP/1.1" 200 687 "-" "Mozilla/4.0 (compatible; MSIE 7.0; Windows NT 6.1; WOW64; Trident/7.0; SLCC2; .NET CLR 2.0.50727; .NET CLR 3.5.30729; .NET CLR 3.0.30729; .NET4.0C; .NET4.0E)"
45.122.138.79 - - [25/Dec/2019:13:26:00 +0800] "POST /collect/ApiUserHuochetou/articleAdd HTTP/1.1" 200 26 "http://www.cmsmov.com/bakiimip.php?pw=mip" "Mozilla/4.0 (compatible; MSIE 7.0; Windows NT 6.1; WOW64; Trident/7.0; SLCC2; .NET CLR 2.0.50727; .NET CLR 3.5.30729; .NET CLR 3.0.30729; .NET4.0C; .NET4.0E)"
45.122.138.79 - - [25/Dec/2019:13:26:18 +0800] "GET /bakiimip.php?pw=mip HTTP/1.1" 200 687 "-" "Mozilla/4.0 (compatible; MSIE 7.0; Windows NT 6.1; WOW64; Trident/7.0; SLCC2; .NET CLR 2.0.50727; .NET CLR 3.5.30729; .NET CLR 3.0.30729; .NET4.0C; .NET4.0E)"
45.122.138.79 - - [25/Dec/2019:13:26:20 +0800] "POST /collect/ApiUserHuochetou/articleAdd HTTP/1.1" 200 26 "http://www.cmsmov.com/bakiimip.php?pw=mip" "Mozilla/4.0 (compatible; MSIE 7.0; Windows NT 6.1; WOW64; Trident/7.0; SLCC2; .NET CLR 2.0.50727; .NET CLR 3.5.30729; .NET CLR 3.0.30729; .NET4.0C; .NET4.0E)"
45.122.138.79 - - [25/Dec/2019:13:26:33 +0800] "GET /bakiimip.php?pw=mip HTTP/1.1" 200 687 "-" "Mozilla/4.0 (compatible; MSIE 7.0; Windows NT 6.1; WOW64; Trident/7.0; SLCC2; .NET CLR 2.0.50727; .NET CLR 3.5.30729; .NET CLR 3.0.30729; .NET4.0C; .NET4.0E)"
45.122.138.79 - - [25/Dec/2019:13:26:35 +0800] "POST /collect/ApiUserHuochetou/articleAdd HTTP/1.1" 200 26 "http://www.cmsmov.com/bakiimip.php?pw=mip" "Mozilla/4.0 (compatible; MSIE 7.0; Windows NT 6.1; WOW64; Trident/7.0; SLCC2; .NET CLR 2.0.50727; .NET CLR 3.5.30729; .NET CLR 3.0.30729; .NET4.0C; .NET4.0E)"
45.122.138.79 - - [25/Dec/2019:13:26:49 +0800] "GET /bakiimip.php?pw=mip HTTP/1.1" 200 687 "-" "Mozilla/4.0 (compatible; MSIE 7.0; Windows NT 6.1; WOW64; Trident/7.0; SLCC2; .NET CLR 2.0.50727; .NET CLR 3.5.30729; .NET CLR 3.0.30729; .NET4.0C; .NET4.0E)"
45.122.138.79 - - [25/Dec/2019:13:26:51 +0800] "POST /collect/ApiUserHuochetou/articleAdd HTTP/1.1" 200 26 "http://www.cmsmov.com/bakiimip.php?pw=mip" "Mozilla/4.0 (compatible; MSIE 7.0; Windows NT 6.1; WOW64; Trident/7.0; SLCC2; .NET CLR 2.0.50727; .NET CLR 3.5.30729; .NET CLR 3.0.30729; .NET4.0C; .NET4.0E)"
45.122.138.79 - - [25/Dec/2019:13:27:12 +0800] "GET /bakiimip.php?pw=mip HTTP/1.1" 200 687 "-" "Mozilla/4.0 (compatible; MSIE 7.0; Windows NT 6.1; WOW64; Trident/7.0; SLCC2; .NET CLR 2.0.50727; .NET CLR 3.5.30729; .NET CLR 3.0.30729; .NET4.0C; .NET4.0E)"
45.122.138.79 - - [25/Dec/2019:13:27:13 +0800] "POST /collect/ApiUserHuochetou/articleAdd HTTP/1.1" 200 26 "http://www.cmsmov.com/bakiimip.php?pw=mip" "Mozilla/4.0 (compatible; MSIE 7.0; Windows NT 6.1; WOW64; Trident/7.0; SLCC2; .NET CLR 2.0.50727; .NET CLR 3.5.30729; .NET CLR 3.0.30729; .NET4.0C; .NET4.0E)"
66.249.75.1 - - [25/Dec/2019:13:31:14 +0800] "GET /mip175/ HTTP/1.1" 200 4636 "-" "Mozilla/5.0 (Linux; Android 6.0.1; Nexus 5X Build/MMB29P) AppleWebKit/537.36 (KHTML, like Gecko) Chrome/41.0.2272.96 Mobile Safari/537.36 (compatible; Googlebot/2.1; +http://www.google.com/bot.html)"
66.249.75.1 - - [25/Dec/2019:13:31:27 +0800] "GET /mip181/ HTTP/1.1" 200 6661 "-" "Mozilla/5.0 (Linux; Android 6.0.1; Nexus 5X Build/MMB29P) AppleWebKit/537.36 (KHTML, like Gecko) Chrome/41.0.2272.96 Mobile Safari/537.36 (compatible; Googlebot/2.1; +http://www.google.com/bot.html)"
66.249.75.31 - - [25/Dec/2019:13:31:38 +0800] "GET /mip179.xml HTTP/1.1" 200 4709 "-" "Mozilla/5.0 (Linux; Android 6.0.1; Nexus 5X Build/MMB29P) AppleWebKit/537.36 (KHTML, like Gecko) Chrome/41.0.2272.96 Mobile Safari/537.36 (compatible; Googlebot/2.1; +http://www.google.com/bot.html)"
66.249.75.31 - - [25/Dec/2019:13:31:50 +0800] "GET /mip183/ HTTP/1.1" 200 5220 "-" "Mozilla/5.0 (Linux; Android 6.0.1; Nexus 5X Build/MMB29P) AppleWebKit/537.36 (KHTML, like Gecko) Chrome/41.0.2272.96 Mobile Safari/537.36 (compatible; Googlebot/2.1; +http://www.google.com/bot.html)"
66.249.75.3 - - [25/Dec/2019:13:32:10 +0800] "GET /mip180/ HTTP/1.1" 200 4920 "-" "Mozilla/5.0 (Linux; Android 6.0.1; Nexus 5X Build/MMB29P) AppleWebKit/537.36 (KHTML, like Gecko) Chrome/41.0.2272.96 Mobile Safari/537.36 (compatible; Googlebot/2.1; +http://www.google.com/bot.html)"
151.80.39.49 - - [25/Dec/2019:14:08:12 +0800] "GET / HTTP/1.1" 200 4615 "-" "Mozilla/5.0 (compatible; AhrefsBot/6.1; +http://ahrefs.com/robot/)"
46.166.178.171 - - [25/Dec/2019:15:02:27 +0800] "GET /panel/tables.php HTTP/1.1" 301 - "-" "Mozilla/5.0 (X11; Ubuntu; Linux x86_64; rv:62.0) Gecko/20100101 Firefox/62.0"
46.166.178.171 - - [25/Dec/2019:15:02:27 +0800] "GET /panel/tables.php HTTP/1.1" 404 564 "http://cmsmov.com/panel/tables.php" "Mozilla/5.0 (X11; Ubuntu; Linux x86_64; rv:62.0) Gecko/20100101 Firefox/62.0"
46.229.168.151 - - [25/Dec/2019:15:24:38 +0800] "GET /robots.txt HTTP/1.1" 200 24 "-" "Mozilla/5.0 (compatible; SemrushBot/6~bl; +http://www.semrush.com/bot.html)"
46.229.168.151 - - [25/Dec/2019:15:24:39 +0800] "GET /tag/koudaiqipai/ HTTP/1.1" 200 3329 "-" "Mozilla/5.0 (compatible; SemrushBot/6~bl; +http://www.semrush.com/bot.html)"
123.126.113.185 - - [25/Dec/2019:15:57:05 +0800] "GET /robots.txt HTTP/1.1" 200 24 "-" "Sogou web spider/4.0(+http://www.sogou.com/docs/help/webmasters.htm#07)"
151.80.39.71 - - [25/Dec/2019:16:49:30 +0800] "GET / HTTP/1.1" 301 - "-" "Mozilla/5.0 (compatible; AhrefsBot/6.1; +http://ahrefs.com/robot/)"
46.229.168.139 - - [25/Dec/2019:17:02:33 +0800] "GET /robots.txt HTTP/1.1" 200 24 "-" "Mozilla/5.0 (compatible; SemrushBot/6~bl; +http://www.semrush.com/bot.html)"
46.229.168.135 - - [25/Dec/2019:17:02:33 +0800] "GET /wanfatuiguang/ HTTP/1.1" 200 4921 "-" "Mozilla/5.0 (compatible; SemrushBot/6~bl; +http://www.semrush.com/bot.html)"
46.229.168.132 - - [25/Dec/2019:17:15:51 +0800] "GET /mip27/ HTTP/1.1" 200 8782 "-" "Mozilla/5.0 (compatible; SemrushBot/6~bl; +http://www.semrush.com/bot.html)"
46.229.168.148 - - [25/Dec/2019:19:17:05 +0800] "GET /robots.txt HTTP/1.1" 200 24 "-" "Mozilla/5.0 (compatible; SemrushBot/6~bl; +http://www.semrush.com/bot.html)"
46.229.168.163 - - [25/Dec/2019:19:17:05 +0800] "GET /mip17/ HTTP/1.1" 200 11618 "-" "Mozilla/5.0 (compatible; SemrushBot/6~bl; +http://www.semrush.com/bot.html)"
66.249.75.1 - - [25/Dec/2019:19:37:13 +0800] "GET /robots.txt HTTP/1.1" 200 24 "-" "Mozilla/5.0 (compatible; Googlebot/2.1; +http://www.google.com/bot.html)"
66.249.75.1 - - [25/Dec/2019:19:37:13 +0800] "GET /mip114.xml HTTP/1.1" 200 4746 "-" "Mozilla/5.0 (Linux; Android 6.0.1; Nexus 5X Build/MMB29P) AppleWebKit/537.36 (KHTML, like Gecko) Chrome/41.0.2272.96 Mobile Safari/537.36 (compatible; Googlebot/2.1; +http://www.google.com/bot.html)"
66.249.75.31 - - [25/Dec/2019:19:43:11 +0800] "GET /mip184/ HTTP/1.1" 200 6650 "-" "Mozilla/5.0 (Linux; Android 6.0.1; Nexus 5X Build/MMB29P) AppleWebKit/537.36 (KHTML, like Gecko) Chrome/41.0.2272.96 Mobile Safari/537.36 (compatible; Googlebot/2.1; +http://www.google.com/bot.html)"
