118.99.37.203 - - [23/Dec/2019:15:03:36 +0800] "GET /MySQLAdmin/index.php HTTP/1.1" 404 1124 "-" "Mozilla/5.0 (Windows NT 6.1; Win64; x64; rv:57.0) Gecko/20100101 Firefox/57.0"
118.99.37.203 - - [23/Dec/2019:15:03:37 +0800] "GET /manager/html HTTP/1.1" 404 1124 "-" "Mozilla/5.0 (X11; Linux x86_64; rv:28.0) Gecko/20100101 Firefox/28.0"
66.249.79.22 - - [23/Dec/2019:15:03:49 +0800] "GET /mip214/ HTTP/1.1" 200 4197 "-" "Mozilla/5.0 (Linux; Android 6.0.1; Nexus 5X Build/MMB29P) AppleWebKit/537.36 (KHTML, like Gecko) Chrome/41.0.2272.96 Mobile Safari/537.36 (compatible; Googlebot/2.1; +http://www.google.com/bot.html)"
66.249.79.20 - - [23/Dec/2019:15:09:44 +0800] "GET /mip212/ HTTP/1.1" 200 4033 "-" "Mozilla/5.0 (Linux; Android 6.0.1; Nexus 5X Build/MMB29P) AppleWebKit/537.36 (KHTML, like Gecko) Chrome/41.0.2272.96 Mobile Safari/537.36 (compatible; Googlebot/2.1; +http://www.google.com/bot.html)"
216.244.66.196 - - [23/Dec/2019:15:26:33 +0800] "GET /mip110/ HTTP/1.1" 200 23038 "-" "Mozilla/5.0 (compatible; DotBot/1.1; http://www.opensiteexplorer.org/dotbot, help@moz.com)"
66.249.70.14 - - [23/Dec/2019:16:19:35 +0800] "GET /tz.js HTTP/1.1" 404 564 "http://www.cubesat.cn/mip208.xml" "Mozilla/5.0 (Linux; Android 6.0.1; Nexus 5X Build/MMB29P) AppleWebKit/537.36 (KHTML, like Gecko) Chrome/41.0.2272.96 Mobile Safari/537.36 (compatible; Googlebot/2.1; +http://www.google.com/bot.html)"
66.249.79.18 - - [23/Dec/2019:16:21:19 +0800] "GET /mip210/ HTTP/1.1" 200 3512 "-" "Mozilla/5.0 (Linux; Android 6.0.1; Nexus 5X Build/MMB29P) AppleWebKit/537.36 (KHTML, like Gecko) Chrome/41.0.2272.96 Mobile Safari/537.36 (compatible; Googlebot/2.1; +http://www.google.com/bot.html)"
66.249.79.22 - - [23/Dec/2019:16:22:17 +0800] "GET /mip211/ HTTP/1.1" 200 4339 "-" "Mozilla/5.0 (Linux; Android 6.0.1; Nexus 5X Build/MMB29P) AppleWebKit/537.36 (KHTML, like Gecko) Chrome/41.0.2272.96 Mobile Safari/537.36 (compatible; Googlebot/2.1; +http://www.google.com/bot.html)"
216.244.66.196 - - [23/Dec/2019:16:35:47 +0800] "GET /tag/kaiyuanqipai/ HTTP/1.1" 200 13885 "-" "Mozilla/5.0 (compatible; DotBot/1.1; http://www.opensiteexplorer.org/dotbot, help@moz.com)"
179.98.190.60 - - [23/Dec/2019:16:44:13 +0800] "GET / HTTP/1.1" 200 29071 "-" "Mozilla/5.0 (Windows NT 6.1; WOW64) AppleWebKit/537.36 (KHTML, like Gecko) Chrome/52.0.2743.116 Safari/537.36"
66.249.70.16 - - [23/Dec/2019:17:04:44 +0800] "GET /tz.js HTTP/1.1" 404 564 "http://www.goudiry.com/mip160/" "Mozilla/5.0 (Linux; Android 6.0.1; Nexus 5X Build/MMB29P) AppleWebKit/537.36 (KHTML, like Gecko) Chrome/41.0.2272.96 Mobile Safari/537.36 (compatible; Googlebot/2.1; +http://www.google.com/bot.html)"
216.244.66.196 - - [23/Dec/2019:17:32:52 +0800] "GET /kefuzaixian/index_3.html HTTP/1.1" 200 21136 "-" "Mozilla/5.0 (compatible; DotBot/1.1; http://www.opensiteexplorer.org/dotbot, help@moz.com)"
216.244.66.196 - - [23/Dec/2019:18:07:48 +0800] "GET /mip169/ HTTP/1.1" 200 32404 "-" "Mozilla/5.0 (compatible; DotBot/1.1; http://www.opensiteexplorer.org/dotbot, help@moz.com)"
216.244.66.196 - - [23/Dec/2019:18:09:45 +0800] "GET /tag/pingcegonglue/index_2.html HTTP/1.1" 200 21563 "-" "Mozilla/5.0 (compatible; DotBot/1.1; http://www.opensiteexplorer.org/dotbot, help@moz.com)"
151.80.39.197 - - [23/Dec/2019:18:22:28 +0800] "GET / HTTP/1.1" 301 - "-" "Mozilla/5.0 (compatible; AhrefsBot/6.1; +http://ahrefs.com/robot/)"
151.80.39.76 - - [23/Dec/2019:18:23:54 +0800] "GET / HTTP/1.1" 200 4585 "-" "Mozilla/5.0 (compatible; AhrefsBot/6.1; +http://ahrefs.com/robot/)"
151.80.39.94 - - [23/Dec/2019:18:25:10 +0800] "GET /mip50/ HTTP/1.1" 200 3900 "-" "Mozilla/5.0 (compatible; AhrefsBot/6.1; +http://ahrefs.com/robot/)"
151.80.39.223 - - [23/Dec/2019:18:25:53 +0800] "GET /mip65/ HTTP/1.1" 200 6530 "-" "Mozilla/5.0 (compatible; AhrefsBot/6.1; +http://ahrefs.com/robot/)"
122.41.87.188 - - [23/Dec/2019:18:37:42 +0800] "GET / HTTP/1.1" 200 2597 "-" "Mozilla/5.0 (Macintosh; Intel Mac OS X 10_12_3) AppleWebKit/537.36 (KHTML, like Gecko) Chrome/56.0.2924.87 Safari/537.36"
122.41.87.188 - - [23/Dec/2019:18:37:43 +0800] "GET /index.action HTTP/1.1" 200 2597 "-" "Mozilla/5.0 (Macintosh; Intel Mac OS X 10_12_3) AppleWebKit/537.36 (KHTML, like Gecko) Chrome/56.0.2924.87 Safari/537.36"
122.41.87.188 - - [23/Dec/2019:18:37:47 +0800] "GET /login.action HTTP/1.1" 200 2597 "-" "Mozilla/5.0 (Macintosh; Intel Mac OS X 10_12_3) AppleWebKit/537.36 (KHTML, like Gecko) Chrome/56.0.2924.87 Safari/537.36"
122.41.87.188 - - [23/Dec/2019:18:37:53 +0800] "GET /index.do HTTP/1.1" 200 2597 "-" "Mozilla/5.0 (Macintosh; Intel Mac OS X 10_12_3) AppleWebKit/537.36 (KHTML, like Gecko) Chrome/56.0.2924.87 Safari/537.36"
122.41.87.188 - - [23/Dec/2019:18:37:54 +0800] "GET /index.jsp HTTP/1.1" 200 2597 "-" "Mozilla/5.0 (Macintosh; Intel Mac OS X 10_12_3) AppleWebKit/537.36 (KHTML, like Gecko) Chrome/56.0.2924.87 Safari/537.36"
122.41.87.188 - - [23/Dec/2019:18:38:04 +0800] "GET /login.do HTTP/1.1" 200 2597 "-" "Mozilla/5.0 (Macintosh; Intel Mac OS X 10_12_3) AppleWebKit/537.36 (KHTML, like Gecko) Chrome/56.0.2924.87 Safari/537.36"
122.41.87.188 - - [23/Dec/2019:18:38:04 +0800] "GET /login.jsp HTTP/1.1" 200 2597 "-" "Mozilla/5.0 (Macintosh; Intel Mac OS X 10_12_3) AppleWebKit/537.36 (KHTML, like Gecko) Chrome/56.0.2924.87 Safari/537.36"
122.41.87.188 - - [23/Dec/2019:18:38:05 +0800] "GET /main.jsp HTTP/1.1" 200 2597 "-" "Mozilla/5.0 (Macintosh; Intel Mac OS X 10_12_3) AppleWebKit/537.36 (KHTML, like Gecko) Chrome/56.0.2924.87 Safari/537.36"
122.41.87.188 - - [23/Dec/2019:18:38:15 +0800] "POST / HTTP/1.1" 400 287 "-" "python-requests/2.12.4"
122.41.87.188 - - [23/Dec/2019:18:38:16 +0800] "POST /index.action HTTP/1.1" 400 287 "-" "python-requests/2.12.4"
122.41.87.188 - - [23/Dec/2019:18:38:18 +0800] "POST /login.action HTTP/1.1" 400 287 "-" "python-requests/2.12.4"
122.41.87.188 - - [23/Dec/2019:18:38:22 +0800] "POST /index.do HTTP/1.1" 400 287 "-" "python-requests/2.12.4"
122.41.87.188 - - [23/Dec/2019:18:38:49 +0800] "POST / HTTP/1.1" 200 4570 "-" "python-requests/2.12.4"
122.41.87.188 - - [23/Dec/2019:18:38:54 +0800] "POST /index.action HTTP/1.1" 404 564 "-" "python-requests/2.12.4"
122.41.87.188 - - [23/Dec/2019:18:39:11 +0800] "POST / HTTP/1.1" 200 4570 "-" "python-requests/2.12.4"
122.41.87.188 - - [23/Dec/2019:18:39:27 +0800] "POST / HTTP/1.1" 400 287 "-" "python-requests/2.12.4"
122.41.87.188 - - [23/Dec/2019:18:39:30 +0800] "POST /index.action HTTP/1.1" 400 287 "-" "python-requests/2.12.4"
122.41.87.188 - - [23/Dec/2019:18:39:33 +0800] "POST /login.action HTTP/1.1" 400 287 "-" "python-requests/2.12.4"
122.41.87.188 - - [23/Dec/2019:18:40:01 +0800] "POST / HTTP/1.1" 400 287 "-" "python-requests/2.12.4"
122.41.87.188 - - [23/Dec/2019:18:40:02 +0800] "POST /index.action HTTP/1.1" 400 287 "-" "python-requests/2.12.4"
122.41.87.188 - - [23/Dec/2019:18:40:02 +0800] "POST /login.action HTTP/1.1" 400 287 "-" "python-requests/2.12.4"
122.41.87.188 - - [23/Dec/2019:18:40:04 +0800] "POST /index.do HTTP/1.1" 400 287 "-" "python-requests/2.12.4"
122.41.87.188 - - [23/Dec/2019:18:40:08 +0800] "POST /index.jsp HTTP/1.1" 400 287 "-" "python-requests/2.12.4"
122.41.87.188 - - [23/Dec/2019:18:40:24 +0800] "GET /?debug=browser&object=(%23_memberAccess=@ognl.OgnlContext@DEFAULT_MEMBER_ACCESS)%3f(%23context%5B%23parameters.rpsobj%5B0%5D%5D.getWriter().println(%23context%5B%23parameters.reqobj%5B0%5D%5D.getRealPath(%23parameters.pp%5B0%5D))):sb.toString.json&rpsobj=com.opensymphony.xwork2.dispatcher.HttpServletResponse&command=Is-Struts2-Vul-URL&pp=%2f&reqobj=com.opensymphony.xwork2.dispatcher.HttpServletRequest HTTP/1.1" 200 2597 "-" "python-requests/2.12.4"
122.41.87.188 - - [23/Dec/2019:18:40:26 +0800] "GET /index.action?debug=browser&object=(%23_memberAccess=@ognl.OgnlContext@DEFAULT_MEMBER_ACCESS)%3f(%23context%5B%23parameters.rpsobj%5B0%5D%5D.getWriter().println(%23context%5B%23parameters.reqobj%5B0%5D%5D.getRealPath(%23parameters.pp%5B0%5D))):sb.toString.json&rpsobj=com.opensymphony.xwork2.dispatcher.HttpServletResponse&command=Is-Struts2-Vul-URL&pp=%2f&reqobj=com.opensymphony.xwork2.dispatcher.HttpServletRequest HTTP/1.1" 200 2597 "-" "python-requests/2.12.4"
122.41.87.188 - - [23/Dec/2019:18:40:26 +0800] "GET /login.action?debug=browser&object=(%23_memberAccess=@ognl.OgnlContext@DEFAULT_MEMBER_ACCESS)%3f(%23context%5B%23parameters.rpsobj%5B0%5D%5D.getWriter().println(%23context%5B%23parameters.reqobj%5B0%5D%5D.getRealPath(%23parameters.pp%5B0%5D))):sb.toString.json&rpsobj=com.opensymphony.xwork2.dispatcher.HttpServletResponse&command=Is-Struts2-Vul-URL&pp=%2f&reqobj=com.opensymphony.xwork2.dispatcher.HttpServletRequest HTTP/1.1" 200 2597 "-" "python-requests/2.12.4"
122.41.87.188 - - [23/Dec/2019:18:40:27 +0800] "GET /index.do?debug=browser&object=(%23_memberAccess=@ognl.OgnlContext@DEFAULT_MEMBER_ACCESS)%3f(%23context%5B%23parameters.rpsobj%5B0%5D%5D.getWriter().println(%23context%5B%23parameters.reqobj%5B0%5D%5D.getRealPath(%23parameters.pp%5B0%5D))):sb.toString.json&rpsobj=com.opensymphony.xwork2.dispatcher.HttpServletResponse&command=Is-Struts2-Vul-URL&pp=%2f&reqobj=com.opensymphony.xwork2.dispatcher.HttpServletRequest HTTP/1.1" 200 2597 "-" "python-requests/2.12.4"
122.41.87.188 - - [23/Dec/2019:18:40:27 +0800] "GET /index.jsp?debug=browser&object=(%23_memberAccess=@ognl.OgnlContext@DEFAULT_MEMBER_ACCESS)%3f(%23context%5B%23parameters.rpsobj%5B0%5D%5D.getWriter().println(%23context%5B%23parameters.reqobj%5B0%5D%5D.getRealPath(%23parameters.pp%5B0%5D))):sb.toString.json&rpsobj=com.opensymphony.xwork2.dispatcher.HttpServletResponse&command=Is-Struts2-Vul-URL&pp=%2f&reqobj=com.opensymphony.xwork2.dispatcher.HttpServletRequest HTTP/1.1" 200 2597 "-" "python-requests/2.12.4"
122.41.87.188 - - [23/Dec/2019:18:40:30 +0800] "GET /login.do?debug=browser&object=(%23_memberAccess=@ognl.OgnlContext@DEFAULT_MEMBER_ACCESS)%3f(%23context%5B%23parameters.rpsobj%5B0%5D%5D.getWriter().println(%23context%5B%23parameters.reqobj%5B0%5D%5D.getRealPath(%23parameters.pp%5B0%5D))):sb.toString.json&rpsobj=com.opensymphony.xwork2.dispatcher.HttpServletResponse&command=Is-Struts2-Vul-URL&pp=%2f&reqobj=com.opensymphony.xwork2.dispatcher.HttpServletRequest HTTP/1.1" 200 2597 "-" "python-requests/2.12.4"
122.41.87.188 - - [23/Dec/2019:18:40:31 +0800] "GET /login.jsp?debug=browser&object=(%23_memberAccess=@ognl.OgnlContext@DEFAULT_MEMBER_ACCESS)%3f(%23context%5B%23parameters.rpsobj%5B0%5D%5D.getWriter().println(%23context%5B%23parameters.reqobj%5B0%5D%5D.getRealPath(%23parameters.pp%5B0%5D))):sb.toString.json&rpsobj=com.opensymphony.xwork2.dispatcher.HttpServletResponse&command=Is-Struts2-Vul-URL&pp=%2f&reqobj=com.opensymphony.xwork2.dispatcher.HttpServletRequest HTTP/1.1" 200 2597 "-" "python-requests/2.12.4"
216.244.66.196 - - [23/Dec/2019:18:49:46 +0800] "GET /mip173/ HTTP/1.1" 200 24861 "-" "Mozilla/5.0 (compatible; DotBot/1.1; http://www.opensiteexplorer.org/dotbot, help@moz.com)"
65.154.226.220 - - [23/Dec/2019:18:52:57 +0800] "GET /tz.js HTTP/1.1" 404 564 "http://www.cmsmov.com/" "Mozilla/5.0 (Windows NT 6.1; Win64; x64) AppleWebKit/537.36 (KHTML, like Gecko) Chrome/68.0.3440.106 Safari/537.36"
65.154.226.220 - - [23/Dec/2019:18:53:00 +0800] "GET /tz.js HTTP/1.1" 404 564 "http://www.cmsmov.com/" "Mozilla/5.0 (X11; Linux x86_64) AppleWebKit/537.36 (KHTML, like Gecko) HeadlessChrome/78.0.3904.70 Safari/537.36"
216.244.66.196 - - [23/Dec/2019:18:56:42 +0800] "GET /mip147/ HTTP/1.1" 200 35026 "-" "Mozilla/5.0 (compatible; DotBot/1.1; http://www.opensiteexplorer.org/dotbot, help@moz.com)"
151.80.39.94 - - [23/Dec/2019:19:06:48 +0800] "GET /tag/mingxingyirenjingji/ HTTP/1.1" 200 3033 "-" "Mozilla/5.0 (compatible; AhrefsBot/6.1; +http://ahrefs.com/robot/)"
151.80.39.223 - - [23/Dec/2019:19:06:56 +0800] "GET /mip58/ HTTP/1.1" 200 4326 "-" "Mozilla/5.0 (compatible; AhrefsBot/6.1; +http://ahrefs.com/robot/)"
151.80.39.229 - - [23/Dec/2019:19:07:04 +0800] "GET /tag/laobanhuyudaili/ HTTP/1.1" 200 3043 "-" "Mozilla/5.0 (compatible; AhrefsBot/6.1; +http://ahrefs.com/robot/)"
78.92.61.25 - - [23/Dec/2019:19:09:46 +0800] "GET / HTTP/1.1" 200 29071 "-" "Mozilla/5.0 (Windows NT 6.1; WOW64) AppleWebKit/537.36 (KHTML, like Gecko) Chrome/52.0.2743.116 Safari/537.36"
216.244.66.196 - - [23/Dec/2019:19:39:22 +0800] "GET /mip145/ HTTP/1.1" 200 32529 "-" "Mozilla/5.0 (compatible; DotBot/1.1; http://www.opensiteexplorer.org/dotbot, help@moz.com)"
216.244.66.196 - - [23/Dec/2019:19:45:12 +0800] "GET /mip56.xml HTTP/1.1" 200 27642 "-" "Mozilla/5.0 (compatible; DotBot/1.1; http://www.opensiteexplorer.org/dotbot, help@moz.com)"
111.206.221.95 - - [23/Dec/2019:20:01:31 +0800] "GET /tz.js HTTP/1.1" 404 1124 "http://www.cqytqx.cn/" "Mozilla/5.0 (iPhone; CPU iPhone OS 9_1 like Mac OS X) AppleWebKit/601.1.46 (KHTML, like Gecko) Version/9.0 Mobile/13B143 Safari/601.1 (compatible; Baiduspider-render/2.0; +http://www.baidu.com/search/spider.html)"
65.154.226.100 - - [23/Dec/2019:20:10:24 +0800] "GET /tz.js HTTP/1.1" 404 564 "http://www.goudiry.com/" "Mozilla/5.0 (Windows NT 6.1; Win64; x64) AppleWebKit/537.36 (KHTML, like Gecko) Chrome/68.0.3440.106 Safari/537.36"
65.154.226.100 - - [23/Dec/2019:20:10:28 +0800] "GET /tz.js HTTP/1.1" 404 564 "http://www.goudiry.com/" "Mozilla/5.0 (X11; Linux x86_64) AppleWebKit/537.36 (KHTML, like Gecko) HeadlessChrome/78.0.3904.70 Safari/537.36"
65.154.226.220 - - [23/Dec/2019:20:16:12 +0800] "GET /tz.js HTTP/1.1" 404 564 "-" "Mozilla/5.0 (Windows NT 6.1; Win64; x64) AppleWebKit/537.36 (KHTML, like Gecko) Chrome/68.0.3440.106 Safari/537.36"
216.244.66.196 - - [23/Dec/2019:20:48:23 +0800] "GET /tag/mingxingyulezhuce/ HTTP/1.1" 200 12958 "-" "Mozilla/5.0 (compatible; DotBot/1.1; http://www.opensiteexplorer.org/dotbot, help@moz.com)"
216.244.66.196 - - [23/Dec/2019:20:53:21 +0800] "GET /mip204/ HTTP/1.1" 200 26373 "-" "Mozilla/5.0 (compatible; DotBot/1.1; http://www.opensiteexplorer.org/dotbot, help@moz.com)"
216.244.66.196 - - [23/Dec/2019:21:04:10 +0800] "GET /laobanhuyu/index_2.html HTTP/1.1" 200 20490 "-" "Mozilla/5.0 (compatible; DotBot/1.1; http://www.opensiteexplorer.org/dotbot, help@moz.com)"
216.244.66.196 - - [23/Dec/2019:21:39:33 +0800] "GET /mip53/ HTTP/1.1" 200 32360 "-" "Mozilla/5.0 (compatible; DotBot/1.1; http://www.opensiteexplorer.org/dotbot, help@moz.com)"
216.244.66.196 - - [23/Dec/2019:21:41:10 +0800] "GET /mip190/ HTTP/1.1" 200 26712 "-" "Mozilla/5.0 (compatible; DotBot/1.1; http://www.opensiteexplorer.org/dotbot, help@moz.com)"
216.244.66.196 - - [23/Dec/2019:21:44:49 +0800] "GET /mip150/ HTTP/1.1" 200 26842 "-" "Mozilla/5.0 (compatible; DotBot/1.1; http://www.opensiteexplorer.org/dotbot, help@moz.com)"
138.255.184.61 - - [23/Dec/2019:21:52:53 +0800] "GET / HTTP/1.1" 200 29071 "-" "Mozilla/5.0 (Windows NT 10.0; WOW64) AppleWebKit/537.36 (KHTML, like Gecko) Chrome/51.0.2704.103 Safari/537.36"
216.244.66.196 - - [23/Dec/2019:22:17:52 +0800] "GET /mip66/ HTTP/1.1" 200 26414 "-" "Mozilla/5.0 (compatible; DotBot/1.1; http://www.opensiteexplorer.org/dotbot, help@moz.com)"
65.154.226.220 - - [23/Dec/2019:22:23:59 +0800] "GET /tz.js HTTP/1.1" 404 564 "http://www.tekturya.com/" "Mozilla/5.0 (Windows NT 6.1; Win64; x64) AppleWebKit/537.36 (KHTML, like Gecko) Chrome/68.0.3440.106 Safari/537.36"
65.154.226.220 - - [23/Dec/2019:22:24:03 +0800] "GET /tz.js HTTP/1.1" 404 564 "http://www.tekturya.com/" "Mozilla/5.0 (X11; Linux x86_64) AppleWebKit/537.36 (KHTML, like Gecko) HeadlessChrome/78.0.3904.70 Safari/537.36"
216.244.66.196 - - [23/Dec/2019:22:26:35 +0800] "GET /mip133/ HTTP/1.1" 200 27721 "-" "Mozilla/5.0 (compatible; DotBot/1.1; http://www.opensiteexplorer.org/dotbot, help@moz.com)"
162.210.196.100 - - [23/Dec/2019:22:28:28 +0800] "GET /robots.txt HTTP/1.1" 200 24 "-" "Mozilla/5.0 (compatible; MJ12bot/v1.4.8; http://mj12bot.com/)"
162.210.196.100 - - [23/Dec/2019:22:28:30 +0800] "GET / HTTP/1.1" 301 - "-" "Mozilla/5.0 (compatible; MJ12bot/v1.4.8; http://mj12bot.com/)"
162.210.196.100 - - [23/Dec/2019:22:28:34 +0800] "GET /robots.txt HTTP/1.1" 200 24 "-" "Mozilla/5.0 (compatible; MJ12bot/v1.4.8; http://mj12bot.com/)"
162.210.196.100 - - [23/Dec/2019:22:28:37 +0800] "GET / HTTP/1.1" 200 4563 "-" "Mozilla/5.0 (compatible; MJ12bot/v1.4.8; http://mj12bot.com/)"
65.154.226.220 - - [23/Dec/2019:22:29:22 +0800] "GET /tz.js HTTP/1.1" 404 564 "http://www.wwwbbant.com/" "Mozilla/5.0 (Windows NT 6.1; Win64; x64) AppleWebKit/537.36 (KHTML, like Gecko) Chrome/68.0.3440.106 Safari/537.36"
65.154.226.220 - - [23/Dec/2019:22:29:28 +0800] "GET /tz.js HTTP/1.1" 404 564 "http://www.wwwbbant.com/" "Mozilla/5.0 (X11; Linux x86_64) AppleWebKit/537.36 (KHTML, like Gecko) HeadlessChrome/78.0.3904.70 Safari/537.36"
151.80.39.92 - - [23/Dec/2019:22:35:00 +0800] "GET /mip102/ HTTP/1.1" 200 3666 "-" "Mozilla/5.0 (compatible; AhrefsBot/6.1; +http://ahrefs.com/robot/)"
5.196.87.102 - - [23/Dec/2019:22:35:16 +0800] "GET /mip70.xml HTTP/1.1" 200 4335 "-" "Mozilla/5.0 (compatible; AhrefsBot/6.1; +http://ahrefs.com/robot/)"
151.80.39.76 - - [23/Dec/2019:22:35:37 +0800] "GET /mip78/ HTTP/1.1" 200 4950 "-" "Mozilla/5.0 (compatible; AhrefsBot/6.1; +http://ahrefs.com/robot/)"
5.196.87.157 - - [23/Dec/2019:22:35:57 +0800] "GET /mip95/ HTTP/1.1" 200 5103 "-" "Mozilla/5.0 (compatible; AhrefsBot/6.1; +http://ahrefs.com/robot/)"
151.80.39.92 - - [23/Dec/2019:22:36:15 +0800] "GET /tag/kaiyuanqipai/ HTTP/1.1" 200 3025 "-" "Mozilla/5.0 (compatible; AhrefsBot/6.1; +http://ahrefs.com/robot/)"
62.97.116.68 - - [23/Dec/2019:22:55:07 +0800] "GET /manager/html HTTP/1.1" 404 564 "-" "Mozilla/5.0 (Windows NT 5.1; rv:5.0) Gecko/20100101 Firefox/5.0"
216.244.66.196 - - [23/Dec/2019:23:00:20 +0800] "GET /tag/baoshijieqipai/ HTTP/1.1" 200 15659 "-" "Mozilla/5.0 (compatible; DotBot/1.1; http://www.opensiteexplorer.org/dotbot, help@moz.com)"
151.80.39.76 - - [23/Dec/2019:23:00:25 +0800] "GET /mip118/ HTTP/1.1" 200 6718 "-" "Mozilla/5.0 (compatible; AhrefsBot/6.1; +http://ahrefs.com/robot/)"
151.80.39.223 - - [23/Dec/2019:23:00:40 +0800] "GET /mip53/ HTTP/1.1" 200 6690 "-" "Mozilla/5.0 (compatible; AhrefsBot/6.1; +http://ahrefs.com/robot/)"
113.173.152.18 - - [23/Dec/2019:23:56:05 +0800] "GET /en/embeddedAuthRedirect.html?auth=javascript%3Aalert%28document.domain%29 HTTP/1.1" 404 564 "-" "Mozilla/5.0 (X11; U; Windows NT 6; en-US) AppleWebKit/534.12 (KHTML, like Gecko) Chrome/9.0.587.0 Safari/534.12"
216.244.66.196 - - [24/Dec/2019:00:04:10 +0800] "GET /mip118/ HTTP/1.1" 200 31509 "-" "Mozilla/5.0 (compatible; DotBot/1.1; http://www.opensiteexplorer.org/dotbot, help@moz.com)"
151.80.39.92 - - [24/Dec/2019:00:44:12 +0800] "GET / HTTP/1.1" 301 - "-" "Mozilla/5.0 (compatible; AhrefsBot/6.1; +http://ahrefs.com/robot/)"
151.80.39.76 - - [24/Dec/2019:00:44:19 +0800] "GET / HTTP/1.1" 200 4563 "-" "Mozilla/5.0 (compatible; AhrefsBot/6.1; +http://ahrefs.com/robot/)"
216.244.66.196 - - [24/Dec/2019:02:34:16 +0800] "GET /mip172/ HTTP/1.1" 200 23788 "-" "Mozilla/5.0 (compatible; DotBot/1.1; http://www.opensiteexplorer.org/dotbot, help@moz.com)"
69.30.202.138 - - [24/Dec/2019:02:39:47 +0800] "GET /robots.txt HTTP/1.1" 200 24 "-" "Mozilla/5.0 (compatible; MJ12bot/v1.4.8; http://mj12bot.com/)"
69.30.202.138 - - [24/Dec/2019:02:39:49 +0800] "GET /mip208.xml HTTP/1.1" 200 7365 "-" "Mozilla/5.0 (compatible; MJ12bot/v1.4.8; http://mj12bot.com/)"
69.30.202.138 - - [24/Dec/2019:02:39:50 +0800] "GET /mip209.xml HTTP/1.1" 200 4082 "-" "Mozilla/5.0 (compatible; MJ12bot/v1.4.8; http://mj12bot.com/)"
69.30.202.138 - - [24/Dec/2019:02:39:52 +0800] "GET /mip210/ HTTP/1.1" 200 3512 "-" "Mozilla/5.0 (compatible; MJ12bot/v1.4.8; http://mj12bot.com/)"
69.30.202.138 - - [24/Dec/2019:02:39:53 +0800] "GET /mip211/ HTTP/1.1" 200 4339 "-" "Mozilla/5.0 (compatible; MJ12bot/v1.4.8; http://mj12bot.com/)"
69.30.202.138 - - [24/Dec/2019:02:39:55 +0800] "GET /mip212/ HTTP/1.1" 200 4033 "-" "Mozilla/5.0 (compatible; MJ12bot/v1.4.8; http://mj12bot.com/)"
69.30.202.138 - - [24/Dec/2019:02:39:57 +0800] "GET /mip213/ HTTP/1.1" 200 4284 "-" "Mozilla/5.0 (compatible; MJ12bot/v1.4.8; http://mj12bot.com/)"
69.30.202.138 - - [24/Dec/2019:02:39:59 +0800] "GET /mip214/ HTTP/1.1" 200 4197 "-" "Mozilla/5.0 (compatible; MJ12bot/v1.4.8; http://mj12bot.com/)"
45.122.138.79 - - [24/Dec/2019:02:55:22 +0800] "GET /bakiimip.php?pw=mip HTTP/1.1" 200 687 "-" "Mozilla/4.0 (compatible; MSIE 7.0; Windows NT 6.1; WOW64; Trident/7.0; SLCC2; .NET CLR 2.0.50727; .NET CLR 3.5.30729; .NET CLR 3.0.30729; .NET4.0C; .NET4.0E)"
45.122.138.79 - - [24/Dec/2019:02:55:23 +0800] "POST /collect/ApiUserHuochetou/articleAdd HTTP/1.1" 200 26 "http://www.cubesat.cn/bakiimip.php?pw=mip" "Mozilla/4.0 (compatible; MSIE 7.0; Windows NT 6.1; WOW64; Trident/7.0; SLCC2; .NET CLR 2.0.50727; .NET CLR 3.5.30729; .NET CLR 3.0.30729; .NET4.0C; .NET4.0E)"
45.122.138.79 - - [24/Dec/2019:02:55:40 +0800] "GET /bakiimip.php?pw=mip HTTP/1.1" 200 687 "-" "Mozilla/4.0 (compatible; MSIE 7.0; Windows NT 6.1; WOW64; Trident/7.0; SLCC2; .NET CLR 2.0.50727; .NET CLR 3.5.30729; .NET CLR 3.0.30729; .NET4.0C; .NET4.0E)"
45.122.138.79 - - [24/Dec/2019:02:55:41 +0800] "POST /collect/ApiUserHuochetou/articleAdd HTTP/1.1" 200 26 "http://www.cubesat.cn/bakiimip.php?pw=mip" "Mozilla/4.0 (compatible; MSIE 7.0; Windows NT 6.1; WOW64; Trident/7.0; SLCC2; .NET CLR 2.0.50727; .NET CLR 3.5.30729; .NET CLR 3.0.30729; .NET4.0C; .NET4.0E)"
45.122.138.79 - - [24/Dec/2019:02:56:01 +0800] "GET /bakiimip.php?pw=mip HTTP/1.1" 200 687 "-" "Mozilla/4.0 (compatible; MSIE 7.0; Windows NT 6.1; WOW64; Trident/7.0; SLCC2; .NET CLR 2.0.50727; .NET CLR 3.5.30729; .NET CLR 3.0.30729; .NET4.0C; .NET4.0E)"
45.122.138.79 - - [24/Dec/2019:02:56:02 +0800] "POST /collect/ApiUserHuochetou/articleAdd HTTP/1.1" 200 26 "http://www.cubesat.cn/bakiimip.php?pw=mip" "Mozilla/4.0 (compatible; MSIE 7.0; Windows NT 6.1; WOW64; Trident/7.0; SLCC2; .NET CLR 2.0.50727; .NET CLR 3.5.30729; .NET CLR 3.0.30729; .NET4.0C; .NET4.0E)"
45.122.138.79 - - [24/Dec/2019:02:56:17 +0800] "GET /bakiimip.php?pw=mip HTTP/1.1" 200 687 "-" "Mozilla/4.0 (compatible; MSIE 7.0; Windows NT 6.1; WOW64; Trident/7.0; SLCC2; .NET CLR 2.0.50727; .NET CLR 3.5.30729; .NET CLR 3.0.30729; .NET4.0C; .NET4.0E)"
45.122.138.79 - - [24/Dec/2019:02:56:18 +0800] "POST /collect/ApiUserHuochetou/articleAdd HTTP/1.1" 200 26 "http://www.cubesat.cn/bakiimip.php?pw=mip" "Mozilla/4.0 (compatible; MSIE 7.0; Windows NT 6.1; WOW64; Trident/7.0; SLCC2; .NET CLR 2.0.50727; .NET CLR 3.5.30729; .NET CLR 3.0.30729; .NET4.0C; .NET4.0E)"
45.122.138.79 - - [24/Dec/2019:02:56:33 +0800] "GET /bakiimip.php?pw=mip HTTP/1.1" 200 687 "-" "Mozilla/4.0 (compatible; MSIE 7.0; Windows NT 6.1; WOW64; Trident/7.0; SLCC2; .NET CLR 2.0.50727; .NET CLR 3.5.30729; .NET CLR 3.0.30729; .NET4.0C; .NET4.0E)"
45.122.138.79 - - [24/Dec/2019:02:56:34 +0800] "POST /collect/ApiUserHuochetou/articleAdd HTTP/1.1" 200 26 "http://www.cubesat.cn/bakiimip.php?pw=mip" "Mozilla/4.0 (compatible; MSIE 7.0; Windows NT 6.1; WOW64; Trident/7.0; SLCC2; .NET CLR 2.0.50727; .NET CLR 3.5.30729; .NET CLR 3.0.30729; .NET4.0C; .NET4.0E)"
45.122.138.79 - - [24/Dec/2019:02:56:49 +0800] "GET /bakiimip.php?pw=mip HTTP/1.1" 200 687 "-" "Mozilla/4.0 (compatible; MSIE 7.0; Windows NT 6.1; WOW64; Trident/7.0; SLCC2; .NET CLR 2.0.50727; .NET CLR 3.5.30729; .NET CLR 3.0.30729; .NET4.0C; .NET4.0E)"
45.122.138.79 - - [24/Dec/2019:02:56:51 +0800] "POST /collect/ApiUserHuochetou/articleAdd HTTP/1.1" 200 26 "http://www.cubesat.cn/bakiimip.php?pw=mip" "Mozilla/4.0 (compatible; MSIE 7.0; Windows NT 6.1; WOW64; Trident/7.0; SLCC2; .NET CLR 2.0.50727; .NET CLR 3.5.30729; .NET CLR 3.0.30729; .NET4.0C; .NET4.0E)"
45.122.138.79 - - [24/Dec/2019:02:57:07 +0800] "GET /bakiimip.php?pw=mip HTTP/1.1" 200 687 "-" "Mozilla/4.0 (compatible; MSIE 7.0; Windows NT 6.1; WOW64; Trident/7.0; SLCC2; .NET CLR 2.0.50727; .NET CLR 3.5.30729; .NET CLR 3.0.30729; .NET4.0C; .NET4.0E)"
45.122.138.79 - - [24/Dec/2019:02:57:08 +0800] "POST /collect/ApiUserHuochetou/articleAdd HTTP/1.1" 200 26 "http://www.cubesat.cn/bakiimip.php?pw=mip" "Mozilla/4.0 (compatible; MSIE 7.0; Windows NT 6.1; WOW64; Trident/7.0; SLCC2; .NET CLR 2.0.50727; .NET CLR 3.5.30729; .NET CLR 3.0.30729; .NET4.0C; .NET4.0E)"
45.122.138.79 - - [24/Dec/2019:02:57:27 +0800] "GET /bakiimip.php?pw=mip HTTP/1.1" 200 687 "-" "Mozilla/4.0 (compatible; MSIE 7.0; Windows NT 6.1; WOW64; Trident/7.0; SLCC2; .NET CLR 2.0.50727; .NET CLR 3.5.30729; .NET CLR 3.0.30729; .NET4.0C; .NET4.0E)"
45.122.138.79 - - [24/Dec/2019:02:57:28 +0800] "POST /collect/ApiUserHuochetou/articleAdd HTTP/1.1" 200 78 "http://www.cubesat.cn/bakiimip.php?pw=mip" "Mozilla/4.0 (compatible; MSIE 7.0; Windows NT 6.1; WOW64; Trident/7.0; SLCC2; .NET CLR 2.0.50727; .NET CLR 3.5.30729; .NET CLR 3.0.30729; .NET4.0C; .NET4.0E)"
46.2.63.14 - - [24/Dec/2019:02:59:13 +0800] "GET / HTTP/1.1" 200 28997 "-" "Mozilla/5.0 (Windows NT 6.1; WOW64) AppleWebKit/537.36 (KHTML, like Gecko) Chrome/51.0.2704.103 Safari/537.36"
216.244.66.196 - - [24/Dec/2019:03:03:28 +0800] "GET /xinwenzixun/ HTTP/1.1" 200 20813 "-" "Mozilla/5.0 (compatible; DotBot/1.1; http://www.opensiteexplorer.org/dotbot, help@moz.com)"
203.99.185.12 - - [24/Dec/2019:03:03:40 +0800] "GET / HTTP/1.1" 200 28997 "-" "Mozilla/5.0 (Macintosh; Intel Mac OS X 10_11_6) AppleWebKit/601.7.7 (KHTML, like Gecko) Version/9.1.2 Safari/601.7.7"
216.244.66.196 - - [24/Dec/2019:03:10:13 +0800] "GET /mip188/ HTTP/1.1" 200 32996 "-" "Mozilla/5.0 (compatible; DotBot/1.1; http://www.opensiteexplorer.org/dotbot, help@moz.com)"
216.244.66.196 - - [24/Dec/2019:03:11:02 +0800] "GET /tag/pingcegonglue/index_3.html HTTP/1.1" 200 16089 "-" "Mozilla/5.0 (compatible; DotBot/1.1; http://www.opensiteexplorer.org/dotbot, help@moz.com)"
63.247.65.162 - - [24/Dec/2019:03:39:06 +0800] "GET //admin/config.php?password%5B0%5D=bebydviyx&username=admin HTTP/1.1" 404 564 "-" "python-requests/2.22.0"
66.249.79.18 - - [24/Dec/2019:03:46:38 +0800] "GET /robots.txt HTTP/1.1" 200 24 "-" "Mozilla/5.0 (compatible; Googlebot/2.1; +http://www.google.com/bot.html)"
66.249.79.22 - - [24/Dec/2019:03:46:38 +0800] "GET /tag/niudashi/ HTTP/1.1" 200 2812 "-" "Mozilla/5.0 (Linux; Android 6.0.1; Nexus 5X Build/MMB29P) AppleWebKit/537.36 (KHTML, like Gecko) Chrome/41.0.2272.96 Mobile Safari/537.36 (compatible; Googlebot/2.1; +http://www.google.com/bot.html)"
216.244.66.196 - - [24/Dec/2019:03:51:31 +0800] "GET /mip149/ HTTP/1.1" 200 25773 "-" "Mozilla/5.0 (compatible; DotBot/1.1; http://www.opensiteexplorer.org/dotbot, help@moz.com)"
216.244.66.196 - - [24/Dec/2019:04:30:11 +0800] "GET /mip199/ HTTP/1.1" 200 28360 "-" "Mozilla/5.0 (compatible; DotBot/1.1; http://www.opensiteexplorer.org/dotbot, help@moz.com)"
216.244.66.196 - - [24/Dec/2019:04:33:10 +0800] "GET /mip198/ HTTP/1.1" 200 26317 "-" "Mozilla/5.0 (compatible; DotBot/1.1; http://www.opensiteexplorer.org/dotbot, help@moz.com)"
216.244.66.196 - - [24/Dec/2019:04:33:34 +0800] "GET /tag/dahenghuyu/ HTTP/1.1" 200 13935 "-" "Mozilla/5.0 (compatible; DotBot/1.1; http://www.opensiteexplorer.org/dotbot, help@moz.com)"
216.244.66.196 - - [24/Dec/2019:04:38:52 +0800] "GET /mip55/ HTTP/1.1" 200 33358 "-" "Mozilla/5.0 (compatible; DotBot/1.1; http://www.opensiteexplorer.org/dotbot, help@moz.com)"
216.244.66.196 - - [24/Dec/2019:05:21:10 +0800] "GET /mip167/ HTTP/1.1" 200 22271 "-" "Mozilla/5.0 (compatible; DotBot/1.1; http://www.opensiteexplorer.org/dotbot, help@moz.com)"
221.12.12.142 - - [24/Dec/2019:06:16:15 +0800] "GET / HTTP/1.1" 301 - "-" "Mozilla/5.0 (X11; Linux x86_64) AppleWebKit/537.36 (KHTML, like Gecko) HeadlessChrome/79.0.3945.88 Safari/537.36"
221.12.12.142 - - [24/Dec/2019:06:16:16 +0800] "GET / HTTP/1.1" 200 4590 "-" "Mozilla/5.0 (X11; Linux x86_64) AppleWebKit/537.36 (KHTML, like Gecko) HeadlessChrome/79.0.3945.88 Safari/537.36"
221.12.12.142 - - [24/Dec/2019:06:16:17 +0800] "GET /template/mipcms_theme_001_v1.0.1/css/bootstrap-layout.min.css HTTP/1.1" 200 1973 "http://www.cubesat.cn/" "Mozilla/5.0 (X11; Linux x86_64) AppleWebKit/537.36 (KHTML, like Gecko) HeadlessChrome/79.0.3945.88 Safari/537.36"
221.12.12.142 - - [24/Dec/2019:06:16:17 +0800] "GET /template/mipcms_theme_001_v1.0.1/css/mipui-header-001.css HTTP/1.1" 200 281 "http://www.cubesat.cn/" "Mozilla/5.0 (X11; Linux x86_64) AppleWebKit/537.36 (KHTML, like Gecko) HeadlessChrome/79.0.3945.88 Safari/537.36"
221.12.12.142 - - [24/Dec/2019:06:16:17 +0800] "GET /template/mipcms_theme_001_v1.0.1/css/mipui-widget-images-001.css HTTP/1.1" 200 538 "http://www.cubesat.cn/" "Mozilla/5.0 (X11; Linux x86_64) AppleWebKit/537.36 (KHTML, like Gecko) HeadlessChrome/79.0.3945.88 Safari/537.36"
221.12.12.142 - - [24/Dec/2019:06:16:17 +0800] "GET /template/mipcms_theme_001_v1.0.1/css/mipui-widget-media-item-001.css HTTP/1.1" 200 429 "http://www.cubesat.cn/" "Mozilla/5.0 (X11; Linux x86_64) AppleWebKit/537.36 (KHTML, like Gecko) HeadlessChrome/79.0.3945.88 Safari/537.36"
221.12.12.142 - - [24/Dec/2019:06:16:17 +0800] "GET /template/mipcms_theme_001_v1.0.1/css/mipui-category-list-001.css HTTP/1.1" 200 512 "http://www.cubesat.cn/" "Mozilla/5.0 (X11; Linux x86_64) AppleWebKit/537.36 (KHTML, like Gecko) HeadlessChrome/79.0.3945.88 Safari/537.36"
221.12.12.142 - - [24/Dec/2019:06:16:17 +0800] "GET /template/mipcms_theme_001_v1.0.1/css/mipui-widget-media-item-002.css HTTP/1.1" 200 491 "http://www.cubesat.cn/" "Mozilla/5.0 (X11; Linux x86_64) AppleWebKit/537.36 (KHTML, like Gecko) HeadlessChrome/79.0.3945.88 Safari/537.36"
221.12.12.142 - - [24/Dec/2019:06:16:17 +0800] "GET /tz.js HTTP/1.1" 404 564 "http://www.cubesat.cn/" "Mozilla/5.0 (X11; Linux x86_64) AppleWebKit/537.36 (KHTML, like Gecko) HeadlessChrome/79.0.3945.88 Safari/537.36"
221.12.12.142 - - [24/Dec/2019:06:16:17 +0800] "GET /template/mipcms_theme_001_v1.0.1/css/mipui-widget-media-item-005.css HTTP/1.1" 200 466 "http://www.cubesat.cn/" "Mozilla/5.0 (X11; Linux x86_64) AppleWebKit/537.36 (KHTML, like Gecko) HeadlessChrome/79.0.3945.88 Safari/537.36"
221.12.12.142 - - [24/Dec/2019:06:16:17 +0800] "GET /template/mipcms_theme_001_v1.0.1/css/mipui-footer-001.css HTTP/1.1" 200 246 "http://www.cubesat.cn/" "Mozilla/5.0 (X11; Linux x86_64) AppleWebKit/537.36 (KHTML, like Gecko) HeadlessChrome/79.0.3945.88 Safari/537.36"
221.12.12.142 - - [24/Dec/2019:06:16:17 +0800] "GET /template/mipcms_theme_001_v1.0.1/css/mipui-config.css HTTP/1.1" 200 669 "http://www.cubesat.cn/" "Mozilla/5.0 (X11; Linux x86_64) AppleWebKit/537.36 (KHTML, like Gecko) HeadlessChrome/79.0.3945.88 Safari/537.36"
221.12.12.142 - - [24/Dec/2019:06:16:18 +0800] "GET /public/assets/common/images/no-images.jpg HTTP/1.1" 200 11824 "http://www.cubesat.cn/" "Mozilla/5.0 (X11; Linux x86_64) AppleWebKit/537.36 (KHTML, like Gecko) HeadlessChrome/79.0.3945.88 Safari/537.36"
222.211.8.98 - - [24/Dec/2019:06:16:19 +0800] "GET / HTTP/1.1" 301 - "-" "Mozilla/5.0 (Windows NT 10.0; Win64; x64) AppleWebKit/537.36 (KHTML, like Gecko) Chrome/75.0.3770.100 Safari/537.36"
66.249.79.20 - - [24/Dec/2019:06:22:53 +0800] "GET /mip210/ HTTP/1.1" 200 3675 "-" "Mozilla/5.0 (Linux; Android 6.0.1; Nexus 5X Build/MMB29P) AppleWebKit/537.36 (KHTML, like Gecko) Chrome/41.0.2272.96 Mobile Safari/537.36 (compatible; Googlebot/2.1; +http://www.google.com/bot.html)"
66.249.79.20 - - [24/Dec/2019:06:25:29 +0800] "GET /mip209.xml HTTP/1.1" 200 4225 "-" "Mozilla/5.0 (Linux; Android 6.0.1; Nexus 5X Build/MMB29P) AppleWebKit/537.36 (KHTML, like Gecko) Chrome/41.0.2272.96 Mobile Safari/537.36 (compatible; Googlebot/2.1; +http://www.google.com/bot.html)"
216.244.66.196 - - [24/Dec/2019:06:27:56 +0800] "GET /robots.txt HTTP/1.1" 200 24 "-" "Mozilla/5.0 (compatible; DotBot/1.1; http://www.opensiteexplorer.org/dotbot, help@moz.com)"
66.249.79.22 - - [24/Dec/2019:06:30:29 +0800] "GET /mip213/ HTTP/1.1" 200 4399 "-" "Mozilla/5.0 (Linux; Android 6.0.1; Nexus 5X Build/MMB29P) AppleWebKit/537.36 (KHTML, like Gecko) Chrome/41.0.2272.96 Mobile Safari/537.36 (compatible; Googlebot/2.1; +http://www.google.com/bot.html)"
216.244.66.196 - - [24/Dec/2019:06:31:24 +0800] "GET /tag/dihaoqipai/ HTTP/1.1" 200 13955 "-" "Mozilla/5.0 (compatible; DotBot/1.1; http://www.opensiteexplorer.org/dotbot, help@moz.com)"
111.206.198.116 - - [24/Dec/2019:06:34:12 +0800] "GET /tz.js HTTP/1.1" 404 1124 "http://www.jaxun.cn/" "Mozilla/5.0 (compatible; Baiduspider-render/2.0; +http://www.baidu.com/search/spider.html)"
111.206.221.37 - - [24/Dec/2019:06:34:14 +0800] "GET /tz.js HTTP/1.1" 404 1124 "http://www.jaxun.cn/" "Mozilla/5.0 (iPhone; CPU iPhone OS 9_1 like Mac OS X) AppleWebKit/601.1.46 (KHTML, like Gecko) Version/9.0 Mobile/13B143 Safari/601.1 (compatible; Baiduspider-render/2.0; +http://www.baidu.com/search/spider.html)"
66.249.79.20 - - [24/Dec/2019:06:34:21 +0800] "GET /mip218/ HTTP/1.1" 200 4504 "-" "Mozilla/5.0 (Linux; Android 6.0.1; Nexus 5X Build/MMB29P) AppleWebKit/537.36 (KHTML, like Gecko) Chrome/41.0.2272.96 Mobile Safari/537.36 (compatible; Googlebot/2.1; +http://www.google.com/bot.html)"
151.80.39.229 - - [24/Dec/2019:06:36:50 +0800] "GET /mip103/ HTTP/1.1" 200 5341 "-" "Mozilla/5.0 (compatible; AhrefsBot/6.1; +http://ahrefs.com/robot/)"
151.80.39.229 - - [24/Dec/2019:06:37:17 +0800] "GET /mip110/ HTTP/1.1" 200 4972 "-" "Mozilla/5.0 (compatible; AhrefsBot/6.1; +http://ahrefs.com/robot/)"
151.80.39.197 - - [24/Dec/2019:06:37:56 +0800] "GET /mip117/ HTTP/1.1" 200 6621 "-" "Mozilla/5.0 (compatible; AhrefsBot/6.1; +http://ahrefs.com/robot/)"
151.80.39.223 - - [24/Dec/2019:06:38:27 +0800] "GET /mip75/ HTTP/1.1" 200 4078 "-" "Mozilla/5.0 (compatible; AhrefsBot/6.1; +http://ahrefs.com/robot/)"
66.249.79.18 - - [24/Dec/2019:06:39:21 +0800] "GET /mip219/ HTTP/1.1" 200 9821 "-" "Mozilla/5.0 (Linux; Android 6.0.1; Nexus 5X Build/MMB29P) AppleWebKit/537.36 (KHTML, like Gecko) Chrome/41.0.2272.96 Mobile Safari/537.36 (compatible; Googlebot/2.1; +http://www.google.com/bot.html)"
66.249.79.22 - - [24/Dec/2019:06:45:46 +0800] "GET /mip214/ HTTP/1.1" 200 4316 "-" "Mozilla/5.0 (Linux; Android 6.0.1; Nexus 5X Build/MMB29P) AppleWebKit/537.36 (KHTML, like Gecko) Chrome/41.0.2272.96 Mobile Safari/537.36 (compatible; Googlebot/2.1; +http://www.google.com/bot.html)"
151.80.39.94 - - [24/Dec/2019:07:04:38 +0800] "GET / HTTP/1.1" 301 - "-" "Mozilla/5.0 (compatible; AhrefsBot/6.1; +http://ahrefs.com/robot/)"
151.80.39.94 - - [24/Dec/2019:07:04:52 +0800] "GET / HTTP/1.1" 200 4590 "-" "Mozilla/5.0 (compatible; AhrefsBot/6.1; +http://ahrefs.com/robot/)"
151.80.39.76 - - [24/Dec/2019:07:05:01 +0800] "GET /mip73.xml HTTP/1.1" 200 7467 "-" "Mozilla/5.0 (compatible; AhrefsBot/6.1; +http://ahrefs.com/robot/)"
5.196.87.102 - - [24/Dec/2019:07:05:09 +0800] "GET /mip83/ HTTP/1.1" 200 6048 "-" "Mozilla/5.0 (compatible; AhrefsBot/6.1; +http://ahrefs.com/robot/)"
151.80.39.197 - - [24/Dec/2019:07:05:18 +0800] "GET /mip91/ HTTP/1.1" 200 6362 "-" "Mozilla/5.0 (compatible; AhrefsBot/6.1; +http://ahrefs.com/robot/)"
66.249.75.239 - - [24/Dec/2019:07:11:42 +0800] "GET /robots.txt HTTP/1.1" 200 24 "-" "Mozilla/5.0 (compatible; Googlebot/2.1; +http://www.google.com/bot.html)"
66.249.75.239 - - [24/Dec/2019:07:11:42 +0800] "GET /tz.js HTTP/1.1" 404 564 "http://www.goudiry.com/mip91/" "Mozilla/5.0 AppleWebKit/537.36 (KHTML, like Gecko; compatible; Googlebot/2.1; +http://www.google.com/bot.html) Safari/537.36"
216.244.66.196 - - [24/Dec/2019:07:28:01 +0800] "GET /mip170.xml HTTP/1.1" 200 24984 "-" "Mozilla/5.0 (compatible; DotBot/1.1; http://www.opensiteexplorer.org/dotbot, help@moz.com)"
151.80.39.197 - - [24/Dec/2019:07:28:53 +0800] "GET /mip62/ HTTP/1.1" 200 5386 "-" "Mozilla/5.0 (compatible; AhrefsBot/6.1; +http://ahrefs.com/robot/)"
151.80.39.76 - - [24/Dec/2019:07:29:15 +0800] "GET /tag/niudashi/ HTTP/1.1" 200 2812 "-" "Mozilla/5.0 (compatible; AhrefsBot/6.1; +http://ahrefs.com/robot/)"
216.244.66.196 - - [24/Dec/2019:07:56:59 +0800] "GET /mip207/ HTTP/1.1" 200 29523 "-" "Mozilla/5.0 (compatible; DotBot/1.1; http://www.opensiteexplorer.org/dotbot, help@moz.com)"
66.249.79.18 - - [24/Dec/2019:08:15:58 +0800] "GET /mip212/ HTTP/1.1" 200 4186 "-" "Mozilla/5.0 (Linux; Android 6.0.1; Nexus 5X Build/MMB29P) AppleWebKit/537.36 (KHTML, like Gecko) Chrome/41.0.2272.96 Mobile Safari/537.36 (compatible; Googlebot/2.1; +http://www.google.com/bot.html)"
178.63.87.197 - - [24/Dec/2019:08:38:35 +0800] "GET /robots.txt HTTP/1.1" 200 24 "-" "Mozilla/5.0 (compatible; MJ12bot/v1.4.8; http://mj12bot.com/)"
178.63.87.197 - - [24/Dec/2019:08:38:37 +0800] "GET /tag/niudashi/ HTTP/1.1" 200 2812 "-" "Mozilla/5.0 (compatible; MJ12bot/v1.4.8; http://mj12bot.com/)"
216.244.66.196 - - [24/Dec/2019:08:46:20 +0800] "GET /mip164/ HTTP/1.1" 200 26019 "-" "Mozilla/5.0 (compatible; DotBot/1.1; http://www.opensiteexplorer.org/dotbot, help@moz.com)"
216.244.66.196 - - [24/Dec/2019:08:50:02 +0800] "GET /mip161.xml HTTP/1.1" 200 31997 "-" "Mozilla/5.0 (compatible; DotBot/1.1; http://www.opensiteexplorer.org/dotbot, help@moz.com)"
66.249.79.22 - - [24/Dec/2019:09:21:42 +0800] "GET /mip211/ HTTP/1.1" 200 4496 "-" "Mozilla/5.0 (Linux; Android 6.0.1; Nexus 5X Build/MMB29P) AppleWebKit/537.36 (KHTML, like Gecko) Chrome/41.0.2272.96 Mobile Safari/537.36 (compatible; Googlebot/2.1; +http://www.google.com/bot.html)"
151.80.39.92 - - [24/Dec/2019:10:25:23 +0800] "GET /mip221/ HTTP/1.1" 200 4262 "-" "Mozilla/5.0 (compatible; AhrefsBot/6.1; +http://ahrefs.com/robot/)"
5.196.87.102 - - [24/Dec/2019:10:25:42 +0800] "GET /mip203/ HTTP/1.1" 200 5293 "-" "Mozilla/5.0 (compatible; AhrefsBot/6.1; +http://ahrefs.com/robot/)"
216.244.66.196 - - [24/Dec/2019:11:18:56 +0800] "GET /tag/aodiqipai/ HTTP/1.1" 200 13056 "-" "Mozilla/5.0 (compatible; DotBot/1.1; http://www.opensiteexplorer.org/dotbot, help@moz.com)"
103.47.218.11 - - [24/Dec/2019:11:37:13 +0800] "GET / HTTP/1.1" 200 28997 "-" "Mozilla/5.0 (Windows NT 10.0; WOW64) AppleWebKit/537.36 (KHTML, like Gecko) Chrome/51.0.2704.103 Safari/537.36"
170.82.237.6 - - [24/Dec/2019:11:56:09 +0800] "GET / HTTP/1.1" 200 28997 "-" "Mozilla/5.0 (Windows NT 10.0; WOW64) AppleWebKit/537.36 (KHTML, like Gecko) Chrome/52.0.2743.116 Safari/537.36"
77.105.16.151 - - [24/Dec/2019:12:32:17 +0800] "GET / HTTP/1.1" 200 28997 "-" "Mozilla/5.0 (Windows NT 6.1; WOW64) AppleWebKit/537.36 (KHTML, like Gecko) Chrome/51.0.2704.103 Safari/537.36"
5.196.87.157 - - [24/Dec/2019:12:37:33 +0800] "GET /mip113/ HTTP/1.1" 200 5413 "-" "Mozilla/5.0 (compatible; AhrefsBot/6.1; +http://ahrefs.com/robot/)"
151.80.39.197 - - [24/Dec/2019:12:37:42 +0800] "GET /mip52/ HTTP/1.1" 200 9671 "-" "Mozilla/5.0 (compatible; AhrefsBot/6.1; +http://ahrefs.com/robot/)"
151.80.39.76 - - [24/Dec/2019:12:37:59 +0800] "GET /mip54/ HTTP/1.1" 200 6615 "-" "Mozilla/5.0 (compatible; AhrefsBot/6.1; +http://ahrefs.com/robot/)"
5.196.87.157 - - [24/Dec/2019:12:38:23 +0800] "GET /mip57.xml HTTP/1.1" 200 6442 "-" "Mozilla/5.0 (compatible; AhrefsBot/6.1; +http://ahrefs.com/robot/)"
151.80.39.223 - - [24/Dec/2019:12:38:45 +0800] "GET /mip59/ HTTP/1.1" 200 6336 "-" "Mozilla/5.0 (compatible; AhrefsBot/6.1; +http://ahrefs.com/robot/)"
151.80.39.197 - - [24/Dec/2019:12:39:01 +0800] "GET /mip92/ HTTP/1.1" 200 4378 "-" "Mozilla/5.0 (compatible; AhrefsBot/6.1; +http://ahrefs.com/robot/)"
5.196.87.102 - - [24/Dec/2019:12:39:15 +0800] "GET /tag/laobanhuyu/ HTTP/1.1" 200 2541 "-" "Mozilla/5.0 (compatible; AhrefsBot/6.1; +http://ahrefs.com/robot/)"
151.80.39.76 - - [24/Dec/2019:12:39:41 +0800] "GET /mip104/ HTTP/1.1" 200 4252 "-" "Mozilla/5.0 (compatible; AhrefsBot/6.1; +http://ahrefs.com/robot/)"
151.80.39.94 - - [24/Dec/2019:12:39:52 +0800] "GET /mip220/ HTTP/1.1" 200 4664 "-" "Mozilla/5.0 (compatible; AhrefsBot/6.1; +http://ahrefs.com/robot/)"
5.196.87.157 - - [24/Dec/2019:12:40:01 +0800] "GET /mip219/ HTTP/1.1" 200 9821 "-" "Mozilla/5.0 (compatible; AhrefsBot/6.1; +http://ahrefs.com/robot/)"
151.80.39.94 - - [24/Dec/2019:12:40:09 +0800] "GET /mip216/ HTTP/1.1" 200 4192 "-" "Mozilla/5.0 (compatible; AhrefsBot/6.1; +http://ahrefs.com/robot/)"
151.80.39.223 - - [24/Dec/2019:12:40:19 +0800] "GET /mip218/ HTTP/1.1" 200 4504 "-" "Mozilla/5.0 (compatible; AhrefsBot/6.1; +http://ahrefs.com/robot/)"
5.196.87.102 - - [24/Dec/2019:12:40:29 +0800] "GET /mip217/ HTTP/1.1" 200 3645 "-" "Mozilla/5.0 (compatible; AhrefsBot/6.1; +http://ahrefs.com/robot/)"
151.80.39.197 - - [24/Dec/2019:13:00:01 +0800] "GET /mip106/ HTTP/1.1" 200 4783 "-" "Mozilla/5.0 (compatible; AhrefsBot/6.1; +http://ahrefs.com/robot/)"
151.80.39.94 - - [24/Dec/2019:13:00:12 +0800] "GET /mip204/ HTTP/1.1" 200 5112 "-" "Mozilla/5.0 (compatible; AhrefsBot/6.1; +http://ahrefs.com/robot/)"
5.196.87.157 - - [24/Dec/2019:13:00:26 +0800] "GET /mip205/ HTTP/1.1" 200 4998 "-" "Mozilla/5.0 (compatible; AhrefsBot/6.1; +http://ahrefs.com/robot/)"
151.80.39.76 - - [24/Dec/2019:13:00:38 +0800] "GET /mip202.xml HTTP/1.1" 200 9487 "-" "Mozilla/5.0 (compatible; AhrefsBot/6.1; +http://ahrefs.com/robot/)"
5.196.87.157 - - [24/Dec/2019:13:00:49 +0800] "GET /mip207/ HTTP/1.1" 200 5093 "-" "Mozilla/5.0 (compatible; AhrefsBot/6.1; +http://ahrefs.com/robot/)"
151.80.39.76 - - [24/Dec/2019:13:28:01 +0800] "GET / HTTP/1.1" 301 - "-" "Mozilla/5.0 (compatible; AhrefsBot/6.1; +http://ahrefs.com/robot/)"
151.80.39.223 - - [24/Dec/2019:13:28:11 +0800] "GET / HTTP/1.1" 200 4590 "-" "Mozilla/5.0 (compatible; AhrefsBot/6.1; +http://ahrefs.com/robot/)"
151.80.39.197 - - [24/Dec/2019:13:28:20 +0800] "GET /mip206/ HTTP/1.1" 200 4648 "-" "Mozilla/5.0 (compatible; AhrefsBot/6.1; +http://ahrefs.com/robot/)"
216.244.66.196 - - [24/Dec/2019:13:35:23 +0800] "GET /niuniuwanfa/index_2.html HTTP/1.1" 200 21085 "-" "Mozilla/5.0 (compatible; DotBot/1.1; http://www.opensiteexplorer.org/dotbot, help@moz.com)"
77.74.177.114 - - [24/Dec/2019:14:21:28 +0800] "GET / HTTP/1.1" 301 - "-" "Mozilla/5.0 (Windows NT 10.0; Win64; x64) AppleWebKit/537.36 (KHTML, like Gecko) Chrome/71.0.3578.98 Safari/537.36"
77.74.177.114 - - [24/Dec/2019:14:21:29 +0800] "GET / HTTP/1.1" 200 4590 "http://cubesat.cn" "Mozilla/5.0 (Windows NT 10.0; Win64; x64) AppleWebKit/537.36 (KHTML, like Gecko) Chrome/71.0.3578.98 Safari/537.36"
77.74.177.114 - - [24/Dec/2019:14:21:30 +0800] "GET / HTTP/1.1" 301 - "-" "Mozilla/5.0 (Windows NT 10.0; Win64; x64) AppleWebKit/537.36 (KHTML, like Gecko) Chrome/71.0.3578.98 Safari/537.36"
77.74.177.114 - - [24/Dec/2019:14:21:30 +0800] "GET / HTTP/1.1" 200 4590 "http://cubesat.cn" "Mozilla/5.0 (Windows NT 10.0; Win64; x64) AppleWebKit/537.36 (KHTML, like Gecko) Chrome/71.0.3578.98 Safari/537.36"
34.92.155.166 - - [24/Dec/2019:14:43:04 +0800] "GET /tz.js HTTP/1.1" 404 564 "http://www.cmsmov.com/" "Mozilla/5.0 (Windows NT 6.3; WOW64) AppleWebKit/537.36 (KHTML, like Gecko) Chrome/76.0.3809.87 Safari/537.36"
34.92.155.166 - - [24/Dec/2019:14:43:06 +0800] "GET /tz.js HTTP/1.1" 404 564 "http://www.cmsmov.com/" "Mozilla/5.0 (Windows NT 6.3; WOW64) AppleWebKit/537.36 (KHTML, like Gecko) Chrome/76.0.3809.87 Safari/537.36"
34.92.155.166 - - [24/Dec/2019:14:43:35 +0800] "GET /tz.js HTTP/1.1" 404 564 "http://www.goudiry.com/" "Mozilla/5.0 (Windows NT 6.3; WOW64) AppleWebKit/537.36 (KHTML, like Gecko) Chrome/76.0.3809.87 Safari/537.36"
66.249.75.239 - - [24/Dec/2019:15:04:07 +0800] "GET /tz.js HTTP/1.1" 404 564 "http://www.goudiry.com/mip72/" "Mozilla/5.0 (Linux; Android 6.0.1; Nexus 5X Build/MMB29P) AppleWebKit/537.36 (KHTML, like Gecko) Chrome/41.0.2272.96 Mobile Safari/537.36 (compatible; Googlebot/2.1; +http://www.google.com/bot.html)"
193.57.40.46 - - [24/Dec/2019:15:58:13 +0800] "GET /?XDEBUG_SESSION_START=phpstorm HTTP/1.1" 200 4614 "-" "Mozilla/5.0 (Windows NT 10.0; Win64; x64) AppleWebKit/537.36 (KHTML, like Gecko) Chrome/78.0.3904.108 Safari/537.36"
104.197.11.14 - - [24/Dec/2019:16:14:06 +0800] "GET /tz.js HTTP/1.1" 404 564 "http://www.goudiry.com/" "Mozilla/5.0 (X11; Linux i686 (x86_64)) AppleWebKit/537.36 (KHTML, like Gecko) Chrome/81.0.4007.0 Safari/537.36"
66.249.75.237 - - [24/Dec/2019:16:34:34 +0800] "GET /tz.js HTTP/1.1" 404 564 "http://www.goudiry.com/mip21/" "Mozilla/5.0 (Linux; Android 6.0.1; Nexus 5X Build/MMB29P) AppleWebKit/537.36 (KHTML, like Gecko) Chrome/41.0.2272.96 Mobile Safari/537.36 (compatible; Googlebot/2.1; +http://www.google.com/bot.html)"
66.249.75.237 - - [24/Dec/2019:17:34:59 +0800] "GET /tz.js HTTP/1.1" 404 564 "http://www.goudiry.com/tag/laobanhuyu/" "Mozilla/5.0 (Linux; Android 6.0.1; Nexus 5X Build/MMB29P) AppleWebKit/537.36 (KHTML, like Gecko) Chrome/41.0.2272.96 Mobile Safari/537.36 (compatible; Googlebot/2.1; +http://www.google.com/bot.html)"
95.107.232.93 - - [24/Dec/2019:18:21:51 +0800] "GET / HTTP/1.1" 200 28997 "-" "Mozilla/5.0 (Windows NT 10.0; WOW64) AppleWebKit/537.36 (KHTML, like Gecko) Chrome/51.0.2704.103 Safari/537.36"
95.107.232.93 - - [24/Dec/2019:18:21:51 +0800] "GET / HTTP/1.1" 200 28997 "-" "Mozilla/5.0 (Windows NT 10.0; WOW64) AppleWebKit/537.36 (KHTML, like Gecko) Chrome/51.0.2704.103 Safari/537.36"
216.244.66.196 - - [24/Dec/2019:18:23:38 +0800] "GET /mip77/ HTTP/1.1" 200 26968 "-" "Mozilla/5.0 (compatible; DotBot/1.1; http://www.opensiteexplorer.org/dotbot, help@moz.com)"
109.94.117.165 - - [24/Dec/2019:18:38:39 +0800] "GET / HTTP/1.1" 200 28997 "-" "Mozilla/5.0 (Macintosh; Intel Mac OS X 10_11_6) AppleWebKit/601.7.7 (KHTML, like Gecko) Version/9.1.2 Safari/601.7.7"
216.244.66.196 - - [24/Dec/2019:19:08:01 +0800] "GET /mip154/ HTTP/1.1" 200 24191 "-" "Mozilla/5.0 (compatible; DotBot/1.1; http://www.opensiteexplorer.org/dotbot, help@moz.com)"
107.172.253.124 - - [24/Dec/2019:19:09:26 +0800] "GET /wp-login.php HTTP/1.1" 404 564 "-" "Mozilla/5.0 (X11; Ubuntu; Linux x86_64; rv:62.0) Gecko/20100101 Firefox/62.0"
80.82.77.139 - - [24/Dec/2019:19:35:21 +0800] "GET / HTTP/1.1" 200 28598 "-" "Mozilla/5.0 (Windows NT 6.1) AppleWebKit/537.36 (KHTML, like Gecko) Chrome/41.0.2228.0 Safari/537.36"
80.82.77.139 - - [24/Dec/2019:19:35:22 +0800] "GET /robots.txt HTTP/1.1" 200 24 "-" "-"
80.82.77.139 - - [24/Dec/2019:19:35:22 +0800] "GET /sitemap.xml HTTP/1.1" 200 244 "-" "-"
80.82.77.139 - - [24/Dec/2019:19:35:22 +0800] "GET /.well-known/security.txt HTTP/1.1" 404 1124 "-" "-"
80.82.77.139 - - [24/Dec/2019:19:35:23 +0800] "GET /favicon.ico HTTP/1.1" 200 589 "-" "python-requests/2.13.0"
5.196.87.157 - - [24/Dec/2019:19:41:00 +0800] "GET / HTTP/1.1" 301 - "-" "Mozilla/5.0 (compatible; AhrefsBot/6.1; +http://ahrefs.com/robot/)"
151.80.39.197 - - [24/Dec/2019:19:41:27 +0800] "GET / HTTP/1.1" 200 4590 "-" "Mozilla/5.0 (compatible; AhrefsBot/6.1; +http://ahrefs.com/robot/)"
216.244.66.196 - - [24/Dec/2019:19:48:21 +0800] "GET /mip168/ HTTP/1.1" 200 29370 "-" "Mozilla/5.0 (compatible; DotBot/1.1; http://www.opensiteexplorer.org/dotbot, help@moz.com)"
101.249.59.155 - - [24/Dec/2019:20:04:21 +0800] "GET / HTTP/1.1" 200 4590 "-" "Mozilla/5.0 (X11; Linux x86_64) AppleWebKit/537.36 (KHTML, like Gecko) HeadlessChrome/78.0.3904.70 Safari/537.36"
106.47.40.206 - - [24/Dec/2019:20:04:22 +0800] "GET /template/mipcms_theme_001_v1.0.1/css/bootstrap-layout.min.css HTTP/1.1" 200 1973 "http://www.cubesat.cn/" "Mozilla/5.0 (X11; Linux x86_64) AppleWebKit/537.36 (KHTML, like Gecko) HeadlessChrome/78.0.3904.70 Safari/537.36"
124.235.138.52 - - [24/Dec/2019:20:04:22 +0800] "GET /template/mipcms_theme_001_v1.0.1/css/mipui-header-001.css HTTP/1.1" 200 281 "http://www.cubesat.cn/" "Mozilla/5.0 (X11; Linux x86_64) AppleWebKit/537.36 (KHTML, like Gecko) HeadlessChrome/78.0.3904.70 Safari/537.36"
36.32.3.240 - - [24/Dec/2019:20:04:22 +0800] "GET /template/mipcms_theme_001_v1.0.1/css/mipui-widget-images-001.css HTTP/1.1" 200 538 "http://www.cubesat.cn/" "Mozilla/5.0 (X11; Linux x86_64) AppleWebKit/537.36 (KHTML, like Gecko) HeadlessChrome/78.0.3904.70 Safari/537.36"
106.45.0.119 - - [24/Dec/2019:20:04:22 +0800] "GET /tz.js HTTP/1.1" 404 564 "http://www.cubesat.cn/" "Mozilla/5.0 (X11; Linux x86_64) AppleWebKit/537.36 (KHTML, like Gecko) HeadlessChrome/78.0.3904.70 Safari/537.36"
123.145.10.132 - - [24/Dec/2019:20:04:22 +0800] "GET /template/mipcms_theme_001_v1.0.1/css/mipui-widget-media-item-001.css HTTP/1.1" 200 429 "http://www.cubesat.cn/" "Mozilla/5.0 (X11; Linux x86_64) AppleWebKit/537.36 (KHTML, like Gecko) HeadlessChrome/78.0.3904.70 Safari/537.36"
123.245.24.198 - - [24/Dec/2019:20:04:23 +0800] "GET /template/mipcms_theme_001_v1.0.1/css/mipui-widget-media-item-002.css HTTP/1.1" 200 491 "http://www.cubesat.cn/" "Mozilla/5.0 (X11; Linux x86_64) AppleWebKit/537.36 (KHTML, like Gecko) HeadlessChrome/78.0.3904.70 Safari/537.36"
221.13.12.154 - - [24/Dec/2019:20:04:23 +0800] "GET /template/mipcms_theme_001_v1.0.1/css/mipui-category-list-001.css HTTP/1.1" 200 512 "http://www.cubesat.cn/" "Mozilla/5.0 (X11; Linux x86_64) AppleWebKit/537.36 (KHTML, like Gecko) HeadlessChrome/78.0.3904.70 Safari/537.36"
60.176.228.222 - - [24/Dec/2019:20:04:24 +0800] "GET /template/mipcms_theme_001_v1.0.1/css/mipui-widget-media-item-005.css HTTP/1.1" 200 466 "http://www.cubesat.cn/" "Mozilla/5.0 (X11; Linux x86_64) AppleWebKit/537.36 (KHTML, like Gecko) HeadlessChrome/78.0.3904.70 Safari/537.36"
112.66.107.203 - - [24/Dec/2019:20:04:24 +0800] "GET /template/mipcms_theme_001_v1.0.1/css/mipui-footer-001.css HTTP/1.1" 200 246 "http://www.cubesat.cn/" "Mozilla/5.0 (X11; Linux x86_64) AppleWebKit/537.36 (KHTML, like Gecko) HeadlessChrome/78.0.3904.70 Safari/537.36"
112.80.136.122 - - [24/Dec/2019:20:04:28 +0800] "GET /template/mipcms_theme_001_v1.0.1/css/mipui-config.css HTTP/1.1" 200 669 "http://www.cubesat.cn/" "Mozilla/5.0 (X11; Linux x86_64) AppleWebKit/537.36 (KHTML, like Gecko) HeadlessChrome/78.0.3904.70 Safari/537.36"
119.118.22.127 - - [24/Dec/2019:20:04:47 +0800] "GET /public/assets/common/images/no-images.jpg HTTP/1.1" 200 11824 "http://www.cubesat.cn/" "Mozilla/5.0 (X11; Linux x86_64) AppleWebKit/537.36 (KHTML, like Gecko) HeadlessChrome/78.0.3904.70 Safari/537.36"
1.202.114.40 - - [24/Dec/2019:20:04:50 +0800] "GET /favicon.ico HTTP/1.1" 200 589 "-" "Mozilla/5.0 (X11; Linux i686; U;) Gecko/20070322 Kazehakase/0.4.5"
220.181.51.92 - - [24/Dec/2019:20:14:38 +0800] "GET /robots.txt HTTP/1.1" 200 24 "-" "Mozilla/5.0 (Windows NT 10.0; WOW64) AppleWebKit/537.36 (KHTML, like Gecko) Chrome/48.0.2564.116 Safari/537.36"
